[2026-08-20T06:46:32.761+0000] {local_task_job_runner.py:120} INFO - ::group::Pre task execution logs
[2026-08-20T06:46:32.791+0000] {taskinstance.py:2076} INFO - Dependencies all met for dep_context=non-requeueable deps ti=<TaskInstance: clickstream_clean_events.clean_events manual__2026-08-20T06:46:32.124562+00:00 [queued]>
[2026-08-20T06:46:32.799+0000] {taskinstance.py:2076} INFO - Dependencies all met for dep_context=requeueable deps ti=<TaskInstance: clickstream_clean_events.clean_events manual__2026-08-20T06:46:32.124562+00:00 [queued]>
[2026-08-20T06:46:32.800+0000] {taskinstance.py:2306} INFO - Starting attempt 1 of 1
[2026-08-20T06:46:32.811+0000] {taskinstance.py:2330} INFO - Executing <Task(SparkSubmitOperator): clean_events> on 2026-08-20 06:46:32.124562+00:00
[2026-08-20T06:46:32.819+0000] {logging_mixin.py:188} WARNING - /home/***/.local/lib/python3.12/site-packages/***/task/task_runner/standard_task_runner.py:62 DeprecationWarning: This process (pid=251) is multi-threaded, use of fork() may lead to deadlocks in the child.
[2026-08-20T06:46:32.818+0000] {standard_task_runner.py:90} INFO - Running: ['***', 'tasks', 'run', 'clickstream_clean_events', 'clean_events', 'manual__2026-08-20T06:46:32.124562+00:00', '--job-id', '19', '--raw', '--subdir', 'DAGS_FOLDER/clickstream_clean_events_dag.py', '--cfg-path', '/tmp/tmpun1gpanx']
[2026-08-20T06:46:32.821+0000] {standard_task_runner.py:64} INFO - Started process 252 to run task
[2026-08-20T06:46:32.821+0000] {standard_task_runner.py:91} INFO - Job 19: Subtask clean_events
[2026-08-20T06:46:32.879+0000] {task_command.py:426} INFO - Running <TaskInstance: clickstream_clean_events.clean_events manual__2026-08-20T06:46:32.124562+00:00 [running]> on host c00e1de70ec0
[2026-08-20T06:46:32.959+0000] {taskinstance.py:2648} INFO - Exporting env vars: AIRFLOW_CTX_DAG_OWNER='***' AIRFLOW_CTX_DAG_ID='clickstream_clean_events' AIRFLOW_CTX_TASK_ID='clean_events' AIRFLOW_CTX_EXECUTION_DATE='2026-08-20T06:46:32.124562+00:00' AIRFLOW_CTX_TRY_NUMBER='1' AIRFLOW_CTX_DAG_RUN_ID='manual__2026-08-20T06:46:32.124562+00:00'
[2026-08-20T06:46:32.961+0000] {taskinstance.py:430} INFO - ::endgroup::
[2026-08-20T06:46:32.998+0000] {base.py:84} INFO - Using connection ID 'spark_default' for task execution.
[2026-08-20T06:46:33.000+0000] {spark_submit.py:473} INFO - Spark-Submit cmd: spark-submit --master spark://spark-master:7077 --conf spark.sql.sources.partitionOverwriteMode=dynamic --conf spark.hadoop.mapreduce.fileoutputcommitter.algorithm.version=2 --name arrow-spark --verbose /opt/spark/jobs/clean_events.py --input-path /opt/spark/data/raw --output-path /opt/spark/data/processed
[2026-08-20T06:46:34.020+0000] {spark_submit.py:634} INFO - Using properties file: null
[2026-08-20T06:46:34.122+0000] {spark_submit.py:634} INFO - Parsed arguments:
[2026-08-20T06:46:34.123+0000] {spark_submit.py:634} INFO - master                  spark://spark-master:7077
[2026-08-20T06:46:34.124+0000] {spark_submit.py:634} INFO - remote                  null
[2026-08-20T06:46:34.125+0000] {spark_submit.py:634} INFO - deployMode              null
[2026-08-20T06:46:34.126+0000] {spark_submit.py:634} INFO - executorMemory          null
[2026-08-20T06:46:34.128+0000] {spark_submit.py:634} INFO - executorCores           null
[2026-08-20T06:46:34.130+0000] {spark_submit.py:634} INFO - totalExecutorCores      null
[2026-08-20T06:46:34.131+0000] {spark_submit.py:634} INFO - propertiesFile          null
[2026-08-20T06:46:34.132+0000] {spark_submit.py:634} INFO - driverMemory            null
[2026-08-20T06:46:34.132+0000] {spark_submit.py:634} INFO - driverCores             null
[2026-08-20T06:46:34.133+0000] {spark_submit.py:634} INFO - driverExtraClassPath    null
[2026-08-20T06:46:34.134+0000] {spark_submit.py:634} INFO - driverExtraLibraryPath  null
[2026-08-20T06:46:34.135+0000] {spark_submit.py:634} INFO - driverExtraJavaOptions  null
[2026-08-20T06:46:34.136+0000] {spark_submit.py:634} INFO - supervise               false
[2026-08-20T06:46:34.136+0000] {spark_submit.py:634} INFO - queue                   null
[2026-08-20T06:46:34.137+0000] {spark_submit.py:634} INFO - numExecutors            null
[2026-08-20T06:46:34.138+0000] {spark_submit.py:634} INFO - files                   null
[2026-08-20T06:46:34.138+0000] {spark_submit.py:634} INFO - pyFiles                 null
[2026-08-20T06:46:34.139+0000] {spark_submit.py:634} INFO - archives                null
[2026-08-20T06:46:34.140+0000] {spark_submit.py:634} INFO - mainClass               null
[2026-08-20T06:46:34.141+0000] {spark_submit.py:634} INFO - primaryResource         file:/opt/spark/jobs/clean_events.py
[2026-08-20T06:46:34.142+0000] {spark_submit.py:634} INFO - name                    arrow-spark
[2026-08-20T06:46:34.143+0000] {spark_submit.py:634} INFO - childArgs               [--input-path /opt/spark/data/raw --output-path /opt/spark/data/processed]
[2026-08-20T06:46:34.143+0000] {spark_submit.py:634} INFO - jars                    null
[2026-08-20T06:46:34.144+0000] {spark_submit.py:634} INFO - packages                null
[2026-08-20T06:46:34.145+0000] {spark_submit.py:634} INFO - packagesExclusions      null
[2026-08-20T06:46:34.147+0000] {spark_submit.py:634} INFO - repositories            null
[2026-08-20T06:46:34.148+0000] {spark_submit.py:634} INFO - verbose                 true
[2026-08-20T06:46:34.148+0000] {spark_submit.py:634} INFO - 
[2026-08-20T06:46:34.149+0000] {spark_submit.py:634} INFO - Spark properties used, including those specified through
[2026-08-20T06:46:34.150+0000] {spark_submit.py:634} INFO - --conf and those from the properties file null:
[2026-08-20T06:46:34.150+0000] {spark_submit.py:634} INFO - (spark.hadoop.mapreduce.fileoutputcommitter.algorithm.version,2)
[2026-08-20T06:46:34.151+0000] {spark_submit.py:634} INFO - (spark.sql.sources.partitionOverwriteMode,dynamic)
[2026-08-20T06:46:34.151+0000] {spark_submit.py:634} INFO - 
[2026-08-20T06:46:34.152+0000] {spark_submit.py:634} INFO - 
[2026-08-20T06:46:34.321+0000] {spark_submit.py:634} INFO - Main class:
[2026-08-20T06:46:34.322+0000] {spark_submit.py:634} INFO - org.apache.spark.deploy.PythonRunner
[2026-08-20T06:46:34.323+0000] {spark_submit.py:634} INFO - Arguments:
[2026-08-20T06:46:34.324+0000] {spark_submit.py:634} INFO - file:/opt/spark/jobs/clean_events.py
[2026-08-20T06:46:34.325+0000] {spark_submit.py:634} INFO - null
[2026-08-20T06:46:34.326+0000] {spark_submit.py:634} INFO - --input-path
[2026-08-20T06:46:34.326+0000] {spark_submit.py:634} INFO - /opt/spark/data/raw
[2026-08-20T06:46:34.327+0000] {spark_submit.py:634} INFO - --output-path
[2026-08-20T06:46:34.328+0000] {spark_submit.py:634} INFO - /opt/spark/data/processed
[2026-08-20T06:46:34.329+0000] {spark_submit.py:634} INFO - Spark config:
[2026-08-20T06:46:34.330+0000] {spark_submit.py:634} INFO - (spark.app.name,arrow-spark)
[2026-08-20T06:46:34.332+0000] {spark_submit.py:634} INFO - (spark.app.submitTime,1787208394306)
[2026-08-20T06:46:34.333+0000] {spark_submit.py:634} INFO - (spark.hadoop.mapreduce.fileoutputcommitter.algorithm.version,2)
[2026-08-20T06:46:34.333+0000] {spark_submit.py:634} INFO - (spark.master,spark://spark-master:7077)
[2026-08-20T06:46:34.334+0000] {spark_submit.py:634} INFO - (spark.sql.sources.partitionOverwriteMode,dynamic)
[2026-08-20T06:46:34.335+0000] {spark_submit.py:634} INFO - (spark.submit.deployMode,client)
[2026-08-20T06:46:34.335+0000] {spark_submit.py:634} INFO - (spark.submit.pyFiles,)
[2026-08-20T06:46:34.336+0000] {spark_submit.py:634} INFO - Classpath elements:
[2026-08-20T06:46:34.337+0000] {spark_submit.py:634} INFO - 
[2026-08-20T06:46:34.338+0000] {spark_submit.py:634} INFO - 
[2026-08-20T06:46:34.339+0000] {spark_submit.py:634} INFO - 
[2026-08-20T06:46:35.167+0000] {spark_submit.py:634} INFO - 26/08/20 06:46:35 INFO SparkContext: Running Spark version 3.5.1
[2026-08-20T06:46:35.169+0000] {spark_submit.py:634} INFO - 26/08/20 06:46:35 INFO SparkContext: OS info Linux, 6.18.33.2-microsoft-standard-WSL2, amd64
[2026-08-20T06:46:35.171+0000] {spark_submit.py:634} INFO - 26/08/20 06:46:35 INFO SparkContext: Java version 17.0.20
[2026-08-20T06:46:35.213+0000] {spark_submit.py:634} INFO - 26/08/20 06:46:35 WARN NativeCodeLoader: Unable to load native-hadoop library for your platform... using builtin-java classes where applicable
[2026-08-20T06:46:35.289+0000] {spark_submit.py:634} INFO - 26/08/20 06:46:35 INFO ResourceUtils: ==============================================================
[2026-08-20T06:46:35.290+0000] {spark_submit.py:634} INFO - 26/08/20 06:46:35 INFO ResourceUtils: No custom resources configured for spark.driver.
[2026-08-20T06:46:35.292+0000] {spark_submit.py:634} INFO - 26/08/20 06:46:35 INFO ResourceUtils: ==============================================================
[2026-08-20T06:46:35.295+0000] {spark_submit.py:634} INFO - 26/08/20 06:46:35 INFO SparkContext: Submitted application: clean_events
[2026-08-20T06:46:35.309+0000] {spark_submit.py:634} INFO - 26/08/20 06:46:35 INFO ResourceProfile: Default ResourceProfile created, executor resources: Map(memory -> name: memory, amount: 1024, script: , vendor: , offHeap -> name: offHeap, amount: 0, script: , vendor: ), task resources: Map(cpus -> name: cpus, amount: 1.0)
[2026-08-20T06:46:35.315+0000] {spark_submit.py:634} INFO - 26/08/20 06:46:35 INFO ResourceProfile: Limiting resource is cpu
[2026-08-20T06:46:35.317+0000] {spark_submit.py:634} INFO - 26/08/20 06:46:35 INFO ResourceProfileManager: Added ResourceProfile id: 0
[2026-08-20T06:46:35.368+0000] {spark_submit.py:634} INFO - 26/08/20 06:46:35 INFO SecurityManager: Changing view acls to: root
[2026-08-20T06:46:35.370+0000] {spark_submit.py:634} INFO - 26/08/20 06:46:35 INFO SecurityManager: Changing modify acls to: root
[2026-08-20T06:46:35.371+0000] {spark_submit.py:634} INFO - 26/08/20 06:46:35 INFO SecurityManager: Changing view acls groups to:
[2026-08-20T06:46:35.372+0000] {spark_submit.py:634} INFO - 26/08/20 06:46:35 INFO SecurityManager: Changing modify acls groups to:
[2026-08-20T06:46:35.373+0000] {spark_submit.py:634} INFO - 26/08/20 06:46:35 INFO SecurityManager: SecurityManager: authentication disabled; ui acls disabled; users with view permissions: root; groups with view permissions: EMPTY; users with modify permissions: root; groups with modify permissions: EMPTY
[2026-08-20T06:46:35.596+0000] {spark_submit.py:634} INFO - 26/08/20 06:46:35 INFO Utils: Successfully started service 'sparkDriver' on port 33677.
[2026-08-20T06:46:35.620+0000] {spark_submit.py:634} INFO - 26/08/20 06:46:35 INFO SparkEnv: Registering MapOutputTracker
[2026-08-20T06:46:35.690+0000] {spark_submit.py:634} INFO - 26/08/20 06:46:35 INFO SparkEnv: Registering BlockManagerMaster
[2026-08-20T06:46:35.712+0000] {spark_submit.py:634} INFO - 26/08/20 06:46:35 INFO BlockManagerMasterEndpoint: Using org.apache.spark.storage.DefaultTopologyMapper for getting topology information
[2026-08-20T06:46:35.715+0000] {spark_submit.py:634} INFO - 26/08/20 06:46:35 INFO BlockManagerMasterEndpoint: BlockManagerMasterEndpoint up
[2026-08-20T06:46:35.720+0000] {spark_submit.py:634} INFO - 26/08/20 06:46:35 INFO SparkEnv: Registering BlockManagerMasterHeartbeat
[2026-08-20T06:46:35.741+0000] {spark_submit.py:634} INFO - 26/08/20 06:46:35 INFO DiskBlockManager: Created local directory at /tmp/blockmgr-8858c2c0-ab56-450b-b19f-f8f9168992ba
[2026-08-20T06:46:35.759+0000] {spark_submit.py:634} INFO - 26/08/20 06:46:35 INFO MemoryStore: MemoryStore started with capacity 434.4 MiB
[2026-08-20T06:46:35.777+0000] {spark_submit.py:634} INFO - 26/08/20 06:46:35 INFO SparkEnv: Registering OutputCommitCoordinator
[2026-08-20T06:46:35.892+0000] {spark_submit.py:634} INFO - 26/08/20 06:46:35 INFO JettyUtils: Start Jetty 0.0.0.0:4040 for SparkUI
[2026-08-20T06:46:35.972+0000] {spark_submit.py:634} INFO - 26/08/20 06:46:35 INFO Utils: Successfully started service 'SparkUI' on port 4040.
[2026-08-20T06:46:36.087+0000] {spark_submit.py:634} INFO - 26/08/20 06:46:36 INFO StandaloneAppClient$ClientEndpoint: Connecting to master spark://spark-master:7077...
[2026-08-20T06:46:36.128+0000] {spark_submit.py:634} INFO - 26/08/20 06:46:36 INFO TransportClientFactory: Successfully created connection to spark-master/172.18.0.2:7077 after 22 ms (0 ms spent in bootstraps)
[2026-08-20T06:46:36.220+0000] {spark_submit.py:634} INFO - 26/08/20 06:46:36 INFO StandaloneSchedulerBackend: Connected to Spark cluster with app ID app-20260820064636-0001
[2026-08-20T06:46:36.226+0000] {spark_submit.py:634} INFO - 26/08/20 06:46:36 INFO StandaloneAppClient$ClientEndpoint: Executor added: app-20260820064636-0001/0 on worker-20260820063914-172.18.0.4-35345 (172.18.0.4:35345) with 2 core(s)
[2026-08-20T06:46:36.230+0000] {spark_submit.py:634} INFO - 26/08/20 06:46:36 INFO StandaloneSchedulerBackend: Granted executor ID app-20260820064636-0001/0 on hostPort 172.18.0.4:35345 with 2 core(s), 1024.0 MiB RAM
[2026-08-20T06:46:36.235+0000] {spark_submit.py:634} INFO - 26/08/20 06:46:36 INFO Utils: Successfully started service 'org.apache.spark.network.netty.NettyBlockTransferService' on port 46563.
[2026-08-20T06:46:36.237+0000] {spark_submit.py:634} INFO - 26/08/20 06:46:36 INFO NettyBlockTransferService: Server created on c00e1de70ec0:46563
[2026-08-20T06:46:36.243+0000] {spark_submit.py:634} INFO - 26/08/20 06:46:36 INFO BlockManager: Using org.apache.spark.storage.RandomBlockReplicationPolicy for block replication policy
[2026-08-20T06:46:36.250+0000] {spark_submit.py:634} INFO - 26/08/20 06:46:36 INFO BlockManagerMaster: Registering BlockManager BlockManagerId(driver, c00e1de70ec0, 46563, None)
[2026-08-20T06:46:36.254+0000] {spark_submit.py:634} INFO - 26/08/20 06:46:36 INFO BlockManagerMasterEndpoint: Registering block manager c00e1de70ec0:46563 with 434.4 MiB RAM, BlockManagerId(driver, c00e1de70ec0, 46563, None)
[2026-08-20T06:46:36.309+0000] {spark_submit.py:634} INFO - 26/08/20 06:46:36 INFO BlockManagerMaster: Registered BlockManager BlockManagerId(driver, c00e1de70ec0, 46563, None)
[2026-08-20T06:46:36.312+0000] {spark_submit.py:634} INFO - 26/08/20 06:46:36 INFO BlockManager: Initialized BlockManager: BlockManagerId(driver, c00e1de70ec0, 46563, None)
[2026-08-20T06:46:36.329+0000] {spark_submit.py:634} INFO - 26/08/20 06:46:36 INFO StandaloneAppClient$ClientEndpoint: Executor updated: app-20260820064636-0001/0 is now RUNNING
[2026-08-20T06:46:36.479+0000] {spark_submit.py:634} INFO - 26/08/20 06:46:36 INFO StandaloneSchedulerBackend: SchedulerBackend is ready for scheduling beginning after reached minRegisteredResourcesRatio: 0.0
[2026-08-20T06:46:45.547+0000] {spark_submit.py:634} INFO - [clean_events] Read 2000 raw rows, kept 2000, dropped 0
[2026-08-20T06:46:50.037+0000] {spark_submit.py:634} INFO - [clean_events] Wrote cleaned data to /opt/spark/data/processed
[2026-08-20T06:46:50.612+0000] {taskinstance.py:441} INFO - ::group::Post task execution logs
[2026-08-20T06:46:50.622+0000] {taskinstance.py:1206} INFO - Marking task as SUCCESS. dag_id=clickstream_clean_events, task_id=clean_events, run_id=manual__2026-08-20T06:46:32.124562+00:00, execution_date=20260820T064632, start_date=20260820T064632, end_date=20260820T064650
[2026-08-20T06:46:50.675+0000] {local_task_job_runner.py:243} INFO - Task exited with return code 0
[2026-08-20T06:46:50.689+0000] {taskinstance.py:3503} INFO - 0 downstream tasks scheduled from follow-on schedule check
[2026-08-20T06:46:50.693+0000] {local_task_job_runner.py:222} INFO - ::endgroup::
