[2026-08-12T17:24:06.864+0000] {local_task_job_runner.py:120} INFO - ::group::Pre task execution logs
[2026-08-12T17:24:06.919+0000] {taskinstance.py:2076} INFO - Dependencies all met for dep_context=non-requeueable deps ti=<TaskInstance: clickstream_clean_events.clean_events manual__2026-08-12T17:24:05.484966+00:00 [queued]>
[2026-08-12T17:24:06.936+0000] {taskinstance.py:2076} INFO - Dependencies all met for dep_context=requeueable deps ti=<TaskInstance: clickstream_clean_events.clean_events manual__2026-08-12T17:24:05.484966+00:00 [queued]>
[2026-08-12T17:24:06.937+0000] {taskinstance.py:2306} INFO - Starting attempt 1 of 1
[2026-08-12T17:24:06.960+0000] {taskinstance.py:2330} INFO - Executing <Task(SparkSubmitOperator): clean_events> on 2026-08-12 17:24:05.484966+00:00
[2026-08-12T17:24:06.972+0000] {standard_task_runner.py:90} INFO - Running: ['***', 'tasks', 'run', 'clickstream_clean_events', 'clean_events', 'manual__2026-08-12T17:24:05.484966+00:00', '--job-id', '14', '--raw', '--subdir', 'DAGS_FOLDER/clickstream_clean_events_dag.py', '--cfg-path', '/tmp/tmpy63mxohz']
[2026-08-12T17:24:06.974+0000] {logging_mixin.py:188} WARNING - /home/***/.local/lib/python3.12/site-packages/***/task/task_runner/standard_task_runner.py:62 DeprecationWarning: This process (pid=1307) is multi-threaded, use of fork() may lead to deadlocks in the child.
[2026-08-12T17:24:06.976+0000] {standard_task_runner.py:91} INFO - Job 14: Subtask clean_events
[2026-08-12T17:24:06.977+0000] {standard_task_runner.py:64} INFO - Started process 1308 to run task
[2026-08-12T17:24:07.069+0000] {task_command.py:426} INFO - Running <TaskInstance: clickstream_clean_events.clean_events manual__2026-08-12T17:24:05.484966+00:00 [running]> on host a3064e4d9a40
[2026-08-12T17:24:07.199+0000] {taskinstance.py:2648} INFO - Exporting env vars: AIRFLOW_CTX_DAG_OWNER='***' AIRFLOW_CTX_DAG_ID='clickstream_clean_events' AIRFLOW_CTX_TASK_ID='clean_events' AIRFLOW_CTX_EXECUTION_DATE='2026-08-12T17:24:05.484966+00:00' AIRFLOW_CTX_TRY_NUMBER='1' AIRFLOW_CTX_DAG_RUN_ID='manual__2026-08-12T17:24:05.484966+00:00'
[2026-08-12T17:24:07.201+0000] {taskinstance.py:430} INFO - ::endgroup::
[2026-08-12T17:24:07.244+0000] {base.py:84} INFO - Using connection ID 'spark_default' for task execution.
[2026-08-12T17:24:07.247+0000] {spark_submit.py:473} INFO - Spark-Submit cmd: spark-submit --master spark://spark-master:7077 --conf spark.sql.sources.partitionOverwriteMode=dynamic --conf spark.hadoop.mapreduce.fileoutputcommitter.algorithm.version=2 --name arrow-spark --verbose /opt/spark/jobs/clean_events.py --input-path /opt/spark/data/raw --output-path /opt/spark/data/processed
[2026-08-12T17:24:09.663+0000] {spark_submit.py:634} INFO - Using properties file: null
[2026-08-12T17:24:09.897+0000] {spark_submit.py:634} INFO - Parsed arguments:
[2026-08-12T17:24:09.900+0000] {spark_submit.py:634} INFO - master                  spark://spark-master:7077
[2026-08-12T17:24:09.901+0000] {spark_submit.py:634} INFO - remote                  null
[2026-08-12T17:24:09.903+0000] {spark_submit.py:634} INFO - deployMode              null
[2026-08-12T17:24:09.904+0000] {spark_submit.py:634} INFO - executorMemory          null
[2026-08-12T17:24:09.906+0000] {spark_submit.py:634} INFO - executorCores           null
[2026-08-12T17:24:09.908+0000] {spark_submit.py:634} INFO - totalExecutorCores      null
[2026-08-12T17:24:09.910+0000] {spark_submit.py:634} INFO - propertiesFile          null
[2026-08-12T17:24:09.912+0000] {spark_submit.py:634} INFO - driverMemory            null
[2026-08-12T17:24:09.914+0000] {spark_submit.py:634} INFO - driverCores             null
[2026-08-12T17:24:09.915+0000] {spark_submit.py:634} INFO - driverExtraClassPath    null
[2026-08-12T17:24:09.917+0000] {spark_submit.py:634} INFO - driverExtraLibraryPath  null
[2026-08-12T17:24:09.918+0000] {spark_submit.py:634} INFO - driverExtraJavaOptions  null
[2026-08-12T17:24:09.920+0000] {spark_submit.py:634} INFO - supervise               false
[2026-08-12T17:24:09.922+0000] {spark_submit.py:634} INFO - queue                   null
[2026-08-12T17:24:09.923+0000] {spark_submit.py:634} INFO - numExecutors            null
[2026-08-12T17:24:09.925+0000] {spark_submit.py:634} INFO - files                   null
[2026-08-12T17:24:09.927+0000] {spark_submit.py:634} INFO - pyFiles                 null
[2026-08-12T17:24:09.929+0000] {spark_submit.py:634} INFO - archives                null
[2026-08-12T17:24:09.931+0000] {spark_submit.py:634} INFO - mainClass               null
[2026-08-12T17:24:09.933+0000] {spark_submit.py:634} INFO - primaryResource         file:/opt/spark/jobs/clean_events.py
[2026-08-12T17:24:09.934+0000] {spark_submit.py:634} INFO - name                    arrow-spark
[2026-08-12T17:24:09.935+0000] {spark_submit.py:634} INFO - childArgs               [--input-path /opt/spark/data/raw --output-path /opt/spark/data/processed]
[2026-08-12T17:24:09.937+0000] {spark_submit.py:634} INFO - jars                    null
[2026-08-12T17:24:09.939+0000] {spark_submit.py:634} INFO - packages                null
[2026-08-12T17:24:09.940+0000] {spark_submit.py:634} INFO - packagesExclusions      null
[2026-08-12T17:24:09.942+0000] {spark_submit.py:634} INFO - repositories            null
[2026-08-12T17:24:09.944+0000] {spark_submit.py:634} INFO - verbose                 true
[2026-08-12T17:24:09.946+0000] {spark_submit.py:634} INFO - 
[2026-08-12T17:24:09.947+0000] {spark_submit.py:634} INFO - Spark properties used, including those specified through
[2026-08-12T17:24:09.949+0000] {spark_submit.py:634} INFO - --conf and those from the properties file null:
[2026-08-12T17:24:09.950+0000] {spark_submit.py:634} INFO - (spark.hadoop.mapreduce.fileoutputcommitter.algorithm.version,2)
[2026-08-12T17:24:09.952+0000] {spark_submit.py:634} INFO - (spark.sql.sources.partitionOverwriteMode,dynamic)
[2026-08-12T17:24:09.953+0000] {spark_submit.py:634} INFO - 
[2026-08-12T17:24:09.955+0000] {spark_submit.py:634} INFO - 
[2026-08-12T17:24:10.544+0000] {spark_submit.py:634} INFO - Main class:
[2026-08-12T17:24:10.551+0000] {spark_submit.py:634} INFO - org.apache.spark.deploy.PythonRunner
[2026-08-12T17:24:10.554+0000] {spark_submit.py:634} INFO - Arguments:
[2026-08-12T17:24:10.556+0000] {spark_submit.py:634} INFO - file:/opt/spark/jobs/clean_events.py
[2026-08-12T17:24:10.559+0000] {spark_submit.py:634} INFO - null
[2026-08-12T17:24:10.561+0000] {spark_submit.py:634} INFO - --input-path
[2026-08-12T17:24:10.568+0000] {spark_submit.py:634} INFO - /opt/spark/data/raw
[2026-08-12T17:24:10.571+0000] {spark_submit.py:634} INFO - --output-path
[2026-08-12T17:24:10.577+0000] {spark_submit.py:634} INFO - /opt/spark/data/processed
[2026-08-12T17:24:10.580+0000] {spark_submit.py:634} INFO - Spark config:
[2026-08-12T17:24:10.585+0000] {spark_submit.py:634} INFO - (spark.app.name,arrow-spark)
[2026-08-12T17:24:10.588+0000] {spark_submit.py:634} INFO - (spark.app.submitTime,1786555450460)
[2026-08-12T17:24:10.595+0000] {spark_submit.py:634} INFO - (spark.hadoop.mapreduce.fileoutputcommitter.algorithm.version,2)
[2026-08-12T17:24:10.597+0000] {spark_submit.py:634} INFO - (spark.master,spark://spark-master:7077)
[2026-08-12T17:24:10.606+0000] {spark_submit.py:634} INFO - (spark.sql.sources.partitionOverwriteMode,dynamic)
[2026-08-12T17:24:10.610+0000] {spark_submit.py:634} INFO - (spark.submit.deployMode,client)
[2026-08-12T17:24:10.619+0000] {spark_submit.py:634} INFO - (spark.submit.pyFiles,)
[2026-08-12T17:24:10.622+0000] {spark_submit.py:634} INFO - Classpath elements:
[2026-08-12T17:24:10.627+0000] {spark_submit.py:634} INFO - 
[2026-08-12T17:24:10.636+0000] {spark_submit.py:634} INFO - 
[2026-08-12T17:24:10.640+0000] {spark_submit.py:634} INFO - 
[2026-08-12T17:24:14.315+0000] {spark_submit.py:634} INFO - 26/08/12 17:24:14 INFO SparkContext: Running Spark version 3.5.1
[2026-08-12T17:24:14.319+0000] {spark_submit.py:634} INFO - 26/08/12 17:24:14 INFO SparkContext: OS info Linux, 6.18.33.2-microsoft-standard-WSL2, amd64
[2026-08-12T17:24:14.325+0000] {spark_submit.py:634} INFO - 26/08/12 17:24:14 INFO SparkContext: Java version 17.0.20
[2026-08-12T17:24:14.470+0000] {spark_submit.py:634} INFO - 26/08/12 17:24:14 WARN NativeCodeLoader: Unable to load native-hadoop library for your platform... using builtin-java classes where applicable
[2026-08-12T17:24:14.698+0000] {spark_submit.py:634} INFO - 26/08/12 17:24:14 INFO ResourceUtils: ==============================================================
[2026-08-12T17:24:14.700+0000] {spark_submit.py:634} INFO - 26/08/12 17:24:14 INFO ResourceUtils: No custom resources configured for spark.driver.
[2026-08-12T17:24:14.702+0000] {spark_submit.py:634} INFO - 26/08/12 17:24:14 INFO ResourceUtils: ==============================================================
[2026-08-12T17:24:14.703+0000] {spark_submit.py:634} INFO - 26/08/12 17:24:14 INFO SparkContext: Submitted application: clean_events
[2026-08-12T17:24:14.767+0000] {spark_submit.py:634} INFO - 26/08/12 17:24:14 INFO ResourceProfile: Default ResourceProfile created, executor resources: Map(memory -> name: memory, amount: 1024, script: , vendor: , offHeap -> name: offHeap, amount: 0, script: , vendor: ), task resources: Map(cpus -> name: cpus, amount: 1.0)
[2026-08-12T17:24:14.796+0000] {spark_submit.py:634} INFO - 26/08/12 17:24:14 INFO ResourceProfile: Limiting resource is cpu
[2026-08-12T17:24:14.804+0000] {spark_submit.py:634} INFO - 26/08/12 17:24:14 INFO ResourceProfileManager: Added ResourceProfile id: 0
[2026-08-12T17:24:15.042+0000] {spark_submit.py:634} INFO - 26/08/12 17:24:15 INFO SecurityManager: Changing view acls to: ***
[2026-08-12T17:24:15.046+0000] {spark_submit.py:634} INFO - 26/08/12 17:24:15 INFO SecurityManager: Changing modify acls to: ***
[2026-08-12T17:24:15.050+0000] {spark_submit.py:634} INFO - 26/08/12 17:24:15 INFO SecurityManager: Changing view acls groups to:
[2026-08-12T17:24:15.053+0000] {spark_submit.py:634} INFO - 26/08/12 17:24:15 INFO SecurityManager: Changing modify acls groups to:
[2026-08-12T17:24:15.056+0000] {spark_submit.py:634} INFO - 26/08/12 17:24:15 INFO SecurityManager: SecurityManager: authentication disabled; ui acls disabled; users with view permissions: ***; groups with view permissions: EMPTY; users with modify permissions: ***; groups with modify permissions: EMPTY
[2026-08-12T17:24:15.808+0000] {spark_submit.py:634} INFO - 26/08/12 17:24:15 INFO Utils: Successfully started service 'sparkDriver' on port 39293.
[2026-08-12T17:24:15.894+0000] {spark_submit.py:634} INFO - 26/08/12 17:24:15 INFO SparkEnv: Registering MapOutputTracker
[2026-08-12T17:24:16.004+0000] {spark_submit.py:634} INFO - 26/08/12 17:24:16 INFO SparkEnv: Registering BlockManagerMaster
[2026-08-12T17:24:16.069+0000] {spark_submit.py:634} INFO - 26/08/12 17:24:16 INFO BlockManagerMasterEndpoint: Using org.apache.spark.storage.DefaultTopologyMapper for getting topology information
[2026-08-12T17:24:16.072+0000] {spark_submit.py:634} INFO - 26/08/12 17:24:16 INFO BlockManagerMasterEndpoint: BlockManagerMasterEndpoint up
[2026-08-12T17:24:16.087+0000] {spark_submit.py:634} INFO - 26/08/12 17:24:16 INFO SparkEnv: Registering BlockManagerMasterHeartbeat
[2026-08-12T17:24:16.172+0000] {spark_submit.py:634} INFO - 26/08/12 17:24:16 INFO DiskBlockManager: Created local directory at /tmp/blockmgr-7cda15a6-5c94-4906-a812-bcbb913f809d
[2026-08-12T17:24:16.226+0000] {spark_submit.py:634} INFO - 26/08/12 17:24:16 INFO MemoryStore: MemoryStore started with capacity 434.4 MiB
[2026-08-12T17:24:16.281+0000] {spark_submit.py:634} INFO - 26/08/12 17:24:16 INFO SparkEnv: Registering OutputCommitCoordinator
[2026-08-12T17:24:16.670+0000] {spark_submit.py:634} INFO - 26/08/12 17:24:16 INFO JettyUtils: Start Jetty 0.0.0.0:4040 for SparkUI
[2026-08-12T17:24:16.897+0000] {spark_submit.py:634} INFO - 26/08/12 17:24:16 INFO Utils: Successfully started service 'SparkUI' on port 4040.
[2026-08-12T17:24:17.182+0000] {spark_submit.py:634} INFO - 26/08/12 17:24:17 INFO StandaloneAppClient$ClientEndpoint: Connecting to master spark://spark-master:7077...
[2026-08-12T17:24:17.297+0000] {spark_submit.py:634} INFO - 26/08/12 17:24:17 INFO TransportClientFactory: Successfully created connection to spark-master/172.18.0.2:7077 after 64 ms (0 ms spent in bootstraps)
[2026-08-12T17:24:17.519+0000] {spark_submit.py:634} INFO - 26/08/12 17:24:17 INFO StandaloneSchedulerBackend: Connected to Spark cluster with app ID app-20260812172417-0002
[2026-08-12T17:24:17.535+0000] {spark_submit.py:634} INFO - 26/08/12 17:24:17 INFO StandaloneAppClient$ClientEndpoint: Executor added: app-20260812172417-0002/0 on worker-20260812165632-172.18.0.4-45475 (172.18.0.4:45475) with 2 core(s)
[2026-08-12T17:24:17.548+0000] {spark_submit.py:634} INFO - 26/08/12 17:24:17 INFO StandaloneSchedulerBackend: Granted executor ID app-20260812172417-0002/0 on hostPort 172.18.0.4:45475 with 2 core(s), 1024.0 MiB RAM
[2026-08-12T17:24:17.562+0000] {spark_submit.py:634} INFO - 26/08/12 17:24:17 INFO Utils: Successfully started service 'org.apache.spark.network.netty.NettyBlockTransferService' on port 43821.
[2026-08-12T17:24:17.565+0000] {spark_submit.py:634} INFO - 26/08/12 17:24:17 INFO NettyBlockTransferService: Server created on a3064e4d9a40:43821
[2026-08-12T17:24:17.570+0000] {spark_submit.py:634} INFO - 26/08/12 17:24:17 INFO BlockManager: Using org.apache.spark.storage.RandomBlockReplicationPolicy for block replication policy
[2026-08-12T17:24:17.596+0000] {spark_submit.py:634} INFO - 26/08/12 17:24:17 INFO BlockManagerMaster: Registering BlockManager BlockManagerId(driver, a3064e4d9a40, 43821, None)
[2026-08-12T17:24:17.617+0000] {spark_submit.py:634} INFO - 26/08/12 17:24:17 INFO BlockManagerMasterEndpoint: Registering block manager a3064e4d9a40:43821 with 434.4 MiB RAM, BlockManagerId(driver, a3064e4d9a40, 43821, None)
[2026-08-12T17:24:17.629+0000] {spark_submit.py:634} INFO - 26/08/12 17:24:17 INFO BlockManagerMaster: Registered BlockManager BlockManagerId(driver, a3064e4d9a40, 43821, None)
[2026-08-12T17:24:17.634+0000] {spark_submit.py:634} INFO - 26/08/12 17:24:17 INFO BlockManager: Initialized BlockManager: BlockManagerId(driver, a3064e4d9a40, 43821, None)
[2026-08-12T17:24:17.667+0000] {spark_submit.py:634} INFO - 26/08/12 17:24:17 INFO StandaloneAppClient$ClientEndpoint: Executor updated: app-20260812172417-0002/0 is now RUNNING
[2026-08-12T17:24:18.415+0000] {spark_submit.py:634} INFO - 26/08/12 17:24:18 INFO StandaloneSchedulerBackend: SchedulerBackend is ready for scheduling beginning after reached minRegisteredResourcesRatio: 0.0
[2026-08-12T17:24:45.989+0000] {spark_submit.py:634} INFO - [clean_events] Read 2000 raw rows, kept 2000, dropped 0
[2026-08-12T17:24:48.099+0000] {spark_submit.py:634} INFO - 26/08/12 17:24:48 ERROR FileOutputCommitter: Mkdirs failed to create file:/opt/spark/data/processed/.spark-staging-756a1821-d53e-44c0-981e-9cc33dd7af32/_temporary/0
[2026-08-12T17:24:54.546+0000] {spark_submit.py:634} INFO - 26/08/12 17:24:54 WARN FileUtil: Failed to delete file or dir [/opt/spark/data/processed/.spark-staging-756a1821-d53e-44c0-981e-9cc33dd7af32/_temporary/0/_temporary/attempt_202608121724482001417334880228141_0012_m_000000_11/dt=2026-08-12/hour=05]: it still exists.
[2026-08-12T17:24:54.585+0000] {spark_submit.py:634} INFO - 26/08/12 17:24:54 WARN FileUtil: Failed to delete file or dir [/opt/spark/data/processed/.spark-staging-756a1821-d53e-44c0-981e-9cc33dd7af32/_temporary/0/_temporary/attempt_202608121724482001417334880228141_0012_m_000000_11/dt=2026-08-12/hour=06]: it still exists.
[2026-08-12T17:24:54.622+0000] {spark_submit.py:634} INFO - 26/08/12 17:24:54 WARN FileUtil: Failed to delete file or dir [/opt/spark/data/processed/.spark-staging-756a1821-d53e-44c0-981e-9cc33dd7af32/_temporary/0/_temporary/attempt_202608121724482001417334880228141_0012_m_000000_11/dt=2026-08-12/hour=08]: it still exists.
[2026-08-12T17:24:54.660+0000] {spark_submit.py:634} INFO - 26/08/12 17:24:54 WARN FileUtil: Failed to delete file or dir [/opt/spark/data/processed/.spark-staging-756a1821-d53e-44c0-981e-9cc33dd7af32/_temporary/0/_temporary/attempt_202608121724482001417334880228141_0012_m_000000_11/dt=2026-08-12/hour=09]: it still exists.
[2026-08-12T17:24:54.690+0000] {spark_submit.py:634} INFO - 26/08/12 17:24:54 ERROR FileFormatWriter: Aborting job 34111008-9323-400e-94f0-164be8edc7f7.
[2026-08-12T17:24:54.693+0000] {spark_submit.py:634} INFO - java.io.FileNotFoundException: /opt/spark/data/processed/.spark-staging-756a1821-d53e-44c0-981e-9cc33dd7af32/_SUCCESS (Permission denied)
[2026-08-12T17:24:54.694+0000] {spark_submit.py:634} INFO - at java.base/java.io.FileOutputStream.open0(Native Method)
[2026-08-12T17:24:54.696+0000] {spark_submit.py:634} INFO - at java.base/java.io.FileOutputStream.open(FileOutputStream.java:293)
[2026-08-12T17:24:54.697+0000] {spark_submit.py:634} INFO - at java.base/java.io.FileOutputStream.<init>(FileOutputStream.java:235)
[2026-08-12T17:24:54.699+0000] {spark_submit.py:634} INFO - at org.apache.hadoop.fs.RawLocalFileSystem$LocalFSFileOutputStream.<init>(RawLocalFileSystem.java:321)
[2026-08-12T17:24:54.700+0000] {spark_submit.py:634} INFO - at org.apache.hadoop.fs.RawLocalFileSystem$LocalFSFileOutputStream.<init>(RawLocalFileSystem.java:294)
[2026-08-12T17:24:54.701+0000] {spark_submit.py:634} INFO - at org.apache.hadoop.fs.RawLocalFileSystem.createOutputStreamWithMode(RawLocalFileSystem.java:439)
[2026-08-12T17:24:54.702+0000] {spark_submit.py:634} INFO - at org.apache.hadoop.fs.RawLocalFileSystem.create(RawLocalFileSystem.java:428)
[2026-08-12T17:24:54.704+0000] {spark_submit.py:634} INFO - at org.apache.hadoop.fs.RawLocalFileSystem.create(RawLocalFileSystem.java:459)
[2026-08-12T17:24:54.707+0000] {spark_submit.py:634} INFO - at org.apache.hadoop.fs.ChecksumFileSystem$ChecksumFSOutputSummer.<init>(ChecksumFileSystem.java:433)
[2026-08-12T17:24:54.710+0000] {spark_submit.py:634} INFO - at org.apache.hadoop.fs.ChecksumFileSystem.create(ChecksumFileSystem.java:521)
[2026-08-12T17:24:54.712+0000] {spark_submit.py:634} INFO - at org.apache.hadoop.fs.ChecksumFileSystem.create(ChecksumFileSystem.java:500)
[2026-08-12T17:24:54.713+0000] {spark_submit.py:634} INFO - at org.apache.hadoop.fs.FileSystem.create(FileSystem.java:1195)
[2026-08-12T17:24:54.715+0000] {spark_submit.py:634} INFO - at org.apache.hadoop.fs.FileSystem.create(FileSystem.java:1175)
[2026-08-12T17:24:54.716+0000] {spark_submit.py:634} INFO - at org.apache.hadoop.fs.FileSystem.create(FileSystem.java:1064)
[2026-08-12T17:24:54.717+0000] {spark_submit.py:634} INFO - at org.apache.hadoop.mapreduce.lib.output.FileOutputCommitter.commitJobInternal(FileOutputCommitter.java:438)
[2026-08-12T17:24:54.718+0000] {spark_submit.py:634} INFO - at org.apache.hadoop.mapreduce.lib.output.FileOutputCommitter.commitJob(FileOutputCommitter.java:377)
[2026-08-12T17:24:54.720+0000] {spark_submit.py:634} INFO - at org.apache.parquet.hadoop.ParquetOutputCommitter.commitJob(ParquetOutputCommitter.java:48)
[2026-08-12T17:24:54.721+0000] {spark_submit.py:634} INFO - at org.apache.spark.internal.io.HadoopMapReduceCommitProtocol.commitJob(HadoopMapReduceCommitProtocol.scala:192)
[2026-08-12T17:24:54.722+0000] {spark_submit.py:634} INFO - at org.apache.spark.sql.execution.datasources.FileFormatWriter$.$anonfun$writeAndCommit$3(FileFormatWriter.scala:275)
[2026-08-12T17:24:54.724+0000] {spark_submit.py:634} INFO - at scala.runtime.java8.JFunction0$mcV$sp.apply(JFunction0$mcV$sp.java:23)
[2026-08-12T17:24:54.725+0000] {spark_submit.py:634} INFO - at org.apache.spark.util.Utils$.timeTakenMs(Utils.scala:552)
[2026-08-12T17:24:54.726+0000] {spark_submit.py:634} INFO - at org.apache.spark.sql.execution.datasources.FileFormatWriter$.writeAndCommit(FileFormatWriter.scala:275)
[2026-08-12T17:24:54.727+0000] {spark_submit.py:634} INFO - at org.apache.spark.sql.execution.datasources.FileFormatWriter$.executeWrite(FileFormatWriter.scala:304)
[2026-08-12T17:24:54.729+0000] {spark_submit.py:634} INFO - at org.apache.spark.sql.execution.datasources.FileFormatWriter$.write(FileFormatWriter.scala:190)
[2026-08-12T17:24:54.731+0000] {spark_submit.py:634} INFO - at org.apache.spark.sql.execution.datasources.InsertIntoHadoopFsRelationCommand.run(InsertIntoHadoopFsRelationCommand.scala:190)
[2026-08-12T17:24:54.732+0000] {spark_submit.py:634} INFO - at org.apache.spark.sql.execution.command.DataWritingCommandExec.sideEffectResult$lzycompute(commands.scala:113)
[2026-08-12T17:24:54.733+0000] {spark_submit.py:634} INFO - at org.apache.spark.sql.execution.command.DataWritingCommandExec.sideEffectResult(commands.scala:111)
[2026-08-12T17:24:54.735+0000] {spark_submit.py:634} INFO - at org.apache.spark.sql.execution.command.DataWritingCommandExec.executeCollect(commands.scala:125)
[2026-08-12T17:24:54.737+0000] {spark_submit.py:634} INFO - at org.apache.spark.sql.execution.adaptive.AdaptiveSparkPlanExec.$anonfun$executeCollect$1(AdaptiveSparkPlanExec.scala:390)
[2026-08-12T17:24:54.738+0000] {spark_submit.py:634} INFO - at org.apache.spark.sql.execution.adaptive.AdaptiveSparkPlanExec.withFinalPlanUpdate(AdaptiveSparkPlanExec.scala:418)
[2026-08-12T17:24:54.739+0000] {spark_submit.py:634} INFO - at org.apache.spark.sql.execution.adaptive.AdaptiveSparkPlanExec.executeCollect(AdaptiveSparkPlanExec.scala:390)
[2026-08-12T17:24:54.740+0000] {spark_submit.py:634} INFO - at org.apache.spark.sql.execution.QueryExecution$$anonfun$eagerlyExecuteCommands$1.$anonfun$applyOrElse$1(QueryExecution.scala:107)
[2026-08-12T17:24:54.741+0000] {spark_submit.py:634} INFO - at org.apache.spark.sql.execution.SQLExecution$.$anonfun$withNewExecutionId$6(SQLExecution.scala:125)
[2026-08-12T17:24:54.742+0000] {spark_submit.py:634} INFO - at org.apache.spark.sql.execution.SQLExecution$.withSQLConfPropagated(SQLExecution.scala:201)
[2026-08-12T17:24:54.743+0000] {spark_submit.py:634} INFO - at org.apache.spark.sql.execution.SQLExecution$.$anonfun$withNewExecutionId$1(SQLExecution.scala:108)
[2026-08-12T17:24:54.745+0000] {spark_submit.py:634} INFO - at org.apache.spark.sql.SparkSession.withActive(SparkSession.scala:900)
[2026-08-12T17:24:54.746+0000] {spark_submit.py:634} INFO - at org.apache.spark.sql.execution.SQLExecution$.withNewExecutionId(SQLExecution.scala:66)
[2026-08-12T17:24:54.747+0000] {spark_submit.py:634} INFO - at org.apache.spark.sql.execution.QueryExecution$$anonfun$eagerlyExecuteCommands$1.applyOrElse(QueryExecution.scala:107)
[2026-08-12T17:24:54.749+0000] {spark_submit.py:634} INFO - at org.apache.spark.sql.execution.QueryExecution$$anonfun$eagerlyExecuteCommands$1.applyOrElse(QueryExecution.scala:98)
[2026-08-12T17:24:54.750+0000] {spark_submit.py:634} INFO - at org.apache.spark.sql.catalyst.trees.TreeNode.$anonfun$transformDownWithPruning$1(TreeNode.scala:461)
[2026-08-12T17:24:54.751+0000] {spark_submit.py:634} INFO - at org.apache.spark.sql.catalyst.trees.CurrentOrigin$.withOrigin(origin.scala:76)
[2026-08-12T17:24:54.752+0000] {spark_submit.py:634} INFO - at org.apache.spark.sql.catalyst.trees.TreeNode.transformDownWithPruning(TreeNode.scala:461)
[2026-08-12T17:24:54.754+0000] {spark_submit.py:634} INFO - at org.apache.spark.sql.catalyst.plans.logical.LogicalPlan.org$apache$spark$sql$catalyst$plans$logical$AnalysisHelper$$super$transformDownWithPruning(LogicalPlan.scala:32)
[2026-08-12T17:24:54.755+0000] {spark_submit.py:634} INFO - at org.apache.spark.sql.catalyst.plans.logical.AnalysisHelper.transformDownWithPruning(AnalysisHelper.scala:267)
[2026-08-12T17:24:54.757+0000] {spark_submit.py:634} INFO - at org.apache.spark.sql.catalyst.plans.logical.AnalysisHelper.transformDownWithPruning$(AnalysisHelper.scala:263)
[2026-08-12T17:24:54.758+0000] {spark_submit.py:634} INFO - at org.apache.spark.sql.catalyst.plans.logical.LogicalPlan.transformDownWithPruning(LogicalPlan.scala:32)
[2026-08-12T17:24:54.759+0000] {spark_submit.py:634} INFO - at org.apache.spark.sql.catalyst.plans.logical.LogicalPlan.transformDownWithPruning(LogicalPlan.scala:32)
[2026-08-12T17:24:54.760+0000] {spark_submit.py:634} INFO - at org.apache.spark.sql.catalyst.trees.TreeNode.transformDown(TreeNode.scala:437)
[2026-08-12T17:24:54.761+0000] {spark_submit.py:634} INFO - at org.apache.spark.sql.execution.QueryExecution.eagerlyExecuteCommands(QueryExecution.scala:98)
[2026-08-12T17:24:54.762+0000] {spark_submit.py:634} INFO - at org.apache.spark.sql.execution.QueryExecution.commandExecuted$lzycompute(QueryExecution.scala:85)
[2026-08-12T17:24:54.763+0000] {spark_submit.py:634} INFO - at org.apache.spark.sql.execution.QueryExecution.commandExecuted(QueryExecution.scala:83)
[2026-08-12T17:24:54.764+0000] {spark_submit.py:634} INFO - at org.apache.spark.sql.execution.QueryExecution.assertCommandExecuted(QueryExecution.scala:142)
[2026-08-12T17:24:54.766+0000] {spark_submit.py:634} INFO - at org.apache.spark.sql.DataFrameWriter.runCommand(DataFrameWriter.scala:859)
[2026-08-12T17:24:54.767+0000] {spark_submit.py:634} INFO - at org.apache.spark.sql.DataFrameWriter.saveToV1Source(DataFrameWriter.scala:388)
[2026-08-12T17:24:54.768+0000] {spark_submit.py:634} INFO - at org.apache.spark.sql.DataFrameWriter.saveInternal(DataFrameWriter.scala:361)
[2026-08-12T17:24:54.770+0000] {spark_submit.py:634} INFO - at org.apache.spark.sql.DataFrameWriter.save(DataFrameWriter.scala:240)
[2026-08-12T17:24:54.771+0000] {spark_submit.py:634} INFO - at org.apache.spark.sql.DataFrameWriter.parquet(DataFrameWriter.scala:792)
[2026-08-12T17:24:54.772+0000] {spark_submit.py:634} INFO - at java.base/jdk.internal.reflect.NativeMethodAccessorImpl.invoke0(Native Method)
[2026-08-12T17:24:54.773+0000] {spark_submit.py:634} INFO - at java.base/jdk.internal.reflect.NativeMethodAccessorImpl.invoke(NativeMethodAccessorImpl.java:77)
[2026-08-12T17:24:54.774+0000] {spark_submit.py:634} INFO - at java.base/jdk.internal.reflect.DelegatingMethodAccessorImpl.invoke(DelegatingMethodAccessorImpl.java:43)
[2026-08-12T17:24:54.776+0000] {spark_submit.py:634} INFO - at java.base/java.lang.reflect.Method.invoke(Method.java:569)
[2026-08-12T17:24:54.777+0000] {spark_submit.py:634} INFO - at py4j.reflection.MethodInvoker.invoke(MethodInvoker.java:244)
[2026-08-12T17:24:54.778+0000] {spark_submit.py:634} INFO - at py4j.reflection.ReflectionEngine.invoke(ReflectionEngine.java:374)
[2026-08-12T17:24:54.779+0000] {spark_submit.py:634} INFO - at py4j.Gateway.invoke(Gateway.java:282)
[2026-08-12T17:24:54.780+0000] {spark_submit.py:634} INFO - at py4j.commands.AbstractCommand.invokeMethod(AbstractCommand.java:132)
[2026-08-12T17:24:54.781+0000] {spark_submit.py:634} INFO - at py4j.commands.CallCommand.execute(CallCommand.java:79)
[2026-08-12T17:24:54.782+0000] {spark_submit.py:634} INFO - at py4j.ClientServerConnection.waitForCommands(ClientServerConnection.java:182)
[2026-08-12T17:24:54.784+0000] {spark_submit.py:634} INFO - at py4j.ClientServerConnection.run(ClientServerConnection.java:106)
[2026-08-12T17:24:54.785+0000] {spark_submit.py:634} INFO - at java.base/java.lang.Thread.run(Thread.java:840)
[2026-08-12T17:24:54.862+0000] {spark_submit.py:634} INFO - 26/08/12 17:24:54 WARN FileUtil: Failed to delete file or dir [/opt/spark/data/processed/.spark-staging-756a1821-d53e-44c0-981e-9cc33dd7af32/_temporary/0/_temporary/attempt_202608121724482001417334880228141_0012_m_000000_11/dt=2026-08-12/hour=05]: it still exists.
[2026-08-12T17:24:54.899+0000] {spark_submit.py:634} INFO - 26/08/12 17:24:54 WARN FileUtil: Failed to delete file or dir [/opt/spark/data/processed/.spark-staging-756a1821-d53e-44c0-981e-9cc33dd7af32/_temporary/0/_temporary/attempt_202608121724482001417334880228141_0012_m_000000_11/dt=2026-08-12/hour=06]: it still exists.
[2026-08-12T17:24:54.933+0000] {spark_submit.py:634} INFO - 26/08/12 17:24:54 WARN FileUtil: Failed to delete file or dir [/opt/spark/data/processed/.spark-staging-756a1821-d53e-44c0-981e-9cc33dd7af32/_temporary/0/_temporary/attempt_202608121724482001417334880228141_0012_m_000000_11/dt=2026-08-12/hour=08]: it still exists.
[2026-08-12T17:24:54.972+0000] {spark_submit.py:634} INFO - 26/08/12 17:24:54 WARN FileUtil: Failed to delete file or dir [/opt/spark/data/processed/.spark-staging-756a1821-d53e-44c0-981e-9cc33dd7af32/_temporary/0/_temporary/attempt_202608121724482001417334880228141_0012_m_000000_11/dt=2026-08-12/hour=09]: it still exists.
[2026-08-12T17:24:55.016+0000] {spark_submit.py:634} INFO - 26/08/12 17:24:55 WARN FileUtil: Failed to delete file or dir [/opt/spark/data/processed/.spark-staging-756a1821-d53e-44c0-981e-9cc33dd7af32/dt=2026-08-12/hour=05/.part-00000-756a1821-d53e-44c0-981e-9cc33dd7af32.c000.snappy.parquet.crc]: it still exists.
[2026-08-12T17:24:55.025+0000] {spark_submit.py:634} INFO - 26/08/12 17:24:55 WARN FileUtil: Failed to delete file or dir [/opt/spark/data/processed/.spark-staging-756a1821-d53e-44c0-981e-9cc33dd7af32/dt=2026-08-12/hour=05/part-00000-756a1821-d53e-44c0-981e-9cc33dd7af32.c000.snappy.parquet]: it still exists.
[2026-08-12T17:24:55.046+0000] {spark_submit.py:634} INFO - 26/08/12 17:24:55 WARN FileUtil: Failed to delete file or dir [/opt/spark/data/processed/.spark-staging-756a1821-d53e-44c0-981e-9cc33dd7af32/dt=2026-08-12/hour=06/.part-00000-756a1821-d53e-44c0-981e-9cc33dd7af32.c000.snappy.parquet.crc]: it still exists.
[2026-08-12T17:24:55.055+0000] {spark_submit.py:634} INFO - 26/08/12 17:24:55 WARN FileUtil: Failed to delete file or dir [/opt/spark/data/processed/.spark-staging-756a1821-d53e-44c0-981e-9cc33dd7af32/dt=2026-08-12/hour=06/part-00000-756a1821-d53e-44c0-981e-9cc33dd7af32.c000.snappy.parquet]: it still exists.
[2026-08-12T17:24:55.081+0000] {spark_submit.py:634} INFO - 26/08/12 17:24:55 WARN FileUtil: Failed to delete file or dir [/opt/spark/data/processed/.spark-staging-756a1821-d53e-44c0-981e-9cc33dd7af32/dt=2026-08-12/hour=08/.part-00000-756a1821-d53e-44c0-981e-9cc33dd7af32.c000.snappy.parquet.crc]: it still exists.
[2026-08-12T17:24:55.091+0000] {spark_submit.py:634} INFO - 26/08/12 17:24:55 WARN FileUtil: Failed to delete file or dir [/opt/spark/data/processed/.spark-staging-756a1821-d53e-44c0-981e-9cc33dd7af32/dt=2026-08-12/hour=08/part-00000-756a1821-d53e-44c0-981e-9cc33dd7af32.c000.snappy.parquet]: it still exists.
[2026-08-12T17:24:55.117+0000] {spark_submit.py:634} INFO - 26/08/12 17:24:55 WARN FileUtil: Failed to delete file or dir [/opt/spark/data/processed/.spark-staging-756a1821-d53e-44c0-981e-9cc33dd7af32/dt=2026-08-12/hour=09/.part-00000-756a1821-d53e-44c0-981e-9cc33dd7af32.c000.snappy.parquet.crc]: it still exists.
[2026-08-12T17:24:55.127+0000] {spark_submit.py:634} INFO - 26/08/12 17:24:55 WARN FileUtil: Failed to delete file or dir [/opt/spark/data/processed/.spark-staging-756a1821-d53e-44c0-981e-9cc33dd7af32/dt=2026-08-12/hour=09/part-00000-756a1821-d53e-44c0-981e-9cc33dd7af32.c000.snappy.parquet]: it still exists.
[2026-08-12T17:24:55.259+0000] {spark_submit.py:634} INFO - 26/08/12 17:24:55 WARN FileUtil: Failed to delete file or dir [/opt/spark/data/processed/.spark-staging-756a1821-d53e-44c0-981e-9cc33dd7af32/_temporary/0/_temporary/attempt_202608121724482001417334880228141_0012_m_000000_11/dt=2026-08-12/hour=05]: it still exists.
[2026-08-12T17:24:55.296+0000] {spark_submit.py:634} INFO - 26/08/12 17:24:55 WARN FileUtil: Failed to delete file or dir [/opt/spark/data/processed/.spark-staging-756a1821-d53e-44c0-981e-9cc33dd7af32/_temporary/0/_temporary/attempt_202608121724482001417334880228141_0012_m_000000_11/dt=2026-08-12/hour=06]: it still exists.
[2026-08-12T17:24:55.336+0000] {spark_submit.py:634} INFO - 26/08/12 17:24:55 WARN FileUtil: Failed to delete file or dir [/opt/spark/data/processed/.spark-staging-756a1821-d53e-44c0-981e-9cc33dd7af32/_temporary/0/_temporary/attempt_202608121724482001417334880228141_0012_m_000000_11/dt=2026-08-12/hour=08]: it still exists.
[2026-08-12T17:24:55.372+0000] {spark_submit.py:634} INFO - 26/08/12 17:24:55 WARN FileUtil: Failed to delete file or dir [/opt/spark/data/processed/.spark-staging-756a1821-d53e-44c0-981e-9cc33dd7af32/_temporary/0/_temporary/attempt_202608121724482001417334880228141_0012_m_000000_11/dt=2026-08-12/hour=09]: it still exists.
[2026-08-12T17:24:55.412+0000] {spark_submit.py:634} INFO - Traceback (most recent call last):
[2026-08-12T17:24:55.413+0000] {spark_submit.py:634} INFO - File "/opt/spark/jobs/clean_events.py", line 130, in <module>
[2026-08-12T17:24:55.416+0000] {spark_submit.py:634} INFO - main()
[2026-08-12T17:24:55.417+0000] {spark_submit.py:634} INFO - File "/opt/spark/jobs/clean_events.py", line 122, in main
[2026-08-12T17:24:55.419+0000] {spark_submit.py:634} INFO - .parquet(args.output_path)
[2026-08-12T17:24:55.421+0000] {spark_submit.py:634} INFO - ^^^^^^^^^^^^^^^^^^^^^^^^^
[2026-08-12T17:24:55.422+0000] {spark_submit.py:634} INFO - File "/home/***/spark/python/lib/pyspark.zip/pyspark/sql/readwriter.py", line 1721, in parquet
[2026-08-12T17:24:55.423+0000] {spark_submit.py:634} INFO - File "/home/***/spark/python/lib/py4j-0.10.9.7-src.zip/py4j/java_gateway.py", line 1322, in __call__
[2026-08-12T17:24:55.425+0000] {spark_submit.py:634} INFO - File "/home/***/spark/python/lib/pyspark.zip/pyspark/errors/exceptions/captured.py", line 179, in deco
[2026-08-12T17:24:55.426+0000] {spark_submit.py:634} INFO - File "/home/***/spark/python/lib/py4j-0.10.9.7-src.zip/py4j/protocol.py", line 326, in get_return_value
[2026-08-12T17:24:55.427+0000] {spark_submit.py:634} INFO - py4j.protocol.Py4JJavaError: An error occurred while calling o80.parquet.
[2026-08-12T17:24:55.429+0000] {spark_submit.py:634} INFO - : java.io.FileNotFoundException: /opt/spark/data/processed/.spark-staging-756a1821-d53e-44c0-981e-9cc33dd7af32/_SUCCESS (Permission denied)
[2026-08-12T17:24:55.430+0000] {spark_submit.py:634} INFO - at java.base/java.io.FileOutputStream.open0(Native Method)
[2026-08-12T17:24:55.431+0000] {spark_submit.py:634} INFO - at java.base/java.io.FileOutputStream.open(FileOutputStream.java:293)
[2026-08-12T17:24:55.432+0000] {spark_submit.py:634} INFO - at java.base/java.io.FileOutputStream.<init>(FileOutputStream.java:235)
[2026-08-12T17:24:55.433+0000] {spark_submit.py:634} INFO - at org.apache.hadoop.fs.RawLocalFileSystem$LocalFSFileOutputStream.<init>(RawLocalFileSystem.java:321)
[2026-08-12T17:24:55.434+0000] {spark_submit.py:634} INFO - at org.apache.hadoop.fs.RawLocalFileSystem$LocalFSFileOutputStream.<init>(RawLocalFileSystem.java:294)
[2026-08-12T17:24:55.435+0000] {spark_submit.py:634} INFO - at org.apache.hadoop.fs.RawLocalFileSystem.createOutputStreamWithMode(RawLocalFileSystem.java:439)
[2026-08-12T17:24:55.436+0000] {spark_submit.py:634} INFO - at org.apache.hadoop.fs.RawLocalFileSystem.create(RawLocalFileSystem.java:428)
[2026-08-12T17:24:55.438+0000] {spark_submit.py:634} INFO - at org.apache.hadoop.fs.RawLocalFileSystem.create(RawLocalFileSystem.java:459)
[2026-08-12T17:24:55.439+0000] {spark_submit.py:634} INFO - at org.apache.hadoop.fs.ChecksumFileSystem$ChecksumFSOutputSummer.<init>(ChecksumFileSystem.java:433)
[2026-08-12T17:24:55.440+0000] {spark_submit.py:634} INFO - at org.apache.hadoop.fs.ChecksumFileSystem.create(ChecksumFileSystem.java:521)
[2026-08-12T17:24:55.441+0000] {spark_submit.py:634} INFO - at org.apache.hadoop.fs.ChecksumFileSystem.create(ChecksumFileSystem.java:500)
[2026-08-12T17:24:55.442+0000] {spark_submit.py:634} INFO - at org.apache.hadoop.fs.FileSystem.create(FileSystem.java:1195)
[2026-08-12T17:24:55.443+0000] {spark_submit.py:634} INFO - at org.apache.hadoop.fs.FileSystem.create(FileSystem.java:1175)
[2026-08-12T17:24:55.444+0000] {spark_submit.py:634} INFO - at org.apache.hadoop.fs.FileSystem.create(FileSystem.java:1064)
[2026-08-12T17:24:55.445+0000] {spark_submit.py:634} INFO - at org.apache.hadoop.mapreduce.lib.output.FileOutputCommitter.commitJobInternal(FileOutputCommitter.java:438)
[2026-08-12T17:24:55.446+0000] {spark_submit.py:634} INFO - at org.apache.hadoop.mapreduce.lib.output.FileOutputCommitter.commitJob(FileOutputCommitter.java:377)
[2026-08-12T17:24:55.447+0000] {spark_submit.py:634} INFO - at org.apache.parquet.hadoop.ParquetOutputCommitter.commitJob(ParquetOutputCommitter.java:48)
[2026-08-12T17:24:55.448+0000] {spark_submit.py:634} INFO - at org.apache.spark.internal.io.HadoopMapReduceCommitProtocol.commitJob(HadoopMapReduceCommitProtocol.scala:192)
[2026-08-12T17:24:55.449+0000] {spark_submit.py:634} INFO - at org.apache.spark.sql.execution.datasources.FileFormatWriter$.$anonfun$writeAndCommit$3(FileFormatWriter.scala:275)
[2026-08-12T17:24:55.450+0000] {spark_submit.py:634} INFO - at scala.runtime.java8.JFunction0$mcV$sp.apply(JFunction0$mcV$sp.java:23)
[2026-08-12T17:24:55.451+0000] {spark_submit.py:634} INFO - at org.apache.spark.util.Utils$.timeTakenMs(Utils.scala:552)
[2026-08-12T17:24:55.452+0000] {spark_submit.py:634} INFO - at org.apache.spark.sql.execution.datasources.FileFormatWriter$.writeAndCommit(FileFormatWriter.scala:275)
[2026-08-12T17:24:55.453+0000] {spark_submit.py:634} INFO - at org.apache.spark.sql.execution.datasources.FileFormatWriter$.executeWrite(FileFormatWriter.scala:304)
[2026-08-12T17:24:55.454+0000] {spark_submit.py:634} INFO - at org.apache.spark.sql.execution.datasources.FileFormatWriter$.write(FileFormatWriter.scala:190)
[2026-08-12T17:24:55.455+0000] {spark_submit.py:634} INFO - at org.apache.spark.sql.execution.datasources.InsertIntoHadoopFsRelationCommand.run(InsertIntoHadoopFsRelationCommand.scala:190)
[2026-08-12T17:24:55.456+0000] {spark_submit.py:634} INFO - at org.apache.spark.sql.execution.command.DataWritingCommandExec.sideEffectResult$lzycompute(commands.scala:113)
[2026-08-12T17:24:55.457+0000] {spark_submit.py:634} INFO - at org.apache.spark.sql.execution.command.DataWritingCommandExec.sideEffectResult(commands.scala:111)
[2026-08-12T17:24:55.458+0000] {spark_submit.py:634} INFO - at org.apache.spark.sql.execution.command.DataWritingCommandExec.executeCollect(commands.scala:125)
[2026-08-12T17:24:55.459+0000] {spark_submit.py:634} INFO - at org.apache.spark.sql.execution.adaptive.AdaptiveSparkPlanExec.$anonfun$executeCollect$1(AdaptiveSparkPlanExec.scala:390)
[2026-08-12T17:24:55.460+0000] {spark_submit.py:634} INFO - at org.apache.spark.sql.execution.adaptive.AdaptiveSparkPlanExec.withFinalPlanUpdate(AdaptiveSparkPlanExec.scala:418)
[2026-08-12T17:24:55.462+0000] {spark_submit.py:634} INFO - at org.apache.spark.sql.execution.adaptive.AdaptiveSparkPlanExec.executeCollect(AdaptiveSparkPlanExec.scala:390)
[2026-08-12T17:24:55.463+0000] {spark_submit.py:634} INFO - at org.apache.spark.sql.execution.QueryExecution$$anonfun$eagerlyExecuteCommands$1.$anonfun$applyOrElse$1(QueryExecution.scala:107)
[2026-08-12T17:24:55.464+0000] {spark_submit.py:634} INFO - at org.apache.spark.sql.execution.SQLExecution$.$anonfun$withNewExecutionId$6(SQLExecution.scala:125)
[2026-08-12T17:24:55.465+0000] {spark_submit.py:634} INFO - at org.apache.spark.sql.execution.SQLExecution$.withSQLConfPropagated(SQLExecution.scala:201)
[2026-08-12T17:24:55.466+0000] {spark_submit.py:634} INFO - at org.apache.spark.sql.execution.SQLExecution$.$anonfun$withNewExecutionId$1(SQLExecution.scala:108)
[2026-08-12T17:24:55.467+0000] {spark_submit.py:634} INFO - at org.apache.spark.sql.SparkSession.withActive(SparkSession.scala:900)
[2026-08-12T17:24:55.468+0000] {spark_submit.py:634} INFO - at org.apache.spark.sql.execution.SQLExecution$.withNewExecutionId(SQLExecution.scala:66)
[2026-08-12T17:24:55.469+0000] {spark_submit.py:634} INFO - at org.apache.spark.sql.execution.QueryExecution$$anonfun$eagerlyExecuteCommands$1.applyOrElse(QueryExecution.scala:107)
[2026-08-12T17:24:55.470+0000] {spark_submit.py:634} INFO - at org.apache.spark.sql.execution.QueryExecution$$anonfun$eagerlyExecuteCommands$1.applyOrElse(QueryExecution.scala:98)
[2026-08-12T17:24:55.472+0000] {spark_submit.py:634} INFO - at org.apache.spark.sql.catalyst.trees.TreeNode.$anonfun$transformDownWithPruning$1(TreeNode.scala:461)
[2026-08-12T17:24:55.473+0000] {spark_submit.py:634} INFO - at org.apache.spark.sql.catalyst.trees.CurrentOrigin$.withOrigin(origin.scala:76)
[2026-08-12T17:24:55.474+0000] {spark_submit.py:634} INFO - at org.apache.spark.sql.catalyst.trees.TreeNode.transformDownWithPruning(TreeNode.scala:461)
[2026-08-12T17:24:55.475+0000] {spark_submit.py:634} INFO - at org.apache.spark.sql.catalyst.plans.logical.LogicalPlan.org$apache$spark$sql$catalyst$plans$logical$AnalysisHelper$$super$transformDownWithPruning(LogicalPlan.scala:32)
[2026-08-12T17:24:55.475+0000] {spark_submit.py:634} INFO - at org.apache.spark.sql.catalyst.plans.logical.AnalysisHelper.transformDownWithPruning(AnalysisHelper.scala:267)
[2026-08-12T17:24:55.476+0000] {spark_submit.py:634} INFO - at org.apache.spark.sql.catalyst.plans.logical.AnalysisHelper.transformDownWithPruning$(AnalysisHelper.scala:263)
[2026-08-12T17:24:55.478+0000] {spark_submit.py:634} INFO - at org.apache.spark.sql.catalyst.plans.logical.LogicalPlan.transformDownWithPruning(LogicalPlan.scala:32)
[2026-08-12T17:24:55.479+0000] {spark_submit.py:634} INFO - at org.apache.spark.sql.catalyst.plans.logical.LogicalPlan.transformDownWithPruning(LogicalPlan.scala:32)
[2026-08-12T17:24:55.480+0000] {spark_submit.py:634} INFO - at org.apache.spark.sql.catalyst.trees.TreeNode.transformDown(TreeNode.scala:437)
[2026-08-12T17:24:55.481+0000] {spark_submit.py:634} INFO - at org.apache.spark.sql.execution.QueryExecution.eagerlyExecuteCommands(QueryExecution.scala:98)
[2026-08-12T17:24:55.482+0000] {spark_submit.py:634} INFO - at org.apache.spark.sql.execution.QueryExecution.commandExecuted$lzycompute(QueryExecution.scala:85)
[2026-08-12T17:24:55.483+0000] {spark_submit.py:634} INFO - at org.apache.spark.sql.execution.QueryExecution.commandExecuted(QueryExecution.scala:83)
[2026-08-12T17:24:55.484+0000] {spark_submit.py:634} INFO - at org.apache.spark.sql.execution.QueryExecution.assertCommandExecuted(QueryExecution.scala:142)
[2026-08-12T17:24:55.485+0000] {spark_submit.py:634} INFO - at org.apache.spark.sql.DataFrameWriter.runCommand(DataFrameWriter.scala:859)
[2026-08-12T17:24:55.486+0000] {spark_submit.py:634} INFO - at org.apache.spark.sql.DataFrameWriter.saveToV1Source(DataFrameWriter.scala:388)
[2026-08-12T17:24:55.487+0000] {spark_submit.py:634} INFO - at org.apache.spark.sql.DataFrameWriter.saveInternal(DataFrameWriter.scala:361)
[2026-08-12T17:24:55.489+0000] {spark_submit.py:634} INFO - at org.apache.spark.sql.DataFrameWriter.save(DataFrameWriter.scala:240)
[2026-08-12T17:24:55.490+0000] {spark_submit.py:634} INFO - at org.apache.spark.sql.DataFrameWriter.parquet(DataFrameWriter.scala:792)
[2026-08-12T17:24:55.491+0000] {spark_submit.py:634} INFO - at java.base/jdk.internal.reflect.NativeMethodAccessorImpl.invoke0(Native Method)
[2026-08-12T17:24:55.492+0000] {spark_submit.py:634} INFO - at java.base/jdk.internal.reflect.NativeMethodAccessorImpl.invoke(NativeMethodAccessorImpl.java:77)
[2026-08-12T17:24:55.493+0000] {spark_submit.py:634} INFO - at java.base/jdk.internal.reflect.DelegatingMethodAccessorImpl.invoke(DelegatingMethodAccessorImpl.java:43)
[2026-08-12T17:24:55.494+0000] {spark_submit.py:634} INFO - at java.base/java.lang.reflect.Method.invoke(Method.java:569)
[2026-08-12T17:24:55.495+0000] {spark_submit.py:634} INFO - at py4j.reflection.MethodInvoker.invoke(MethodInvoker.java:244)
[2026-08-12T17:24:55.498+0000] {spark_submit.py:634} INFO - at py4j.reflection.ReflectionEngine.invoke(ReflectionEngine.java:374)
[2026-08-12T17:24:55.499+0000] {spark_submit.py:634} INFO - at py4j.Gateway.invoke(Gateway.java:282)
[2026-08-12T17:24:55.500+0000] {spark_submit.py:634} INFO - at py4j.commands.AbstractCommand.invokeMethod(AbstractCommand.java:132)
[2026-08-12T17:24:55.501+0000] {spark_submit.py:634} INFO - at py4j.commands.CallCommand.execute(CallCommand.java:79)
[2026-08-12T17:24:55.502+0000] {spark_submit.py:634} INFO - at py4j.ClientServerConnection.waitForCommands(ClientServerConnection.java:182)
[2026-08-12T17:24:55.504+0000] {spark_submit.py:634} INFO - at py4j.ClientServerConnection.run(ClientServerConnection.java:106)
[2026-08-12T17:24:55.505+0000] {spark_submit.py:634} INFO - at java.base/java.lang.Thread.run(Thread.java:840)
[2026-08-12T17:24:55.506+0000] {spark_submit.py:634} INFO - 
[2026-08-12T17:24:55.751+0000] {taskinstance.py:441} INFO - ::group::Post task execution logs
[2026-08-12T17:24:55.766+0000] {taskinstance.py:2905} ERROR - Task failed with exception
Traceback (most recent call last):
  File "/home/airflow/.local/lib/python3.12/site-packages/airflow/models/taskinstance.py", line 465, in _execute_task
    result = _execute_callable(context=context, **execute_callable_kwargs)
             ^^^^^^^^^^^^^^^^^^^^^^^^^^^^^^^^^^^^^^^^^^^^^^^^^^^^^^^^^^^^^
  File "/home/airflow/.local/lib/python3.12/site-packages/airflow/models/taskinstance.py", line 432, in _execute_callable
    return execute_callable(context=context, **execute_callable_kwargs)
           ^^^^^^^^^^^^^^^^^^^^^^^^^^^^^^^^^^^^^^^^^^^^^^^^^^^^^^^^^^^^
  File "/home/airflow/.local/lib/python3.12/site-packages/airflow/models/baseoperator.py", line 401, in wrapper
    return func(self, *args, **kwargs)
           ^^^^^^^^^^^^^^^^^^^^^^^^^^^
  File "/home/airflow/.local/lib/python3.12/site-packages/airflow/providers/apache/spark/operators/spark_submit.py", line 176, in execute
    self._hook.submit(self.application)
  File "/home/airflow/.local/lib/python3.12/site-packages/airflow/providers/apache/spark/hooks/spark_submit.py", line 560, in submit
    raise AirflowException(
airflow.exceptions.AirflowException: Cannot execute: spark-submit --master spark://spark-master:7077 --conf spark.sql.sources.partitionOverwriteMode=dynamic --conf spark.hadoop.mapreduce.fileoutputcommitter.algorithm.version=2 --name arrow-spark --verbose /opt/spark/jobs/clean_events.py --input-path /opt/spark/data/raw --output-path /opt/spark/data/processed. Error code is: 1.
[2026-08-12T17:24:55.776+0000] {taskinstance.py:1206} INFO - Marking task as FAILED. dag_id=clickstream_clean_events, task_id=clean_events, run_id=manual__2026-08-12T17:24:05.484966+00:00, execution_date=20260812T172405, start_date=20260812T172406, end_date=20260812T172455
[2026-08-12T17:24:55.800+0000] {standard_task_runner.py:110} ERROR - Failed to execute job 14 for task clean_events (Cannot execute: spark-submit --master spark://spark-master:7077 --conf spark.sql.sources.partitionOverwriteMode=dynamic --conf spark.hadoop.mapreduce.fileoutputcommitter.algorithm.version=2 --name arrow-spark --verbose /opt/spark/jobs/clean_events.py --input-path /opt/spark/data/raw --output-path /opt/spark/data/processed. Error code is: 1.; 1308)
[2026-08-12T17:24:55.844+0000] {local_task_job_runner.py:243} INFO - Task exited with return code 1
[2026-08-12T17:24:55.870+0000] {taskinstance.py:3503} INFO - 0 downstream tasks scheduled from follow-on schedule check
[2026-08-12T17:24:55.876+0000] {local_task_job_runner.py:222} INFO - ::endgroup::
