[2026-08-21T07:32:56.084+0000] {local_task_job_runner.py:120} INFO - ::group::Pre task execution logs
[2026-08-21T07:32:56.137+0000] {taskinstance.py:2076} INFO - Dependencies all met for dep_context=non-requeueable deps ti=<TaskInstance: clickstream_pipeline.clean_events scheduled__2026-08-20T00:00:00+00:00 [queued]>
[2026-08-21T07:32:56.151+0000] {taskinstance.py:2076} INFO - Dependencies all met for dep_context=requeueable deps ti=<TaskInstance: clickstream_pipeline.clean_events scheduled__2026-08-20T00:00:00+00:00 [queued]>
[2026-08-21T07:32:56.153+0000] {taskinstance.py:2306} INFO - Starting attempt 1 of 1
[2026-08-21T07:32:56.175+0000] {taskinstance.py:2330} INFO - Executing <Task(SparkSubmitOperator): clean_events> on 2026-08-20 00:00:00+00:00
[2026-08-21T07:32:56.186+0000] {logging_mixin.py:188} WARNING - /home/***/.local/lib/python3.12/site-packages/***/task/task_runner/standard_task_runner.py:62 DeprecationWarning: This process (pid=171) is multi-threaded, use of fork() may lead to deadlocks in the child.
[2026-08-21T07:32:56.185+0000] {standard_task_runner.py:90} INFO - Running: ['***', 'tasks', 'run', 'clickstream_pipeline', 'clean_events', 'scheduled__2026-08-20T00:00:00+00:00', '--job-id', '38', '--raw', '--subdir', 'DAGS_FOLDER/clickstream_pipeline_dag.py', '--cfg-path', '/tmp/tmp3eyggo6s']
[2026-08-21T07:32:56.189+0000] {standard_task_runner.py:64} INFO - Started process 182 to run task
[2026-08-21T07:32:56.190+0000] {standard_task_runner.py:91} INFO - Job 38: Subtask clean_events
[2026-08-21T07:32:56.299+0000] {task_command.py:426} INFO - Running <TaskInstance: clickstream_pipeline.clean_events scheduled__2026-08-20T00:00:00+00:00 [running]> on host fddce5c4ea74
[2026-08-21T07:32:56.462+0000] {taskinstance.py:2648} INFO - Exporting env vars: AIRFLOW_CTX_DAG_OWNER='***' AIRFLOW_CTX_DAG_ID='clickstream_pipeline' AIRFLOW_CTX_TASK_ID='clean_events' AIRFLOW_CTX_EXECUTION_DATE='2026-08-20T00:00:00+00:00' AIRFLOW_CTX_TRY_NUMBER='1' AIRFLOW_CTX_DAG_RUN_ID='scheduled__2026-08-20T00:00:00+00:00'
[2026-08-21T07:32:56.465+0000] {taskinstance.py:430} INFO - ::endgroup::
[2026-08-21T07:32:56.497+0000] {base.py:84} INFO - Using connection ID 'spark_default' for task execution.
[2026-08-21T07:32:56.499+0000] {spark_submit.py:473} INFO - Spark-Submit cmd: spark-submit --master spark://spark-master:7077 --conf spark.sql.sources.partitionOverwriteMode=dynamic --conf spark.hadoop.mapreduce.fileoutputcommitter.algorithm.version=2 --name arrow-spark --verbose /opt/spark/jobs/clean_events.py --input-path /opt/spark/data/raw --output-path /opt/spark/data/processed
[2026-08-21T07:32:59.197+0000] {spark_submit.py:634} INFO - Using properties file: null
[2026-08-21T07:32:59.425+0000] {spark_submit.py:634} INFO - Parsed arguments:
[2026-08-21T07:32:59.427+0000] {spark_submit.py:634} INFO - master                  spark://spark-master:7077
[2026-08-21T07:32:59.428+0000] {spark_submit.py:634} INFO - remote                  null
[2026-08-21T07:32:59.429+0000] {spark_submit.py:634} INFO - deployMode              null
[2026-08-21T07:32:59.431+0000] {spark_submit.py:634} INFO - executorMemory          null
[2026-08-21T07:32:59.433+0000] {spark_submit.py:634} INFO - executorCores           null
[2026-08-21T07:32:59.434+0000] {spark_submit.py:634} INFO - totalExecutorCores      null
[2026-08-21T07:32:59.435+0000] {spark_submit.py:634} INFO - propertiesFile          null
[2026-08-21T07:32:59.437+0000] {spark_submit.py:634} INFO - driverMemory            null
[2026-08-21T07:32:59.440+0000] {spark_submit.py:634} INFO - driverCores             null
[2026-08-21T07:32:59.441+0000] {spark_submit.py:634} INFO - driverExtraClassPath    null
[2026-08-21T07:32:59.442+0000] {spark_submit.py:634} INFO - driverExtraLibraryPath  null
[2026-08-21T07:32:59.445+0000] {spark_submit.py:634} INFO - driverExtraJavaOptions  null
[2026-08-21T07:32:59.446+0000] {spark_submit.py:634} INFO - supervise               false
[2026-08-21T07:32:59.448+0000] {spark_submit.py:634} INFO - queue                   null
[2026-08-21T07:32:59.449+0000] {spark_submit.py:634} INFO - numExecutors            null
[2026-08-21T07:32:59.450+0000] {spark_submit.py:634} INFO - files                   null
[2026-08-21T07:32:59.452+0000] {spark_submit.py:634} INFO - pyFiles                 null
[2026-08-21T07:32:59.454+0000] {spark_submit.py:634} INFO - archives                null
[2026-08-21T07:32:59.455+0000] {spark_submit.py:634} INFO - mainClass               null
[2026-08-21T07:32:59.456+0000] {spark_submit.py:634} INFO - primaryResource         file:/opt/spark/jobs/clean_events.py
[2026-08-21T07:32:59.459+0000] {spark_submit.py:634} INFO - name                    arrow-spark
[2026-08-21T07:32:59.460+0000] {spark_submit.py:634} INFO - childArgs               [--input-path /opt/spark/data/raw --output-path /opt/spark/data/processed]
[2026-08-21T07:32:59.462+0000] {spark_submit.py:634} INFO - jars                    null
[2026-08-21T07:32:59.463+0000] {spark_submit.py:634} INFO - packages                null
[2026-08-21T07:32:59.466+0000] {spark_submit.py:634} INFO - packagesExclusions      null
[2026-08-21T07:32:59.467+0000] {spark_submit.py:634} INFO - repositories            null
[2026-08-21T07:32:59.468+0000] {spark_submit.py:634} INFO - verbose                 true
[2026-08-21T07:32:59.470+0000] {spark_submit.py:634} INFO - 
[2026-08-21T07:32:59.473+0000] {spark_submit.py:634} INFO - Spark properties used, including those specified through
[2026-08-21T07:32:59.474+0000] {spark_submit.py:634} INFO - --conf and those from the properties file null:
[2026-08-21T07:32:59.475+0000] {spark_submit.py:634} INFO - (spark.hadoop.mapreduce.fileoutputcommitter.algorithm.version,2)
[2026-08-21T07:32:59.476+0000] {spark_submit.py:634} INFO - (spark.sql.sources.partitionOverwriteMode,dynamic)
[2026-08-21T07:32:59.478+0000] {spark_submit.py:634} INFO - 
[2026-08-21T07:32:59.480+0000] {spark_submit.py:634} INFO - 
[2026-08-21T07:32:59.894+0000] {spark_submit.py:634} INFO - Main class:
[2026-08-21T07:32:59.896+0000] {spark_submit.py:634} INFO - org.apache.spark.deploy.PythonRunner
[2026-08-21T07:32:59.897+0000] {spark_submit.py:634} INFO - Arguments:
[2026-08-21T07:32:59.899+0000] {spark_submit.py:634} INFO - file:/opt/spark/jobs/clean_events.py
[2026-08-21T07:32:59.902+0000] {spark_submit.py:634} INFO - null
[2026-08-21T07:32:59.903+0000] {spark_submit.py:634} INFO - --input-path
[2026-08-21T07:32:59.905+0000] {spark_submit.py:634} INFO - /opt/spark/data/raw
[2026-08-21T07:32:59.906+0000] {spark_submit.py:634} INFO - --output-path
[2026-08-21T07:32:59.908+0000] {spark_submit.py:634} INFO - /opt/spark/data/processed
[2026-08-21T07:32:59.910+0000] {spark_submit.py:634} INFO - Spark config:
[2026-08-21T07:32:59.912+0000] {spark_submit.py:634} INFO - (spark.app.name,arrow-spark)
[2026-08-21T07:32:59.914+0000] {spark_submit.py:634} INFO - (spark.app.submitTime,1787297579865)
[2026-08-21T07:32:59.915+0000] {spark_submit.py:634} INFO - (spark.hadoop.mapreduce.fileoutputcommitter.algorithm.version,2)
[2026-08-21T07:32:59.917+0000] {spark_submit.py:634} INFO - (spark.master,spark://spark-master:7077)
[2026-08-21T07:32:59.918+0000] {spark_submit.py:634} INFO - (spark.sql.sources.partitionOverwriteMode,dynamic)
[2026-08-21T07:32:59.921+0000] {spark_submit.py:634} INFO - (spark.submit.deployMode,client)
[2026-08-21T07:32:59.922+0000] {spark_submit.py:634} INFO - (spark.submit.pyFiles,)
[2026-08-21T07:32:59.924+0000] {spark_submit.py:634} INFO - Classpath elements:
[2026-08-21T07:32:59.928+0000] {spark_submit.py:634} INFO - 
[2026-08-21T07:32:59.930+0000] {spark_submit.py:634} INFO - 
[2026-08-21T07:32:59.931+0000] {spark_submit.py:634} INFO - 
[2026-08-21T07:33:01.875+0000] {spark_submit.py:634} INFO - 26/08/21 07:33:01 INFO SparkContext: Running Spark version 3.5.1
[2026-08-21T07:33:01.878+0000] {spark_submit.py:634} INFO - 26/08/21 07:33:01 INFO SparkContext: OS info Linux, 6.18.33.2-microsoft-standard-WSL2, amd64
[2026-08-21T07:33:01.880+0000] {spark_submit.py:634} INFO - 26/08/21 07:33:01 INFO SparkContext: Java version 17.0.20
[2026-08-21T07:33:02.017+0000] {spark_submit.py:634} INFO - 26/08/21 07:33:02 WARN NativeCodeLoader: Unable to load native-hadoop library for your platform... using builtin-java classes where applicable
[2026-08-21T07:33:02.255+0000] {spark_submit.py:634} INFO - 26/08/21 07:33:02 INFO ResourceUtils: ==============================================================
[2026-08-21T07:33:02.257+0000] {spark_submit.py:634} INFO - 26/08/21 07:33:02 INFO ResourceUtils: No custom resources configured for spark.driver.
[2026-08-21T07:33:02.258+0000] {spark_submit.py:634} INFO - 26/08/21 07:33:02 INFO ResourceUtils: ==============================================================
[2026-08-21T07:33:02.260+0000] {spark_submit.py:634} INFO - 26/08/21 07:33:02 INFO SparkContext: Submitted application: clean_events
[2026-08-21T07:33:02.311+0000] {spark_submit.py:634} INFO - 26/08/21 07:33:02 INFO ResourceProfile: Default ResourceProfile created, executor resources: Map(memory -> name: memory, amount: 1024, script: , vendor: , offHeap -> name: offHeap, amount: 0, script: , vendor: ), task resources: Map(cpus -> name: cpus, amount: 1.0)
[2026-08-21T07:33:02.326+0000] {spark_submit.py:634} INFO - 26/08/21 07:33:02 INFO ResourceProfile: Limiting resource is cpu
[2026-08-21T07:33:02.328+0000] {spark_submit.py:634} INFO - 26/08/21 07:33:02 INFO ResourceProfileManager: Added ResourceProfile id: 0
[2026-08-21T07:33:02.498+0000] {spark_submit.py:634} INFO - 26/08/21 07:33:02 INFO SecurityManager: Changing view acls to: root
[2026-08-21T07:33:02.500+0000] {spark_submit.py:634} INFO - 26/08/21 07:33:02 INFO SecurityManager: Changing modify acls to: root
[2026-08-21T07:33:02.502+0000] {spark_submit.py:634} INFO - 26/08/21 07:33:02 INFO SecurityManager: Changing view acls groups to:
[2026-08-21T07:33:02.503+0000] {spark_submit.py:634} INFO - 26/08/21 07:33:02 INFO SecurityManager: Changing modify acls groups to:
[2026-08-21T07:33:02.505+0000] {spark_submit.py:634} INFO - 26/08/21 07:33:02 INFO SecurityManager: SecurityManager: authentication disabled; ui acls disabled; users with view permissions: root; groups with view permissions: EMPTY; users with modify permissions: root; groups with modify permissions: EMPTY
[2026-08-21T07:33:03.237+0000] {spark_submit.py:634} INFO - 26/08/21 07:33:03 INFO Utils: Successfully started service 'sparkDriver' on port 46153.
[2026-08-21T07:33:03.422+0000] {spark_submit.py:634} INFO - 26/08/21 07:33:03 INFO SparkEnv: Registering MapOutputTracker
[2026-08-21T07:33:03.502+0000] {spark_submit.py:634} INFO - 26/08/21 07:33:03 INFO SparkEnv: Registering BlockManagerMaster
[2026-08-21T07:33:03.538+0000] {spark_submit.py:634} INFO - 26/08/21 07:33:03 INFO BlockManagerMasterEndpoint: Using org.apache.spark.storage.DefaultTopologyMapper for getting topology information
[2026-08-21T07:33:03.540+0000] {spark_submit.py:634} INFO - 26/08/21 07:33:03 INFO BlockManagerMasterEndpoint: BlockManagerMasterEndpoint up
[2026-08-21T07:33:03.546+0000] {spark_submit.py:634} INFO - 26/08/21 07:33:03 INFO SparkEnv: Registering BlockManagerMasterHeartbeat
[2026-08-21T07:33:03.591+0000] {spark_submit.py:634} INFO - 26/08/21 07:33:03 INFO DiskBlockManager: Created local directory at /tmp/blockmgr-dc687a4e-d7d7-4d6e-8340-57d59c679057
[2026-08-21T07:33:03.625+0000] {spark_submit.py:634} INFO - 26/08/21 07:33:03 INFO MemoryStore: MemoryStore started with capacity 434.4 MiB
[2026-08-21T07:33:03.668+0000] {spark_submit.py:634} INFO - 26/08/21 07:33:03 INFO SparkEnv: Registering OutputCommitCoordinator
[2026-08-21T07:33:03.939+0000] {spark_submit.py:634} INFO - 26/08/21 07:33:03 INFO JettyUtils: Start Jetty 0.0.0.0:4040 for SparkUI
[2026-08-21T07:33:04.066+0000] {spark_submit.py:634} INFO - 26/08/21 07:33:04 INFO Utils: Successfully started service 'SparkUI' on port 4040.
[2026-08-21T07:33:04.257+0000] {spark_submit.py:634} INFO - 26/08/21 07:33:04 INFO StandaloneAppClient$ClientEndpoint: Connecting to master spark://spark-master:7077...
[2026-08-21T07:33:04.359+0000] {spark_submit.py:634} INFO - 26/08/21 07:33:04 INFO TransportClientFactory: Successfully created connection to spark-master/172.18.0.4:7077 after 54 ms (0 ms spent in bootstraps)
[2026-08-21T07:33:04.772+0000] {spark_submit.py:634} INFO - 26/08/21 07:33:04 INFO StandaloneSchedulerBackend: Connected to Spark cluster with app ID app-20260821073304-0000
[2026-08-21T07:33:04.824+0000] {spark_submit.py:634} INFO - 26/08/21 07:33:04 INFO Utils: Successfully started service 'org.apache.spark.network.netty.NettyBlockTransferService' on port 40329.
[2026-08-21T07:33:04.826+0000] {spark_submit.py:634} INFO - 26/08/21 07:33:04 INFO NettyBlockTransferService: Server created on fddce5c4ea74:40329
[2026-08-21T07:33:04.831+0000] {spark_submit.py:634} INFO - 26/08/21 07:33:04 INFO BlockManager: Using org.apache.spark.storage.RandomBlockReplicationPolicy for block replication policy
[2026-08-21T07:33:04.846+0000] {spark_submit.py:634} INFO - 26/08/21 07:33:04 INFO BlockManagerMaster: Registering BlockManager BlockManagerId(driver, fddce5c4ea74, 40329, None)
[2026-08-21T07:33:04.856+0000] {spark_submit.py:634} INFO - 26/08/21 07:33:04 INFO BlockManagerMasterEndpoint: Registering block manager fddce5c4ea74:40329 with 434.4 MiB RAM, BlockManagerId(driver, fddce5c4ea74, 40329, None)
[2026-08-21T07:33:04.863+0000] {spark_submit.py:634} INFO - 26/08/21 07:33:04 INFO BlockManagerMaster: Registered BlockManager BlockManagerId(driver, fddce5c4ea74, 40329, None)
[2026-08-21T07:33:04.867+0000] {spark_submit.py:634} INFO - 26/08/21 07:33:04 INFO BlockManager: Initialized BlockManager: BlockManagerId(driver, fddce5c4ea74, 40329, None)
[2026-08-21T07:33:04.878+0000] {spark_submit.py:634} INFO - 26/08/21 07:33:04 INFO StandaloneAppClient$ClientEndpoint: Executor added: app-20260821073304-0000/0 on worker-20260821073244-172.18.0.3-35789 (172.18.0.3:35789) with 2 core(s)
[2026-08-21T07:33:04.886+0000] {spark_submit.py:634} INFO - 26/08/21 07:33:04 INFO StandaloneSchedulerBackend: Granted executor ID app-20260821073304-0000/0 on hostPort 172.18.0.3:35789 with 2 core(s), 1024.0 MiB RAM
[2026-08-21T07:33:05.235+0000] {spark_submit.py:634} INFO - 26/08/21 07:33:05 INFO StandaloneAppClient$ClientEndpoint: Executor updated: app-20260821073304-0000/0 is now RUNNING
[2026-08-21T07:33:05.321+0000] {spark_submit.py:634} INFO - 26/08/21 07:33:05 INFO StandaloneSchedulerBackend: SchedulerBackend is ready for scheduling beginning after reached minRegisteredResourcesRatio: 0.0
[2026-08-21T07:33:27.509+0000] {spark_submit.py:634} INFO - [clean_events] Read 16000 raw rows, kept 16000, dropped 0
[2026-08-21T07:33:44.565+0000] {spark_submit.py:634} INFO - [clean_events] Wrote cleaned data to /opt/spark/data/processed
[2026-08-21T07:33:45.030+0000] {taskinstance.py:441} INFO - ::group::Post task execution logs
[2026-08-21T07:33:45.040+0000] {taskinstance.py:1206} INFO - Marking task as SUCCESS. dag_id=clickstream_pipeline, task_id=clean_events, run_id=scheduled__2026-08-20T00:00:00+00:00, execution_date=20260820T000000, start_date=20260821T073256, end_date=20260821T073345
[2026-08-21T07:33:45.077+0000] {local_task_job_runner.py:243} INFO - Task exited with return code 0
[2026-08-21T07:33:45.102+0000] {taskinstance.py:3503} INFO - 1 downstream tasks scheduled from follow-on schedule check
[2026-08-21T07:33:45.105+0000] {local_task_job_runner.py:222} INFO - ::endgroup::
