[2026-08-20T11:43:51.662+0000] {local_task_job_runner.py:120} INFO - ::group::Pre task execution logs
[2026-08-20T11:43:51.693+0000] {taskinstance.py:2076} INFO - Dependencies all met for dep_context=non-requeueable deps ti=<TaskInstance: clickstream_pipeline.clean_events manual__2026-08-20T11:43:51.083230+00:00 [queued]>
[2026-08-20T11:43:51.701+0000] {taskinstance.py:2076} INFO - Dependencies all met for dep_context=requeueable deps ti=<TaskInstance: clickstream_pipeline.clean_events manual__2026-08-20T11:43:51.083230+00:00 [queued]>
[2026-08-20T11:43:51.702+0000] {taskinstance.py:2306} INFO - Starting attempt 1 of 1
[2026-08-20T11:43:51.717+0000] {taskinstance.py:2330} INFO - Executing <Task(SparkSubmitOperator): clean_events> on 2026-08-20 11:43:51.083230+00:00
[2026-08-20T11:43:51.725+0000] {logging_mixin.py:188} WARNING - /home/***/.local/lib/python3.12/site-packages/***/task/task_runner/standard_task_runner.py:62 DeprecationWarning: This process (pid=270) is multi-threaded, use of fork() may lead to deadlocks in the child.
[2026-08-20T11:43:51.724+0000] {standard_task_runner.py:90} INFO - Running: ['***', 'tasks', 'run', 'clickstream_pipeline', 'clean_events', 'manual__2026-08-20T11:43:51.083230+00:00', '--job-id', '22', '--raw', '--subdir', 'DAGS_FOLDER/clickstream_pipeline_dag.py', '--cfg-path', '/tmp/tmp3vtwpkbi']
[2026-08-20T11:43:51.727+0000] {standard_task_runner.py:64} INFO - Started process 271 to run task
[2026-08-20T11:43:51.727+0000] {standard_task_runner.py:91} INFO - Job 22: Subtask clean_events
[2026-08-20T11:43:51.781+0000] {task_command.py:426} INFO - Running <TaskInstance: clickstream_pipeline.clean_events manual__2026-08-20T11:43:51.083230+00:00 [running]> on host b575a8f0d05c
[2026-08-20T11:43:51.862+0000] {taskinstance.py:2648} INFO - Exporting env vars: AIRFLOW_CTX_DAG_OWNER='***' AIRFLOW_CTX_DAG_ID='clickstream_pipeline' AIRFLOW_CTX_TASK_ID='clean_events' AIRFLOW_CTX_EXECUTION_DATE='2026-08-20T11:43:51.083230+00:00' AIRFLOW_CTX_TRY_NUMBER='1' AIRFLOW_CTX_DAG_RUN_ID='manual__2026-08-20T11:43:51.083230+00:00'
[2026-08-20T11:43:51.863+0000] {taskinstance.py:430} INFO - ::endgroup::
[2026-08-20T11:43:51.892+0000] {base.py:84} INFO - Using connection ID 'spark_default' for task execution.
[2026-08-20T11:43:51.893+0000] {spark_submit.py:473} INFO - Spark-Submit cmd: spark-submit --master spark://spark-master:7077 --conf spark.sql.sources.partitionOverwriteMode=dynamic --conf spark.hadoop.mapreduce.fileoutputcommitter.algorithm.version=2 --name arrow-spark --verbose /opt/spark/jobs/clean_events.py --input-path /opt/spark/data/raw --output-path /opt/spark/data/processed
[2026-08-20T11:43:53.005+0000] {spark_submit.py:634} INFO - Using properties file: null
[2026-08-20T11:43:53.094+0000] {spark_submit.py:634} INFO - Parsed arguments:
[2026-08-20T11:43:53.096+0000] {spark_submit.py:634} INFO - master                  spark://spark-master:7077
[2026-08-20T11:43:53.097+0000] {spark_submit.py:634} INFO - remote                  null
[2026-08-20T11:43:53.098+0000] {spark_submit.py:634} INFO - deployMode              null
[2026-08-20T11:43:53.099+0000] {spark_submit.py:634} INFO - executorMemory          null
[2026-08-20T11:43:53.099+0000] {spark_submit.py:634} INFO - executorCores           null
[2026-08-20T11:43:53.100+0000] {spark_submit.py:634} INFO - totalExecutorCores      null
[2026-08-20T11:43:53.101+0000] {spark_submit.py:634} INFO - propertiesFile          null
[2026-08-20T11:43:53.103+0000] {spark_submit.py:634} INFO - driverMemory            null
[2026-08-20T11:43:53.103+0000] {spark_submit.py:634} INFO - driverCores             null
[2026-08-20T11:43:53.104+0000] {spark_submit.py:634} INFO - driverExtraClassPath    null
[2026-08-20T11:43:53.105+0000] {spark_submit.py:634} INFO - driverExtraLibraryPath  null
[2026-08-20T11:43:53.105+0000] {spark_submit.py:634} INFO - driverExtraJavaOptions  null
[2026-08-20T11:43:53.106+0000] {spark_submit.py:634} INFO - supervise               false
[2026-08-20T11:43:53.106+0000] {spark_submit.py:634} INFO - queue                   null
[2026-08-20T11:43:53.107+0000] {spark_submit.py:634} INFO - numExecutors            null
[2026-08-20T11:43:53.109+0000] {spark_submit.py:634} INFO - files                   null
[2026-08-20T11:43:53.110+0000] {spark_submit.py:634} INFO - pyFiles                 null
[2026-08-20T11:43:53.111+0000] {spark_submit.py:634} INFO - archives                null
[2026-08-20T11:43:53.112+0000] {spark_submit.py:634} INFO - mainClass               null
[2026-08-20T11:43:53.112+0000] {spark_submit.py:634} INFO - primaryResource         file:/opt/spark/jobs/clean_events.py
[2026-08-20T11:43:53.113+0000] {spark_submit.py:634} INFO - name                    arrow-spark
[2026-08-20T11:43:53.115+0000] {spark_submit.py:634} INFO - childArgs               [--input-path /opt/spark/data/raw --output-path /opt/spark/data/processed]
[2026-08-20T11:43:53.117+0000] {spark_submit.py:634} INFO - jars                    null
[2026-08-20T11:43:53.118+0000] {spark_submit.py:634} INFO - packages                null
[2026-08-20T11:43:53.118+0000] {spark_submit.py:634} INFO - packagesExclusions      null
[2026-08-20T11:43:53.119+0000] {spark_submit.py:634} INFO - repositories            null
[2026-08-20T11:43:53.120+0000] {spark_submit.py:634} INFO - verbose                 true
[2026-08-20T11:43:53.120+0000] {spark_submit.py:634} INFO - 
[2026-08-20T11:43:53.121+0000] {spark_submit.py:634} INFO - Spark properties used, including those specified through
[2026-08-20T11:43:53.122+0000] {spark_submit.py:634} INFO - --conf and those from the properties file null:
[2026-08-20T11:43:53.122+0000] {spark_submit.py:634} INFO - (spark.hadoop.mapreduce.fileoutputcommitter.algorithm.version,2)
[2026-08-20T11:43:53.123+0000] {spark_submit.py:634} INFO - (spark.sql.sources.partitionOverwriteMode,dynamic)
[2026-08-20T11:43:53.123+0000] {spark_submit.py:634} INFO - 
[2026-08-20T11:43:53.124+0000] {spark_submit.py:634} INFO - 
[2026-08-20T11:43:53.324+0000] {spark_submit.py:634} INFO - Main class:
[2026-08-20T11:43:53.325+0000] {spark_submit.py:634} INFO - org.apache.spark.deploy.PythonRunner
[2026-08-20T11:43:53.326+0000] {spark_submit.py:634} INFO - Arguments:
[2026-08-20T11:43:53.327+0000] {spark_submit.py:634} INFO - file:/opt/spark/jobs/clean_events.py
[2026-08-20T11:43:53.327+0000] {spark_submit.py:634} INFO - null
[2026-08-20T11:43:53.328+0000] {spark_submit.py:634} INFO - --input-path
[2026-08-20T11:43:53.329+0000] {spark_submit.py:634} INFO - /opt/spark/data/raw
[2026-08-20T11:43:53.329+0000] {spark_submit.py:634} INFO - --output-path
[2026-08-20T11:43:53.331+0000] {spark_submit.py:634} INFO - /opt/spark/data/processed
[2026-08-20T11:43:53.331+0000] {spark_submit.py:634} INFO - Spark config:
[2026-08-20T11:43:53.332+0000] {spark_submit.py:634} INFO - (spark.app.name,arrow-spark)
[2026-08-20T11:43:53.332+0000] {spark_submit.py:634} INFO - (spark.app.submitTime,1787226233312)
[2026-08-20T11:43:53.333+0000] {spark_submit.py:634} INFO - (spark.hadoop.mapreduce.fileoutputcommitter.algorithm.version,2)
[2026-08-20T11:43:53.333+0000] {spark_submit.py:634} INFO - (spark.master,spark://spark-master:7077)
[2026-08-20T11:43:53.334+0000] {spark_submit.py:634} INFO - (spark.sql.sources.partitionOverwriteMode,dynamic)
[2026-08-20T11:43:53.335+0000] {spark_submit.py:634} INFO - (spark.submit.deployMode,client)
[2026-08-20T11:43:53.335+0000] {spark_submit.py:634} INFO - (spark.submit.pyFiles,)
[2026-08-20T11:43:53.336+0000] {spark_submit.py:634} INFO - Classpath elements:
[2026-08-20T11:43:53.337+0000] {spark_submit.py:634} INFO - 
[2026-08-20T11:43:53.338+0000] {spark_submit.py:634} INFO - 
[2026-08-20T11:43:53.338+0000] {spark_submit.py:634} INFO - 
[2026-08-20T11:43:54.065+0000] {spark_submit.py:634} INFO - 26/08/20 11:43:54 INFO SparkContext: Running Spark version 3.5.1
[2026-08-20T11:43:54.067+0000] {spark_submit.py:634} INFO - 26/08/20 11:43:54 INFO SparkContext: OS info Linux, 6.18.33.2-microsoft-standard-WSL2, amd64
[2026-08-20T11:43:54.067+0000] {spark_submit.py:634} INFO - 26/08/20 11:43:54 INFO SparkContext: Java version 17.0.20
[2026-08-20T11:43:54.127+0000] {spark_submit.py:634} INFO - 26/08/20 11:43:54 WARN NativeCodeLoader: Unable to load native-hadoop library for your platform... using builtin-java classes where applicable
[2026-08-20T11:43:54.220+0000] {spark_submit.py:634} INFO - 26/08/20 11:43:54 INFO ResourceUtils: ==============================================================
[2026-08-20T11:43:54.221+0000] {spark_submit.py:634} INFO - 26/08/20 11:43:54 INFO ResourceUtils: No custom resources configured for spark.driver.
[2026-08-20T11:43:54.222+0000] {spark_submit.py:634} INFO - 26/08/20 11:43:54 INFO ResourceUtils: ==============================================================
[2026-08-20T11:43:54.222+0000] {spark_submit.py:634} INFO - 26/08/20 11:43:54 INFO SparkContext: Submitted application: clean_events
[2026-08-20T11:43:54.243+0000] {spark_submit.py:634} INFO - 26/08/20 11:43:54 INFO ResourceProfile: Default ResourceProfile created, executor resources: Map(memory -> name: memory, amount: 1024, script: , vendor: , offHeap -> name: offHeap, amount: 0, script: , vendor: ), task resources: Map(cpus -> name: cpus, amount: 1.0)
[2026-08-20T11:43:54.250+0000] {spark_submit.py:634} INFO - 26/08/20 11:43:54 INFO ResourceProfile: Limiting resource is cpu
[2026-08-20T11:43:54.250+0000] {spark_submit.py:634} INFO - 26/08/20 11:43:54 INFO ResourceProfileManager: Added ResourceProfile id: 0
[2026-08-20T11:43:54.313+0000] {spark_submit.py:634} INFO - 26/08/20 11:43:54 INFO SecurityManager: Changing view acls to: root
[2026-08-20T11:43:54.314+0000] {spark_submit.py:634} INFO - 26/08/20 11:43:54 INFO SecurityManager: Changing modify acls to: root
[2026-08-20T11:43:54.315+0000] {spark_submit.py:634} INFO - 26/08/20 11:43:54 INFO SecurityManager: Changing view acls groups to:
[2026-08-20T11:43:54.316+0000] {spark_submit.py:634} INFO - 26/08/20 11:43:54 INFO SecurityManager: Changing modify acls groups to:
[2026-08-20T11:43:54.316+0000] {spark_submit.py:634} INFO - 26/08/20 11:43:54 INFO SecurityManager: SecurityManager: authentication disabled; ui acls disabled; users with view permissions: root; groups with view permissions: EMPTY; users with modify permissions: root; groups with modify permissions: EMPTY
[2026-08-20T11:43:54.550+0000] {spark_submit.py:634} INFO - 26/08/20 11:43:54 INFO Utils: Successfully started service 'sparkDriver' on port 40245.
[2026-08-20T11:43:54.582+0000] {spark_submit.py:634} INFO - 26/08/20 11:43:54 INFO SparkEnv: Registering MapOutputTracker
[2026-08-20T11:43:54.612+0000] {spark_submit.py:634} INFO - 26/08/20 11:43:54 INFO SparkEnv: Registering BlockManagerMaster
[2026-08-20T11:43:54.633+0000] {spark_submit.py:634} INFO - 26/08/20 11:43:54 INFO BlockManagerMasterEndpoint: Using org.apache.spark.storage.DefaultTopologyMapper for getting topology information
[2026-08-20T11:43:54.634+0000] {spark_submit.py:634} INFO - 26/08/20 11:43:54 INFO BlockManagerMasterEndpoint: BlockManagerMasterEndpoint up
[2026-08-20T11:43:54.638+0000] {spark_submit.py:634} INFO - 26/08/20 11:43:54 INFO SparkEnv: Registering BlockManagerMasterHeartbeat
[2026-08-20T11:43:54.659+0000] {spark_submit.py:634} INFO - 26/08/20 11:43:54 INFO DiskBlockManager: Created local directory at /tmp/blockmgr-2cd5ac13-069e-4dfa-a341-26a47a26cb75
[2026-08-20T11:43:54.671+0000] {spark_submit.py:634} INFO - 26/08/20 11:43:54 INFO MemoryStore: MemoryStore started with capacity 434.4 MiB
[2026-08-20T11:43:54.683+0000] {spark_submit.py:634} INFO - 26/08/20 11:43:54 INFO SparkEnv: Registering OutputCommitCoordinator
[2026-08-20T11:43:54.783+0000] {spark_submit.py:634} INFO - 26/08/20 11:43:54 INFO JettyUtils: Start Jetty 0.0.0.0:4040 for SparkUI
[2026-08-20T11:43:54.839+0000] {spark_submit.py:634} INFO - 26/08/20 11:43:54 INFO Utils: Successfully started service 'SparkUI' on port 4040.
[2026-08-20T11:43:54.931+0000] {spark_submit.py:634} INFO - 26/08/20 11:43:54 INFO StandaloneAppClient$ClientEndpoint: Connecting to master spark://spark-master:7077...
[2026-08-20T11:43:54.977+0000] {spark_submit.py:634} INFO - 26/08/20 11:43:54 INFO TransportClientFactory: Successfully created connection to spark-master/172.18.0.2:7077 after 25 ms (0 ms spent in bootstraps)
[2026-08-20T11:43:55.101+0000] {spark_submit.py:634} INFO - 26/08/20 11:43:55 INFO StandaloneSchedulerBackend: Connected to Spark cluster with app ID app-20260820114355-0000
[2026-08-20T11:43:55.115+0000] {spark_submit.py:634} INFO - 26/08/20 11:43:55 INFO Utils: Successfully started service 'org.apache.spark.network.netty.NettyBlockTransferService' on port 46233.
[2026-08-20T11:43:55.120+0000] {spark_submit.py:634} INFO - 26/08/20 11:43:55 INFO NettyBlockTransferService: Server created on b575a8f0d05c:46233
[2026-08-20T11:43:55.122+0000] {spark_submit.py:634} INFO - 26/08/20 11:43:55 INFO BlockManager: Using org.apache.spark.storage.RandomBlockReplicationPolicy for block replication policy
[2026-08-20T11:43:55.123+0000] {spark_submit.py:634} INFO - 26/08/20 11:43:55 INFO BlockManagerMaster: Registering BlockManager BlockManagerId(driver, b575a8f0d05c, 46233, None)
[2026-08-20T11:43:55.127+0000] {spark_submit.py:634} INFO - 26/08/20 11:43:55 INFO BlockManagerMasterEndpoint: Registering block manager b575a8f0d05c:46233 with 434.4 MiB RAM, BlockManagerId(driver, b575a8f0d05c, 46233, None)
[2026-08-20T11:43:55.130+0000] {spark_submit.py:634} INFO - 26/08/20 11:43:55 INFO BlockManagerMaster: Registered BlockManager BlockManagerId(driver, b575a8f0d05c, 46233, None)
[2026-08-20T11:43:55.132+0000] {spark_submit.py:634} INFO - 26/08/20 11:43:55 INFO BlockManager: Initialized BlockManager: BlockManagerId(driver, b575a8f0d05c, 46233, None)
[2026-08-20T11:43:55.135+0000] {spark_submit.py:634} INFO - 26/08/20 11:43:55 INFO StandaloneAppClient$ClientEndpoint: Executor added: app-20260820114355-0000/0 on worker-20260820114153-172.18.0.4-37975 (172.18.0.4:37975) with 2 core(s)
[2026-08-20T11:43:55.136+0000] {spark_submit.py:634} INFO - 26/08/20 11:43:55 INFO StandaloneSchedulerBackend: Granted executor ID app-20260820114355-0000/0 on hostPort 172.18.0.4:37975 with 2 core(s), 1024.0 MiB RAM
[2026-08-20T11:43:55.296+0000] {spark_submit.py:634} INFO - 26/08/20 11:43:55 INFO StandaloneAppClient$ClientEndpoint: Executor updated: app-20260820114355-0000/0 is now RUNNING
[2026-08-20T11:43:55.338+0000] {spark_submit.py:634} INFO - 26/08/20 11:43:55 INFO StandaloneSchedulerBackend: SchedulerBackend is ready for scheduling beginning after reached minRegisteredResourcesRatio: 0.0
[2026-08-20T11:44:06.005+0000] {spark_submit.py:634} INFO - [clean_events] Read 2000 raw rows, kept 2000, dropped 0
[2026-08-20T11:44:10.284+0000] {spark_submit.py:634} INFO - [clean_events] Wrote cleaned data to /opt/spark/data/processed
[2026-08-20T11:44:10.489+0000] {taskinstance.py:441} INFO - ::group::Post task execution logs
[2026-08-20T11:44:10.499+0000] {taskinstance.py:1206} INFO - Marking task as SUCCESS. dag_id=clickstream_pipeline, task_id=clean_events, run_id=manual__2026-08-20T11:43:51.083230+00:00, execution_date=20260820T114351, start_date=20260820T114351, end_date=20260820T114410
[2026-08-20T11:44:10.548+0000] {local_task_job_runner.py:243} INFO - Task exited with return code 0
[2026-08-20T11:44:10.567+0000] {taskinstance.py:3503} INFO - 1 downstream tasks scheduled from follow-on schedule check
[2026-08-20T11:44:10.570+0000] {local_task_job_runner.py:222} INFO - ::endgroup::
