[2026-08-20T13:13:37.981+0000] {local_task_job_runner.py:120} INFO - ::group::Pre task execution logs
[2026-08-20T13:13:38.028+0000] {taskinstance.py:2076} INFO - Dependencies all met for dep_context=non-requeueable deps ti=<TaskInstance: clickstream_pipeline.load_to_warehouse manual__2026-08-20T13:12:02.789566+00:00 [queued]>
[2026-08-20T13:13:38.039+0000] {taskinstance.py:2076} INFO - Dependencies all met for dep_context=requeueable deps ti=<TaskInstance: clickstream_pipeline.load_to_warehouse manual__2026-08-20T13:12:02.789566+00:00 [queued]>
[2026-08-20T13:13:38.041+0000] {taskinstance.py:2306} INFO - Starting attempt 1 of 1
[2026-08-20T13:13:38.063+0000] {taskinstance.py:2330} INFO - Executing <Task(SparkSubmitOperator): load_to_warehouse> on 2026-08-20 13:12:02.789566+00:00
[2026-08-20T13:13:38.073+0000] {standard_task_runner.py:90} INFO - Running: ['***', 'tasks', 'run', 'clickstream_pipeline', 'load_to_warehouse', 'manual__2026-08-20T13:12:02.789566+00:00', '--job-id', '28', '--raw', '--subdir', 'DAGS_FOLDER/clickstream_pipeline_dag.py', '--cfg-path', '/tmp/tmpiwfdll20']
[2026-08-20T13:13:38.075+0000] {logging_mixin.py:188} WARNING - /home/***/.local/lib/python3.12/site-packages/***/task/task_runner/standard_task_runner.py:62 DeprecationWarning: This process (pid=1110) is multi-threaded, use of fork() may lead to deadlocks in the child.
[2026-08-20T13:13:38.077+0000] {standard_task_runner.py:91} INFO - Job 28: Subtask load_to_warehouse
[2026-08-20T13:13:38.078+0000] {standard_task_runner.py:64} INFO - Started process 1111 to run task
[2026-08-20T13:13:38.152+0000] {task_command.py:426} INFO - Running <TaskInstance: clickstream_pipeline.load_to_warehouse manual__2026-08-20T13:12:02.789566+00:00 [running]> on host fddce5c4ea74
[2026-08-20T13:13:38.273+0000] {taskinstance.py:2648} INFO - Exporting env vars: AIRFLOW_CTX_DAG_OWNER='***' AIRFLOW_CTX_DAG_ID='clickstream_pipeline' AIRFLOW_CTX_TASK_ID='load_to_warehouse' AIRFLOW_CTX_EXECUTION_DATE='2026-08-20T13:12:02.789566+00:00' AIRFLOW_CTX_TRY_NUMBER='1' AIRFLOW_CTX_DAG_RUN_ID='manual__2026-08-20T13:12:02.789566+00:00'
[2026-08-20T13:13:38.275+0000] {taskinstance.py:430} INFO - ::endgroup::
[2026-08-20T13:13:38.307+0000] {base.py:84} INFO - Using connection ID 'spark_default' for task execution.
[2026-08-20T13:13:38.308+0000] {spark_submit.py:473} INFO - Spark-Submit cmd: spark-submit --master spark://spark-master:7077 --jars /opt/spark/custom-jars/postgresql-42.7.4.jar --name arrow-spark --verbose /opt/spark/jobs/load_to_warehouse.py --input-path /opt/spark/data/aggregated --jdbc-url jdbc:postgresql://warehouse-postgres:5432/warehouse --db-user warehouse --db-password ******
[2026-08-20T13:13:39.751+0000] {spark_submit.py:634} INFO - Using properties file: null
[2026-08-20T13:13:39.880+0000] {spark_submit.py:634} INFO - Parsed arguments:
[2026-08-20T13:13:39.882+0000] {spark_submit.py:634} INFO - master                  spark://spark-master:7077
[2026-08-20T13:13:39.884+0000] {spark_submit.py:634} INFO - remote                  null
[2026-08-20T13:13:39.885+0000] {spark_submit.py:634} INFO - deployMode              null
[2026-08-20T13:13:39.886+0000] {spark_submit.py:634} INFO - executorMemory          null
[2026-08-20T13:13:39.887+0000] {spark_submit.py:634} INFO - executorCores           null
[2026-08-20T13:13:39.891+0000] {spark_submit.py:634} INFO - totalExecutorCores      null
[2026-08-20T13:13:39.892+0000] {spark_submit.py:634} INFO - propertiesFile          null
[2026-08-20T13:13:39.894+0000] {spark_submit.py:634} INFO - driverMemory            null
[2026-08-20T13:13:39.897+0000] {spark_submit.py:634} INFO - driverCores             null
[2026-08-20T13:13:39.898+0000] {spark_submit.py:634} INFO - driverExtraClassPath    null
[2026-08-20T13:13:39.899+0000] {spark_submit.py:634} INFO - driverExtraLibraryPath  null
[2026-08-20T13:13:39.900+0000] {spark_submit.py:634} INFO - driverExtraJavaOptions  null
[2026-08-20T13:13:39.901+0000] {spark_submit.py:634} INFO - supervise               false
[2026-08-20T13:13:39.905+0000] {spark_submit.py:634} INFO - queue                   null
[2026-08-20T13:13:39.906+0000] {spark_submit.py:634} INFO - numExecutors            null
[2026-08-20T13:13:39.908+0000] {spark_submit.py:634} INFO - files                   null
[2026-08-20T13:13:39.909+0000] {spark_submit.py:634} INFO - pyFiles                 null
[2026-08-20T13:13:39.911+0000] {spark_submit.py:634} INFO - archives                null
[2026-08-20T13:13:39.912+0000] {spark_submit.py:634} INFO - mainClass               null
[2026-08-20T13:13:39.913+0000] {spark_submit.py:634} INFO - primaryResource         file:/opt/spark/jobs/load_to_warehouse.py
[2026-08-20T13:13:39.914+0000] {spark_submit.py:634} INFO - name                    arrow-spark
[2026-08-20T13:13:39.916+0000] {spark_submit.py:634} INFO - childArgs               [--input-path /opt/spark/data/aggregated --jdbc-url jdbc:postgresql://warehouse-postgres:5432/warehouse --db-user warehouse --db-password warehouse]
[2026-08-20T13:13:39.917+0000] {spark_submit.py:634} INFO - jars                    file:/opt/spark/custom-jars/postgresql-42.7.4.jar
[2026-08-20T13:13:39.918+0000] {spark_submit.py:634} INFO - packages                null
[2026-08-20T13:13:39.919+0000] {spark_submit.py:634} INFO - packagesExclusions      null
[2026-08-20T13:13:39.920+0000] {spark_submit.py:634} INFO - repositories            null
[2026-08-20T13:13:39.921+0000] {spark_submit.py:634} INFO - verbose                 true
[2026-08-20T13:13:39.923+0000] {spark_submit.py:634} INFO - 
[2026-08-20T13:13:39.924+0000] {spark_submit.py:634} INFO - Spark properties used, including those specified through
[2026-08-20T13:13:39.925+0000] {spark_submit.py:634} INFO - --conf and those from the properties file null:
[2026-08-20T13:13:39.926+0000] {spark_submit.py:634} INFO - 
[2026-08-20T13:13:39.927+0000] {spark_submit.py:634} INFO - 
[2026-08-20T13:13:39.929+0000] {spark_submit.py:634} INFO - 
[2026-08-20T13:13:40.217+0000] {spark_submit.py:634} INFO - 26/08/20 13:13:40 WARN NativeCodeLoader: Unable to load native-hadoop library for your platform... using builtin-java classes where applicable
[2026-08-20T13:13:40.518+0000] {spark_submit.py:634} INFO - Main class:
[2026-08-20T13:13:40.519+0000] {spark_submit.py:634} INFO - org.apache.spark.deploy.PythonRunner
[2026-08-20T13:13:40.521+0000] {spark_submit.py:634} INFO - Arguments:
[2026-08-20T13:13:40.522+0000] {spark_submit.py:634} INFO - file:/opt/spark/jobs/load_to_warehouse.py
[2026-08-20T13:13:40.523+0000] {spark_submit.py:634} INFO - null
[2026-08-20T13:13:40.524+0000] {spark_submit.py:634} INFO - --input-path
[2026-08-20T13:13:40.525+0000] {spark_submit.py:634} INFO - /opt/spark/data/aggregated
[2026-08-20T13:13:40.526+0000] {spark_submit.py:634} INFO - --jdbc-url
[2026-08-20T13:13:40.527+0000] {spark_submit.py:634} INFO - jdbc:postgresql://warehouse-postgres:5432/warehouse
[2026-08-20T13:13:40.528+0000] {spark_submit.py:634} INFO - --db-user
[2026-08-20T13:13:40.530+0000] {spark_submit.py:634} INFO - warehouse
[2026-08-20T13:13:40.531+0000] {spark_submit.py:634} INFO - --db-password
[2026-08-20T13:13:40.533+0000] {spark_submit.py:634} INFO - warehouse
[2026-08-20T13:13:40.534+0000] {spark_submit.py:634} INFO - Spark config:
[2026-08-20T13:13:40.535+0000] {spark_submit.py:634} INFO - (spark.app.name,arrow-spark)
[2026-08-20T13:13:40.536+0000] {spark_submit.py:634} INFO - (spark.app.submitTime,1787231620493)
[2026-08-20T13:13:40.537+0000] {spark_submit.py:634} INFO - (spark.jars,file:///opt/spark/custom-jars/postgresql-42.7.4.jar)
[2026-08-20T13:13:40.538+0000] {spark_submit.py:634} INFO - (spark.master,spark://spark-master:7077)
[2026-08-20T13:13:40.539+0000] {spark_submit.py:634} INFO - (spark.repl.local.jars,file:///opt/spark/custom-jars/postgresql-42.7.4.jar)
[2026-08-20T13:13:40.541+0000] {spark_submit.py:634} INFO - (spark.submit.deployMode,client)
[2026-08-20T13:13:40.542+0000] {spark_submit.py:634} INFO - (spark.submit.pyFiles,)
[2026-08-20T13:13:40.544+0000] {spark_submit.py:634} INFO - Classpath elements:
[2026-08-20T13:13:40.546+0000] {spark_submit.py:634} INFO - file:///opt/spark/custom-jars/postgresql-42.7.4.jar
[2026-08-20T13:13:40.548+0000] {spark_submit.py:634} INFO - 
[2026-08-20T13:13:40.549+0000] {spark_submit.py:634} INFO - 
[2026-08-20T13:13:41.528+0000] {spark_submit.py:634} INFO - 26/08/20 13:13:41 INFO SparkContext: Running Spark version 3.5.1
[2026-08-20T13:13:41.529+0000] {spark_submit.py:634} INFO - 26/08/20 13:13:41 INFO SparkContext: OS info Linux, 6.18.33.2-microsoft-standard-WSL2, amd64
[2026-08-20T13:13:41.530+0000] {spark_submit.py:634} INFO - 26/08/20 13:13:41 INFO SparkContext: Java version 17.0.20
[2026-08-20T13:13:41.554+0000] {spark_submit.py:634} INFO - 26/08/20 13:13:41 INFO ResourceUtils: ==============================================================
[2026-08-20T13:13:41.555+0000] {spark_submit.py:634} INFO - 26/08/20 13:13:41 INFO ResourceUtils: No custom resources configured for spark.driver.
[2026-08-20T13:13:41.556+0000] {spark_submit.py:634} INFO - 26/08/20 13:13:41 INFO ResourceUtils: ==============================================================
[2026-08-20T13:13:41.557+0000] {spark_submit.py:634} INFO - 26/08/20 13:13:41 INFO SparkContext: Submitted application: load_to_warehouse
[2026-08-20T13:13:41.575+0000] {spark_submit.py:634} INFO - 26/08/20 13:13:41 INFO ResourceProfile: Default ResourceProfile created, executor resources: Map(memory -> name: memory, amount: 1024, script: , vendor: , offHeap -> name: offHeap, amount: 0, script: , vendor: ), task resources: Map(cpus -> name: cpus, amount: 1.0)
[2026-08-20T13:13:41.582+0000] {spark_submit.py:634} INFO - 26/08/20 13:13:41 INFO ResourceProfile: Limiting resource is cpu
[2026-08-20T13:13:41.583+0000] {spark_submit.py:634} INFO - 26/08/20 13:13:41 INFO ResourceProfileManager: Added ResourceProfile id: 0
[2026-08-20T13:13:41.630+0000] {spark_submit.py:634} INFO - 26/08/20 13:13:41 INFO SecurityManager: Changing view acls to: root
[2026-08-20T13:13:41.632+0000] {spark_submit.py:634} INFO - 26/08/20 13:13:41 INFO SecurityManager: Changing modify acls to: root
[2026-08-20T13:13:41.633+0000] {spark_submit.py:634} INFO - 26/08/20 13:13:41 INFO SecurityManager: Changing view acls groups to:
[2026-08-20T13:13:41.634+0000] {spark_submit.py:634} INFO - 26/08/20 13:13:41 INFO SecurityManager: Changing modify acls groups to:
[2026-08-20T13:13:41.634+0000] {spark_submit.py:634} INFO - 26/08/20 13:13:41 INFO SecurityManager: SecurityManager: authentication disabled; ui acls disabled; users with view permissions: root; groups with view permissions: EMPTY; users with modify permissions: root; groups with modify permissions: EMPTY
[2026-08-20T13:13:41.836+0000] {spark_submit.py:634} INFO - 26/08/20 13:13:41 INFO Utils: Successfully started service 'sparkDriver' on port 34227.
[2026-08-20T13:13:41.864+0000] {spark_submit.py:634} INFO - 26/08/20 13:13:41 INFO SparkEnv: Registering MapOutputTracker
[2026-08-20T13:13:41.906+0000] {spark_submit.py:634} INFO - 26/08/20 13:13:41 INFO SparkEnv: Registering BlockManagerMaster
[2026-08-20T13:13:41.939+0000] {spark_submit.py:634} INFO - 26/08/20 13:13:41 INFO BlockManagerMasterEndpoint: Using org.apache.spark.storage.DefaultTopologyMapper for getting topology information
[2026-08-20T13:13:41.940+0000] {spark_submit.py:634} INFO - 26/08/20 13:13:41 INFO BlockManagerMasterEndpoint: BlockManagerMasterEndpoint up
[2026-08-20T13:13:41.945+0000] {spark_submit.py:634} INFO - 26/08/20 13:13:41 INFO SparkEnv: Registering BlockManagerMasterHeartbeat
[2026-08-20T13:13:41.971+0000] {spark_submit.py:634} INFO - 26/08/20 13:13:41 INFO DiskBlockManager: Created local directory at /tmp/blockmgr-669883fb-c1b3-42a6-a903-1ba0a7854d6f
[2026-08-20T13:13:41.992+0000] {spark_submit.py:634} INFO - 26/08/20 13:13:41 INFO MemoryStore: MemoryStore started with capacity 434.4 MiB
[2026-08-20T13:13:42.015+0000] {spark_submit.py:634} INFO - 26/08/20 13:13:42 INFO SparkEnv: Registering OutputCommitCoordinator
[2026-08-20T13:13:42.149+0000] {spark_submit.py:634} INFO - 26/08/20 13:13:42 INFO JettyUtils: Start Jetty 0.0.0.0:4040 for SparkUI
[2026-08-20T13:13:42.215+0000] {spark_submit.py:634} INFO - 26/08/20 13:13:42 INFO Utils: Successfully started service 'SparkUI' on port 4040.
[2026-08-20T13:13:42.252+0000] {spark_submit.py:634} INFO - 26/08/20 13:13:42 INFO SparkContext: Added JAR file:///opt/spark/custom-jars/postgresql-42.7.4.jar at spark://fddce5c4ea74:34227/jars/postgresql-42.7.4.jar with timestamp 1787231621522
[2026-08-20T13:13:42.334+0000] {spark_submit.py:634} INFO - 26/08/20 13:13:42 INFO StandaloneAppClient$ClientEndpoint: Connecting to master spark://spark-master:7077...
[2026-08-20T13:13:42.381+0000] {spark_submit.py:634} INFO - 26/08/20 13:13:42 INFO TransportClientFactory: Successfully created connection to spark-master/172.18.0.3:7077 after 26 ms (0 ms spent in bootstraps)
[2026-08-20T13:13:42.478+0000] {spark_submit.py:634} INFO - 26/08/20 13:13:42 INFO StandaloneSchedulerBackend: Connected to Spark cluster with app ID app-20260820131342-0002
[2026-08-20T13:13:42.480+0000] {spark_submit.py:634} INFO - 26/08/20 13:13:42 INFO StandaloneAppClient$ClientEndpoint: Executor added: app-20260820131342-0002/0 on worker-20260820130831-172.18.0.6-33481 (172.18.0.6:33481) with 2 core(s)
[2026-08-20T13:13:42.490+0000] {spark_submit.py:634} INFO - 26/08/20 13:13:42 INFO StandaloneSchedulerBackend: Granted executor ID app-20260820131342-0002/0 on hostPort 172.18.0.6:33481 with 2 core(s), 1024.0 MiB RAM
[2026-08-20T13:13:42.491+0000] {spark_submit.py:634} INFO - 26/08/20 13:13:42 INFO Utils: Successfully started service 'org.apache.spark.network.netty.NettyBlockTransferService' on port 33199.
[2026-08-20T13:13:42.492+0000] {spark_submit.py:634} INFO - 26/08/20 13:13:42 INFO NettyBlockTransferService: Server created on fddce5c4ea74:33199
[2026-08-20T13:13:42.494+0000] {spark_submit.py:634} INFO - 26/08/20 13:13:42 INFO BlockManager: Using org.apache.spark.storage.RandomBlockReplicationPolicy for block replication policy
[2026-08-20T13:13:42.502+0000] {spark_submit.py:634} INFO - 26/08/20 13:13:42 INFO BlockManagerMaster: Registering BlockManager BlockManagerId(driver, fddce5c4ea74, 33199, None)
[2026-08-20T13:13:42.507+0000] {spark_submit.py:634} INFO - 26/08/20 13:13:42 INFO BlockManagerMasterEndpoint: Registering block manager fddce5c4ea74:33199 with 434.4 MiB RAM, BlockManagerId(driver, fddce5c4ea74, 33199, None)
[2026-08-20T13:13:42.511+0000] {spark_submit.py:634} INFO - 26/08/20 13:13:42 INFO BlockManagerMaster: Registered BlockManager BlockManagerId(driver, fddce5c4ea74, 33199, None)
[2026-08-20T13:13:42.513+0000] {spark_submit.py:634} INFO - 26/08/20 13:13:42 INFO BlockManager: Initialized BlockManager: BlockManagerId(driver, fddce5c4ea74, 33199, None)
[2026-08-20T13:13:42.521+0000] {spark_submit.py:634} INFO - 26/08/20 13:13:42 INFO StandaloneAppClient$ClientEndpoint: Executor updated: app-20260820131342-0002/0 is now RUNNING
[2026-08-20T13:13:42.725+0000] {spark_submit.py:634} INFO - 26/08/20 13:13:42 INFO StandaloneSchedulerBackend: SchedulerBackend is ready for scheduling beginning after reached minRegisteredResourcesRatio: 0.0
[2026-08-20T13:14:01.530+0000] {spark_submit.py:634} INFO - [load_to_warehouse] Loaded 730 rows into 'fact_sessions'
[2026-08-20T13:14:02.521+0000] {spark_submit.py:634} INFO - [load_to_warehouse] Loaded 1 rows into 'fact_daily_metrics'
[2026-08-20T13:14:02.907+0000] {taskinstance.py:441} INFO - ::group::Post task execution logs
[2026-08-20T13:14:02.921+0000] {taskinstance.py:1206} INFO - Marking task as SUCCESS. dag_id=clickstream_pipeline, task_id=load_to_warehouse, run_id=manual__2026-08-20T13:12:02.789566+00:00, execution_date=20260820T131202, start_date=20260820T131338, end_date=20260820T131402
[2026-08-20T13:14:02.970+0000] {local_task_job_runner.py:243} INFO - Task exited with return code 0
[2026-08-20T13:14:02.988+0000] {taskinstance.py:3503} INFO - 0 downstream tasks scheduled from follow-on schedule check
[2026-08-20T13:14:02.991+0000] {local_task_job_runner.py:222} INFO - ::endgroup::
