[2026-08-12T17:07:05.600+0000] {local_task_job_runner.py:120} INFO - ::group::Pre task execution logs
[2026-08-12T17:07:05.669+0000] {taskinstance.py:2076} INFO - Dependencies all met for dep_context=non-requeueable deps ti=<TaskInstance: clickstream_clean_events.clean_events manual__2026-08-12T17:07:05.218559+00:00 [queued]>
[2026-08-12T17:07:05.691+0000] {taskinstance.py:2076} INFO - Dependencies all met for dep_context=requeueable deps ti=<TaskInstance: clickstream_clean_events.clean_events manual__2026-08-12T17:07:05.218559+00:00 [queued]>
[2026-08-12T17:07:05.692+0000] {taskinstance.py:2306} INFO - Starting attempt 1 of 1
[2026-08-12T17:07:05.721+0000] {taskinstance.py:2330} INFO - Executing <Task(SparkSubmitOperator): clean_events> on 2026-08-12 17:07:05.218559+00:00
[2026-08-12T17:07:05.747+0000] {logging_mixin.py:188} WARNING - /home/***/.local/lib/python3.12/site-packages/***/task/task_runner/standard_task_runner.py:62 DeprecationWarning: This process (pid=487) is multi-threaded, use of fork() may lead to deadlocks in the child.
[2026-08-12T17:07:05.751+0000] {standard_task_runner.py:64} INFO - Started process 492 to run task
[2026-08-12T17:07:05.747+0000] {standard_task_runner.py:90} INFO - Running: ['***', 'tasks', 'run', 'clickstream_clean_events', 'clean_events', 'manual__2026-08-12T17:07:05.218559+00:00', '--job-id', '10', '--raw', '--subdir', 'DAGS_FOLDER/clickstream_clean_events_dag.py', '--cfg-path', '/tmp/tmpzhz3s5zb']
[2026-08-12T17:07:05.756+0000] {standard_task_runner.py:91} INFO - Job 10: Subtask clean_events
[2026-08-12T17:07:05.911+0000] {task_command.py:426} INFO - Running <TaskInstance: clickstream_clean_events.clean_events manual__2026-08-12T17:07:05.218559+00:00 [running]> on host ca062db89a9c
[2026-08-12T17:07:06.092+0000] {taskinstance.py:2648} INFO - Exporting env vars: AIRFLOW_CTX_DAG_OWNER='***' AIRFLOW_CTX_DAG_ID='clickstream_clean_events' AIRFLOW_CTX_TASK_ID='clean_events' AIRFLOW_CTX_EXECUTION_DATE='2026-08-12T17:07:05.218559+00:00' AIRFLOW_CTX_TRY_NUMBER='1' AIRFLOW_CTX_DAG_RUN_ID='manual__2026-08-12T17:07:05.218559+00:00'
[2026-08-12T17:07:06.094+0000] {taskinstance.py:430} INFO - ::endgroup::
[2026-08-12T17:07:06.136+0000] {base.py:84} INFO - Using connection ID 'spark_default' for task execution.
[2026-08-12T17:07:06.140+0000] {spark_submit.py:473} INFO - Spark-Submit cmd: spark-submit --master spark-master:7077 --conf spark.sql.sources.partitionOverwriteMode=dynamic --name arrow-spark --verbose /opt/spark/jobs/clean_events.py --input-path /opt/spark/data/raw --output-path /opt/spark/data/processed
[2026-08-12T17:07:08.509+0000] {spark_submit.py:634} INFO - Using properties file: null
[2026-08-12T17:07:08.693+0000] {spark_submit.py:634} INFO - Parsed arguments:
[2026-08-12T17:07:08.695+0000] {spark_submit.py:634} INFO - master                  spark-master:7077
[2026-08-12T17:07:08.697+0000] {spark_submit.py:634} INFO - remote                  null
[2026-08-12T17:07:08.699+0000] {spark_submit.py:634} INFO - deployMode              null
[2026-08-12T17:07:08.700+0000] {spark_submit.py:634} INFO - executorMemory          null
[2026-08-12T17:07:08.702+0000] {spark_submit.py:634} INFO - executorCores           null
[2026-08-12T17:07:08.704+0000] {spark_submit.py:634} INFO - totalExecutorCores      null
[2026-08-12T17:07:08.706+0000] {spark_submit.py:634} INFO - propertiesFile          null
[2026-08-12T17:07:08.708+0000] {spark_submit.py:634} INFO - driverMemory            null
[2026-08-12T17:07:08.709+0000] {spark_submit.py:634} INFO - driverCores             null
[2026-08-12T17:07:08.711+0000] {spark_submit.py:634} INFO - driverExtraClassPath    null
[2026-08-12T17:07:08.712+0000] {spark_submit.py:634} INFO - driverExtraLibraryPath  null
[2026-08-12T17:07:08.714+0000] {spark_submit.py:634} INFO - driverExtraJavaOptions  null
[2026-08-12T17:07:08.715+0000] {spark_submit.py:634} INFO - supervise               false
[2026-08-12T17:07:08.717+0000] {spark_submit.py:634} INFO - queue                   null
[2026-08-12T17:07:08.718+0000] {spark_submit.py:634} INFO - numExecutors            null
[2026-08-12T17:07:08.719+0000] {spark_submit.py:634} INFO - files                   null
[2026-08-12T17:07:08.722+0000] {spark_submit.py:634} INFO - pyFiles                 null
[2026-08-12T17:07:08.724+0000] {spark_submit.py:634} INFO - archives                null
[2026-08-12T17:07:08.726+0000] {spark_submit.py:634} INFO - mainClass               null
[2026-08-12T17:07:08.728+0000] {spark_submit.py:634} INFO - primaryResource         file:/opt/spark/jobs/clean_events.py
[2026-08-12T17:07:08.730+0000] {spark_submit.py:634} INFO - name                    arrow-spark
[2026-08-12T17:07:08.734+0000] {spark_submit.py:634} INFO - childArgs               [--input-path /opt/spark/data/raw --output-path /opt/spark/data/processed]
[2026-08-12T17:07:08.738+0000] {spark_submit.py:634} INFO - jars                    null
[2026-08-12T17:07:08.742+0000] {spark_submit.py:634} INFO - packages                null
[2026-08-12T17:07:08.744+0000] {spark_submit.py:634} INFO - packagesExclusions      null
[2026-08-12T17:07:08.746+0000] {spark_submit.py:634} INFO - repositories            null
[2026-08-12T17:07:08.748+0000] {spark_submit.py:634} INFO - verbose                 true
[2026-08-12T17:07:08.751+0000] {spark_submit.py:634} INFO - 
[2026-08-12T17:07:08.754+0000] {spark_submit.py:634} INFO - Spark properties used, including those specified through
[2026-08-12T17:07:08.756+0000] {spark_submit.py:634} INFO - --conf and those from the properties file null:
[2026-08-12T17:07:08.758+0000] {spark_submit.py:634} INFO - (spark.sql.sources.partitionOverwriteMode,dynamic)
[2026-08-12T17:07:08.760+0000] {spark_submit.py:634} INFO - 
[2026-08-12T17:07:08.762+0000] {spark_submit.py:634} INFO - 
[2026-08-12T17:07:09.377+0000] {spark_submit.py:634} INFO - Main class:
[2026-08-12T17:07:09.380+0000] {spark_submit.py:634} INFO - org.apache.spark.deploy.PythonRunner
[2026-08-12T17:07:09.383+0000] {spark_submit.py:634} INFO - Arguments:
[2026-08-12T17:07:09.385+0000] {spark_submit.py:634} INFO - file:/opt/spark/jobs/clean_events.py
[2026-08-12T17:07:09.388+0000] {spark_submit.py:634} INFO - null
[2026-08-12T17:07:09.390+0000] {spark_submit.py:634} INFO - --input-path
[2026-08-12T17:07:09.392+0000] {spark_submit.py:634} INFO - /opt/spark/data/raw
[2026-08-12T17:07:09.395+0000] {spark_submit.py:634} INFO - --output-path
[2026-08-12T17:07:09.397+0000] {spark_submit.py:634} INFO - /opt/spark/data/processed
[2026-08-12T17:07:09.399+0000] {spark_submit.py:634} INFO - Spark config:
[2026-08-12T17:07:09.401+0000] {spark_submit.py:634} INFO - (spark.app.name,arrow-spark)
[2026-08-12T17:07:09.404+0000] {spark_submit.py:634} INFO - (spark.app.submitTime,1786554429333)
[2026-08-12T17:07:09.410+0000] {spark_submit.py:634} INFO - (spark.master,spark-master:7077)
[2026-08-12T17:07:09.412+0000] {spark_submit.py:634} INFO - (spark.sql.sources.partitionOverwriteMode,dynamic)
[2026-08-12T17:07:09.414+0000] {spark_submit.py:634} INFO - (spark.submit.deployMode,client)
[2026-08-12T17:07:09.416+0000] {spark_submit.py:634} INFO - (spark.submit.pyFiles,)
[2026-08-12T17:07:09.418+0000] {spark_submit.py:634} INFO - Classpath elements:
[2026-08-12T17:07:09.423+0000] {spark_submit.py:634} INFO - 
[2026-08-12T17:07:09.426+0000] {spark_submit.py:634} INFO - 
[2026-08-12T17:07:09.428+0000] {spark_submit.py:634} INFO - 
[2026-08-12T17:07:12.373+0000] {spark_submit.py:634} INFO - 26/08/12 17:07:12 INFO SparkContext: Running Spark version 3.5.1
[2026-08-12T17:07:12.377+0000] {spark_submit.py:634} INFO - 26/08/12 17:07:12 INFO SparkContext: OS info Linux, 6.18.33.2-microsoft-standard-WSL2, amd64
[2026-08-12T17:07:12.379+0000] {spark_submit.py:634} INFO - 26/08/12 17:07:12 INFO SparkContext: Java version 17.0.20
[2026-08-12T17:07:12.571+0000] {spark_submit.py:634} INFO - 26/08/12 17:07:12 WARN NativeCodeLoader: Unable to load native-hadoop library for your platform... using builtin-java classes where applicable
[2026-08-12T17:07:12.824+0000] {spark_submit.py:634} INFO - 26/08/12 17:07:12 INFO ResourceUtils: ==============================================================
[2026-08-12T17:07:12.827+0000] {spark_submit.py:634} INFO - 26/08/12 17:07:12 INFO ResourceUtils: No custom resources configured for spark.driver.
[2026-08-12T17:07:12.829+0000] {spark_submit.py:634} INFO - 26/08/12 17:07:12 INFO ResourceUtils: ==============================================================
[2026-08-12T17:07:12.832+0000] {spark_submit.py:634} INFO - 26/08/12 17:07:12 INFO SparkContext: Submitted application: clean_events
[2026-08-12T17:07:12.882+0000] {spark_submit.py:634} INFO - 26/08/12 17:07:12 INFO ResourceProfile: Default ResourceProfile created, executor resources: Map(cores -> name: cores, amount: 1, script: , vendor: , memory -> name: memory, amount: 1024, script: , vendor: , offHeap -> name: offHeap, amount: 0, script: , vendor: ), task resources: Map(cpus -> name: cpus, amount: 1.0)
[2026-08-12T17:07:12.902+0000] {spark_submit.py:634} INFO - 26/08/12 17:07:12 INFO ResourceProfile: Limiting resource is cpu
[2026-08-12T17:07:12.910+0000] {spark_submit.py:634} INFO - 26/08/12 17:07:12 INFO ResourceProfileManager: Added ResourceProfile id: 0
[2026-08-12T17:07:13.065+0000] {spark_submit.py:634} INFO - 26/08/12 17:07:13 INFO SecurityManager: Changing view acls to: ***
[2026-08-12T17:07:13.075+0000] {spark_submit.py:634} INFO - 26/08/12 17:07:13 INFO SecurityManager: Changing modify acls to: ***
[2026-08-12T17:07:13.081+0000] {spark_submit.py:634} INFO - 26/08/12 17:07:13 INFO SecurityManager: Changing view acls groups to:
[2026-08-12T17:07:13.094+0000] {spark_submit.py:634} INFO - 26/08/12 17:07:13 INFO SecurityManager: Changing modify acls groups to:
[2026-08-12T17:07:13.107+0000] {spark_submit.py:634} INFO - 26/08/12 17:07:13 INFO SecurityManager: SecurityManager: authentication disabled; ui acls disabled; users with view permissions: ***; groups with view permissions: EMPTY; users with modify permissions: ***; groups with modify permissions: EMPTY
[2026-08-12T17:07:13.872+0000] {spark_submit.py:634} INFO - 26/08/12 17:07:13 INFO Utils: Successfully started service 'sparkDriver' on port 38445.
[2026-08-12T17:07:13.945+0000] {spark_submit.py:634} INFO - 26/08/12 17:07:13 INFO SparkEnv: Registering MapOutputTracker
[2026-08-12T17:07:14.034+0000] {spark_submit.py:634} INFO - 26/08/12 17:07:14 INFO SparkEnv: Registering BlockManagerMaster
[2026-08-12T17:07:14.085+0000] {spark_submit.py:634} INFO - 26/08/12 17:07:14 INFO BlockManagerMasterEndpoint: Using org.apache.spark.storage.DefaultTopologyMapper for getting topology information
[2026-08-12T17:07:14.088+0000] {spark_submit.py:634} INFO - 26/08/12 17:07:14 INFO BlockManagerMasterEndpoint: BlockManagerMasterEndpoint up
[2026-08-12T17:07:14.097+0000] {spark_submit.py:634} INFO - 26/08/12 17:07:14 INFO SparkEnv: Registering BlockManagerMasterHeartbeat
[2026-08-12T17:07:14.177+0000] {spark_submit.py:634} INFO - 26/08/12 17:07:14 INFO DiskBlockManager: Created local directory at /tmp/blockmgr-bb5d3b98-3994-4c2d-8f1b-d45244f1e29a
[2026-08-12T17:07:14.229+0000] {spark_submit.py:634} INFO - 26/08/12 17:07:14 INFO MemoryStore: MemoryStore started with capacity 434.4 MiB
[2026-08-12T17:07:14.284+0000] {spark_submit.py:634} INFO - 26/08/12 17:07:14 INFO SparkEnv: Registering OutputCommitCoordinator
[2026-08-12T17:07:14.698+0000] {spark_submit.py:634} INFO - 26/08/12 17:07:14 INFO JettyUtils: Start Jetty 0.0.0.0:4040 for SparkUI
[2026-08-12T17:07:14.854+0000] {spark_submit.py:634} INFO - 26/08/12 17:07:14 INFO Utils: Successfully started service 'SparkUI' on port 4040.
[2026-08-12T17:07:14.960+0000] {spark_submit.py:634} INFO - 26/08/12 17:07:14 ERROR SparkContext: Error initializing SparkContext.
[2026-08-12T17:07:14.963+0000] {spark_submit.py:634} INFO - org.apache.spark.SparkException: Could not parse Master URL: 'spark-master:7077'
[2026-08-12T17:07:14.966+0000] {spark_submit.py:634} INFO - at org.apache.spark.SparkContext$.org$apache$spark$SparkContext$$createTaskScheduler(SparkContext.scala:3199)
[2026-08-12T17:07:14.969+0000] {spark_submit.py:634} INFO - at org.apache.spark.SparkContext.<init>(SparkContext.scala:582)
[2026-08-12T17:07:14.970+0000] {spark_submit.py:634} INFO - at org.apache.spark.api.java.JavaSparkContext.<init>(JavaSparkContext.scala:58)
[2026-08-12T17:07:14.972+0000] {spark_submit.py:634} INFO - at java.base/jdk.internal.reflect.NativeConstructorAccessorImpl.newInstance0(Native Method)
[2026-08-12T17:07:14.974+0000] {spark_submit.py:634} INFO - at java.base/jdk.internal.reflect.NativeConstructorAccessorImpl.newInstance(NativeConstructorAccessorImpl.java:77)
[2026-08-12T17:07:14.976+0000] {spark_submit.py:634} INFO - at java.base/jdk.internal.reflect.DelegatingConstructorAccessorImpl.newInstance(DelegatingConstructorAccessorImpl.java:45)
[2026-08-12T17:07:14.978+0000] {spark_submit.py:634} INFO - at java.base/java.lang.reflect.Constructor.newInstanceWithCaller(Constructor.java:500)
[2026-08-12T17:07:14.979+0000] {spark_submit.py:634} INFO - at java.base/java.lang.reflect.Constructor.newInstance(Constructor.java:481)
[2026-08-12T17:07:14.981+0000] {spark_submit.py:634} INFO - at py4j.reflection.MethodInvoker.invoke(MethodInvoker.java:247)
[2026-08-12T17:07:14.984+0000] {spark_submit.py:634} INFO - at py4j.reflection.ReflectionEngine.invoke(ReflectionEngine.java:374)
[2026-08-12T17:07:14.986+0000] {spark_submit.py:634} INFO - at py4j.Gateway.invoke(Gateway.java:238)
[2026-08-12T17:07:14.988+0000] {spark_submit.py:634} INFO - at py4j.commands.ConstructorCommand.invokeConstructor(ConstructorCommand.java:80)
[2026-08-12T17:07:14.991+0000] {spark_submit.py:634} INFO - at py4j.commands.ConstructorCommand.execute(ConstructorCommand.java:69)
[2026-08-12T17:07:14.992+0000] {spark_submit.py:634} INFO - at py4j.ClientServerConnection.waitForCommands(ClientServerConnection.java:182)
[2026-08-12T17:07:14.995+0000] {spark_submit.py:634} INFO - at py4j.ClientServerConnection.run(ClientServerConnection.java:106)
[2026-08-12T17:07:14.997+0000] {spark_submit.py:634} INFO - at java.base/java.lang.Thread.run(Thread.java:840)
[2026-08-12T17:07:14.999+0000] {spark_submit.py:634} INFO - 26/08/12 17:07:14 INFO SparkContext: SparkContext is stopping with exitCode 0.
[2026-08-12T17:07:15.013+0000] {spark_submit.py:634} INFO - 26/08/12 17:07:14 INFO SparkUI: Stopped Spark web UI at http://ca062db89a9c:4040
[2026-08-12T17:07:15.091+0000] {spark_submit.py:634} INFO - 26/08/12 17:07:15 INFO MapOutputTrackerMasterEndpoint: MapOutputTrackerMasterEndpoint stopped!
[2026-08-12T17:07:15.118+0000] {spark_submit.py:634} INFO - 26/08/12 17:07:15 INFO MemoryStore: MemoryStore cleared
[2026-08-12T17:07:15.120+0000] {spark_submit.py:634} INFO - 26/08/12 17:07:15 INFO BlockManager: BlockManager stopped
[2026-08-12T17:07:15.139+0000] {spark_submit.py:634} INFO - 26/08/12 17:07:15 INFO BlockManagerMaster: BlockManagerMaster stopped
[2026-08-12T17:07:15.142+0000] {spark_submit.py:634} INFO - 26/08/12 17:07:15 WARN MetricsSystem: Stopping a MetricsSystem that is not running
[2026-08-12T17:07:15.149+0000] {spark_submit.py:634} INFO - 26/08/12 17:07:15 INFO OutputCommitCoordinator$OutputCommitCoordinatorEndpoint: OutputCommitCoordinator stopped!
[2026-08-12T17:07:15.188+0000] {spark_submit.py:634} INFO - 26/08/12 17:07:15 INFO SparkContext: Successfully stopped SparkContext
[2026-08-12T17:07:15.191+0000] {spark_submit.py:634} INFO - Traceback (most recent call last):
[2026-08-12T17:07:15.195+0000] {spark_submit.py:634} INFO - File "/opt/spark/jobs/clean_events.py", line 121, in <module>
[2026-08-12T17:07:15.202+0000] {spark_submit.py:634} INFO - main()
[2026-08-12T17:07:15.204+0000] {spark_submit.py:634} INFO - File "/opt/spark/jobs/clean_events.py", line 93, in main
[2026-08-12T17:07:15.209+0000] {spark_submit.py:634} INFO - spark = build_spark_session()
[2026-08-12T17:07:15.211+0000] {spark_submit.py:634} INFO - ^^^^^^^^^^^^^^^^^^^^^
[2026-08-12T17:07:15.214+0000] {spark_submit.py:634} INFO - File "/opt/spark/jobs/clean_events.py", line 28, in build_spark_session
[2026-08-12T17:07:15.217+0000] {spark_submit.py:634} INFO - return SparkSession.builder.appName(app_name).getOrCreate()
[2026-08-12T17:07:15.220+0000] {spark_submit.py:634} INFO - ^^^^^^^^^^^^^^^^^^^^^^^^^^^^^^^^^^^^^^^^^^^^^^^^^^^^
[2026-08-12T17:07:15.222+0000] {spark_submit.py:634} INFO - File "/home/***/spark/python/lib/pyspark.zip/pyspark/sql/session.py", line 497, in getOrCreate
[2026-08-12T17:07:15.225+0000] {spark_submit.py:634} INFO - File "/home/***/spark/python/lib/pyspark.zip/pyspark/context.py", line 515, in getOrCreate
[2026-08-12T17:07:15.231+0000] {spark_submit.py:634} INFO - File "/home/***/spark/python/lib/pyspark.zip/pyspark/context.py", line 203, in __init__
[2026-08-12T17:07:15.235+0000] {spark_submit.py:634} INFO - File "/home/***/spark/python/lib/pyspark.zip/pyspark/context.py", line 296, in _do_init
[2026-08-12T17:07:15.238+0000] {spark_submit.py:634} INFO - File "/home/***/spark/python/lib/pyspark.zip/pyspark/context.py", line 421, in _initialize_context
[2026-08-12T17:07:15.240+0000] {spark_submit.py:634} INFO - File "/home/***/spark/python/lib/py4j-0.10.9.7-src.zip/py4j/java_gateway.py", line 1587, in __call__
[2026-08-12T17:07:15.242+0000] {spark_submit.py:634} INFO - File "/home/***/spark/python/lib/py4j-0.10.9.7-src.zip/py4j/protocol.py", line 326, in get_return_value
[2026-08-12T17:07:15.245+0000] {spark_submit.py:634} INFO - py4j.protocol.Py4JJavaError: An error occurred while calling None.org.apache.spark.api.java.JavaSparkContext.
[2026-08-12T17:07:15.248+0000] {spark_submit.py:634} INFO - : org.apache.spark.SparkException: Could not parse Master URL: 'spark-master:7077'
[2026-08-12T17:07:15.251+0000] {spark_submit.py:634} INFO - at org.apache.spark.SparkContext$.org$apache$spark$SparkContext$$createTaskScheduler(SparkContext.scala:3199)
[2026-08-12T17:07:15.253+0000] {spark_submit.py:634} INFO - at org.apache.spark.SparkContext.<init>(SparkContext.scala:582)
[2026-08-12T17:07:15.256+0000] {spark_submit.py:634} INFO - at org.apache.spark.api.java.JavaSparkContext.<init>(JavaSparkContext.scala:58)
[2026-08-12T17:07:15.260+0000] {spark_submit.py:634} INFO - at java.base/jdk.internal.reflect.NativeConstructorAccessorImpl.newInstance0(Native Method)
[2026-08-12T17:07:15.263+0000] {spark_submit.py:634} INFO - at java.base/jdk.internal.reflect.NativeConstructorAccessorImpl.newInstance(NativeConstructorAccessorImpl.java:77)
[2026-08-12T17:07:15.267+0000] {spark_submit.py:634} INFO - at java.base/jdk.internal.reflect.DelegatingConstructorAccessorImpl.newInstance(DelegatingConstructorAccessorImpl.java:45)
[2026-08-12T17:07:15.270+0000] {spark_submit.py:634} INFO - at java.base/java.lang.reflect.Constructor.newInstanceWithCaller(Constructor.java:500)
[2026-08-12T17:07:15.273+0000] {spark_submit.py:634} INFO - at java.base/java.lang.reflect.Constructor.newInstance(Constructor.java:481)
[2026-08-12T17:07:15.276+0000] {spark_submit.py:634} INFO - at py4j.reflection.MethodInvoker.invoke(MethodInvoker.java:247)
[2026-08-12T17:07:15.278+0000] {spark_submit.py:634} INFO - at py4j.reflection.ReflectionEngine.invoke(ReflectionEngine.java:374)
[2026-08-12T17:07:15.281+0000] {spark_submit.py:634} INFO - at py4j.Gateway.invoke(Gateway.java:238)
[2026-08-12T17:07:15.283+0000] {spark_submit.py:634} INFO - at py4j.commands.ConstructorCommand.invokeConstructor(ConstructorCommand.java:80)
[2026-08-12T17:07:15.285+0000] {spark_submit.py:634} INFO - at py4j.commands.ConstructorCommand.execute(ConstructorCommand.java:69)
[2026-08-12T17:07:15.287+0000] {spark_submit.py:634} INFO - at py4j.ClientServerConnection.waitForCommands(ClientServerConnection.java:182)
[2026-08-12T17:07:15.288+0000] {spark_submit.py:634} INFO - at py4j.ClientServerConnection.run(ClientServerConnection.java:106)
[2026-08-12T17:07:15.290+0000] {spark_submit.py:634} INFO - at java.base/java.lang.Thread.run(Thread.java:840)
[2026-08-12T17:07:15.292+0000] {spark_submit.py:634} INFO - 
[2026-08-12T17:07:15.352+0000] {spark_submit.py:634} INFO - 26/08/12 17:07:15 INFO ShutdownHookManager: Shutdown hook called
[2026-08-12T17:07:15.355+0000] {spark_submit.py:634} INFO - 26/08/12 17:07:15 INFO ShutdownHookManager: Deleting directory /tmp/spark-78bbad9b-6aec-47fe-b5a2-44d5f4a4e1fb
[2026-08-12T17:07:15.372+0000] {spark_submit.py:634} INFO - 26/08/12 17:07:15 INFO ShutdownHookManager: Deleting directory /tmp/spark-fde53eba-77d7-4f7f-9994-e77a71703dc8
[2026-08-12T17:07:15.484+0000] {taskinstance.py:441} INFO - ::group::Post task execution logs
[2026-08-12T17:07:15.518+0000] {taskinstance.py:2905} ERROR - Task failed with exception
Traceback (most recent call last):
  File "/home/airflow/.local/lib/python3.12/site-packages/airflow/models/taskinstance.py", line 465, in _execute_task
    result = _execute_callable(context=context, **execute_callable_kwargs)
             ^^^^^^^^^^^^^^^^^^^^^^^^^^^^^^^^^^^^^^^^^^^^^^^^^^^^^^^^^^^^^
  File "/home/airflow/.local/lib/python3.12/site-packages/airflow/models/taskinstance.py", line 432, in _execute_callable
    return execute_callable(context=context, **execute_callable_kwargs)
           ^^^^^^^^^^^^^^^^^^^^^^^^^^^^^^^^^^^^^^^^^^^^^^^^^^^^^^^^^^^^
  File "/home/airflow/.local/lib/python3.12/site-packages/airflow/models/baseoperator.py", line 401, in wrapper
    return func(self, *args, **kwargs)
           ^^^^^^^^^^^^^^^^^^^^^^^^^^^
  File "/home/airflow/.local/lib/python3.12/site-packages/airflow/providers/apache/spark/operators/spark_submit.py", line 176, in execute
    self._hook.submit(self.application)
  File "/home/airflow/.local/lib/python3.12/site-packages/airflow/providers/apache/spark/hooks/spark_submit.py", line 560, in submit
    raise AirflowException(
airflow.exceptions.AirflowException: Cannot execute: spark-submit --master spark-master:7077 --conf spark.sql.sources.partitionOverwriteMode=dynamic --name arrow-spark --verbose /opt/spark/jobs/clean_events.py --input-path /opt/spark/data/raw --output-path /opt/spark/data/processed. Error code is: 1.
[2026-08-12T17:07:15.534+0000] {taskinstance.py:1206} INFO - Marking task as FAILED. dag_id=clickstream_clean_events, task_id=clean_events, run_id=manual__2026-08-12T17:07:05.218559+00:00, execution_date=20260812T170705, start_date=20260812T170705, end_date=20260812T170715
[2026-08-12T17:07:15.572+0000] {standard_task_runner.py:110} ERROR - Failed to execute job 10 for task clean_events (Cannot execute: spark-submit --master spark-master:7077 --conf spark.sql.sources.partitionOverwriteMode=dynamic --name arrow-spark --verbose /opt/spark/jobs/clean_events.py --input-path /opt/spark/data/raw --output-path /opt/spark/data/processed. Error code is: 1.; 492)
[2026-08-12T17:07:15.596+0000] {local_task_job_runner.py:243} INFO - Task exited with return code 1
[2026-08-12T17:07:15.637+0000] {taskinstance.py:3503} INFO - 0 downstream tasks scheduled from follow-on schedule check
[2026-08-12T17:07:15.644+0000] {local_task_job_runner.py:222} INFO - ::endgroup::
