[2026-08-21T07:33:45.780+0000] {local_task_job_runner.py:120} INFO - ::group::Pre task execution logs
[2026-08-21T07:33:45.840+0000] {taskinstance.py:2076} INFO - Dependencies all met for dep_context=non-requeueable deps ti=<TaskInstance: clickstream_pipeline.sessionize_events scheduled__2026-08-20T00:00:00+00:00 [queued]>
[2026-08-21T07:33:45.857+0000] {taskinstance.py:2076} INFO - Dependencies all met for dep_context=requeueable deps ti=<TaskInstance: clickstream_pipeline.sessionize_events scheduled__2026-08-20T00:00:00+00:00 [queued]>
[2026-08-21T07:33:45.859+0000] {taskinstance.py:2306} INFO - Starting attempt 1 of 1
[2026-08-21T07:33:45.880+0000] {taskinstance.py:2330} INFO - Executing <Task(SparkSubmitOperator): sessionize_events> on 2026-08-20 00:00:00+00:00
[2026-08-21T07:33:45.894+0000] {logging_mixin.py:188} WARNING - /home/***/.local/lib/python3.12/site-packages/***/task/task_runner/standard_task_runner.py:62 DeprecationWarning: This process (pid=446) is multi-threaded, use of fork() may lead to deadlocks in the child.
[2026-08-21T07:33:45.893+0000] {standard_task_runner.py:90} INFO - Running: ['***', 'tasks', 'run', 'clickstream_pipeline', 'sessionize_events', 'scheduled__2026-08-20T00:00:00+00:00', '--job-id', '39', '--raw', '--subdir', 'DAGS_FOLDER/clickstream_pipeline_dag.py', '--cfg-path', '/tmp/tmpfyna_f42']
[2026-08-21T07:33:45.897+0000] {standard_task_runner.py:64} INFO - Started process 447 to run task
[2026-08-21T07:33:45.899+0000] {standard_task_runner.py:91} INFO - Job 39: Subtask sessionize_events
[2026-08-21T07:33:46.000+0000] {task_command.py:426} INFO - Running <TaskInstance: clickstream_pipeline.sessionize_events scheduled__2026-08-20T00:00:00+00:00 [running]> on host fddce5c4ea74
[2026-08-21T07:33:46.113+0000] {taskinstance.py:2648} INFO - Exporting env vars: AIRFLOW_CTX_DAG_OWNER='***' AIRFLOW_CTX_DAG_ID='clickstream_pipeline' AIRFLOW_CTX_TASK_ID='sessionize_events' AIRFLOW_CTX_EXECUTION_DATE='2026-08-20T00:00:00+00:00' AIRFLOW_CTX_TRY_NUMBER='1' AIRFLOW_CTX_DAG_RUN_ID='scheduled__2026-08-20T00:00:00+00:00'
[2026-08-21T07:33:46.114+0000] {taskinstance.py:430} INFO - ::endgroup::
[2026-08-21T07:33:46.134+0000] {base.py:84} INFO - Using connection ID 'spark_default' for task execution.
[2026-08-21T07:33:46.136+0000] {spark_submit.py:473} INFO - Spark-Submit cmd: spark-submit --master spark://spark-master:7077 --conf spark.sql.sources.partitionOverwriteMode=dynamic --conf spark.hadoop.mapreduce.fileoutputcommitter.algorithm.version=2 --name arrow-spark --verbose /opt/spark/jobs/sessionize_events.py --input-path /opt/spark/data/processed --output-path /opt/spark/data/aggregated
[2026-08-21T07:33:47.363+0000] {spark_submit.py:634} INFO - Using properties file: null
[2026-08-21T07:33:47.492+0000] {spark_submit.py:634} INFO - Parsed arguments:
[2026-08-21T07:33:47.494+0000] {spark_submit.py:634} INFO - master                  spark://spark-master:7077
[2026-08-21T07:33:47.495+0000] {spark_submit.py:634} INFO - remote                  null
[2026-08-21T07:33:47.496+0000] {spark_submit.py:634} INFO - deployMode              null
[2026-08-21T07:33:47.497+0000] {spark_submit.py:634} INFO - executorMemory          null
[2026-08-21T07:33:47.498+0000] {spark_submit.py:634} INFO - executorCores           null
[2026-08-21T07:33:47.499+0000] {spark_submit.py:634} INFO - totalExecutorCores      null
[2026-08-21T07:33:47.500+0000] {spark_submit.py:634} INFO - propertiesFile          null
[2026-08-21T07:33:47.501+0000] {spark_submit.py:634} INFO - driverMemory            null
[2026-08-21T07:33:47.502+0000] {spark_submit.py:634} INFO - driverCores             null
[2026-08-21T07:33:47.503+0000] {spark_submit.py:634} INFO - driverExtraClassPath    null
[2026-08-21T07:33:47.504+0000] {spark_submit.py:634} INFO - driverExtraLibraryPath  null
[2026-08-21T07:33:47.505+0000] {spark_submit.py:634} INFO - driverExtraJavaOptions  null
[2026-08-21T07:33:47.506+0000] {spark_submit.py:634} INFO - supervise               false
[2026-08-21T07:33:47.507+0000] {spark_submit.py:634} INFO - queue                   null
[2026-08-21T07:33:47.508+0000] {spark_submit.py:634} INFO - numExecutors            null
[2026-08-21T07:33:47.509+0000] {spark_submit.py:634} INFO - files                   null
[2026-08-21T07:33:47.510+0000] {spark_submit.py:634} INFO - pyFiles                 null
[2026-08-21T07:33:47.511+0000] {spark_submit.py:634} INFO - archives                null
[2026-08-21T07:33:47.512+0000] {spark_submit.py:634} INFO - mainClass               null
[2026-08-21T07:33:47.513+0000] {spark_submit.py:634} INFO - primaryResource         file:/opt/spark/jobs/sessionize_events.py
[2026-08-21T07:33:47.515+0000] {spark_submit.py:634} INFO - name                    arrow-spark
[2026-08-21T07:33:47.515+0000] {spark_submit.py:634} INFO - childArgs               [--input-path /opt/spark/data/processed --output-path /opt/spark/data/aggregated]
[2026-08-21T07:33:47.516+0000] {spark_submit.py:634} INFO - jars                    null
[2026-08-21T07:33:47.517+0000] {spark_submit.py:634} INFO - packages                null
[2026-08-21T07:33:47.518+0000] {spark_submit.py:634} INFO - packagesExclusions      null
[2026-08-21T07:33:47.519+0000] {spark_submit.py:634} INFO - repositories            null
[2026-08-21T07:33:47.520+0000] {spark_submit.py:634} INFO - verbose                 true
[2026-08-21T07:33:47.521+0000] {spark_submit.py:634} INFO - 
[2026-08-21T07:33:47.522+0000] {spark_submit.py:634} INFO - Spark properties used, including those specified through
[2026-08-21T07:33:47.523+0000] {spark_submit.py:634} INFO - --conf and those from the properties file null:
[2026-08-21T07:33:47.523+0000] {spark_submit.py:634} INFO - (spark.hadoop.mapreduce.fileoutputcommitter.algorithm.version,2)
[2026-08-21T07:33:47.525+0000] {spark_submit.py:634} INFO - (spark.sql.sources.partitionOverwriteMode,dynamic)
[2026-08-21T07:33:47.525+0000] {spark_submit.py:634} INFO - 
[2026-08-21T07:33:47.526+0000] {spark_submit.py:634} INFO - 
[2026-08-21T07:33:47.784+0000] {spark_submit.py:634} INFO - Main class:
[2026-08-21T07:33:47.786+0000] {spark_submit.py:634} INFO - org.apache.spark.deploy.PythonRunner
[2026-08-21T07:33:47.787+0000] {spark_submit.py:634} INFO - Arguments:
[2026-08-21T07:33:47.788+0000] {spark_submit.py:634} INFO - file:/opt/spark/jobs/sessionize_events.py
[2026-08-21T07:33:47.789+0000] {spark_submit.py:634} INFO - null
[2026-08-21T07:33:47.790+0000] {spark_submit.py:634} INFO - --input-path
[2026-08-21T07:33:47.791+0000] {spark_submit.py:634} INFO - /opt/spark/data/processed
[2026-08-21T07:33:47.792+0000] {spark_submit.py:634} INFO - --output-path
[2026-08-21T07:33:47.793+0000] {spark_submit.py:634} INFO - /opt/spark/data/aggregated
[2026-08-21T07:33:47.795+0000] {spark_submit.py:634} INFO - Spark config:
[2026-08-21T07:33:47.796+0000] {spark_submit.py:634} INFO - (spark.app.name,arrow-spark)
[2026-08-21T07:33:47.797+0000] {spark_submit.py:634} INFO - (spark.app.submitTime,1787297627761)
[2026-08-21T07:33:47.798+0000] {spark_submit.py:634} INFO - (spark.hadoop.mapreduce.fileoutputcommitter.algorithm.version,2)
[2026-08-21T07:33:47.799+0000] {spark_submit.py:634} INFO - (spark.master,spark://spark-master:7077)
[2026-08-21T07:33:47.800+0000] {spark_submit.py:634} INFO - (spark.sql.sources.partitionOverwriteMode,dynamic)
[2026-08-21T07:33:47.801+0000] {spark_submit.py:634} INFO - (spark.submit.deployMode,client)
[2026-08-21T07:33:47.802+0000] {spark_submit.py:634} INFO - (spark.submit.pyFiles,)
[2026-08-21T07:33:47.803+0000] {spark_submit.py:634} INFO - Classpath elements:
[2026-08-21T07:33:47.804+0000] {spark_submit.py:634} INFO - 
[2026-08-21T07:33:47.804+0000] {spark_submit.py:634} INFO - 
[2026-08-21T07:33:47.805+0000] {spark_submit.py:634} INFO - 
[2026-08-21T07:33:48.973+0000] {spark_submit.py:634} INFO - 26/08/21 07:33:48 INFO SparkContext: Running Spark version 3.5.1
[2026-08-21T07:33:48.977+0000] {spark_submit.py:634} INFO - 26/08/21 07:33:48 INFO SparkContext: OS info Linux, 6.18.33.2-microsoft-standard-WSL2, amd64
[2026-08-21T07:33:48.979+0000] {spark_submit.py:634} INFO - 26/08/21 07:33:48 INFO SparkContext: Java version 17.0.20
[2026-08-21T07:33:49.051+0000] {spark_submit.py:634} INFO - 26/08/21 07:33:49 WARN NativeCodeLoader: Unable to load native-hadoop library for your platform... using builtin-java classes where applicable
[2026-08-21T07:33:49.176+0000] {spark_submit.py:634} INFO - 26/08/21 07:33:49 INFO ResourceUtils: ==============================================================
[2026-08-21T07:33:49.179+0000] {spark_submit.py:634} INFO - 26/08/21 07:33:49 INFO ResourceUtils: No custom resources configured for spark.driver.
[2026-08-21T07:33:49.181+0000] {spark_submit.py:634} INFO - 26/08/21 07:33:49 INFO ResourceUtils: ==============================================================
[2026-08-21T07:33:49.182+0000] {spark_submit.py:634} INFO - 26/08/21 07:33:49 INFO SparkContext: Submitted application: sessionize_events
[2026-08-21T07:33:49.203+0000] {spark_submit.py:634} INFO - 26/08/21 07:33:49 INFO ResourceProfile: Default ResourceProfile created, executor resources: Map(memory -> name: memory, amount: 1024, script: , vendor: , offHeap -> name: offHeap, amount: 0, script: , vendor: ), task resources: Map(cpus -> name: cpus, amount: 1.0)
[2026-08-21T07:33:49.213+0000] {spark_submit.py:634} INFO - 26/08/21 07:33:49 INFO ResourceProfile: Limiting resource is cpu
[2026-08-21T07:33:49.214+0000] {spark_submit.py:634} INFO - 26/08/21 07:33:49 INFO ResourceProfileManager: Added ResourceProfile id: 0
[2026-08-21T07:33:49.275+0000] {spark_submit.py:634} INFO - 26/08/21 07:33:49 INFO SecurityManager: Changing view acls to: root
[2026-08-21T07:33:49.277+0000] {spark_submit.py:634} INFO - 26/08/21 07:33:49 INFO SecurityManager: Changing modify acls to: root
[2026-08-21T07:33:49.278+0000] {spark_submit.py:634} INFO - 26/08/21 07:33:49 INFO SecurityManager: Changing view acls groups to:
[2026-08-21T07:33:49.279+0000] {spark_submit.py:634} INFO - 26/08/21 07:33:49 INFO SecurityManager: Changing modify acls groups to:
[2026-08-21T07:33:49.281+0000] {spark_submit.py:634} INFO - 26/08/21 07:33:49 INFO SecurityManager: SecurityManager: authentication disabled; ui acls disabled; users with view permissions: root; groups with view permissions: EMPTY; users with modify permissions: root; groups with modify permissions: EMPTY
[2026-08-21T07:33:49.551+0000] {spark_submit.py:634} INFO - 26/08/21 07:33:49 INFO Utils: Successfully started service 'sparkDriver' on port 46679.
[2026-08-21T07:33:49.592+0000] {spark_submit.py:634} INFO - 26/08/21 07:33:49 INFO SparkEnv: Registering MapOutputTracker
[2026-08-21T07:33:49.640+0000] {spark_submit.py:634} INFO - 26/08/21 07:33:49 INFO SparkEnv: Registering BlockManagerMaster
[2026-08-21T07:33:49.665+0000] {spark_submit.py:634} INFO - 26/08/21 07:33:49 INFO BlockManagerMasterEndpoint: Using org.apache.spark.storage.DefaultTopologyMapper for getting topology information
[2026-08-21T07:33:49.667+0000] {spark_submit.py:634} INFO - 26/08/21 07:33:49 INFO BlockManagerMasterEndpoint: BlockManagerMasterEndpoint up
[2026-08-21T07:33:49.671+0000] {spark_submit.py:634} INFO - 26/08/21 07:33:49 INFO SparkEnv: Registering BlockManagerMasterHeartbeat
[2026-08-21T07:33:49.700+0000] {spark_submit.py:634} INFO - 26/08/21 07:33:49 INFO DiskBlockManager: Created local directory at /tmp/blockmgr-b5bfd4d8-cee1-4b23-907f-72e021b59f49
[2026-08-21T07:33:49.718+0000] {spark_submit.py:634} INFO - 26/08/21 07:33:49 INFO MemoryStore: MemoryStore started with capacity 434.4 MiB
[2026-08-21T07:33:49.742+0000] {spark_submit.py:634} INFO - 26/08/21 07:33:49 INFO SparkEnv: Registering OutputCommitCoordinator
[2026-08-21T07:33:49.891+0000] {spark_submit.py:634} INFO - 26/08/21 07:33:49 INFO JettyUtils: Start Jetty 0.0.0.0:4040 for SparkUI
[2026-08-21T07:33:49.975+0000] {spark_submit.py:634} INFO - 26/08/21 07:33:49 INFO Utils: Successfully started service 'SparkUI' on port 4040.
[2026-08-21T07:33:50.150+0000] {spark_submit.py:634} INFO - 26/08/21 07:33:50 INFO StandaloneAppClient$ClientEndpoint: Connecting to master spark://spark-master:7077...
[2026-08-21T07:33:50.202+0000] {spark_submit.py:634} INFO - 26/08/21 07:33:50 INFO TransportClientFactory: Successfully created connection to spark-master/172.18.0.4:7077 after 27 ms (0 ms spent in bootstraps)
[2026-08-21T07:33:50.295+0000] {spark_submit.py:634} INFO - 26/08/21 07:33:50 INFO StandaloneSchedulerBackend: Connected to Spark cluster with app ID app-20260821073350-0001
[2026-08-21T07:33:50.300+0000] {spark_submit.py:634} INFO - 26/08/21 07:33:50 INFO StandaloneAppClient$ClientEndpoint: Executor added: app-20260821073350-0001/0 on worker-20260821073244-172.18.0.3-35789 (172.18.0.3:35789) with 2 core(s)
[2026-08-21T07:33:50.303+0000] {spark_submit.py:634} INFO - 26/08/21 07:33:50 INFO StandaloneSchedulerBackend: Granted executor ID app-20260821073350-0001/0 on hostPort 172.18.0.3:35789 with 2 core(s), 1024.0 MiB RAM
[2026-08-21T07:33:50.318+0000] {spark_submit.py:634} INFO - 26/08/21 07:33:50 INFO Utils: Successfully started service 'org.apache.spark.network.netty.NettyBlockTransferService' on port 34299.
[2026-08-21T07:33:50.321+0000] {spark_submit.py:634} INFO - 26/08/21 07:33:50 INFO NettyBlockTransferService: Server created on fddce5c4ea74:34299
[2026-08-21T07:33:50.323+0000] {spark_submit.py:634} INFO - 26/08/21 07:33:50 INFO BlockManager: Using org.apache.spark.storage.RandomBlockReplicationPolicy for block replication policy
[2026-08-21T07:33:50.334+0000] {spark_submit.py:634} INFO - 26/08/21 07:33:50 INFO BlockManagerMaster: Registering BlockManager BlockManagerId(driver, fddce5c4ea74, 34299, None)
[2026-08-21T07:33:50.341+0000] {spark_submit.py:634} INFO - 26/08/21 07:33:50 INFO BlockManagerMasterEndpoint: Registering block manager fddce5c4ea74:34299 with 434.4 MiB RAM, BlockManagerId(driver, fddce5c4ea74, 34299, None)
[2026-08-21T07:33:50.347+0000] {spark_submit.py:634} INFO - 26/08/21 07:33:50 INFO BlockManagerMaster: Registered BlockManager BlockManagerId(driver, fddce5c4ea74, 34299, None)
[2026-08-21T07:33:50.349+0000] {spark_submit.py:634} INFO - 26/08/21 07:33:50 INFO BlockManager: Initialized BlockManager: BlockManagerId(driver, fddce5c4ea74, 34299, None)
[2026-08-21T07:33:50.360+0000] {spark_submit.py:634} INFO - 26/08/21 07:33:50 INFO StandaloneAppClient$ClientEndpoint: Executor updated: app-20260821073350-0001/0 is now RUNNING
[2026-08-21T07:33:50.689+0000] {spark_submit.py:634} INFO - 26/08/21 07:33:50 INFO StandaloneSchedulerBackend: SchedulerBackend is ready for scheduling beginning after reached minRegisteredResourcesRatio: 0.0
[2026-08-21T07:34:11.666+0000] {spark_submit.py:634} INFO - [sessionize_events] Derived 5280 sessions from 16000 events
[2026-08-21T07:36:10.937+0000] {spark_submit.py:634} INFO - [sessionize_events] Wrote sessions and daily_metrics to /opt/spark/data/aggregated
[2026-08-21T07:36:10.939+0000] {spark_submit.py:634} INFO - [sessionize_events] Daily metrics preview:
[2026-08-21T07:36:22.040+0000] {spark_submit.py:634} INFO - +----------+------------------+--------------+----------------------------+---------------------+-------------------+-----------------------+-------------------+-------------------------+----------------------+------------------------+
[2026-08-21T07:36:22.053+0000] {spark_submit.py:634} INFO - |dt        |daily_active_users|total_sessions|avg_session_duration_seconds|avg_pages_per_session|converting_sessions|sessions_with_page_view|sessions_with_click|sessions_with_add_to_cart|sessions_with_purchase|purchase_conversion_rate|
[2026-08-21T07:36:22.079+0000] {spark_submit.py:634} INFO - +----------+------------------+--------------+----------------------------+---------------------+-------------------+-----------------------+-------------------+-------------------------+----------------------+------------------------+
[2026-08-21T07:36:22.083+0000] {spark_submit.py:634} INFO - |2026-08-12|200               |730           |22.016438356164382          |2.426027397260274    |139                |582                    |366                |230                      |139                   |0.23883161512027493     |
[2026-08-21T07:36:22.094+0000] {spark_submit.py:634} INFO - |2026-08-13|185               |185           |21.42162162162162           |2.427027027027027    |35                 |155                    |95                 |52                       |35                    |0.22580645161290322     |
[2026-08-21T07:36:22.095+0000] {spark_submit.py:634} INFO - |2026-08-14|200               |558           |476.93548387096774          |2.9659498207885306   |118                |467                    |318                |220                      |118                   |0.25267665952890794     |
[2026-08-21T07:36:22.097+0000] {spark_submit.py:634} INFO - |2026-08-15|197               |361           |23.14681440443213           |2.4155124653739612   |56                 |294                    |186                |113                      |56                    |0.19047619047619047     |
[2026-08-21T07:36:22.098+0000] {spark_submit.py:634} INFO - |2026-08-16|200               |550           |21.774545454545454          |2.42                 |106                |450                    |275                |165                      |106                   |0.23555555555555555     |
[2026-08-21T07:36:22.100+0000] {spark_submit.py:634} INFO - |2026-08-17|200               |743           |21.927321668909826          |2.3849259757738897   |138                |619                    |370                |196                      |138                   |0.22294022617124395     |
[2026-08-21T07:36:22.101+0000] {spark_submit.py:634} INFO - |2026-08-18|200               |566           |72.2226148409894            |2.980565371024735    |106                |478                    |330                |240                      |106                   |0.2217573221757322      |
[2026-08-21T07:36:22.102+0000] {spark_submit.py:634} INFO - |2026-08-19|200               |1214          |185.33855024711696          |2.7808896210873146   |236                |1047                   |636                |420                      |236                   |0.22540592168099333     |
[2026-08-21T07:36:22.108+0000] {spark_submit.py:634} INFO - |2026-08-20|200               |373           |22.37533512064343           |2.4075067024128685   |52                 |298                    |199                |115                      |52                    |0.174496644295302       |
[2026-08-21T07:36:22.114+0000] {spark_submit.py:634} INFO - +----------+------------------+--------------+----------------------------+---------------------+-------------------+-----------------------+-------------------+-------------------------+----------------------+------------------------+
[2026-08-21T07:36:22.123+0000] {spark_submit.py:634} INFO - 
[2026-08-21T07:36:22.607+0000] {taskinstance.py:441} INFO - ::group::Post task execution logs
[2026-08-21T07:36:22.618+0000] {taskinstance.py:1206} INFO - Marking task as SUCCESS. dag_id=clickstream_pipeline, task_id=sessionize_events, run_id=scheduled__2026-08-20T00:00:00+00:00, execution_date=20260820T000000, start_date=20260821T073345, end_date=20260821T073622
[2026-08-21T07:36:22.646+0000] {local_task_job_runner.py:243} INFO - Task exited with return code 0
[2026-08-21T07:36:22.677+0000] {taskinstance.py:3503} INFO - 1 downstream tasks scheduled from follow-on schedule check
[2026-08-21T07:36:22.681+0000] {local_task_job_runner.py:222} INFO - ::endgroup::
