[2026-08-20T13:12:03.589+0000] {local_task_job_runner.py:120} INFO - ::group::Pre task execution logs
[2026-08-20T13:12:03.627+0000] {taskinstance.py:2076} INFO - Dependencies all met for dep_context=non-requeueable deps ti=<TaskInstance: clickstream_pipeline.clean_events manual__2026-08-20T13:12:02.789566+00:00 [queued]>
[2026-08-20T13:12:03.635+0000] {taskinstance.py:2076} INFO - Dependencies all met for dep_context=requeueable deps ti=<TaskInstance: clickstream_pipeline.clean_events manual__2026-08-20T13:12:02.789566+00:00 [queued]>
[2026-08-20T13:12:03.636+0000] {taskinstance.py:2306} INFO - Starting attempt 1 of 1
[2026-08-20T13:12:03.653+0000] {taskinstance.py:2330} INFO - Executing <Task(SparkSubmitOperator): clean_events> on 2026-08-20 13:12:02.789566+00:00
[2026-08-20T13:12:03.662+0000] {logging_mixin.py:188} WARNING - /home/***/.local/lib/python3.12/site-packages/***/task/task_runner/standard_task_runner.py:62 DeprecationWarning: This process (pid=339) is multi-threaded, use of fork() may lead to deadlocks in the child.
[2026-08-20T13:12:03.664+0000] {standard_task_runner.py:64} INFO - Started process 340 to run task
[2026-08-20T13:12:03.661+0000] {standard_task_runner.py:90} INFO - Running: ['***', 'tasks', 'run', 'clickstream_pipeline', 'clean_events', 'manual__2026-08-20T13:12:02.789566+00:00', '--job-id', '26', '--raw', '--subdir', 'DAGS_FOLDER/clickstream_pipeline_dag.py', '--cfg-path', '/tmp/tmp2y03tlxh']
[2026-08-20T13:12:03.665+0000] {standard_task_runner.py:91} INFO - Job 26: Subtask clean_events
[2026-08-20T13:12:03.728+0000] {task_command.py:426} INFO - Running <TaskInstance: clickstream_pipeline.clean_events manual__2026-08-20T13:12:02.789566+00:00 [running]> on host fddce5c4ea74
[2026-08-20T13:12:03.834+0000] {taskinstance.py:2648} INFO - Exporting env vars: AIRFLOW_CTX_DAG_OWNER='***' AIRFLOW_CTX_DAG_ID='clickstream_pipeline' AIRFLOW_CTX_TASK_ID='clean_events' AIRFLOW_CTX_EXECUTION_DATE='2026-08-20T13:12:02.789566+00:00' AIRFLOW_CTX_TRY_NUMBER='1' AIRFLOW_CTX_DAG_RUN_ID='manual__2026-08-20T13:12:02.789566+00:00'
[2026-08-20T13:12:03.835+0000] {taskinstance.py:430} INFO - ::endgroup::
[2026-08-20T13:12:03.870+0000] {base.py:84} INFO - Using connection ID 'spark_default' for task execution.
[2026-08-20T13:12:03.872+0000] {spark_submit.py:473} INFO - Spark-Submit cmd: spark-submit --master spark://spark-master:7077 --conf spark.sql.sources.partitionOverwriteMode=dynamic --conf spark.hadoop.mapreduce.fileoutputcommitter.algorithm.version=2 --name arrow-spark --verbose /opt/spark/jobs/clean_events.py --input-path /opt/spark/data/raw --output-path /opt/spark/data/processed
[2026-08-20T13:12:05.215+0000] {spark_submit.py:634} INFO - Using properties file: null
[2026-08-20T13:12:05.308+0000] {spark_submit.py:634} INFO - Parsed arguments:
[2026-08-20T13:12:05.310+0000] {spark_submit.py:634} INFO - master                  spark://spark-master:7077
[2026-08-20T13:12:05.311+0000] {spark_submit.py:634} INFO - remote                  null
[2026-08-20T13:12:05.311+0000] {spark_submit.py:634} INFO - deployMode              null
[2026-08-20T13:12:05.312+0000] {spark_submit.py:634} INFO - executorMemory          null
[2026-08-20T13:12:05.313+0000] {spark_submit.py:634} INFO - executorCores           null
[2026-08-20T13:12:05.314+0000] {spark_submit.py:634} INFO - totalExecutorCores      null
[2026-08-20T13:12:05.314+0000] {spark_submit.py:634} INFO - propertiesFile          null
[2026-08-20T13:12:05.315+0000] {spark_submit.py:634} INFO - driverMemory            null
[2026-08-20T13:12:05.316+0000] {spark_submit.py:634} INFO - driverCores             null
[2026-08-20T13:12:05.316+0000] {spark_submit.py:634} INFO - driverExtraClassPath    null
[2026-08-20T13:12:05.317+0000] {spark_submit.py:634} INFO - driverExtraLibraryPath  null
[2026-08-20T13:12:05.317+0000] {spark_submit.py:634} INFO - driverExtraJavaOptions  null
[2026-08-20T13:12:05.319+0000] {spark_submit.py:634} INFO - supervise               false
[2026-08-20T13:12:05.320+0000] {spark_submit.py:634} INFO - queue                   null
[2026-08-20T13:12:05.321+0000] {spark_submit.py:634} INFO - numExecutors            null
[2026-08-20T13:12:05.322+0000] {spark_submit.py:634} INFO - files                   null
[2026-08-20T13:12:05.323+0000] {spark_submit.py:634} INFO - pyFiles                 null
[2026-08-20T13:12:05.323+0000] {spark_submit.py:634} INFO - archives                null
[2026-08-20T13:12:05.324+0000] {spark_submit.py:634} INFO - mainClass               null
[2026-08-20T13:12:05.325+0000] {spark_submit.py:634} INFO - primaryResource         file:/opt/spark/jobs/clean_events.py
[2026-08-20T13:12:05.325+0000] {spark_submit.py:634} INFO - name                    arrow-spark
[2026-08-20T13:12:05.327+0000] {spark_submit.py:634} INFO - childArgs               [--input-path /opt/spark/data/raw --output-path /opt/spark/data/processed]
[2026-08-20T13:12:05.328+0000] {spark_submit.py:634} INFO - jars                    null
[2026-08-20T13:12:05.329+0000] {spark_submit.py:634} INFO - packages                null
[2026-08-20T13:12:05.330+0000] {spark_submit.py:634} INFO - packagesExclusions      null
[2026-08-20T13:12:05.330+0000] {spark_submit.py:634} INFO - repositories            null
[2026-08-20T13:12:05.331+0000] {spark_submit.py:634} INFO - verbose                 true
[2026-08-20T13:12:05.332+0000] {spark_submit.py:634} INFO - 
[2026-08-20T13:12:05.332+0000] {spark_submit.py:634} INFO - Spark properties used, including those specified through
[2026-08-20T13:12:05.334+0000] {spark_submit.py:634} INFO - --conf and those from the properties file null:
[2026-08-20T13:12:05.335+0000] {spark_submit.py:634} INFO - (spark.hadoop.mapreduce.fileoutputcommitter.algorithm.version,2)
[2026-08-20T13:12:05.336+0000] {spark_submit.py:634} INFO - (spark.sql.sources.partitionOverwriteMode,dynamic)
[2026-08-20T13:12:05.337+0000] {spark_submit.py:634} INFO - 
[2026-08-20T13:12:05.338+0000] {spark_submit.py:634} INFO - 
[2026-08-20T13:12:05.574+0000] {spark_submit.py:634} INFO - Main class:
[2026-08-20T13:12:05.576+0000] {spark_submit.py:634} INFO - org.apache.spark.deploy.PythonRunner
[2026-08-20T13:12:05.577+0000] {spark_submit.py:634} INFO - Arguments:
[2026-08-20T13:12:05.577+0000] {spark_submit.py:634} INFO - file:/opt/spark/jobs/clean_events.py
[2026-08-20T13:12:05.578+0000] {spark_submit.py:634} INFO - null
[2026-08-20T13:12:05.579+0000] {spark_submit.py:634} INFO - --input-path
[2026-08-20T13:12:05.579+0000] {spark_submit.py:634} INFO - /opt/spark/data/raw
[2026-08-20T13:12:05.580+0000] {spark_submit.py:634} INFO - --output-path
[2026-08-20T13:12:05.580+0000] {spark_submit.py:634} INFO - /opt/spark/data/processed
[2026-08-20T13:12:05.581+0000] {spark_submit.py:634} INFO - Spark config:
[2026-08-20T13:12:05.582+0000] {spark_submit.py:634} INFO - (spark.app.name,arrow-spark)
[2026-08-20T13:12:05.583+0000] {spark_submit.py:634} INFO - (spark.app.submitTime,1787231525560)
[2026-08-20T13:12:05.583+0000] {spark_submit.py:634} INFO - (spark.hadoop.mapreduce.fileoutputcommitter.algorithm.version,2)
[2026-08-20T13:12:05.585+0000] {spark_submit.py:634} INFO - (spark.master,spark://spark-master:7077)
[2026-08-20T13:12:05.586+0000] {spark_submit.py:634} INFO - (spark.sql.sources.partitionOverwriteMode,dynamic)
[2026-08-20T13:12:05.586+0000] {spark_submit.py:634} INFO - (spark.submit.deployMode,client)
[2026-08-20T13:12:05.587+0000] {spark_submit.py:634} INFO - (spark.submit.pyFiles,)
[2026-08-20T13:12:05.589+0000] {spark_submit.py:634} INFO - Classpath elements:
[2026-08-20T13:12:05.590+0000] {spark_submit.py:634} INFO - 
[2026-08-20T13:12:05.591+0000] {spark_submit.py:634} INFO - 
[2026-08-20T13:12:05.591+0000] {spark_submit.py:634} INFO - 
[2026-08-20T13:12:06.482+0000] {spark_submit.py:634} INFO - 26/08/20 13:12:06 INFO SparkContext: Running Spark version 3.5.1
[2026-08-20T13:12:06.483+0000] {spark_submit.py:634} INFO - 26/08/20 13:12:06 INFO SparkContext: OS info Linux, 6.18.33.2-microsoft-standard-WSL2, amd64
[2026-08-20T13:12:06.485+0000] {spark_submit.py:634} INFO - 26/08/20 13:12:06 INFO SparkContext: Java version 17.0.20
[2026-08-20T13:12:06.550+0000] {spark_submit.py:634} INFO - 26/08/20 13:12:06 WARN NativeCodeLoader: Unable to load native-hadoop library for your platform... using builtin-java classes where applicable
[2026-08-20T13:12:06.640+0000] {spark_submit.py:634} INFO - 26/08/20 13:12:06 INFO ResourceUtils: ==============================================================
[2026-08-20T13:12:06.642+0000] {spark_submit.py:634} INFO - 26/08/20 13:12:06 INFO ResourceUtils: No custom resources configured for spark.driver.
[2026-08-20T13:12:06.642+0000] {spark_submit.py:634} INFO - 26/08/20 13:12:06 INFO ResourceUtils: ==============================================================
[2026-08-20T13:12:06.643+0000] {spark_submit.py:634} INFO - 26/08/20 13:12:06 INFO SparkContext: Submitted application: clean_events
[2026-08-20T13:12:06.659+0000] {spark_submit.py:634} INFO - 26/08/20 13:12:06 INFO ResourceProfile: Default ResourceProfile created, executor resources: Map(memory -> name: memory, amount: 1024, script: , vendor: , offHeap -> name: offHeap, amount: 0, script: , vendor: ), task resources: Map(cpus -> name: cpus, amount: 1.0)
[2026-08-20T13:12:06.667+0000] {spark_submit.py:634} INFO - 26/08/20 13:12:06 INFO ResourceProfile: Limiting resource is cpu
[2026-08-20T13:12:06.668+0000] {spark_submit.py:634} INFO - 26/08/20 13:12:06 INFO ResourceProfileManager: Added ResourceProfile id: 0
[2026-08-20T13:12:06.718+0000] {spark_submit.py:634} INFO - 26/08/20 13:12:06 INFO SecurityManager: Changing view acls to: root
[2026-08-20T13:12:06.719+0000] {spark_submit.py:634} INFO - 26/08/20 13:12:06 INFO SecurityManager: Changing modify acls to: root
[2026-08-20T13:12:06.720+0000] {spark_submit.py:634} INFO - 26/08/20 13:12:06 INFO SecurityManager: Changing view acls groups to:
[2026-08-20T13:12:06.721+0000] {spark_submit.py:634} INFO - 26/08/20 13:12:06 INFO SecurityManager: Changing modify acls groups to:
[2026-08-20T13:12:06.722+0000] {spark_submit.py:634} INFO - 26/08/20 13:12:06 INFO SecurityManager: SecurityManager: authentication disabled; ui acls disabled; users with view permissions: root; groups with view permissions: EMPTY; users with modify permissions: root; groups with modify permissions: EMPTY
[2026-08-20T13:12:06.974+0000] {spark_submit.py:634} INFO - 26/08/20 13:12:06 INFO Utils: Successfully started service 'sparkDriver' on port 33237.
[2026-08-20T13:12:07.013+0000] {spark_submit.py:634} INFO - 26/08/20 13:12:07 INFO SparkEnv: Registering MapOutputTracker
[2026-08-20T13:12:07.051+0000] {spark_submit.py:634} INFO - 26/08/20 13:12:07 INFO SparkEnv: Registering BlockManagerMaster
[2026-08-20T13:12:07.075+0000] {spark_submit.py:634} INFO - 26/08/20 13:12:07 INFO BlockManagerMasterEndpoint: Using org.apache.spark.storage.DefaultTopologyMapper for getting topology information
[2026-08-20T13:12:07.077+0000] {spark_submit.py:634} INFO - 26/08/20 13:12:07 INFO BlockManagerMasterEndpoint: BlockManagerMasterEndpoint up
[2026-08-20T13:12:07.081+0000] {spark_submit.py:634} INFO - 26/08/20 13:12:07 INFO SparkEnv: Registering BlockManagerMasterHeartbeat
[2026-08-20T13:12:07.105+0000] {spark_submit.py:634} INFO - 26/08/20 13:12:07 INFO DiskBlockManager: Created local directory at /tmp/blockmgr-20bf821d-ab1b-4361-b553-b569d9249fd3
[2026-08-20T13:12:07.120+0000] {spark_submit.py:634} INFO - 26/08/20 13:12:07 INFO MemoryStore: MemoryStore started with capacity 434.4 MiB
[2026-08-20T13:12:07.137+0000] {spark_submit.py:634} INFO - 26/08/20 13:12:07 INFO SparkEnv: Registering OutputCommitCoordinator
[2026-08-20T13:12:07.246+0000] {spark_submit.py:634} INFO - 26/08/20 13:12:07 INFO JettyUtils: Start Jetty 0.0.0.0:4040 for SparkUI
[2026-08-20T13:12:07.307+0000] {spark_submit.py:634} INFO - 26/08/20 13:12:07 INFO Utils: Successfully started service 'SparkUI' on port 4040.
[2026-08-20T13:12:07.415+0000] {spark_submit.py:634} INFO - 26/08/20 13:12:07 INFO StandaloneAppClient$ClientEndpoint: Connecting to master spark://spark-master:7077...
[2026-08-20T13:12:07.456+0000] {spark_submit.py:634} INFO - 26/08/20 13:12:07 INFO TransportClientFactory: Successfully created connection to spark-master/172.18.0.3:7077 after 22 ms (0 ms spent in bootstraps)
[2026-08-20T13:12:07.627+0000] {spark_submit.py:634} INFO - 26/08/20 13:12:07 INFO StandaloneSchedulerBackend: Connected to Spark cluster with app ID app-20260820131207-0000
[2026-08-20T13:12:07.642+0000] {spark_submit.py:634} INFO - 26/08/20 13:12:07 INFO Utils: Successfully started service 'org.apache.spark.network.netty.NettyBlockTransferService' on port 33007.
[2026-08-20T13:12:07.648+0000] {spark_submit.py:634} INFO - 26/08/20 13:12:07 INFO NettyBlockTransferService: Server created on fddce5c4ea74:33007
[2026-08-20T13:12:07.649+0000] {spark_submit.py:634} INFO - 26/08/20 13:12:07 INFO BlockManager: Using org.apache.spark.storage.RandomBlockReplicationPolicy for block replication policy
[2026-08-20T13:12:07.652+0000] {spark_submit.py:634} INFO - 26/08/20 13:12:07 INFO BlockManagerMaster: Registering BlockManager BlockManagerId(driver, fddce5c4ea74, 33007, None)
[2026-08-20T13:12:07.656+0000] {spark_submit.py:634} INFO - 26/08/20 13:12:07 INFO BlockManagerMasterEndpoint: Registering block manager fddce5c4ea74:33007 with 434.4 MiB RAM, BlockManagerId(driver, fddce5c4ea74, 33007, None)
[2026-08-20T13:12:07.658+0000] {spark_submit.py:634} INFO - 26/08/20 13:12:07 INFO BlockManagerMaster: Registered BlockManager BlockManagerId(driver, fddce5c4ea74, 33007, None)
[2026-08-20T13:12:07.659+0000] {spark_submit.py:634} INFO - 26/08/20 13:12:07 INFO BlockManager: Initialized BlockManager: BlockManagerId(driver, fddce5c4ea74, 33007, None)
[2026-08-20T13:12:07.668+0000] {spark_submit.py:634} INFO - 26/08/20 13:12:07 INFO StandaloneAppClient$ClientEndpoint: Executor added: app-20260820131207-0000/0 on worker-20260820130831-172.18.0.6-33481 (172.18.0.6:33481) with 2 core(s)
[2026-08-20T13:12:07.671+0000] {spark_submit.py:634} INFO - 26/08/20 13:12:07 INFO StandaloneSchedulerBackend: Granted executor ID app-20260820131207-0000/0 on hostPort 172.18.0.6:33481 with 2 core(s), 1024.0 MiB RAM
[2026-08-20T13:12:07.821+0000] {spark_submit.py:634} INFO - 26/08/20 13:12:07 INFO StandaloneAppClient$ClientEndpoint: Executor updated: app-20260820131207-0000/0 is now RUNNING
[2026-08-20T13:12:07.875+0000] {spark_submit.py:634} INFO - 26/08/20 13:12:07 INFO StandaloneSchedulerBackend: SchedulerBackend is ready for scheduling beginning after reached minRegisteredResourcesRatio: 0.0
[2026-08-20T13:12:18.535+0000] {spark_submit.py:634} INFO - [clean_events] Read 2000 raw rows, kept 2000, dropped 0
[2026-08-20T13:12:24.426+0000] {spark_submit.py:634} INFO - [clean_events] Wrote cleaned data to /opt/spark/data/processed
[2026-08-20T13:12:25.002+0000] {taskinstance.py:441} INFO - ::group::Post task execution logs
[2026-08-20T13:12:25.012+0000] {taskinstance.py:1206} INFO - Marking task as SUCCESS. dag_id=clickstream_pipeline, task_id=clean_events, run_id=manual__2026-08-20T13:12:02.789566+00:00, execution_date=20260820T131202, start_date=20260820T131203, end_date=20260820T131225
[2026-08-20T13:12:25.061+0000] {local_task_job_runner.py:243} INFO - Task exited with return code 0
[2026-08-20T13:12:25.082+0000] {taskinstance.py:3503} INFO - 1 downstream tasks scheduled from follow-on schedule check
[2026-08-20T13:12:25.087+0000] {local_task_job_runner.py:222} INFO - ::endgroup::
