[2026-08-12T17:15:27.039+0000] {local_task_job_runner.py:120} INFO - ::group::Pre task execution logs
[2026-08-12T17:15:27.114+0000] {taskinstance.py:2076} INFO - Dependencies all met for dep_context=non-requeueable deps ti=<TaskInstance: clickstream_clean_events.clean_events manual__2026-08-12T17:15:26.673137+00:00 [queued]>
[2026-08-12T17:15:27.133+0000] {taskinstance.py:2076} INFO - Dependencies all met for dep_context=requeueable deps ti=<TaskInstance: clickstream_clean_events.clean_events manual__2026-08-12T17:15:26.673137+00:00 [queued]>
[2026-08-12T17:15:27.134+0000] {taskinstance.py:2306} INFO - Starting attempt 1 of 1
[2026-08-12T17:15:27.166+0000] {taskinstance.py:2330} INFO - Executing <Task(SparkSubmitOperator): clean_events> on 2026-08-12 17:15:26.673137+00:00
[2026-08-12T17:15:27.186+0000] {logging_mixin.py:188} WARNING - /home/***/.local/lib/python3.12/site-packages/***/task/task_runner/standard_task_runner.py:62 DeprecationWarning: This process (pid=329) is multi-threaded, use of fork() may lead to deadlocks in the child.
[2026-08-12T17:15:27.184+0000] {standard_task_runner.py:90} INFO - Running: ['***', 'tasks', 'run', 'clickstream_clean_events', 'clean_events', 'manual__2026-08-12T17:15:26.673137+00:00', '--job-id', '12', '--raw', '--subdir', 'DAGS_FOLDER/clickstream_clean_events_dag.py', '--cfg-path', '/tmp/tmpn7cbp1p_']
[2026-08-12T17:15:27.189+0000] {standard_task_runner.py:64} INFO - Started process 330 to run task
[2026-08-12T17:15:27.190+0000] {standard_task_runner.py:91} INFO - Job 12: Subtask clean_events
[2026-08-12T17:15:27.299+0000] {task_command.py:426} INFO - Running <TaskInstance: clickstream_clean_events.clean_events manual__2026-08-12T17:15:26.673137+00:00 [running]> on host a3064e4d9a40
[2026-08-12T17:15:27.466+0000] {taskinstance.py:2648} INFO - Exporting env vars: AIRFLOW_CTX_DAG_OWNER='***' AIRFLOW_CTX_DAG_ID='clickstream_clean_events' AIRFLOW_CTX_TASK_ID='clean_events' AIRFLOW_CTX_EXECUTION_DATE='2026-08-12T17:15:26.673137+00:00' AIRFLOW_CTX_TRY_NUMBER='1' AIRFLOW_CTX_DAG_RUN_ID='manual__2026-08-12T17:15:26.673137+00:00'
[2026-08-12T17:15:27.468+0000] {taskinstance.py:430} INFO - ::endgroup::
[2026-08-12T17:15:27.528+0000] {base.py:84} INFO - Using connection ID 'spark_default' for task execution.
[2026-08-12T17:15:27.531+0000] {spark_submit.py:473} INFO - Spark-Submit cmd: spark-submit --master spark://spark-master:7077 --conf spark.sql.sources.partitionOverwriteMode=dynamic --name arrow-spark --verbose /opt/spark/jobs/clean_events.py --input-path /opt/spark/data/raw --output-path /opt/spark/data/processed
[2026-08-12T17:15:29.794+0000] {spark_submit.py:634} INFO - Using properties file: null
[2026-08-12T17:15:29.987+0000] {spark_submit.py:634} INFO - Parsed arguments:
[2026-08-12T17:15:29.989+0000] {spark_submit.py:634} INFO - master                  spark://spark-master:7077
[2026-08-12T17:15:29.993+0000] {spark_submit.py:634} INFO - remote                  null
[2026-08-12T17:15:29.995+0000] {spark_submit.py:634} INFO - deployMode              null
[2026-08-12T17:15:29.998+0000] {spark_submit.py:634} INFO - executorMemory          null
[2026-08-12T17:15:29.999+0000] {spark_submit.py:634} INFO - executorCores           null
[2026-08-12T17:15:30.001+0000] {spark_submit.py:634} INFO - totalExecutorCores      null
[2026-08-12T17:15:30.004+0000] {spark_submit.py:634} INFO - propertiesFile          null
[2026-08-12T17:15:30.007+0000] {spark_submit.py:634} INFO - driverMemory            null
[2026-08-12T17:15:30.010+0000] {spark_submit.py:634} INFO - driverCores             null
[2026-08-12T17:15:30.012+0000] {spark_submit.py:634} INFO - driverExtraClassPath    null
[2026-08-12T17:15:30.013+0000] {spark_submit.py:634} INFO - driverExtraLibraryPath  null
[2026-08-12T17:15:30.017+0000] {spark_submit.py:634} INFO - driverExtraJavaOptions  null
[2026-08-12T17:15:30.019+0000] {spark_submit.py:634} INFO - supervise               false
[2026-08-12T17:15:30.021+0000] {spark_submit.py:634} INFO - queue                   null
[2026-08-12T17:15:30.023+0000] {spark_submit.py:634} INFO - numExecutors            null
[2026-08-12T17:15:30.026+0000] {spark_submit.py:634} INFO - files                   null
[2026-08-12T17:15:30.028+0000] {spark_submit.py:634} INFO - pyFiles                 null
[2026-08-12T17:15:30.030+0000] {spark_submit.py:634} INFO - archives                null
[2026-08-12T17:15:30.032+0000] {spark_submit.py:634} INFO - mainClass               null
[2026-08-12T17:15:30.034+0000] {spark_submit.py:634} INFO - primaryResource         file:/opt/spark/jobs/clean_events.py
[2026-08-12T17:15:30.036+0000] {spark_submit.py:634} INFO - name                    arrow-spark
[2026-08-12T17:15:30.038+0000] {spark_submit.py:634} INFO - childArgs               [--input-path /opt/spark/data/raw --output-path /opt/spark/data/processed]
[2026-08-12T17:15:30.040+0000] {spark_submit.py:634} INFO - jars                    null
[2026-08-12T17:15:30.043+0000] {spark_submit.py:634} INFO - packages                null
[2026-08-12T17:15:30.045+0000] {spark_submit.py:634} INFO - packagesExclusions      null
[2026-08-12T17:15:30.047+0000] {spark_submit.py:634} INFO - repositories            null
[2026-08-12T17:15:30.049+0000] {spark_submit.py:634} INFO - verbose                 true
[2026-08-12T17:15:30.050+0000] {spark_submit.py:634} INFO - 
[2026-08-12T17:15:30.052+0000] {spark_submit.py:634} INFO - Spark properties used, including those specified through
[2026-08-12T17:15:30.054+0000] {spark_submit.py:634} INFO - --conf and those from the properties file null:
[2026-08-12T17:15:30.057+0000] {spark_submit.py:634} INFO - (spark.sql.sources.partitionOverwriteMode,dynamic)
[2026-08-12T17:15:30.059+0000] {spark_submit.py:634} INFO - 
[2026-08-12T17:15:30.061+0000] {spark_submit.py:634} INFO - 
[2026-08-12T17:15:30.591+0000] {spark_submit.py:634} INFO - Main class:
[2026-08-12T17:15:30.594+0000] {spark_submit.py:634} INFO - org.apache.spark.deploy.PythonRunner
[2026-08-12T17:15:30.596+0000] {spark_submit.py:634} INFO - Arguments:
[2026-08-12T17:15:30.598+0000] {spark_submit.py:634} INFO - file:/opt/spark/jobs/clean_events.py
[2026-08-12T17:15:30.600+0000] {spark_submit.py:634} INFO - null
[2026-08-12T17:15:30.602+0000] {spark_submit.py:634} INFO - --input-path
[2026-08-12T17:15:30.604+0000] {spark_submit.py:634} INFO - /opt/spark/data/raw
[2026-08-12T17:15:30.607+0000] {spark_submit.py:634} INFO - --output-path
[2026-08-12T17:15:30.610+0000] {spark_submit.py:634} INFO - /opt/spark/data/processed
[2026-08-12T17:15:30.612+0000] {spark_submit.py:634} INFO - Spark config:
[2026-08-12T17:15:30.615+0000] {spark_submit.py:634} INFO - (spark.app.name,arrow-spark)
[2026-08-12T17:15:30.616+0000] {spark_submit.py:634} INFO - (spark.app.submitTime,1786554930547)
[2026-08-12T17:15:30.618+0000] {spark_submit.py:634} INFO - (spark.master,spark://spark-master:7077)
[2026-08-12T17:15:30.620+0000] {spark_submit.py:634} INFO - (spark.sql.sources.partitionOverwriteMode,dynamic)
[2026-08-12T17:15:30.622+0000] {spark_submit.py:634} INFO - (spark.submit.deployMode,client)
[2026-08-12T17:15:30.624+0000] {spark_submit.py:634} INFO - (spark.submit.pyFiles,)
[2026-08-12T17:15:30.627+0000] {spark_submit.py:634} INFO - Classpath elements:
[2026-08-12T17:15:30.629+0000] {spark_submit.py:634} INFO - 
[2026-08-12T17:15:30.630+0000] {spark_submit.py:634} INFO - 
[2026-08-12T17:15:30.632+0000] {spark_submit.py:634} INFO - 
[2026-08-12T17:15:34.073+0000] {spark_submit.py:634} INFO - 26/08/12 17:15:34 INFO SparkContext: Running Spark version 3.5.1
[2026-08-12T17:15:34.080+0000] {spark_submit.py:634} INFO - 26/08/12 17:15:34 INFO SparkContext: OS info Linux, 6.18.33.2-microsoft-standard-WSL2, amd64
[2026-08-12T17:15:34.083+0000] {spark_submit.py:634} INFO - 26/08/12 17:15:34 INFO SparkContext: Java version 17.0.20
[2026-08-12T17:15:34.268+0000] {spark_submit.py:634} INFO - 26/08/12 17:15:34 WARN NativeCodeLoader: Unable to load native-hadoop library for your platform... using builtin-java classes where applicable
[2026-08-12T17:15:34.672+0000] {spark_submit.py:634} INFO - 26/08/12 17:15:34 INFO ResourceUtils: ==============================================================
[2026-08-12T17:15:34.676+0000] {spark_submit.py:634} INFO - 26/08/12 17:15:34 INFO ResourceUtils: No custom resources configured for spark.driver.
[2026-08-12T17:15:34.680+0000] {spark_submit.py:634} INFO - 26/08/12 17:15:34 INFO ResourceUtils: ==============================================================
[2026-08-12T17:15:34.689+0000] {spark_submit.py:634} INFO - 26/08/12 17:15:34 INFO SparkContext: Submitted application: clean_events
[2026-08-12T17:15:34.765+0000] {spark_submit.py:634} INFO - 26/08/12 17:15:34 INFO ResourceProfile: Default ResourceProfile created, executor resources: Map(memory -> name: memory, amount: 1024, script: , vendor: , offHeap -> name: offHeap, amount: 0, script: , vendor: ), task resources: Map(cpus -> name: cpus, amount: 1.0)
[2026-08-12T17:15:34.797+0000] {spark_submit.py:634} INFO - 26/08/12 17:15:34 INFO ResourceProfile: Limiting resource is cpu
[2026-08-12T17:15:34.799+0000] {spark_submit.py:634} INFO - 26/08/12 17:15:34 INFO ResourceProfileManager: Added ResourceProfile id: 0
[2026-08-12T17:15:34.977+0000] {spark_submit.py:634} INFO - 26/08/12 17:15:34 INFO SecurityManager: Changing view acls to: ***
[2026-08-12T17:15:34.980+0000] {spark_submit.py:634} INFO - 26/08/12 17:15:34 INFO SecurityManager: Changing modify acls to: ***
[2026-08-12T17:15:34.983+0000] {spark_submit.py:634} INFO - 26/08/12 17:15:34 INFO SecurityManager: Changing view acls groups to:
[2026-08-12T17:15:34.987+0000] {spark_submit.py:634} INFO - 26/08/12 17:15:34 INFO SecurityManager: Changing modify acls groups to:
[2026-08-12T17:15:34.990+0000] {spark_submit.py:634} INFO - 26/08/12 17:15:34 INFO SecurityManager: SecurityManager: authentication disabled; ui acls disabled; users with view permissions: ***; groups with view permissions: EMPTY; users with modify permissions: ***; groups with modify permissions: EMPTY
[2026-08-12T17:15:35.733+0000] {spark_submit.py:634} INFO - 26/08/12 17:15:35 INFO Utils: Successfully started service 'sparkDriver' on port 36131.
[2026-08-12T17:15:35.826+0000] {spark_submit.py:634} INFO - 26/08/12 17:15:35 INFO SparkEnv: Registering MapOutputTracker
[2026-08-12T17:15:35.932+0000] {spark_submit.py:634} INFO - 26/08/12 17:15:35 INFO SparkEnv: Registering BlockManagerMaster
[2026-08-12T17:15:35.993+0000] {spark_submit.py:634} INFO - 26/08/12 17:15:35 INFO BlockManagerMasterEndpoint: Using org.apache.spark.storage.DefaultTopologyMapper for getting topology information
[2026-08-12T17:15:35.996+0000] {spark_submit.py:634} INFO - 26/08/12 17:15:35 INFO BlockManagerMasterEndpoint: BlockManagerMasterEndpoint up
[2026-08-12T17:15:36.008+0000] {spark_submit.py:634} INFO - 26/08/12 17:15:36 INFO SparkEnv: Registering BlockManagerMasterHeartbeat
[2026-08-12T17:15:36.054+0000] {spark_submit.py:634} INFO - 26/08/12 17:15:36 INFO DiskBlockManager: Created local directory at /tmp/blockmgr-3dc5700e-8de2-4e31-9a3a-e2ee58c44f35
[2026-08-12T17:15:36.097+0000] {spark_submit.py:634} INFO - 26/08/12 17:15:36 INFO MemoryStore: MemoryStore started with capacity 434.4 MiB
[2026-08-12T17:15:36.142+0000] {spark_submit.py:634} INFO - 26/08/12 17:15:36 INFO SparkEnv: Registering OutputCommitCoordinator
[2026-08-12T17:15:36.542+0000] {spark_submit.py:634} INFO - 26/08/12 17:15:36 INFO JettyUtils: Start Jetty 0.0.0.0:4040 for SparkUI
[2026-08-12T17:15:36.788+0000] {spark_submit.py:634} INFO - 26/08/12 17:15:36 INFO Utils: Successfully started service 'SparkUI' on port 4040.
[2026-08-12T17:15:37.143+0000] {spark_submit.py:634} INFO - 26/08/12 17:15:37 INFO StandaloneAppClient$ClientEndpoint: Connecting to master spark://spark-master:7077...
[2026-08-12T17:15:37.269+0000] {spark_submit.py:634} INFO - 26/08/12 17:15:37 INFO TransportClientFactory: Successfully created connection to spark-master/172.18.0.2:7077 after 67 ms (0 ms spent in bootstraps)
[2026-08-12T17:15:37.715+0000] {spark_submit.py:634} INFO - 26/08/12 17:15:37 INFO StandaloneSchedulerBackend: Connected to Spark cluster with app ID app-20260812171537-0000
[2026-08-12T17:15:37.741+0000] {spark_submit.py:634} INFO - 26/08/12 17:15:37 INFO Utils: Successfully started service 'org.apache.spark.network.netty.NettyBlockTransferService' on port 36681.
[2026-08-12T17:15:37.744+0000] {spark_submit.py:634} INFO - 26/08/12 17:15:37 INFO NettyBlockTransferService: Server created on a3064e4d9a40:36681
[2026-08-12T17:15:37.748+0000] {spark_submit.py:634} INFO - 26/08/12 17:15:37 INFO BlockManager: Using org.apache.spark.storage.RandomBlockReplicationPolicy for block replication policy
[2026-08-12T17:15:37.773+0000] {spark_submit.py:634} INFO - 26/08/12 17:15:37 INFO BlockManagerMaster: Registering BlockManager BlockManagerId(driver, a3064e4d9a40, 36681, None)
[2026-08-12T17:15:37.784+0000] {spark_submit.py:634} INFO - 26/08/12 17:15:37 INFO BlockManagerMasterEndpoint: Registering block manager a3064e4d9a40:36681 with 434.4 MiB RAM, BlockManagerId(driver, a3064e4d9a40, 36681, None)
[2026-08-12T17:15:37.787+0000] {spark_submit.py:634} INFO - 26/08/12 17:15:37 INFO StandaloneAppClient$ClientEndpoint: Executor added: app-20260812171537-0000/0 on worker-20260812165632-172.18.0.4-45475 (172.18.0.4:45475) with 2 core(s)
[2026-08-12T17:15:37.790+0000] {spark_submit.py:634} INFO - 26/08/12 17:15:37 INFO StandaloneSchedulerBackend: Granted executor ID app-20260812171537-0000/0 on hostPort 172.18.0.4:45475 with 2 core(s), 1024.0 MiB RAM
[2026-08-12T17:15:37.793+0000] {spark_submit.py:634} INFO - 26/08/12 17:15:37 INFO BlockManagerMaster: Registered BlockManager BlockManagerId(driver, a3064e4d9a40, 36681, None)
[2026-08-12T17:15:37.799+0000] {spark_submit.py:634} INFO - 26/08/12 17:15:37 INFO BlockManager: Initialized BlockManager: BlockManagerId(driver, a3064e4d9a40, 36681, None)
[2026-08-12T17:15:38.371+0000] {spark_submit.py:634} INFO - 26/08/12 17:15:38 INFO StandaloneAppClient$ClientEndpoint: Executor updated: app-20260812171537-0000/0 is now RUNNING
[2026-08-12T17:15:38.803+0000] {spark_submit.py:634} INFO - 26/08/12 17:15:38 INFO StandaloneSchedulerBackend: SchedulerBackend is ready for scheduling beginning after reached minRegisteredResourcesRatio: 0.0
[2026-08-12T17:16:07.265+0000] {spark_submit.py:634} INFO - [clean_events] Read 2000 raw rows, kept 2000, dropped 0
[2026-08-12T17:16:09.878+0000] {spark_submit.py:634} INFO - 26/08/12 17:16:09 ERROR FileOutputCommitter: Mkdirs failed to create file:/opt/spark/data/processed/.spark-staging-d04fce95-97fc-45d7-8b89-55eebfa900b5/_temporary/0
[2026-08-12T17:16:16.691+0000] {spark_submit.py:634} INFO - 26/08/12 17:16:16 ERROR FileFormatWriter: Aborting job 689f864e-8a2d-410c-b6be-1b6d1b25a32e.
[2026-08-12T17:16:16.694+0000] {spark_submit.py:634} INFO - java.io.IOException: Failed to rename DeprecatedRawLocalFileStatus{path=file:/opt/spark/data/processed/.spark-staging-d04fce95-97fc-45d7-8b89-55eebfa900b5/_temporary/0/task_202608121716103838213741738683676_0012_m_000000/dt=2026-08-12; isDirectory=true; modification_time=1786554976046; access_time=1786554976046; owner=; group=; permission=rwxrwxrwx; isSymlink=false; hasAcl=false; isEncrypted=false; isErasureCoded=false} to file:/opt/spark/data/processed/.spark-staging-d04fce95-97fc-45d7-8b89-55eebfa900b5/dt=2026-08-12
[2026-08-12T17:16:16.696+0000] {spark_submit.py:634} INFO - at org.apache.hadoop.mapreduce.lib.output.FileOutputCommitter.renameOrMerge(FileOutputCommitter.java:510)
[2026-08-12T17:16:16.698+0000] {spark_submit.py:634} INFO - at org.apache.hadoop.mapreduce.lib.output.FileOutputCommitter.mergePaths(FileOutputCommitter.java:494)
[2026-08-12T17:16:16.700+0000] {spark_submit.py:634} INFO - at org.apache.hadoop.mapreduce.lib.output.FileOutputCommitter.mergePaths(FileOutputCommitter.java:490)
[2026-08-12T17:16:16.703+0000] {spark_submit.py:634} INFO - at org.apache.hadoop.mapreduce.lib.output.FileOutputCommitter.commitJobInternal(FileOutputCommitter.java:405)
[2026-08-12T17:16:16.705+0000] {spark_submit.py:634} INFO - at org.apache.hadoop.mapreduce.lib.output.FileOutputCommitter.commitJob(FileOutputCommitter.java:377)
[2026-08-12T17:16:16.707+0000] {spark_submit.py:634} INFO - at org.apache.parquet.hadoop.ParquetOutputCommitter.commitJob(ParquetOutputCommitter.java:48)
[2026-08-12T17:16:16.709+0000] {spark_submit.py:634} INFO - at org.apache.spark.internal.io.HadoopMapReduceCommitProtocol.commitJob(HadoopMapReduceCommitProtocol.scala:192)
[2026-08-12T17:16:16.711+0000] {spark_submit.py:634} INFO - at org.apache.spark.sql.execution.datasources.FileFormatWriter$.$anonfun$writeAndCommit$3(FileFormatWriter.scala:275)
[2026-08-12T17:16:16.713+0000] {spark_submit.py:634} INFO - at scala.runtime.java8.JFunction0$mcV$sp.apply(JFunction0$mcV$sp.java:23)
[2026-08-12T17:16:16.715+0000] {spark_submit.py:634} INFO - at org.apache.spark.util.Utils$.timeTakenMs(Utils.scala:552)
[2026-08-12T17:16:16.717+0000] {spark_submit.py:634} INFO - at org.apache.spark.sql.execution.datasources.FileFormatWriter$.writeAndCommit(FileFormatWriter.scala:275)
[2026-08-12T17:16:16.718+0000] {spark_submit.py:634} INFO - at org.apache.spark.sql.execution.datasources.FileFormatWriter$.executeWrite(FileFormatWriter.scala:304)
[2026-08-12T17:16:16.720+0000] {spark_submit.py:634} INFO - at org.apache.spark.sql.execution.datasources.FileFormatWriter$.write(FileFormatWriter.scala:190)
[2026-08-12T17:16:16.721+0000] {spark_submit.py:634} INFO - at org.apache.spark.sql.execution.datasources.InsertIntoHadoopFsRelationCommand.run(InsertIntoHadoopFsRelationCommand.scala:190)
[2026-08-12T17:16:16.723+0000] {spark_submit.py:634} INFO - at org.apache.spark.sql.execution.command.DataWritingCommandExec.sideEffectResult$lzycompute(commands.scala:113)
[2026-08-12T17:16:16.724+0000] {spark_submit.py:634} INFO - at org.apache.spark.sql.execution.command.DataWritingCommandExec.sideEffectResult(commands.scala:111)
[2026-08-12T17:16:16.726+0000] {spark_submit.py:634} INFO - at org.apache.spark.sql.execution.command.DataWritingCommandExec.executeCollect(commands.scala:125)
[2026-08-12T17:16:16.727+0000] {spark_submit.py:634} INFO - at org.apache.spark.sql.execution.adaptive.AdaptiveSparkPlanExec.$anonfun$executeCollect$1(AdaptiveSparkPlanExec.scala:390)
[2026-08-12T17:16:16.729+0000] {spark_submit.py:634} INFO - at org.apache.spark.sql.execution.adaptive.AdaptiveSparkPlanExec.withFinalPlanUpdate(AdaptiveSparkPlanExec.scala:418)
[2026-08-12T17:16:16.730+0000] {spark_submit.py:634} INFO - at org.apache.spark.sql.execution.adaptive.AdaptiveSparkPlanExec.executeCollect(AdaptiveSparkPlanExec.scala:390)
[2026-08-12T17:16:16.732+0000] {spark_submit.py:634} INFO - at org.apache.spark.sql.execution.QueryExecution$$anonfun$eagerlyExecuteCommands$1.$anonfun$applyOrElse$1(QueryExecution.scala:107)
[2026-08-12T17:16:16.733+0000] {spark_submit.py:634} INFO - at org.apache.spark.sql.execution.SQLExecution$.$anonfun$withNewExecutionId$6(SQLExecution.scala:125)
[2026-08-12T17:16:16.735+0000] {spark_submit.py:634} INFO - at org.apache.spark.sql.execution.SQLExecution$.withSQLConfPropagated(SQLExecution.scala:201)
[2026-08-12T17:16:16.736+0000] {spark_submit.py:634} INFO - at org.apache.spark.sql.execution.SQLExecution$.$anonfun$withNewExecutionId$1(SQLExecution.scala:108)
[2026-08-12T17:16:16.738+0000] {spark_submit.py:634} INFO - at org.apache.spark.sql.SparkSession.withActive(SparkSession.scala:900)
[2026-08-12T17:16:16.740+0000] {spark_submit.py:634} INFO - at org.apache.spark.sql.execution.SQLExecution$.withNewExecutionId(SQLExecution.scala:66)
[2026-08-12T17:16:16.741+0000] {spark_submit.py:634} INFO - at org.apache.spark.sql.execution.QueryExecution$$anonfun$eagerlyExecuteCommands$1.applyOrElse(QueryExecution.scala:107)
[2026-08-12T17:16:16.743+0000] {spark_submit.py:634} INFO - at org.apache.spark.sql.execution.QueryExecution$$anonfun$eagerlyExecuteCommands$1.applyOrElse(QueryExecution.scala:98)
[2026-08-12T17:16:16.744+0000] {spark_submit.py:634} INFO - at org.apache.spark.sql.catalyst.trees.TreeNode.$anonfun$transformDownWithPruning$1(TreeNode.scala:461)
[2026-08-12T17:16:16.746+0000] {spark_submit.py:634} INFO - at org.apache.spark.sql.catalyst.trees.CurrentOrigin$.withOrigin(origin.scala:76)
[2026-08-12T17:16:16.747+0000] {spark_submit.py:634} INFO - at org.apache.spark.sql.catalyst.trees.TreeNode.transformDownWithPruning(TreeNode.scala:461)
[2026-08-12T17:16:16.749+0000] {spark_submit.py:634} INFO - at org.apache.spark.sql.catalyst.plans.logical.LogicalPlan.org$apache$spark$sql$catalyst$plans$logical$AnalysisHelper$$super$transformDownWithPruning(LogicalPlan.scala:32)
[2026-08-12T17:16:16.750+0000] {spark_submit.py:634} INFO - at org.apache.spark.sql.catalyst.plans.logical.AnalysisHelper.transformDownWithPruning(AnalysisHelper.scala:267)
[2026-08-12T17:16:16.752+0000] {spark_submit.py:634} INFO - at org.apache.spark.sql.catalyst.plans.logical.AnalysisHelper.transformDownWithPruning$(AnalysisHelper.scala:263)
[2026-08-12T17:16:16.753+0000] {spark_submit.py:634} INFO - at org.apache.spark.sql.catalyst.plans.logical.LogicalPlan.transformDownWithPruning(LogicalPlan.scala:32)
[2026-08-12T17:16:16.754+0000] {spark_submit.py:634} INFO - at org.apache.spark.sql.catalyst.plans.logical.LogicalPlan.transformDownWithPruning(LogicalPlan.scala:32)
[2026-08-12T17:16:16.756+0000] {spark_submit.py:634} INFO - at org.apache.spark.sql.catalyst.trees.TreeNode.transformDown(TreeNode.scala:437)
[2026-08-12T17:16:16.758+0000] {spark_submit.py:634} INFO - at org.apache.spark.sql.execution.QueryExecution.eagerlyExecuteCommands(QueryExecution.scala:98)
[2026-08-12T17:16:16.759+0000] {spark_submit.py:634} INFO - at org.apache.spark.sql.execution.QueryExecution.commandExecuted$lzycompute(QueryExecution.scala:85)
[2026-08-12T17:16:16.761+0000] {spark_submit.py:634} INFO - at org.apache.spark.sql.execution.QueryExecution.commandExecuted(QueryExecution.scala:83)
[2026-08-12T17:16:16.762+0000] {spark_submit.py:634} INFO - at org.apache.spark.sql.execution.QueryExecution.assertCommandExecuted(QueryExecution.scala:142)
[2026-08-12T17:16:16.764+0000] {spark_submit.py:634} INFO - at org.apache.spark.sql.DataFrameWriter.runCommand(DataFrameWriter.scala:859)
[2026-08-12T17:16:16.766+0000] {spark_submit.py:634} INFO - at org.apache.spark.sql.DataFrameWriter.saveToV1Source(DataFrameWriter.scala:388)
[2026-08-12T17:16:16.767+0000] {spark_submit.py:634} INFO - at org.apache.spark.sql.DataFrameWriter.saveInternal(DataFrameWriter.scala:361)
[2026-08-12T17:16:16.768+0000] {spark_submit.py:634} INFO - at org.apache.spark.sql.DataFrameWriter.save(DataFrameWriter.scala:240)
[2026-08-12T17:16:16.770+0000] {spark_submit.py:634} INFO - at org.apache.spark.sql.DataFrameWriter.parquet(DataFrameWriter.scala:792)
[2026-08-12T17:16:16.771+0000] {spark_submit.py:634} INFO - at java.base/jdk.internal.reflect.NativeMethodAccessorImpl.invoke0(Native Method)
[2026-08-12T17:16:16.773+0000] {spark_submit.py:634} INFO - at java.base/jdk.internal.reflect.NativeMethodAccessorImpl.invoke(NativeMethodAccessorImpl.java:77)
[2026-08-12T17:16:16.774+0000] {spark_submit.py:634} INFO - at java.base/jdk.internal.reflect.DelegatingMethodAccessorImpl.invoke(DelegatingMethodAccessorImpl.java:43)
[2026-08-12T17:16:16.775+0000] {spark_submit.py:634} INFO - at java.base/java.lang.reflect.Method.invoke(Method.java:569)
[2026-08-12T17:16:16.777+0000] {spark_submit.py:634} INFO - at py4j.reflection.MethodInvoker.invoke(MethodInvoker.java:244)
[2026-08-12T17:16:16.778+0000] {spark_submit.py:634} INFO - at py4j.reflection.ReflectionEngine.invoke(ReflectionEngine.java:374)
[2026-08-12T17:16:16.779+0000] {spark_submit.py:634} INFO - at py4j.Gateway.invoke(Gateway.java:282)
[2026-08-12T17:16:16.781+0000] {spark_submit.py:634} INFO - at py4j.commands.AbstractCommand.invokeMethod(AbstractCommand.java:132)
[2026-08-12T17:16:16.782+0000] {spark_submit.py:634} INFO - at py4j.commands.CallCommand.execute(CallCommand.java:79)
[2026-08-12T17:16:16.784+0000] {spark_submit.py:634} INFO - at py4j.ClientServerConnection.waitForCommands(ClientServerConnection.java:182)
[2026-08-12T17:16:16.785+0000] {spark_submit.py:634} INFO - at py4j.ClientServerConnection.run(ClientServerConnection.java:106)
[2026-08-12T17:16:16.787+0000] {spark_submit.py:634} INFO - at java.base/java.lang.Thread.run(Thread.java:840)
[2026-08-12T17:16:16.865+0000] {spark_submit.py:634} INFO - 26/08/12 17:16:16 WARN FileUtil: Failed to delete file or dir [/opt/spark/data/processed/.spark-staging-d04fce95-97fc-45d7-8b89-55eebfa900b5/_temporary/0/task_202608121716103838213741738683676_0012_m_000000/dt=2026-08-12/hour=05/.part-00000-d04fce95-97fc-45d7-8b89-55eebfa900b5.c000.snappy.parquet.crc]: it still exists.
[2026-08-12T17:16:16.891+0000] {spark_submit.py:634} INFO - 26/08/12 17:16:16 WARN FileUtil: Failed to delete file or dir [/opt/spark/data/processed/.spark-staging-d04fce95-97fc-45d7-8b89-55eebfa900b5/_temporary/0/task_202608121716103838213741738683676_0012_m_000000/dt=2026-08-12/hour=05/part-00000-d04fce95-97fc-45d7-8b89-55eebfa900b5.c000.snappy.parquet]: it still exists.
[2026-08-12T17:16:16.954+0000] {spark_submit.py:634} INFO - 26/08/12 17:16:16 WARN FileUtil: Failed to delete file or dir [/opt/spark/data/processed/.spark-staging-d04fce95-97fc-45d7-8b89-55eebfa900b5/_temporary/0/task_202608121716103838213741738683676_0012_m_000000/dt=2026-08-12/hour=06/.part-00000-d04fce95-97fc-45d7-8b89-55eebfa900b5.c000.snappy.parquet.crc]: it still exists.
[2026-08-12T17:16:16.976+0000] {spark_submit.py:634} INFO - 26/08/12 17:16:16 WARN FileUtil: Failed to delete file or dir [/opt/spark/data/processed/.spark-staging-d04fce95-97fc-45d7-8b89-55eebfa900b5/_temporary/0/task_202608121716103838213741738683676_0012_m_000000/dt=2026-08-12/hour=06/part-00000-d04fce95-97fc-45d7-8b89-55eebfa900b5.c000.snappy.parquet]: it still exists.
[2026-08-12T17:16:17.045+0000] {spark_submit.py:634} INFO - 26/08/12 17:16:17 WARN FileUtil: Failed to delete file or dir [/opt/spark/data/processed/.spark-staging-d04fce95-97fc-45d7-8b89-55eebfa900b5/_temporary/0/task_202608121716103838213741738683676_0012_m_000000/dt=2026-08-12/hour=08/.part-00000-d04fce95-97fc-45d7-8b89-55eebfa900b5.c000.snappy.parquet.crc]: it still exists.
[2026-08-12T17:16:17.074+0000] {spark_submit.py:634} INFO - 26/08/12 17:16:17 WARN FileUtil: Failed to delete file or dir [/opt/spark/data/processed/.spark-staging-d04fce95-97fc-45d7-8b89-55eebfa900b5/_temporary/0/task_202608121716103838213741738683676_0012_m_000000/dt=2026-08-12/hour=08/part-00000-d04fce95-97fc-45d7-8b89-55eebfa900b5.c000.snappy.parquet]: it still exists.
[2026-08-12T17:16:17.157+0000] {spark_submit.py:634} INFO - 26/08/12 17:16:17 WARN FileUtil: Failed to delete file or dir [/opt/spark/data/processed/.spark-staging-d04fce95-97fc-45d7-8b89-55eebfa900b5/_temporary/0/task_202608121716103838213741738683676_0012_m_000000/dt=2026-08-12/hour=09/.part-00000-d04fce95-97fc-45d7-8b89-55eebfa900b5.c000.snappy.parquet.crc]: it still exists.
[2026-08-12T17:16:17.186+0000] {spark_submit.py:634} INFO - 26/08/12 17:16:17 WARN FileUtil: Failed to delete file or dir [/opt/spark/data/processed/.spark-staging-d04fce95-97fc-45d7-8b89-55eebfa900b5/_temporary/0/task_202608121716103838213741738683676_0012_m_000000/dt=2026-08-12/hour=09/part-00000-d04fce95-97fc-45d7-8b89-55eebfa900b5.c000.snappy.parquet]: it still exists.
[2026-08-12T17:16:17.232+0000] {spark_submit.py:634} INFO - 26/08/12 17:16:17 WARN FileUtil: Failed to delete file or dir [/opt/spark/data/processed/.spark-staging-d04fce95-97fc-45d7-8b89-55eebfa900b5/_temporary/0/_temporary]: it still exists.
[2026-08-12T17:16:17.394+0000] {spark_submit.py:634} INFO - 26/08/12 17:16:17 WARN FileUtil: Failed to delete file or dir [/opt/spark/data/processed/.spark-staging-d04fce95-97fc-45d7-8b89-55eebfa900b5/_temporary/0/task_202608121716103838213741738683676_0012_m_000000/dt=2026-08-12/hour=05/.part-00000-d04fce95-97fc-45d7-8b89-55eebfa900b5.c000.snappy.parquet.crc]: it still exists.
[2026-08-12T17:16:17.417+0000] {spark_submit.py:634} INFO - 26/08/12 17:16:17 WARN FileUtil: Failed to delete file or dir [/opt/spark/data/processed/.spark-staging-d04fce95-97fc-45d7-8b89-55eebfa900b5/_temporary/0/task_202608121716103838213741738683676_0012_m_000000/dt=2026-08-12/hour=05/part-00000-d04fce95-97fc-45d7-8b89-55eebfa900b5.c000.snappy.parquet]: it still exists.
[2026-08-12T17:16:17.484+0000] {spark_submit.py:634} INFO - 26/08/12 17:16:17 WARN FileUtil: Failed to delete file or dir [/opt/spark/data/processed/.spark-staging-d04fce95-97fc-45d7-8b89-55eebfa900b5/_temporary/0/task_202608121716103838213741738683676_0012_m_000000/dt=2026-08-12/hour=06/.part-00000-d04fce95-97fc-45d7-8b89-55eebfa900b5.c000.snappy.parquet.crc]: it still exists.
[2026-08-12T17:16:17.510+0000] {spark_submit.py:634} INFO - 26/08/12 17:16:17 WARN FileUtil: Failed to delete file or dir [/opt/spark/data/processed/.spark-staging-d04fce95-97fc-45d7-8b89-55eebfa900b5/_temporary/0/task_202608121716103838213741738683676_0012_m_000000/dt=2026-08-12/hour=06/part-00000-d04fce95-97fc-45d7-8b89-55eebfa900b5.c000.snappy.parquet]: it still exists.
[2026-08-12T17:16:17.577+0000] {spark_submit.py:634} INFO - 26/08/12 17:16:17 WARN FileUtil: Failed to delete file or dir [/opt/spark/data/processed/.spark-staging-d04fce95-97fc-45d7-8b89-55eebfa900b5/_temporary/0/task_202608121716103838213741738683676_0012_m_000000/dt=2026-08-12/hour=08/.part-00000-d04fce95-97fc-45d7-8b89-55eebfa900b5.c000.snappy.parquet.crc]: it still exists.
[2026-08-12T17:16:17.600+0000] {spark_submit.py:634} INFO - 26/08/12 17:16:17 WARN FileUtil: Failed to delete file or dir [/opt/spark/data/processed/.spark-staging-d04fce95-97fc-45d7-8b89-55eebfa900b5/_temporary/0/task_202608121716103838213741738683676_0012_m_000000/dt=2026-08-12/hour=08/part-00000-d04fce95-97fc-45d7-8b89-55eebfa900b5.c000.snappy.parquet]: it still exists.
[2026-08-12T17:16:17.674+0000] {spark_submit.py:634} INFO - 26/08/12 17:16:17 WARN FileUtil: Failed to delete file or dir [/opt/spark/data/processed/.spark-staging-d04fce95-97fc-45d7-8b89-55eebfa900b5/_temporary/0/task_202608121716103838213741738683676_0012_m_000000/dt=2026-08-12/hour=09/.part-00000-d04fce95-97fc-45d7-8b89-55eebfa900b5.c000.snappy.parquet.crc]: it still exists.
[2026-08-12T17:16:17.696+0000] {spark_submit.py:634} INFO - 26/08/12 17:16:17 WARN FileUtil: Failed to delete file or dir [/opt/spark/data/processed/.spark-staging-d04fce95-97fc-45d7-8b89-55eebfa900b5/_temporary/0/task_202608121716103838213741738683676_0012_m_000000/dt=2026-08-12/hour=09/part-00000-d04fce95-97fc-45d7-8b89-55eebfa900b5.c000.snappy.parquet]: it still exists.
[2026-08-12T17:16:17.729+0000] {spark_submit.py:634} INFO - 26/08/12 17:16:17 WARN FileUtil: Failed to delete file or dir [/opt/spark/data/processed/.spark-staging-d04fce95-97fc-45d7-8b89-55eebfa900b5/_temporary/0/_temporary]: it still exists.
[2026-08-12T17:16:17.786+0000] {spark_submit.py:634} INFO - Traceback (most recent call last):
[2026-08-12T17:16:17.788+0000] {spark_submit.py:634} INFO - File "/opt/spark/jobs/clean_events.py", line 121, in <module>
[2026-08-12T17:16:17.791+0000] {spark_submit.py:634} INFO - main()
[2026-08-12T17:16:17.793+0000] {spark_submit.py:634} INFO - File "/opt/spark/jobs/clean_events.py", line 113, in main
[2026-08-12T17:16:17.796+0000] {spark_submit.py:634} INFO - .parquet(args.output_path)
[2026-08-12T17:16:17.798+0000] {spark_submit.py:634} INFO - ^^^^^^^^^^^^^^^^^^^^^^^^^
[2026-08-12T17:16:17.799+0000] {spark_submit.py:634} INFO - File "/home/***/spark/python/lib/pyspark.zip/pyspark/sql/readwriter.py", line 1721, in parquet
[2026-08-12T17:16:17.801+0000] {spark_submit.py:634} INFO - File "/home/***/spark/python/lib/py4j-0.10.9.7-src.zip/py4j/java_gateway.py", line 1322, in __call__
[2026-08-12T17:16:17.803+0000] {spark_submit.py:634} INFO - File "/home/***/spark/python/lib/pyspark.zip/pyspark/errors/exceptions/captured.py", line 179, in deco
[2026-08-12T17:16:17.805+0000] {spark_submit.py:634} INFO - File "/home/***/spark/python/lib/py4j-0.10.9.7-src.zip/py4j/protocol.py", line 326, in get_return_value
[2026-08-12T17:16:17.806+0000] {spark_submit.py:634} INFO - py4j.protocol.Py4JJavaError: An error occurred while calling o79.parquet.
[2026-08-12T17:16:17.808+0000] {spark_submit.py:634} INFO - : java.io.IOException: Failed to rename DeprecatedRawLocalFileStatus{path=file:/opt/spark/data/processed/.spark-staging-d04fce95-97fc-45d7-8b89-55eebfa900b5/_temporary/0/task_202608121716103838213741738683676_0012_m_000000/dt=2026-08-12; isDirectory=true; modification_time=1786554976046; access_time=1786554976046; owner=; group=; permission=rwxrwxrwx; isSymlink=false; hasAcl=false; isEncrypted=false; isErasureCoded=false} to file:/opt/spark/data/processed/.spark-staging-d04fce95-97fc-45d7-8b89-55eebfa900b5/dt=2026-08-12
[2026-08-12T17:16:17.809+0000] {spark_submit.py:634} INFO - at org.apache.hadoop.mapreduce.lib.output.FileOutputCommitter.renameOrMerge(FileOutputCommitter.java:510)
[2026-08-12T17:16:17.811+0000] {spark_submit.py:634} INFO - at org.apache.hadoop.mapreduce.lib.output.FileOutputCommitter.mergePaths(FileOutputCommitter.java:494)
[2026-08-12T17:16:17.813+0000] {spark_submit.py:634} INFO - at org.apache.hadoop.mapreduce.lib.output.FileOutputCommitter.mergePaths(FileOutputCommitter.java:490)
[2026-08-12T17:16:17.814+0000] {spark_submit.py:634} INFO - at org.apache.hadoop.mapreduce.lib.output.FileOutputCommitter.commitJobInternal(FileOutputCommitter.java:405)
[2026-08-12T17:16:17.816+0000] {spark_submit.py:634} INFO - at org.apache.hadoop.mapreduce.lib.output.FileOutputCommitter.commitJob(FileOutputCommitter.java:377)
[2026-08-12T17:16:17.817+0000] {spark_submit.py:634} INFO - at org.apache.parquet.hadoop.ParquetOutputCommitter.commitJob(ParquetOutputCommitter.java:48)
[2026-08-12T17:16:17.819+0000] {spark_submit.py:634} INFO - at org.apache.spark.internal.io.HadoopMapReduceCommitProtocol.commitJob(HadoopMapReduceCommitProtocol.scala:192)
[2026-08-12T17:16:17.821+0000] {spark_submit.py:634} INFO - at org.apache.spark.sql.execution.datasources.FileFormatWriter$.$anonfun$writeAndCommit$3(FileFormatWriter.scala:275)
[2026-08-12T17:16:17.822+0000] {spark_submit.py:634} INFO - at scala.runtime.java8.JFunction0$mcV$sp.apply(JFunction0$mcV$sp.java:23)
[2026-08-12T17:16:17.824+0000] {spark_submit.py:634} INFO - at org.apache.spark.util.Utils$.timeTakenMs(Utils.scala:552)
[2026-08-12T17:16:17.826+0000] {spark_submit.py:634} INFO - at org.apache.spark.sql.execution.datasources.FileFormatWriter$.writeAndCommit(FileFormatWriter.scala:275)
[2026-08-12T17:16:17.827+0000] {spark_submit.py:634} INFO - at org.apache.spark.sql.execution.datasources.FileFormatWriter$.executeWrite(FileFormatWriter.scala:304)
[2026-08-12T17:16:17.829+0000] {spark_submit.py:634} INFO - at org.apache.spark.sql.execution.datasources.FileFormatWriter$.write(FileFormatWriter.scala:190)
[2026-08-12T17:16:17.830+0000] {spark_submit.py:634} INFO - at org.apache.spark.sql.execution.datasources.InsertIntoHadoopFsRelationCommand.run(InsertIntoHadoopFsRelationCommand.scala:190)
[2026-08-12T17:16:17.832+0000] {spark_submit.py:634} INFO - at org.apache.spark.sql.execution.command.DataWritingCommandExec.sideEffectResult$lzycompute(commands.scala:113)
[2026-08-12T17:16:17.833+0000] {spark_submit.py:634} INFO - at org.apache.spark.sql.execution.command.DataWritingCommandExec.sideEffectResult(commands.scala:111)
[2026-08-12T17:16:17.835+0000] {spark_submit.py:634} INFO - at org.apache.spark.sql.execution.command.DataWritingCommandExec.executeCollect(commands.scala:125)
[2026-08-12T17:16:17.837+0000] {spark_submit.py:634} INFO - at org.apache.spark.sql.execution.adaptive.AdaptiveSparkPlanExec.$anonfun$executeCollect$1(AdaptiveSparkPlanExec.scala:390)
[2026-08-12T17:16:17.838+0000] {spark_submit.py:634} INFO - at org.apache.spark.sql.execution.adaptive.AdaptiveSparkPlanExec.withFinalPlanUpdate(AdaptiveSparkPlanExec.scala:418)
[2026-08-12T17:16:17.840+0000] {spark_submit.py:634} INFO - at org.apache.spark.sql.execution.adaptive.AdaptiveSparkPlanExec.executeCollect(AdaptiveSparkPlanExec.scala:390)
[2026-08-12T17:16:17.841+0000] {spark_submit.py:634} INFO - at org.apache.spark.sql.execution.QueryExecution$$anonfun$eagerlyExecuteCommands$1.$anonfun$applyOrElse$1(QueryExecution.scala:107)
[2026-08-12T17:16:17.843+0000] {spark_submit.py:634} INFO - at org.apache.spark.sql.execution.SQLExecution$.$anonfun$withNewExecutionId$6(SQLExecution.scala:125)
[2026-08-12T17:16:17.844+0000] {spark_submit.py:634} INFO - at org.apache.spark.sql.execution.SQLExecution$.withSQLConfPropagated(SQLExecution.scala:201)
[2026-08-12T17:16:17.846+0000] {spark_submit.py:634} INFO - at org.apache.spark.sql.execution.SQLExecution$.$anonfun$withNewExecutionId$1(SQLExecution.scala:108)
[2026-08-12T17:16:17.847+0000] {spark_submit.py:634} INFO - at org.apache.spark.sql.SparkSession.withActive(SparkSession.scala:900)
[2026-08-12T17:16:17.849+0000] {spark_submit.py:634} INFO - at org.apache.spark.sql.execution.SQLExecution$.withNewExecutionId(SQLExecution.scala:66)
[2026-08-12T17:16:17.850+0000] {spark_submit.py:634} INFO - at org.apache.spark.sql.execution.QueryExecution$$anonfun$eagerlyExecuteCommands$1.applyOrElse(QueryExecution.scala:107)
[2026-08-12T17:16:17.851+0000] {spark_submit.py:634} INFO - at org.apache.spark.sql.execution.QueryExecution$$anonfun$eagerlyExecuteCommands$1.applyOrElse(QueryExecution.scala:98)
[2026-08-12T17:16:17.853+0000] {spark_submit.py:634} INFO - at org.apache.spark.sql.catalyst.trees.TreeNode.$anonfun$transformDownWithPruning$1(TreeNode.scala:461)
[2026-08-12T17:16:17.854+0000] {spark_submit.py:634} INFO - at org.apache.spark.sql.catalyst.trees.CurrentOrigin$.withOrigin(origin.scala:76)
[2026-08-12T17:16:17.856+0000] {spark_submit.py:634} INFO - at org.apache.spark.sql.catalyst.trees.TreeNode.transformDownWithPruning(TreeNode.scala:461)
[2026-08-12T17:16:17.857+0000] {spark_submit.py:634} INFO - at org.apache.spark.sql.catalyst.plans.logical.LogicalPlan.org$apache$spark$sql$catalyst$plans$logical$AnalysisHelper$$super$transformDownWithPruning(LogicalPlan.scala:32)
[2026-08-12T17:16:17.859+0000] {spark_submit.py:634} INFO - at org.apache.spark.sql.catalyst.plans.logical.AnalysisHelper.transformDownWithPruning(AnalysisHelper.scala:267)
[2026-08-12T17:16:17.860+0000] {spark_submit.py:634} INFO - at org.apache.spark.sql.catalyst.plans.logical.AnalysisHelper.transformDownWithPruning$(AnalysisHelper.scala:263)
[2026-08-12T17:16:17.861+0000] {spark_submit.py:634} INFO - at org.apache.spark.sql.catalyst.plans.logical.LogicalPlan.transformDownWithPruning(LogicalPlan.scala:32)
[2026-08-12T17:16:17.863+0000] {spark_submit.py:634} INFO - at org.apache.spark.sql.catalyst.plans.logical.LogicalPlan.transformDownWithPruning(LogicalPlan.scala:32)
[2026-08-12T17:16:17.864+0000] {spark_submit.py:634} INFO - at org.apache.spark.sql.catalyst.trees.TreeNode.transformDown(TreeNode.scala:437)
[2026-08-12T17:16:17.866+0000] {spark_submit.py:634} INFO - at org.apache.spark.sql.execution.QueryExecution.eagerlyExecuteCommands(QueryExecution.scala:98)
[2026-08-12T17:16:17.867+0000] {spark_submit.py:634} INFO - at org.apache.spark.sql.execution.QueryExecution.commandExecuted$lzycompute(QueryExecution.scala:85)
[2026-08-12T17:16:17.869+0000] {spark_submit.py:634} INFO - at org.apache.spark.sql.execution.QueryExecution.commandExecuted(QueryExecution.scala:83)
[2026-08-12T17:16:17.870+0000] {spark_submit.py:634} INFO - at org.apache.spark.sql.execution.QueryExecution.assertCommandExecuted(QueryExecution.scala:142)
[2026-08-12T17:16:17.871+0000] {spark_submit.py:634} INFO - at org.apache.spark.sql.DataFrameWriter.runCommand(DataFrameWriter.scala:859)
[2026-08-12T17:16:17.873+0000] {spark_submit.py:634} INFO - at org.apache.spark.sql.DataFrameWriter.saveToV1Source(DataFrameWriter.scala:388)
[2026-08-12T17:16:17.874+0000] {spark_submit.py:634} INFO - at org.apache.spark.sql.DataFrameWriter.saveInternal(DataFrameWriter.scala:361)
[2026-08-12T17:16:17.876+0000] {spark_submit.py:634} INFO - at org.apache.spark.sql.DataFrameWriter.save(DataFrameWriter.scala:240)
[2026-08-12T17:16:17.877+0000] {spark_submit.py:634} INFO - at org.apache.spark.sql.DataFrameWriter.parquet(DataFrameWriter.scala:792)
[2026-08-12T17:16:17.879+0000] {spark_submit.py:634} INFO - at java.base/jdk.internal.reflect.NativeMethodAccessorImpl.invoke0(Native Method)
[2026-08-12T17:16:17.880+0000] {spark_submit.py:634} INFO - at java.base/jdk.internal.reflect.NativeMethodAccessorImpl.invoke(NativeMethodAccessorImpl.java:77)
[2026-08-12T17:16:17.882+0000] {spark_submit.py:634} INFO - at java.base/jdk.internal.reflect.DelegatingMethodAccessorImpl.invoke(DelegatingMethodAccessorImpl.java:43)
[2026-08-12T17:16:17.883+0000] {spark_submit.py:634} INFO - at java.base/java.lang.reflect.Method.invoke(Method.java:569)
[2026-08-12T17:16:17.885+0000] {spark_submit.py:634} INFO - at py4j.reflection.MethodInvoker.invoke(MethodInvoker.java:244)
[2026-08-12T17:16:17.887+0000] {spark_submit.py:634} INFO - at py4j.reflection.ReflectionEngine.invoke(ReflectionEngine.java:374)
[2026-08-12T17:16:17.888+0000] {spark_submit.py:634} INFO - at py4j.Gateway.invoke(Gateway.java:282)
[2026-08-12T17:16:17.890+0000] {spark_submit.py:634} INFO - at py4j.commands.AbstractCommand.invokeMethod(AbstractCommand.java:132)
[2026-08-12T17:16:17.892+0000] {spark_submit.py:634} INFO - at py4j.commands.CallCommand.execute(CallCommand.java:79)
[2026-08-12T17:16:17.893+0000] {spark_submit.py:634} INFO - at py4j.ClientServerConnection.waitForCommands(ClientServerConnection.java:182)
[2026-08-12T17:16:17.895+0000] {spark_submit.py:634} INFO - at py4j.ClientServerConnection.run(ClientServerConnection.java:106)
[2026-08-12T17:16:17.898+0000] {spark_submit.py:634} INFO - at java.base/java.lang.Thread.run(Thread.java:840)
[2026-08-12T17:16:17.900+0000] {spark_submit.py:634} INFO - 
[2026-08-12T17:16:18.179+0000] {taskinstance.py:441} INFO - ::group::Post task execution logs
[2026-08-12T17:16:18.200+0000] {taskinstance.py:2905} ERROR - Task failed with exception
Traceback (most recent call last):
  File "/home/airflow/.local/lib/python3.12/site-packages/airflow/models/taskinstance.py", line 465, in _execute_task
    result = _execute_callable(context=context, **execute_callable_kwargs)
             ^^^^^^^^^^^^^^^^^^^^^^^^^^^^^^^^^^^^^^^^^^^^^^^^^^^^^^^^^^^^^
  File "/home/airflow/.local/lib/python3.12/site-packages/airflow/models/taskinstance.py", line 432, in _execute_callable
    return execute_callable(context=context, **execute_callable_kwargs)
           ^^^^^^^^^^^^^^^^^^^^^^^^^^^^^^^^^^^^^^^^^^^^^^^^^^^^^^^^^^^^
  File "/home/airflow/.local/lib/python3.12/site-packages/airflow/models/baseoperator.py", line 401, in wrapper
    return func(self, *args, **kwargs)
           ^^^^^^^^^^^^^^^^^^^^^^^^^^^
  File "/home/airflow/.local/lib/python3.12/site-packages/airflow/providers/apache/spark/operators/spark_submit.py", line 176, in execute
    self._hook.submit(self.application)
  File "/home/airflow/.local/lib/python3.12/site-packages/airflow/providers/apache/spark/hooks/spark_submit.py", line 560, in submit
    raise AirflowException(
airflow.exceptions.AirflowException: Cannot execute: spark-submit --master spark://spark-master:7077 --conf spark.sql.sources.partitionOverwriteMode=dynamic --name arrow-spark --verbose /opt/spark/jobs/clean_events.py --input-path /opt/spark/data/raw --output-path /opt/spark/data/processed. Error code is: 1.
[2026-08-12T17:16:18.211+0000] {taskinstance.py:1206} INFO - Marking task as FAILED. dag_id=clickstream_clean_events, task_id=clean_events, run_id=manual__2026-08-12T17:15:26.673137+00:00, execution_date=20260812T171526, start_date=20260812T171527, end_date=20260812T171618
[2026-08-12T17:16:18.240+0000] {standard_task_runner.py:110} ERROR - Failed to execute job 12 for task clean_events (Cannot execute: spark-submit --master spark://spark-master:7077 --conf spark.sql.sources.partitionOverwriteMode=dynamic --name arrow-spark --verbose /opt/spark/jobs/clean_events.py --input-path /opt/spark/data/raw --output-path /opt/spark/data/processed. Error code is: 1.; 330)
[2026-08-12T17:16:18.264+0000] {local_task_job_runner.py:243} INFO - Task exited with return code 1
[2026-08-12T17:16:18.298+0000] {taskinstance.py:3503} INFO - 0 downstream tasks scheduled from follow-on schedule check
[2026-08-12T17:16:18.304+0000] {local_task_job_runner.py:222} INFO - ::endgroup::
