[2026-08-12T06:13:48.697+0000] {local_task_job_runner.py:120} INFO - ::group::Pre task execution logs
[2026-08-12T06:13:48.758+0000] {taskinstance.py:2076} INFO - Dependencies all met for dep_context=non-requeueable deps ti=<TaskInstance: hello_airflow.say_hello manual__2026-08-12T06:13:48.371247+00:00 [queued]>
[2026-08-12T06:13:48.780+0000] {taskinstance.py:2076} INFO - Dependencies all met for dep_context=requeueable deps ti=<TaskInstance: hello_airflow.say_hello manual__2026-08-12T06:13:48.371247+00:00 [queued]>
[2026-08-12T06:13:48.783+0000] {taskinstance.py:2306} INFO - Starting attempt 1 of 1
[2026-08-12T06:13:48.809+0000] {taskinstance.py:2330} INFO - Executing <Task(PythonOperator): say_hello> on 2026-08-12 06:13:48.371247+00:00
[2026-08-12T06:13:48.819+0000] {standard_task_runner.py:90} INFO - Running: ['***', 'tasks', 'run', 'hello_***', 'say_hello', 'manual__2026-08-12T06:13:48.371247+00:00', '--job-id', '3', '--raw', '--subdir', 'DAGS_FOLDER/hello_***.py', '--cfg-path', '/tmp/tmpa8c4qidh']
[2026-08-12T06:13:48.821+0000] {logging_mixin.py:188} WARNING - /home/***/.local/lib/python3.12/site-packages/***/task/task_runner/standard_task_runner.py:62 DeprecationWarning: This process (pid=539) is multi-threaded, use of fork() may lead to deadlocks in the child.
[2026-08-12T06:13:48.823+0000] {standard_task_runner.py:91} INFO - Job 3: Subtask say_hello
[2026-08-12T06:13:48.824+0000] {standard_task_runner.py:64} INFO - Started process 540 to run task
[2026-08-12T06:13:48.915+0000] {task_command.py:426} INFO - Running <TaskInstance: hello_airflow.say_hello manual__2026-08-12T06:13:48.371247+00:00 [running]> on host 1d83a1c20de0
[2026-08-12T06:13:49.046+0000] {taskinstance.py:2648} INFO - Exporting env vars: AIRFLOW_CTX_DAG_OWNER='***' AIRFLOW_CTX_DAG_ID='hello_***' AIRFLOW_CTX_TASK_ID='say_hello' AIRFLOW_CTX_EXECUTION_DATE='2026-08-12T06:13:48.371247+00:00' AIRFLOW_CTX_TRY_NUMBER='1' AIRFLOW_CTX_DAG_RUN_ID='manual__2026-08-12T06:13:48.371247+00:00'
[2026-08-12T06:13:49.053+0000] {taskinstance.py:430} INFO - ::endgroup::
[2026-08-12T06:13:49.088+0000] {logging_mixin.py:188} INFO - Hello from your first Airflow DAG!
[2026-08-12T06:13:49.089+0000] {logging_mixin.py:188} INFO - If you can see this in the task logs, Airflow is working correctly.
[2026-08-12T06:13:49.090+0000] {python.py:237} INFO - Done. Returned value was: None
[2026-08-12T06:13:49.091+0000] {taskinstance.py:441} INFO - ::group::Post task execution logs
[2026-08-12T06:13:49.102+0000] {taskinstance.py:1206} INFO - Marking task as SUCCESS. dag_id=hello_***, task_id=say_hello, run_id=manual__2026-08-12T06:13:48.371247+00:00, execution_date=20260812T061348, start_date=20260812T061348, end_date=20260812T061349
[2026-08-12T06:13:49.161+0000] {local_task_job_runner.py:243} INFO - Task exited with return code 0
[2026-08-12T06:13:49.192+0000] {taskinstance.py:3503} INFO - 0 downstream tasks scheduled from follow-on schedule check
[2026-08-12T06:13:49.198+0000] {local_task_job_runner.py:222} INFO - ::endgroup::
