[2026-08-12T16:57:12.957+0000] {processor.py:161} INFO - Started process (PID=183) to work on /opt/airflow/dags/clickstream_clean_events_dag.py
[2026-08-12T16:57:12.963+0000] {processor.py:830} INFO - Processing file /opt/airflow/dags/clickstream_clean_events_dag.py for tasks to queue
[2026-08-12T16:57:12.976+0000] {logging_mixin.py:188} INFO - [2026-08-12T16:57:12.974+0000] {dagbag.py:545} INFO - Filling up the DagBag from /opt/airflow/dags/clickstream_clean_events_dag.py
[2026-08-12T16:57:13.048+0000] {logging_mixin.py:188} INFO - [2026-08-12T16:57:13.019+0000] {dagbag.py:355} ERROR - Failed to import: /opt/airflow/dags/clickstream_clean_events_dag.py
Traceback (most recent call last):
  File "/home/airflow/.local/lib/python3.12/site-packages/airflow/models/dagbag.py", line 351, in parse
    loader.exec_module(new_module)
  File "<frozen importlib._bootstrap_external>", line 995, in exec_module
  File "<frozen importlib._bootstrap>", line 488, in _call_with_frames_removed
  File "/opt/airflow/dags/clickstream_clean_events_dag.py", line 4, in <module>
    from airflow.providers.apache.spark.operators.spark_submit import SparkSubmitOperator
ModuleNotFoundError: No module named 'airflow.providers.apache'
[2026-08-12T16:57:13.056+0000] {processor.py:842} WARNING - No viable dags retrieved from /opt/airflow/dags/clickstream_clean_events_dag.py
[2026-08-12T16:57:13.149+0000] {processor.py:183} INFO - Processing /opt/airflow/dags/clickstream_clean_events_dag.py took 0.222 seconds
[2026-08-12T16:57:43.710+0000] {processor.py:161} INFO - Started process (PID=208) to work on /opt/airflow/dags/clickstream_clean_events_dag.py
[2026-08-12T16:57:43.714+0000] {processor.py:830} INFO - Processing file /opt/airflow/dags/clickstream_clean_events_dag.py for tasks to queue
[2026-08-12T16:57:43.720+0000] {logging_mixin.py:188} INFO - [2026-08-12T16:57:43.719+0000] {dagbag.py:545} INFO - Filling up the DagBag from /opt/airflow/dags/clickstream_clean_events_dag.py
[2026-08-12T16:57:43.760+0000] {logging_mixin.py:188} INFO - [2026-08-12T16:57:43.747+0000] {dagbag.py:355} ERROR - Failed to import: /opt/airflow/dags/clickstream_clean_events_dag.py
Traceback (most recent call last):
  File "/home/airflow/.local/lib/python3.12/site-packages/airflow/models/dagbag.py", line 351, in parse
    loader.exec_module(new_module)
  File "<frozen importlib._bootstrap_external>", line 995, in exec_module
  File "<frozen importlib._bootstrap>", line 488, in _call_with_frames_removed
  File "/opt/airflow/dags/clickstream_clean_events_dag.py", line 4, in <module>
    from airflow.providers.apache.spark.operators.spark_submit import SparkSubmitOperator
ModuleNotFoundError: No module named 'airflow.providers.apache'
[2026-08-12T16:57:43.764+0000] {processor.py:842} WARNING - No viable dags retrieved from /opt/airflow/dags/clickstream_clean_events_dag.py
[2026-08-12T16:57:43.820+0000] {processor.py:183} INFO - Processing /opt/airflow/dags/clickstream_clean_events_dag.py took 0.130 seconds
[2026-08-12T16:58:14.152+0000] {processor.py:161} INFO - Started process (PID=225) to work on /opt/airflow/dags/clickstream_clean_events_dag.py
[2026-08-12T16:58:14.153+0000] {processor.py:830} INFO - Processing file /opt/airflow/dags/clickstream_clean_events_dag.py for tasks to queue
[2026-08-12T16:58:14.156+0000] {logging_mixin.py:188} INFO - [2026-08-12T16:58:14.156+0000] {dagbag.py:545} INFO - Filling up the DagBag from /opt/airflow/dags/clickstream_clean_events_dag.py
[2026-08-12T16:58:14.170+0000] {logging_mixin.py:188} INFO - [2026-08-12T16:58:14.167+0000] {dagbag.py:355} ERROR - Failed to import: /opt/airflow/dags/clickstream_clean_events_dag.py
Traceback (most recent call last):
  File "/home/airflow/.local/lib/python3.12/site-packages/airflow/models/dagbag.py", line 351, in parse
    loader.exec_module(new_module)
  File "<frozen importlib._bootstrap_external>", line 995, in exec_module
  File "<frozen importlib._bootstrap>", line 488, in _call_with_frames_removed
  File "/opt/airflow/dags/clickstream_clean_events_dag.py", line 4, in <module>
    from airflow.providers.apache.spark.operators.spark_submit import SparkSubmitOperator
ModuleNotFoundError: No module named 'airflow.providers.apache'
[2026-08-12T16:58:14.172+0000] {processor.py:842} WARNING - No viable dags retrieved from /opt/airflow/dags/clickstream_clean_events_dag.py
[2026-08-12T16:58:14.214+0000] {processor.py:183} INFO - Processing /opt/airflow/dags/clickstream_clean_events_dag.py took 0.068 seconds
[2026-08-12T16:58:44.555+0000] {processor.py:161} INFO - Started process (PID=249) to work on /opt/airflow/dags/clickstream_clean_events_dag.py
[2026-08-12T16:58:44.558+0000] {processor.py:830} INFO - Processing file /opt/airflow/dags/clickstream_clean_events_dag.py for tasks to queue
[2026-08-12T16:58:44.563+0000] {logging_mixin.py:188} INFO - [2026-08-12T16:58:44.562+0000] {dagbag.py:545} INFO - Filling up the DagBag from /opt/airflow/dags/clickstream_clean_events_dag.py
[2026-08-12T16:58:44.626+0000] {logging_mixin.py:188} INFO - [2026-08-12T16:58:44.613+0000] {dagbag.py:355} ERROR - Failed to import: /opt/airflow/dags/clickstream_clean_events_dag.py
Traceback (most recent call last):
  File "/home/airflow/.local/lib/python3.12/site-packages/airflow/models/dagbag.py", line 351, in parse
    loader.exec_module(new_module)
  File "<frozen importlib._bootstrap_external>", line 995, in exec_module
  File "<frozen importlib._bootstrap>", line 488, in _call_with_frames_removed
  File "/opt/airflow/dags/clickstream_clean_events_dag.py", line 4, in <module>
    from airflow.providers.apache.spark.operators.spark_submit import SparkSubmitOperator
ModuleNotFoundError: No module named 'airflow.providers.apache'
[2026-08-12T16:58:44.632+0000] {processor.py:842} WARNING - No viable dags retrieved from /opt/airflow/dags/clickstream_clean_events_dag.py
[2026-08-12T16:58:44.712+0000] {processor.py:183} INFO - Processing /opt/airflow/dags/clickstream_clean_events_dag.py took 0.170 seconds
[2026-08-12T16:59:15.232+0000] {processor.py:161} INFO - Started process (PID=274) to work on /opt/airflow/dags/clickstream_clean_events_dag.py
[2026-08-12T16:59:15.233+0000] {processor.py:830} INFO - Processing file /opt/airflow/dags/clickstream_clean_events_dag.py for tasks to queue
[2026-08-12T16:59:15.235+0000] {logging_mixin.py:188} INFO - [2026-08-12T16:59:15.235+0000] {dagbag.py:545} INFO - Filling up the DagBag from /opt/airflow/dags/clickstream_clean_events_dag.py
[2026-08-12T16:59:15.252+0000] {logging_mixin.py:188} INFO - [2026-08-12T16:59:15.248+0000] {dagbag.py:355} ERROR - Failed to import: /opt/airflow/dags/clickstream_clean_events_dag.py
Traceback (most recent call last):
  File "/home/airflow/.local/lib/python3.12/site-packages/airflow/models/dagbag.py", line 351, in parse
    loader.exec_module(new_module)
  File "<frozen importlib._bootstrap_external>", line 995, in exec_module
  File "<frozen importlib._bootstrap>", line 488, in _call_with_frames_removed
  File "/opt/airflow/dags/clickstream_clean_events_dag.py", line 4, in <module>
    from airflow.providers.apache.spark.operators.spark_submit import SparkSubmitOperator
ModuleNotFoundError: No module named 'airflow.providers.apache'
[2026-08-12T16:59:15.254+0000] {processor.py:842} WARNING - No viable dags retrieved from /opt/airflow/dags/clickstream_clean_events_dag.py
[2026-08-12T16:59:15.277+0000] {processor.py:183} INFO - Processing /opt/airflow/dags/clickstream_clean_events_dag.py took 0.052 seconds
[2026-08-12T16:59:45.652+0000] {processor.py:161} INFO - Started process (PID=298) to work on /opt/airflow/dags/clickstream_clean_events_dag.py
[2026-08-12T16:59:45.656+0000] {processor.py:830} INFO - Processing file /opt/airflow/dags/clickstream_clean_events_dag.py for tasks to queue
[2026-08-12T16:59:45.664+0000] {logging_mixin.py:188} INFO - [2026-08-12T16:59:45.662+0000] {dagbag.py:545} INFO - Filling up the DagBag from /opt/airflow/dags/clickstream_clean_events_dag.py
[2026-08-12T16:59:45.697+0000] {logging_mixin.py:188} INFO - [2026-08-12T16:59:45.689+0000] {dagbag.py:355} ERROR - Failed to import: /opt/airflow/dags/clickstream_clean_events_dag.py
Traceback (most recent call last):
  File "/home/airflow/.local/lib/python3.12/site-packages/airflow/models/dagbag.py", line 351, in parse
    loader.exec_module(new_module)
  File "<frozen importlib._bootstrap_external>", line 995, in exec_module
  File "<frozen importlib._bootstrap>", line 488, in _call_with_frames_removed
  File "/opt/airflow/dags/clickstream_clean_events_dag.py", line 4, in <module>
    from airflow.providers.apache.spark.operators.spark_submit import SparkSubmitOperator
ModuleNotFoundError: No module named 'airflow.providers.apache'
[2026-08-12T16:59:45.702+0000] {processor.py:842} WARNING - No viable dags retrieved from /opt/airflow/dags/clickstream_clean_events_dag.py
[2026-08-12T16:59:45.741+0000] {processor.py:183} INFO - Processing /opt/airflow/dags/clickstream_clean_events_dag.py took 0.113 seconds
[2026-08-12T17:00:16.036+0000] {processor.py:161} INFO - Started process (PID=322) to work on /opt/airflow/dags/clickstream_clean_events_dag.py
[2026-08-12T17:00:16.038+0000] {processor.py:830} INFO - Processing file /opt/airflow/dags/clickstream_clean_events_dag.py for tasks to queue
[2026-08-12T17:00:16.042+0000] {logging_mixin.py:188} INFO - [2026-08-12T17:00:16.042+0000] {dagbag.py:545} INFO - Filling up the DagBag from /opt/airflow/dags/clickstream_clean_events_dag.py
[2026-08-12T17:00:16.061+0000] {logging_mixin.py:188} INFO - [2026-08-12T17:00:16.057+0000] {dagbag.py:355} ERROR - Failed to import: /opt/airflow/dags/clickstream_clean_events_dag.py
Traceback (most recent call last):
  File "/home/airflow/.local/lib/python3.12/site-packages/airflow/models/dagbag.py", line 351, in parse
    loader.exec_module(new_module)
  File "<frozen importlib._bootstrap_external>", line 995, in exec_module
  File "<frozen importlib._bootstrap>", line 488, in _call_with_frames_removed
  File "/opt/airflow/dags/clickstream_clean_events_dag.py", line 4, in <module>
    from airflow.providers.apache.spark.operators.spark_submit import SparkSubmitOperator
ModuleNotFoundError: No module named 'airflow.providers.apache'
[2026-08-12T17:00:16.063+0000] {processor.py:842} WARNING - No viable dags retrieved from /opt/airflow/dags/clickstream_clean_events_dag.py
[2026-08-12T17:00:16.092+0000] {processor.py:183} INFO - Processing /opt/airflow/dags/clickstream_clean_events_dag.py took 0.066 seconds
[2026-08-12T17:00:46.429+0000] {processor.py:161} INFO - Started process (PID=346) to work on /opt/airflow/dags/clickstream_clean_events_dag.py
[2026-08-12T17:00:46.431+0000] {processor.py:830} INFO - Processing file /opt/airflow/dags/clickstream_clean_events_dag.py for tasks to queue
[2026-08-12T17:00:46.435+0000] {logging_mixin.py:188} INFO - [2026-08-12T17:00:46.435+0000] {dagbag.py:545} INFO - Filling up the DagBag from /opt/airflow/dags/clickstream_clean_events_dag.py
[2026-08-12T17:00:46.459+0000] {logging_mixin.py:188} INFO - [2026-08-12T17:00:46.453+0000] {dagbag.py:355} ERROR - Failed to import: /opt/airflow/dags/clickstream_clean_events_dag.py
Traceback (most recent call last):
  File "/home/airflow/.local/lib/python3.12/site-packages/airflow/models/dagbag.py", line 351, in parse
    loader.exec_module(new_module)
  File "<frozen importlib._bootstrap_external>", line 995, in exec_module
  File "<frozen importlib._bootstrap>", line 488, in _call_with_frames_removed
  File "/opt/airflow/dags/clickstream_clean_events_dag.py", line 4, in <module>
    from airflow.providers.apache.spark.operators.spark_submit import SparkSubmitOperator
ModuleNotFoundError: No module named 'airflow.providers.apache'
[2026-08-12T17:00:46.462+0000] {processor.py:842} WARNING - No viable dags retrieved from /opt/airflow/dags/clickstream_clean_events_dag.py
[2026-08-12T17:00:46.500+0000] {processor.py:183} INFO - Processing /opt/airflow/dags/clickstream_clean_events_dag.py took 0.081 seconds
[2026-08-12T17:01:16.796+0000] {processor.py:161} INFO - Started process (PID=371) to work on /opt/airflow/dags/clickstream_clean_events_dag.py
[2026-08-12T17:01:16.799+0000] {processor.py:830} INFO - Processing file /opt/airflow/dags/clickstream_clean_events_dag.py for tasks to queue
[2026-08-12T17:01:16.803+0000] {logging_mixin.py:188} INFO - [2026-08-12T17:01:16.802+0000] {dagbag.py:545} INFO - Filling up the DagBag from /opt/airflow/dags/clickstream_clean_events_dag.py
[2026-08-12T17:01:16.838+0000] {logging_mixin.py:188} INFO - [2026-08-12T17:01:16.829+0000] {dagbag.py:355} ERROR - Failed to import: /opt/airflow/dags/clickstream_clean_events_dag.py
Traceback (most recent call last):
  File "/home/airflow/.local/lib/python3.12/site-packages/airflow/models/dagbag.py", line 351, in parse
    loader.exec_module(new_module)
  File "<frozen importlib._bootstrap_external>", line 995, in exec_module
  File "<frozen importlib._bootstrap>", line 488, in _call_with_frames_removed
  File "/opt/airflow/dags/clickstream_clean_events_dag.py", line 4, in <module>
    from airflow.providers.apache.spark.operators.spark_submit import SparkSubmitOperator
ModuleNotFoundError: No module named 'airflow.providers.apache'
[2026-08-12T17:01:16.842+0000] {processor.py:842} WARNING - No viable dags retrieved from /opt/airflow/dags/clickstream_clean_events_dag.py
[2026-08-12T17:01:16.883+0000] {processor.py:183} INFO - Processing /opt/airflow/dags/clickstream_clean_events_dag.py took 0.099 seconds
[2026-08-12T17:01:47.311+0000] {processor.py:161} INFO - Started process (PID=388) to work on /opt/airflow/dags/clickstream_clean_events_dag.py
[2026-08-12T17:01:47.313+0000] {processor.py:830} INFO - Processing file /opt/airflow/dags/clickstream_clean_events_dag.py for tasks to queue
[2026-08-12T17:01:47.319+0000] {logging_mixin.py:188} INFO - [2026-08-12T17:01:47.318+0000] {dagbag.py:545} INFO - Filling up the DagBag from /opt/airflow/dags/clickstream_clean_events_dag.py
[2026-08-12T17:01:47.352+0000] {logging_mixin.py:188} INFO - [2026-08-12T17:01:47.343+0000] {dagbag.py:355} ERROR - Failed to import: /opt/airflow/dags/clickstream_clean_events_dag.py
Traceback (most recent call last):
  File "/home/airflow/.local/lib/python3.12/site-packages/airflow/models/dagbag.py", line 351, in parse
    loader.exec_module(new_module)
  File "<frozen importlib._bootstrap_external>", line 995, in exec_module
  File "<frozen importlib._bootstrap>", line 488, in _call_with_frames_removed
  File "/opt/airflow/dags/clickstream_clean_events_dag.py", line 4, in <module>
    from airflow.providers.apache.spark.operators.spark_submit import SparkSubmitOperator
ModuleNotFoundError: No module named 'airflow.providers.apache'
[2026-08-12T17:01:47.355+0000] {processor.py:842} WARNING - No viable dags retrieved from /opt/airflow/dags/clickstream_clean_events_dag.py
[2026-08-12T17:01:47.403+0000] {processor.py:183} INFO - Processing /opt/airflow/dags/clickstream_clean_events_dag.py took 0.109 seconds
[2026-08-12T17:02:18.303+0000] {processor.py:161} INFO - Started process (PID=412) to work on /opt/airflow/dags/clickstream_clean_events_dag.py
[2026-08-12T17:02:18.307+0000] {processor.py:830} INFO - Processing file /opt/airflow/dags/clickstream_clean_events_dag.py for tasks to queue
[2026-08-12T17:02:18.319+0000] {logging_mixin.py:188} INFO - [2026-08-12T17:02:18.317+0000] {dagbag.py:545} INFO - Filling up the DagBag from /opt/airflow/dags/clickstream_clean_events_dag.py
[2026-08-12T17:02:18.381+0000] {logging_mixin.py:188} INFO - [2026-08-12T17:02:18.365+0000] {dagbag.py:355} ERROR - Failed to import: /opt/airflow/dags/clickstream_clean_events_dag.py
Traceback (most recent call last):
  File "/home/airflow/.local/lib/python3.12/site-packages/airflow/models/dagbag.py", line 351, in parse
    loader.exec_module(new_module)
  File "<frozen importlib._bootstrap_external>", line 995, in exec_module
  File "<frozen importlib._bootstrap>", line 488, in _call_with_frames_removed
  File "/opt/airflow/dags/clickstream_clean_events_dag.py", line 4, in <module>
    from airflow.providers.apache.spark.operators.spark_submit import SparkSubmitOperator
ModuleNotFoundError: No module named 'airflow.providers.apache'
[2026-08-12T17:02:18.387+0000] {processor.py:842} WARNING - No viable dags retrieved from /opt/airflow/dags/clickstream_clean_events_dag.py
[2026-08-12T17:02:18.472+0000] {processor.py:183} INFO - Processing /opt/airflow/dags/clickstream_clean_events_dag.py took 0.200 seconds
[2026-08-12T17:03:30.572+0000] {processor.py:161} INFO - Started process (PID=179) to work on /opt/airflow/dags/clickstream_clean_events_dag.py
[2026-08-12T17:03:30.578+0000] {processor.py:830} INFO - Processing file /opt/airflow/dags/clickstream_clean_events_dag.py for tasks to queue
[2026-08-12T17:03:30.590+0000] {logging_mixin.py:188} INFO - [2026-08-12T17:03:30.588+0000] {dagbag.py:545} INFO - Filling up the DagBag from /opt/airflow/dags/clickstream_clean_events_dag.py
[2026-08-12T17:03:30.832+0000] {processor.py:840} INFO - DAG(s) 'clickstream_clean_events' retrieved from /opt/airflow/dags/clickstream_clean_events_dag.py
[2026-08-12T17:03:32.119+0000] {logging_mixin.py:188} INFO - [2026-08-12T17:03:32.118+0000] {dag.py:3089} INFO - Sync 1 DAGs
[2026-08-12T17:03:32.158+0000] {logging_mixin.py:188} INFO - [2026-08-12T17:03:32.158+0000] {dag.py:3947} INFO - Setting next_dagrun for clickstream_clean_events to None, run_after=None
[2026-08-12T17:03:32.239+0000] {processor.py:183} INFO - Processing /opt/airflow/dags/clickstream_clean_events_dag.py took 1.707 seconds
[2026-08-12T17:04:02.571+0000] {processor.py:161} INFO - Started process (PID=203) to work on /opt/airflow/dags/clickstream_clean_events_dag.py
[2026-08-12T17:04:02.575+0000] {processor.py:830} INFO - Processing file /opt/airflow/dags/clickstream_clean_events_dag.py for tasks to queue
[2026-08-12T17:04:02.581+0000] {logging_mixin.py:188} INFO - [2026-08-12T17:04:02.580+0000] {dagbag.py:545} INFO - Filling up the DagBag from /opt/airflow/dags/clickstream_clean_events_dag.py
[2026-08-12T17:04:02.623+0000] {processor.py:840} INFO - DAG(s) 'clickstream_clean_events' retrieved from /opt/airflow/dags/clickstream_clean_events_dag.py
[2026-08-12T17:04:02.693+0000] {logging_mixin.py:188} INFO - [2026-08-12T17:04:02.693+0000] {dag.py:3089} INFO - Sync 1 DAGs
[2026-08-12T17:04:02.726+0000] {logging_mixin.py:188} INFO - [2026-08-12T17:04:02.726+0000] {dag.py:3947} INFO - Setting next_dagrun for clickstream_clean_events to None, run_after=None
[2026-08-12T17:04:02.767+0000] {processor.py:183} INFO - Processing /opt/airflow/dags/clickstream_clean_events_dag.py took 0.216 seconds
[2026-08-12T17:04:33.102+0000] {processor.py:161} INFO - Started process (PID=227) to work on /opt/airflow/dags/clickstream_clean_events_dag.py
[2026-08-12T17:04:33.105+0000] {processor.py:830} INFO - Processing file /opt/airflow/dags/clickstream_clean_events_dag.py for tasks to queue
[2026-08-12T17:04:33.109+0000] {logging_mixin.py:188} INFO - [2026-08-12T17:04:33.108+0000] {dagbag.py:545} INFO - Filling up the DagBag from /opt/airflow/dags/clickstream_clean_events_dag.py
[2026-08-12T17:04:33.144+0000] {processor.py:840} INFO - DAG(s) 'clickstream_clean_events' retrieved from /opt/airflow/dags/clickstream_clean_events_dag.py
[2026-08-12T17:04:33.239+0000] {logging_mixin.py:188} INFO - [2026-08-12T17:04:33.238+0000] {dag.py:3089} INFO - Sync 1 DAGs
[2026-08-12T17:04:33.280+0000] {logging_mixin.py:188} INFO - [2026-08-12T17:04:33.280+0000] {dag.py:3947} INFO - Setting next_dagrun for clickstream_clean_events to None, run_after=None
[2026-08-12T17:04:33.332+0000] {processor.py:183} INFO - Processing /opt/airflow/dags/clickstream_clean_events_dag.py took 0.244 seconds
[2026-08-12T17:05:03.718+0000] {processor.py:161} INFO - Started process (PID=303) to work on /opt/airflow/dags/clickstream_clean_events_dag.py
[2026-08-12T17:05:03.723+0000] {processor.py:830} INFO - Processing file /opt/airflow/dags/clickstream_clean_events_dag.py for tasks to queue
[2026-08-12T17:05:03.740+0000] {logging_mixin.py:188} INFO - [2026-08-12T17:05:03.737+0000] {dagbag.py:545} INFO - Filling up the DagBag from /opt/airflow/dags/clickstream_clean_events_dag.py
[2026-08-12T17:05:03.833+0000] {processor.py:840} INFO - DAG(s) 'clickstream_clean_events' retrieved from /opt/airflow/dags/clickstream_clean_events_dag.py
[2026-08-12T17:05:04.019+0000] {logging_mixin.py:188} INFO - [2026-08-12T17:05:04.018+0000] {dag.py:3089} INFO - Sync 1 DAGs
[2026-08-12T17:05:04.101+0000] {logging_mixin.py:188} INFO - [2026-08-12T17:05:04.100+0000] {dag.py:3947} INFO - Setting next_dagrun for clickstream_clean_events to None, run_after=None
[2026-08-12T17:05:04.203+0000] {processor.py:183} INFO - Processing /opt/airflow/dags/clickstream_clean_events_dag.py took 0.526 seconds
[2026-08-12T17:05:34.364+0000] {processor.py:161} INFO - Started process (PID=407) to work on /opt/airflow/dags/clickstream_clean_events_dag.py
[2026-08-12T17:05:34.365+0000] {processor.py:830} INFO - Processing file /opt/airflow/dags/clickstream_clean_events_dag.py for tasks to queue
[2026-08-12T17:05:34.367+0000] {logging_mixin.py:188} INFO - [2026-08-12T17:05:34.367+0000] {dagbag.py:545} INFO - Filling up the DagBag from /opt/airflow/dags/clickstream_clean_events_dag.py
[2026-08-12T17:05:34.383+0000] {processor.py:840} INFO - DAG(s) 'clickstream_clean_events' retrieved from /opt/airflow/dags/clickstream_clean_events_dag.py
[2026-08-12T17:05:34.410+0000] {logging_mixin.py:188} INFO - [2026-08-12T17:05:34.410+0000] {dag.py:3089} INFO - Sync 1 DAGs
[2026-08-12T17:05:34.422+0000] {logging_mixin.py:188} INFO - [2026-08-12T17:05:34.422+0000] {dag.py:3947} INFO - Setting next_dagrun for clickstream_clean_events to None, run_after=None
[2026-08-12T17:05:34.441+0000] {processor.py:183} INFO - Processing /opt/airflow/dags/clickstream_clean_events_dag.py took 0.083 seconds
[2026-08-12T17:06:04.590+0000] {processor.py:161} INFO - Started process (PID=433) to work on /opt/airflow/dags/clickstream_clean_events_dag.py
[2026-08-12T17:06:04.591+0000] {processor.py:830} INFO - Processing file /opt/airflow/dags/clickstream_clean_events_dag.py for tasks to queue
[2026-08-12T17:06:04.594+0000] {logging_mixin.py:188} INFO - [2026-08-12T17:06:04.593+0000] {dagbag.py:545} INFO - Filling up the DagBag from /opt/airflow/dags/clickstream_clean_events_dag.py
[2026-08-12T17:06:04.611+0000] {processor.py:840} INFO - DAG(s) 'clickstream_clean_events' retrieved from /opt/airflow/dags/clickstream_clean_events_dag.py
[2026-08-12T17:06:04.644+0000] {logging_mixin.py:188} INFO - [2026-08-12T17:06:04.644+0000] {dag.py:3089} INFO - Sync 1 DAGs
[2026-08-12T17:06:04.659+0000] {logging_mixin.py:188} INFO - [2026-08-12T17:06:04.659+0000] {dag.py:3947} INFO - Setting next_dagrun for clickstream_clean_events to None, run_after=None
[2026-08-12T17:06:04.684+0000] {processor.py:183} INFO - Processing /opt/airflow/dags/clickstream_clean_events_dag.py took 0.101 seconds
[2026-08-12T17:06:34.889+0000] {processor.py:161} INFO - Started process (PID=457) to work on /opt/airflow/dags/clickstream_clean_events_dag.py
[2026-08-12T17:06:34.890+0000] {processor.py:830} INFO - Processing file /opt/airflow/dags/clickstream_clean_events_dag.py for tasks to queue
[2026-08-12T17:06:34.892+0000] {logging_mixin.py:188} INFO - [2026-08-12T17:06:34.892+0000] {dagbag.py:545} INFO - Filling up the DagBag from /opt/airflow/dags/clickstream_clean_events_dag.py
[2026-08-12T17:06:34.911+0000] {processor.py:840} INFO - DAG(s) 'clickstream_clean_events' retrieved from /opt/airflow/dags/clickstream_clean_events_dag.py
[2026-08-12T17:06:34.944+0000] {logging_mixin.py:188} INFO - [2026-08-12T17:06:34.944+0000] {dag.py:3089} INFO - Sync 1 DAGs
[2026-08-12T17:06:34.959+0000] {logging_mixin.py:188} INFO - [2026-08-12T17:06:34.959+0000] {dag.py:3947} INFO - Setting next_dagrun for clickstream_clean_events to None, run_after=None
[2026-08-12T17:06:34.986+0000] {processor.py:183} INFO - Processing /opt/airflow/dags/clickstream_clean_events_dag.py took 0.103 seconds
[2026-08-12T17:07:05.254+0000] {processor.py:161} INFO - Started process (PID=481) to work on /opt/airflow/dags/clickstream_clean_events_dag.py
[2026-08-12T17:07:05.256+0000] {processor.py:830} INFO - Processing file /opt/airflow/dags/clickstream_clean_events_dag.py for tasks to queue
[2026-08-12T17:07:05.260+0000] {logging_mixin.py:188} INFO - [2026-08-12T17:07:05.259+0000] {dagbag.py:545} INFO - Filling up the DagBag from /opt/airflow/dags/clickstream_clean_events_dag.py
[2026-08-12T17:07:05.286+0000] {processor.py:840} INFO - DAG(s) 'clickstream_clean_events' retrieved from /opt/airflow/dags/clickstream_clean_events_dag.py
[2026-08-12T17:07:05.338+0000] {logging_mixin.py:188} INFO - [2026-08-12T17:07:05.338+0000] {dag.py:3089} INFO - Sync 1 DAGs
[2026-08-12T17:07:05.365+0000] {logging_mixin.py:188} INFO - [2026-08-12T17:07:05.365+0000] {dag.py:3947} INFO - Setting next_dagrun for clickstream_clean_events to None, run_after=None
[2026-08-12T17:07:05.396+0000] {processor.py:183} INFO - Processing /opt/airflow/dags/clickstream_clean_events_dag.py took 0.153 seconds
[2026-08-12T17:07:35.557+0000] {processor.py:161} INFO - Started process (PID=635) to work on /opt/airflow/dags/clickstream_clean_events_dag.py
[2026-08-12T17:07:35.558+0000] {processor.py:830} INFO - Processing file /opt/airflow/dags/clickstream_clean_events_dag.py for tasks to queue
[2026-08-12T17:07:35.560+0000] {logging_mixin.py:188} INFO - [2026-08-12T17:07:35.559+0000] {dagbag.py:545} INFO - Filling up the DagBag from /opt/airflow/dags/clickstream_clean_events_dag.py
[2026-08-12T17:07:35.573+0000] {processor.py:840} INFO - DAG(s) 'clickstream_clean_events' retrieved from /opt/airflow/dags/clickstream_clean_events_dag.py
[2026-08-12T17:07:35.601+0000] {logging_mixin.py:188} INFO - [2026-08-12T17:07:35.601+0000] {dag.py:3089} INFO - Sync 1 DAGs
[2026-08-12T17:07:35.614+0000] {logging_mixin.py:188} INFO - [2026-08-12T17:07:35.614+0000] {dag.py:3947} INFO - Setting next_dagrun for clickstream_clean_events to None, run_after=None
[2026-08-12T17:07:35.634+0000] {processor.py:183} INFO - Processing /opt/airflow/dags/clickstream_clean_events_dag.py took 0.082 seconds
[2026-08-12T17:08:05.877+0000] {processor.py:161} INFO - Started process (PID=659) to work on /opt/airflow/dags/clickstream_clean_events_dag.py
[2026-08-12T17:08:05.878+0000] {processor.py:830} INFO - Processing file /opt/airflow/dags/clickstream_clean_events_dag.py for tasks to queue
[2026-08-12T17:08:05.881+0000] {logging_mixin.py:188} INFO - [2026-08-12T17:08:05.881+0000] {dagbag.py:545} INFO - Filling up the DagBag from /opt/airflow/dags/clickstream_clean_events_dag.py
[2026-08-12T17:08:05.898+0000] {processor.py:840} INFO - DAG(s) 'clickstream_clean_events' retrieved from /opt/airflow/dags/clickstream_clean_events_dag.py
[2026-08-12T17:08:05.932+0000] {logging_mixin.py:188} INFO - [2026-08-12T17:08:05.932+0000] {dag.py:3089} INFO - Sync 1 DAGs
[2026-08-12T17:08:05.946+0000] {logging_mixin.py:188} INFO - [2026-08-12T17:08:05.946+0000] {dag.py:3947} INFO - Setting next_dagrun for clickstream_clean_events to None, run_after=None
[2026-08-12T17:08:05.967+0000] {processor.py:183} INFO - Processing /opt/airflow/dags/clickstream_clean_events_dag.py took 0.098 seconds
[2026-08-12T17:08:36.317+0000] {processor.py:161} INFO - Started process (PID=683) to work on /opt/airflow/dags/clickstream_clean_events_dag.py
[2026-08-12T17:08:36.322+0000] {processor.py:830} INFO - Processing file /opt/airflow/dags/clickstream_clean_events_dag.py for tasks to queue
[2026-08-12T17:08:36.339+0000] {logging_mixin.py:188} INFO - [2026-08-12T17:08:36.338+0000] {dagbag.py:545} INFO - Filling up the DagBag from /opt/airflow/dags/clickstream_clean_events_dag.py
[2026-08-12T17:08:36.396+0000] {processor.py:840} INFO - DAG(s) 'clickstream_clean_events' retrieved from /opt/airflow/dags/clickstream_clean_events_dag.py
[2026-08-12T17:08:36.515+0000] {logging_mixin.py:188} INFO - [2026-08-12T17:08:36.514+0000] {dag.py:3089} INFO - Sync 1 DAGs
[2026-08-12T17:08:36.568+0000] {logging_mixin.py:188} INFO - [2026-08-12T17:08:36.567+0000] {dag.py:3947} INFO - Setting next_dagrun for clickstream_clean_events to None, run_after=None
[2026-08-12T17:08:36.699+0000] {processor.py:183} INFO - Processing /opt/airflow/dags/clickstream_clean_events_dag.py took 0.411 seconds
[2026-08-12T17:09:07.047+0000] {processor.py:161} INFO - Started process (PID=715) to work on /opt/airflow/dags/clickstream_clean_events_dag.py
[2026-08-12T17:09:07.049+0000] {processor.py:830} INFO - Processing file /opt/airflow/dags/clickstream_clean_events_dag.py for tasks to queue
[2026-08-12T17:09:07.053+0000] {logging_mixin.py:188} INFO - [2026-08-12T17:09:07.053+0000] {dagbag.py:545} INFO - Filling up the DagBag from /opt/airflow/dags/clickstream_clean_events_dag.py
[2026-08-12T17:09:07.083+0000] {processor.py:840} INFO - DAG(s) 'clickstream_clean_events' retrieved from /opt/airflow/dags/clickstream_clean_events_dag.py
[2026-08-12T17:09:07.132+0000] {logging_mixin.py:188} INFO - [2026-08-12T17:09:07.132+0000] {dag.py:3089} INFO - Sync 1 DAGs
[2026-08-12T17:09:07.155+0000] {logging_mixin.py:188} INFO - [2026-08-12T17:09:07.155+0000] {dag.py:3947} INFO - Setting next_dagrun for clickstream_clean_events to None, run_after=None
[2026-08-12T17:09:07.190+0000] {processor.py:183} INFO - Processing /opt/airflow/dags/clickstream_clean_events_dag.py took 0.151 seconds
[2026-08-12T17:09:37.330+0000] {processor.py:161} INFO - Started process (PID=738) to work on /opt/airflow/dags/clickstream_clean_events_dag.py
[2026-08-12T17:09:37.334+0000] {processor.py:830} INFO - Processing file /opt/airflow/dags/clickstream_clean_events_dag.py for tasks to queue
[2026-08-12T17:09:37.345+0000] {logging_mixin.py:188} INFO - [2026-08-12T17:09:37.344+0000] {dagbag.py:545} INFO - Filling up the DagBag from /opt/airflow/dags/clickstream_clean_events_dag.py
[2026-08-12T17:09:37.395+0000] {processor.py:840} INFO - DAG(s) 'clickstream_clean_events' retrieved from /opt/airflow/dags/clickstream_clean_events_dag.py
[2026-08-12T17:09:37.491+0000] {logging_mixin.py:188} INFO - [2026-08-12T17:09:37.490+0000] {dag.py:3089} INFO - Sync 1 DAGs
[2026-08-12T17:09:37.533+0000] {logging_mixin.py:188} INFO - [2026-08-12T17:09:37.532+0000] {dag.py:3947} INFO - Setting next_dagrun for clickstream_clean_events to None, run_after=None
[2026-08-12T17:09:37.587+0000] {processor.py:183} INFO - Processing /opt/airflow/dags/clickstream_clean_events_dag.py took 0.278 seconds
[2026-08-12T17:10:07.994+0000] {processor.py:161} INFO - Started process (PID=762) to work on /opt/airflow/dags/clickstream_clean_events_dag.py
[2026-08-12T17:10:07.997+0000] {processor.py:830} INFO - Processing file /opt/airflow/dags/clickstream_clean_events_dag.py for tasks to queue
[2026-08-12T17:10:08.002+0000] {logging_mixin.py:188} INFO - [2026-08-12T17:10:08.001+0000] {dagbag.py:545} INFO - Filling up the DagBag from /opt/airflow/dags/clickstream_clean_events_dag.py
[2026-08-12T17:10:08.033+0000] {processor.py:840} INFO - DAG(s) 'clickstream_clean_events' retrieved from /opt/airflow/dags/clickstream_clean_events_dag.py
[2026-08-12T17:10:08.099+0000] {logging_mixin.py:188} INFO - [2026-08-12T17:10:08.099+0000] {dag.py:3089} INFO - Sync 1 DAGs
[2026-08-12T17:10:08.133+0000] {logging_mixin.py:188} INFO - [2026-08-12T17:10:08.133+0000] {dag.py:3947} INFO - Setting next_dagrun for clickstream_clean_events to None, run_after=None
[2026-08-12T17:10:08.177+0000] {processor.py:183} INFO - Processing /opt/airflow/dags/clickstream_clean_events_dag.py took 0.199 seconds
[2026-08-12T17:10:38.486+0000] {processor.py:161} INFO - Started process (PID=786) to work on /opt/airflow/dags/clickstream_clean_events_dag.py
[2026-08-12T17:10:38.488+0000] {processor.py:830} INFO - Processing file /opt/airflow/dags/clickstream_clean_events_dag.py for tasks to queue
[2026-08-12T17:10:38.491+0000] {logging_mixin.py:188} INFO - [2026-08-12T17:10:38.490+0000] {dagbag.py:545} INFO - Filling up the DagBag from /opt/airflow/dags/clickstream_clean_events_dag.py
[2026-08-12T17:10:38.510+0000] {processor.py:840} INFO - DAG(s) 'clickstream_clean_events' retrieved from /opt/airflow/dags/clickstream_clean_events_dag.py
[2026-08-12T17:10:38.546+0000] {logging_mixin.py:188} INFO - [2026-08-12T17:10:38.545+0000] {dag.py:3089} INFO - Sync 1 DAGs
[2026-08-12T17:10:38.562+0000] {logging_mixin.py:188} INFO - [2026-08-12T17:10:38.562+0000] {dag.py:3947} INFO - Setting next_dagrun for clickstream_clean_events to None, run_after=None
[2026-08-12T17:10:38.587+0000] {processor.py:183} INFO - Processing /opt/airflow/dags/clickstream_clean_events_dag.py took 0.111 seconds
[2026-08-12T17:12:26.445+0000] {processor.py:161} INFO - Started process (PID=178) to work on /opt/airflow/dags/clickstream_clean_events_dag.py
[2026-08-12T17:12:26.450+0000] {processor.py:830} INFO - Processing file /opt/airflow/dags/clickstream_clean_events_dag.py for tasks to queue
[2026-08-12T17:12:26.460+0000] {logging_mixin.py:188} INFO - [2026-08-12T17:12:26.458+0000] {dagbag.py:545} INFO - Filling up the DagBag from /opt/airflow/dags/clickstream_clean_events_dag.py
[2026-08-12T17:12:26.592+0000] {processor.py:840} INFO - DAG(s) 'clickstream_clean_events' retrieved from /opt/airflow/dags/clickstream_clean_events_dag.py
[2026-08-12T17:12:28.306+0000] {logging_mixin.py:188} INFO - [2026-08-12T17:12:28.305+0000] {dag.py:3089} INFO - Sync 1 DAGs
[2026-08-12T17:12:28.371+0000] {logging_mixin.py:188} INFO - [2026-08-12T17:12:28.370+0000] {dag.py:3947} INFO - Setting next_dagrun for clickstream_clean_events to None, run_after=None
[2026-08-12T17:12:28.488+0000] {processor.py:183} INFO - Processing /opt/airflow/dags/clickstream_clean_events_dag.py took 2.069 seconds
[2026-08-12T17:12:59.064+0000] {processor.py:161} INFO - Started process (PID=202) to work on /opt/airflow/dags/clickstream_clean_events_dag.py
[2026-08-12T17:12:59.068+0000] {processor.py:830} INFO - Processing file /opt/airflow/dags/clickstream_clean_events_dag.py for tasks to queue
[2026-08-12T17:12:59.075+0000] {logging_mixin.py:188} INFO - [2026-08-12T17:12:59.074+0000] {dagbag.py:545} INFO - Filling up the DagBag from /opt/airflow/dags/clickstream_clean_events_dag.py
[2026-08-12T17:12:59.122+0000] {processor.py:840} INFO - DAG(s) 'clickstream_clean_events' retrieved from /opt/airflow/dags/clickstream_clean_events_dag.py
[2026-08-12T17:12:59.196+0000] {logging_mixin.py:188} INFO - [2026-08-12T17:12:59.195+0000] {dag.py:3089} INFO - Sync 1 DAGs
[2026-08-12T17:12:59.240+0000] {logging_mixin.py:188} INFO - [2026-08-12T17:12:59.240+0000] {dag.py:3947} INFO - Setting next_dagrun for clickstream_clean_events to None, run_after=None
[2026-08-12T17:12:59.292+0000] {processor.py:183} INFO - Processing /opt/airflow/dags/clickstream_clean_events_dag.py took 0.246 seconds
[2026-08-12T17:13:29.482+0000] {processor.py:161} INFO - Started process (PID=226) to work on /opt/airflow/dags/clickstream_clean_events_dag.py
[2026-08-12T17:13:29.484+0000] {processor.py:830} INFO - Processing file /opt/airflow/dags/clickstream_clean_events_dag.py for tasks to queue
[2026-08-12T17:13:29.487+0000] {logging_mixin.py:188} INFO - [2026-08-12T17:13:29.486+0000] {dagbag.py:545} INFO - Filling up the DagBag from /opt/airflow/dags/clickstream_clean_events_dag.py
[2026-08-12T17:13:29.510+0000] {processor.py:840} INFO - DAG(s) 'clickstream_clean_events' retrieved from /opt/airflow/dags/clickstream_clean_events_dag.py
[2026-08-12T17:13:29.573+0000] {logging_mixin.py:188} INFO - [2026-08-12T17:13:29.573+0000] {dag.py:3089} INFO - Sync 1 DAGs
[2026-08-12T17:13:29.593+0000] {logging_mixin.py:188} INFO - [2026-08-12T17:13:29.593+0000] {dag.py:3947} INFO - Setting next_dagrun for clickstream_clean_events to None, run_after=None
[2026-08-12T17:13:29.627+0000] {processor.py:183} INFO - Processing /opt/airflow/dags/clickstream_clean_events_dag.py took 0.153 seconds
[2026-08-12T17:13:59.892+0000] {processor.py:161} INFO - Started process (PID=250) to work on /opt/airflow/dags/clickstream_clean_events_dag.py
[2026-08-12T17:13:59.894+0000] {processor.py:830} INFO - Processing file /opt/airflow/dags/clickstream_clean_events_dag.py for tasks to queue
[2026-08-12T17:13:59.898+0000] {logging_mixin.py:188} INFO - [2026-08-12T17:13:59.898+0000] {dagbag.py:545} INFO - Filling up the DagBag from /opt/airflow/dags/clickstream_clean_events_dag.py
[2026-08-12T17:13:59.931+0000] {processor.py:840} INFO - DAG(s) 'clickstream_clean_events' retrieved from /opt/airflow/dags/clickstream_clean_events_dag.py
[2026-08-12T17:13:59.987+0000] {logging_mixin.py:188} INFO - [2026-08-12T17:13:59.986+0000] {dag.py:3089} INFO - Sync 1 DAGs
[2026-08-12T17:14:00.011+0000] {logging_mixin.py:188} INFO - [2026-08-12T17:14:00.011+0000] {dag.py:3947} INFO - Setting next_dagrun for clickstream_clean_events to None, run_after=None
[2026-08-12T17:14:00.059+0000] {processor.py:183} INFO - Processing /opt/airflow/dags/clickstream_clean_events_dag.py took 0.184 seconds
[2026-08-12T17:14:30.448+0000] {processor.py:161} INFO - Started process (PID=274) to work on /opt/airflow/dags/clickstream_clean_events_dag.py
[2026-08-12T17:14:30.451+0000] {processor.py:830} INFO - Processing file /opt/airflow/dags/clickstream_clean_events_dag.py for tasks to queue
[2026-08-12T17:14:30.458+0000] {logging_mixin.py:188} INFO - [2026-08-12T17:14:30.457+0000] {dagbag.py:545} INFO - Filling up the DagBag from /opt/airflow/dags/clickstream_clean_events_dag.py
[2026-08-12T17:14:30.497+0000] {processor.py:840} INFO - DAG(s) 'clickstream_clean_events' retrieved from /opt/airflow/dags/clickstream_clean_events_dag.py
[2026-08-12T17:14:30.572+0000] {logging_mixin.py:188} INFO - [2026-08-12T17:14:30.571+0000] {dag.py:3089} INFO - Sync 1 DAGs
[2026-08-12T17:14:30.611+0000] {logging_mixin.py:188} INFO - [2026-08-12T17:14:30.610+0000] {dag.py:3947} INFO - Setting next_dagrun for clickstream_clean_events to None, run_after=None
[2026-08-12T17:14:30.671+0000] {processor.py:183} INFO - Processing /opt/airflow/dags/clickstream_clean_events_dag.py took 0.240 seconds
[2026-08-12T17:15:00.966+0000] {processor.py:161} INFO - Started process (PID=305) to work on /opt/airflow/dags/clickstream_clean_events_dag.py
[2026-08-12T17:15:00.967+0000] {processor.py:830} INFO - Processing file /opt/airflow/dags/clickstream_clean_events_dag.py for tasks to queue
[2026-08-12T17:15:00.970+0000] {logging_mixin.py:188} INFO - [2026-08-12T17:15:00.970+0000] {dagbag.py:545} INFO - Filling up the DagBag from /opt/airflow/dags/clickstream_clean_events_dag.py
[2026-08-12T17:15:00.989+0000] {processor.py:840} INFO - DAG(s) 'clickstream_clean_events' retrieved from /opt/airflow/dags/clickstream_clean_events_dag.py
[2026-08-12T17:15:01.031+0000] {logging_mixin.py:188} INFO - [2026-08-12T17:15:01.030+0000] {dag.py:3089} INFO - Sync 1 DAGs
[2026-08-12T17:15:01.054+0000] {logging_mixin.py:188} INFO - [2026-08-12T17:15:01.053+0000] {dag.py:3947} INFO - Setting next_dagrun for clickstream_clean_events to None, run_after=None
[2026-08-12T17:15:01.091+0000] {processor.py:183} INFO - Processing /opt/airflow/dags/clickstream_clean_events_dag.py took 0.133 seconds
[2026-08-12T17:15:31.549+0000] {processor.py:161} INFO - Started process (PID=387) to work on /opt/airflow/dags/clickstream_clean_events_dag.py
[2026-08-12T17:15:31.554+0000] {processor.py:830} INFO - Processing file /opt/airflow/dags/clickstream_clean_events_dag.py for tasks to queue
[2026-08-12T17:15:31.562+0000] {logging_mixin.py:188} INFO - [2026-08-12T17:15:31.560+0000] {dagbag.py:545} INFO - Filling up the DagBag from /opt/airflow/dags/clickstream_clean_events_dag.py
[2026-08-12T17:15:31.620+0000] {processor.py:840} INFO - DAG(s) 'clickstream_clean_events' retrieved from /opt/airflow/dags/clickstream_clean_events_dag.py
[2026-08-12T17:15:31.735+0000] {logging_mixin.py:188} INFO - [2026-08-12T17:15:31.735+0000] {dag.py:3089} INFO - Sync 1 DAGs
[2026-08-12T17:15:31.787+0000] {logging_mixin.py:188} INFO - [2026-08-12T17:15:31.787+0000] {dag.py:3947} INFO - Setting next_dagrun for clickstream_clean_events to None, run_after=None
[2026-08-12T17:15:31.850+0000] {processor.py:183} INFO - Processing /opt/airflow/dags/clickstream_clean_events_dag.py took 0.327 seconds
[2026-08-12T17:16:02.205+0000] {processor.py:161} INFO - Started process (PID=525) to work on /opt/airflow/dags/clickstream_clean_events_dag.py
[2026-08-12T17:16:02.214+0000] {processor.py:830} INFO - Processing file /opt/airflow/dags/clickstream_clean_events_dag.py for tasks to queue
[2026-08-12T17:16:02.226+0000] {logging_mixin.py:188} INFO - [2026-08-12T17:16:02.225+0000] {dagbag.py:545} INFO - Filling up the DagBag from /opt/airflow/dags/clickstream_clean_events_dag.py
[2026-08-12T17:16:02.331+0000] {processor.py:840} INFO - DAG(s) 'clickstream_clean_events' retrieved from /opt/airflow/dags/clickstream_clean_events_dag.py
[2026-08-12T17:16:02.497+0000] {logging_mixin.py:188} INFO - [2026-08-12T17:16:02.495+0000] {dag.py:3089} INFO - Sync 1 DAGs
[2026-08-12T17:16:02.572+0000] {logging_mixin.py:188} INFO - [2026-08-12T17:16:02.571+0000] {dag.py:3947} INFO - Setting next_dagrun for clickstream_clean_events to None, run_after=None
[2026-08-12T17:16:02.659+0000] {processor.py:183} INFO - Processing /opt/airflow/dags/clickstream_clean_events_dag.py took 0.509 seconds
[2026-08-12T17:16:33.089+0000] {processor.py:161} INFO - Started process (PID=651) to work on /opt/airflow/dags/clickstream_clean_events_dag.py
[2026-08-12T17:16:33.091+0000] {processor.py:830} INFO - Processing file /opt/airflow/dags/clickstream_clean_events_dag.py for tasks to queue
[2026-08-12T17:16:33.095+0000] {logging_mixin.py:188} INFO - [2026-08-12T17:16:33.095+0000] {dagbag.py:545} INFO - Filling up the DagBag from /opt/airflow/dags/clickstream_clean_events_dag.py
[2026-08-12T17:16:33.125+0000] {processor.py:840} INFO - DAG(s) 'clickstream_clean_events' retrieved from /opt/airflow/dags/clickstream_clean_events_dag.py
[2026-08-12T17:16:33.182+0000] {logging_mixin.py:188} INFO - [2026-08-12T17:16:33.181+0000] {dag.py:3089} INFO - Sync 1 DAGs
[2026-08-12T17:16:33.209+0000] {logging_mixin.py:188} INFO - [2026-08-12T17:16:33.209+0000] {dag.py:3947} INFO - Setting next_dagrun for clickstream_clean_events to None, run_after=None
[2026-08-12T17:16:33.249+0000] {processor.py:183} INFO - Processing /opt/airflow/dags/clickstream_clean_events_dag.py took 0.172 seconds
[2026-08-12T17:17:03.341+0000] {processor.py:161} INFO - Started process (PID=675) to work on /opt/airflow/dags/clickstream_clean_events_dag.py
[2026-08-12T17:17:03.343+0000] {processor.py:830} INFO - Processing file /opt/airflow/dags/clickstream_clean_events_dag.py for tasks to queue
[2026-08-12T17:17:03.348+0000] {logging_mixin.py:188} INFO - [2026-08-12T17:17:03.347+0000] {dagbag.py:545} INFO - Filling up the DagBag from /opt/airflow/dags/clickstream_clean_events_dag.py
[2026-08-12T17:17:03.403+0000] {processor.py:840} INFO - DAG(s) 'clickstream_clean_events' retrieved from /opt/airflow/dags/clickstream_clean_events_dag.py
[2026-08-12T17:17:03.470+0000] {logging_mixin.py:188} INFO - [2026-08-12T17:17:03.470+0000] {dag.py:3089} INFO - Sync 1 DAGs
[2026-08-12T17:17:03.501+0000] {logging_mixin.py:188} INFO - [2026-08-12T17:17:03.500+0000] {dag.py:3947} INFO - Setting next_dagrun for clickstream_clean_events to None, run_after=None
[2026-08-12T17:17:03.536+0000] {processor.py:183} INFO - Processing /opt/airflow/dags/clickstream_clean_events_dag.py took 0.205 seconds
[2026-08-12T17:17:33.987+0000] {processor.py:161} INFO - Started process (PID=749) to work on /opt/airflow/dags/clickstream_clean_events_dag.py
[2026-08-12T17:17:33.993+0000] {processor.py:830} INFO - Processing file /opt/airflow/dags/clickstream_clean_events_dag.py for tasks to queue
[2026-08-12T17:17:34.005+0000] {logging_mixin.py:188} INFO - [2026-08-12T17:17:34.003+0000] {dagbag.py:545} INFO - Filling up the DagBag from /opt/airflow/dags/clickstream_clean_events_dag.py
[2026-08-12T17:17:34.067+0000] {processor.py:840} INFO - DAG(s) 'clickstream_clean_events' retrieved from /opt/airflow/dags/clickstream_clean_events_dag.py
[2026-08-12T17:17:34.186+0000] {logging_mixin.py:188} INFO - [2026-08-12T17:17:34.185+0000] {dag.py:3089} INFO - Sync 1 DAGs
[2026-08-12T17:17:34.244+0000] {logging_mixin.py:188} INFO - [2026-08-12T17:17:34.243+0000] {dag.py:3947} INFO - Setting next_dagrun for clickstream_clean_events to None, run_after=None
[2026-08-12T17:17:34.326+0000] {processor.py:183} INFO - Processing /opt/airflow/dags/clickstream_clean_events_dag.py took 0.378 seconds
[2026-08-12T17:18:05.233+0000] {processor.py:161} INFO - Started process (PID=871) to work on /opt/airflow/dags/clickstream_clean_events_dag.py
[2026-08-12T17:18:05.240+0000] {processor.py:830} INFO - Processing file /opt/airflow/dags/clickstream_clean_events_dag.py for tasks to queue
[2026-08-12T17:18:05.260+0000] {logging_mixin.py:188} INFO - [2026-08-12T17:18:05.257+0000] {dagbag.py:545} INFO - Filling up the DagBag from /opt/airflow/dags/clickstream_clean_events_dag.py
[2026-08-12T17:18:05.402+0000] {processor.py:840} INFO - DAG(s) 'clickstream_clean_events' retrieved from /opt/airflow/dags/clickstream_clean_events_dag.py
[2026-08-12T17:18:05.612+0000] {logging_mixin.py:188} INFO - [2026-08-12T17:18:05.607+0000] {dag.py:3089} INFO - Sync 1 DAGs
[2026-08-12T17:18:05.728+0000] {logging_mixin.py:188} INFO - [2026-08-12T17:18:05.727+0000] {dag.py:3947} INFO - Setting next_dagrun for clickstream_clean_events to None, run_after=None
[2026-08-12T17:18:05.836+0000] {processor.py:183} INFO - Processing /opt/airflow/dags/clickstream_clean_events_dag.py took 0.659 seconds
[2026-08-12T17:18:36.282+0000] {processor.py:161} INFO - Started process (PID=1034) to work on /opt/airflow/dags/clickstream_clean_events_dag.py
[2026-08-12T17:18:36.284+0000] {processor.py:830} INFO - Processing file /opt/airflow/dags/clickstream_clean_events_dag.py for tasks to queue
[2026-08-12T17:18:36.286+0000] {logging_mixin.py:188} INFO - [2026-08-12T17:18:36.286+0000] {dagbag.py:545} INFO - Filling up the DagBag from /opt/airflow/dags/clickstream_clean_events_dag.py
[2026-08-12T17:18:36.303+0000] {processor.py:840} INFO - DAG(s) 'clickstream_clean_events' retrieved from /opt/airflow/dags/clickstream_clean_events_dag.py
[2026-08-12T17:18:36.336+0000] {logging_mixin.py:188} INFO - [2026-08-12T17:18:36.336+0000] {dag.py:3089} INFO - Sync 1 DAGs
[2026-08-12T17:18:36.351+0000] {logging_mixin.py:188} INFO - [2026-08-12T17:18:36.351+0000] {dag.py:3947} INFO - Setting next_dagrun for clickstream_clean_events to None, run_after=None
[2026-08-12T17:18:36.373+0000] {processor.py:183} INFO - Processing /opt/airflow/dags/clickstream_clean_events_dag.py took 0.101 seconds
[2026-08-12T17:19:06.643+0000] {processor.py:161} INFO - Started process (PID=1059) to work on /opt/airflow/dags/clickstream_clean_events_dag.py
[2026-08-12T17:19:06.645+0000] {processor.py:830} INFO - Processing file /opt/airflow/dags/clickstream_clean_events_dag.py for tasks to queue
[2026-08-12T17:19:06.648+0000] {logging_mixin.py:188} INFO - [2026-08-12T17:19:06.647+0000] {dagbag.py:545} INFO - Filling up the DagBag from /opt/airflow/dags/clickstream_clean_events_dag.py
[2026-08-12T17:19:06.671+0000] {processor.py:840} INFO - DAG(s) 'clickstream_clean_events' retrieved from /opt/airflow/dags/clickstream_clean_events_dag.py
[2026-08-12T17:19:06.708+0000] {logging_mixin.py:188} INFO - [2026-08-12T17:19:06.708+0000] {dag.py:3089} INFO - Sync 1 DAGs
[2026-08-12T17:19:06.727+0000] {logging_mixin.py:188} INFO - [2026-08-12T17:19:06.726+0000] {dag.py:3947} INFO - Setting next_dagrun for clickstream_clean_events to None, run_after=None
[2026-08-12T17:19:06.752+0000] {processor.py:183} INFO - Processing /opt/airflow/dags/clickstream_clean_events_dag.py took 0.119 seconds
[2026-08-12T17:19:37.163+0000] {processor.py:161} INFO - Started process (PID=1083) to work on /opt/airflow/dags/clickstream_clean_events_dag.py
[2026-08-12T17:19:37.167+0000] {processor.py:830} INFO - Processing file /opt/airflow/dags/clickstream_clean_events_dag.py for tasks to queue
[2026-08-12T17:19:37.174+0000] {logging_mixin.py:188} INFO - [2026-08-12T17:19:37.173+0000] {dagbag.py:545} INFO - Filling up the DagBag from /opt/airflow/dags/clickstream_clean_events_dag.py
[2026-08-12T17:19:37.224+0000] {processor.py:840} INFO - DAG(s) 'clickstream_clean_events' retrieved from /opt/airflow/dags/clickstream_clean_events_dag.py
[2026-08-12T17:19:37.317+0000] {logging_mixin.py:188} INFO - [2026-08-12T17:19:37.317+0000] {dag.py:3089} INFO - Sync 1 DAGs
[2026-08-12T17:19:37.359+0000] {logging_mixin.py:188} INFO - [2026-08-12T17:19:37.359+0000] {dag.py:3947} INFO - Setting next_dagrun for clickstream_clean_events to None, run_after=None
[2026-08-12T17:19:37.412+0000] {processor.py:183} INFO - Processing /opt/airflow/dags/clickstream_clean_events_dag.py took 0.272 seconds
[2026-08-12T17:20:07.671+0000] {processor.py:161} INFO - Started process (PID=1107) to work on /opt/airflow/dags/clickstream_clean_events_dag.py
[2026-08-12T17:20:07.673+0000] {processor.py:830} INFO - Processing file /opt/airflow/dags/clickstream_clean_events_dag.py for tasks to queue
[2026-08-12T17:20:07.675+0000] {logging_mixin.py:188} INFO - [2026-08-12T17:20:07.675+0000] {dagbag.py:545} INFO - Filling up the DagBag from /opt/airflow/dags/clickstream_clean_events_dag.py
[2026-08-12T17:20:07.694+0000] {processor.py:840} INFO - DAG(s) 'clickstream_clean_events' retrieved from /opt/airflow/dags/clickstream_clean_events_dag.py
[2026-08-12T17:20:07.724+0000] {logging_mixin.py:188} INFO - [2026-08-12T17:20:07.724+0000] {dag.py:3089} INFO - Sync 1 DAGs
[2026-08-12T17:20:07.739+0000] {logging_mixin.py:188} INFO - [2026-08-12T17:20:07.739+0000] {dag.py:3947} INFO - Setting next_dagrun for clickstream_clean_events to None, run_after=None
[2026-08-12T17:20:07.763+0000] {processor.py:183} INFO - Processing /opt/airflow/dags/clickstream_clean_events_dag.py took 0.099 seconds
[2026-08-12T17:20:37.909+0000] {processor.py:161} INFO - Started process (PID=1131) to work on /opt/airflow/dags/clickstream_clean_events_dag.py
[2026-08-12T17:20:37.910+0000] {processor.py:830} INFO - Processing file /opt/airflow/dags/clickstream_clean_events_dag.py for tasks to queue
[2026-08-12T17:20:37.912+0000] {logging_mixin.py:188} INFO - [2026-08-12T17:20:37.912+0000] {dagbag.py:545} INFO - Filling up the DagBag from /opt/airflow/dags/clickstream_clean_events_dag.py
[2026-08-12T17:20:37.927+0000] {processor.py:840} INFO - DAG(s) 'clickstream_clean_events' retrieved from /opt/airflow/dags/clickstream_clean_events_dag.py
[2026-08-12T17:20:37.953+0000] {logging_mixin.py:188} INFO - [2026-08-12T17:20:37.953+0000] {dag.py:3089} INFO - Sync 1 DAGs
[2026-08-12T17:20:37.965+0000] {logging_mixin.py:188} INFO - [2026-08-12T17:20:37.964+0000] {dag.py:3947} INFO - Setting next_dagrun for clickstream_clean_events to None, run_after=None
[2026-08-12T17:20:37.987+0000] {processor.py:183} INFO - Processing /opt/airflow/dags/clickstream_clean_events_dag.py took 0.085 seconds
[2026-08-12T17:21:08.262+0000] {processor.py:161} INFO - Started process (PID=1155) to work on /opt/airflow/dags/clickstream_clean_events_dag.py
[2026-08-12T17:21:08.263+0000] {processor.py:830} INFO - Processing file /opt/airflow/dags/clickstream_clean_events_dag.py for tasks to queue
[2026-08-12T17:21:08.265+0000] {logging_mixin.py:188} INFO - [2026-08-12T17:21:08.265+0000] {dagbag.py:545} INFO - Filling up the DagBag from /opt/airflow/dags/clickstream_clean_events_dag.py
[2026-08-12T17:21:08.281+0000] {processor.py:840} INFO - DAG(s) 'clickstream_clean_events' retrieved from /opt/airflow/dags/clickstream_clean_events_dag.py
[2026-08-12T17:21:08.306+0000] {logging_mixin.py:188} INFO - [2026-08-12T17:21:08.306+0000] {dag.py:3089} INFO - Sync 1 DAGs
[2026-08-12T17:21:08.317+0000] {logging_mixin.py:188} INFO - [2026-08-12T17:21:08.317+0000] {dag.py:3947} INFO - Setting next_dagrun for clickstream_clean_events to None, run_after=None
[2026-08-12T17:21:08.334+0000] {processor.py:183} INFO - Processing /opt/airflow/dags/clickstream_clean_events_dag.py took 0.081 seconds
[2026-08-12T17:21:38.608+0000] {processor.py:161} INFO - Started process (PID=1186) to work on /opt/airflow/dags/clickstream_clean_events_dag.py
[2026-08-12T17:21:38.610+0000] {processor.py:830} INFO - Processing file /opt/airflow/dags/clickstream_clean_events_dag.py for tasks to queue
[2026-08-12T17:21:38.613+0000] {logging_mixin.py:188} INFO - [2026-08-12T17:21:38.612+0000] {dagbag.py:545} INFO - Filling up the DagBag from /opt/airflow/dags/clickstream_clean_events_dag.py
[2026-08-12T17:21:38.634+0000] {processor.py:840} INFO - DAG(s) 'clickstream_clean_events' retrieved from /opt/airflow/dags/clickstream_clean_events_dag.py
[2026-08-12T17:21:38.667+0000] {logging_mixin.py:188} INFO - [2026-08-12T17:21:38.666+0000] {dag.py:3089} INFO - Sync 1 DAGs
[2026-08-12T17:21:38.686+0000] {logging_mixin.py:188} INFO - [2026-08-12T17:21:38.686+0000] {dag.py:3947} INFO - Setting next_dagrun for clickstream_clean_events to None, run_after=None
[2026-08-12T17:21:38.707+0000] {processor.py:183} INFO - Processing /opt/airflow/dags/clickstream_clean_events_dag.py took 0.109 seconds
[2026-08-12T17:22:08.894+0000] {processor.py:161} INFO - Started process (PID=1210) to work on /opt/airflow/dags/clickstream_clean_events_dag.py
[2026-08-12T17:22:08.896+0000] {processor.py:830} INFO - Processing file /opt/airflow/dags/clickstream_clean_events_dag.py for tasks to queue
[2026-08-12T17:22:08.900+0000] {logging_mixin.py:188} INFO - [2026-08-12T17:22:08.899+0000] {dagbag.py:545} INFO - Filling up the DagBag from /opt/airflow/dags/clickstream_clean_events_dag.py
[2026-08-12T17:22:08.935+0000] {processor.py:840} INFO - DAG(s) 'clickstream_clean_events' retrieved from /opt/airflow/dags/clickstream_clean_events_dag.py
[2026-08-12T17:22:08.990+0000] {logging_mixin.py:188} INFO - [2026-08-12T17:22:08.990+0000] {dag.py:3089} INFO - Sync 1 DAGs
[2026-08-12T17:22:09.015+0000] {logging_mixin.py:188} INFO - [2026-08-12T17:22:09.014+0000] {dag.py:3947} INFO - Setting next_dagrun for clickstream_clean_events to None, run_after=None
[2026-08-12T17:22:09.049+0000] {processor.py:183} INFO - Processing /opt/airflow/dags/clickstream_clean_events_dag.py took 0.166 seconds
[2026-08-12T17:22:39.241+0000] {processor.py:161} INFO - Started process (PID=1234) to work on /opt/airflow/dags/clickstream_clean_events_dag.py
[2026-08-12T17:22:39.245+0000] {processor.py:830} INFO - Processing file /opt/airflow/dags/clickstream_clean_events_dag.py for tasks to queue
[2026-08-12T17:22:39.248+0000] {logging_mixin.py:188} INFO - [2026-08-12T17:22:39.247+0000] {dagbag.py:545} INFO - Filling up the DagBag from /opt/airflow/dags/clickstream_clean_events_dag.py
[2026-08-12T17:22:39.263+0000] {processor.py:840} INFO - DAG(s) 'clickstream_clean_events' retrieved from /opt/airflow/dags/clickstream_clean_events_dag.py
[2026-08-12T17:22:39.304+0000] {logging_mixin.py:188} INFO - [2026-08-12T17:22:39.303+0000] {dag.py:3089} INFO - Sync 1 DAGs
[2026-08-12T17:22:39.316+0000] {logging_mixin.py:188} INFO - [2026-08-12T17:22:39.316+0000] {dag.py:3947} INFO - Setting next_dagrun for clickstream_clean_events to None, run_after=None
[2026-08-12T17:22:39.334+0000] {processor.py:183} INFO - Processing /opt/airflow/dags/clickstream_clean_events_dag.py took 0.099 seconds
[2026-08-12T17:23:09.578+0000] {processor.py:161} INFO - Started process (PID=1259) to work on /opt/airflow/dags/clickstream_clean_events_dag.py
[2026-08-12T17:23:09.579+0000] {processor.py:830} INFO - Processing file /opt/airflow/dags/clickstream_clean_events_dag.py for tasks to queue
[2026-08-12T17:23:09.581+0000] {logging_mixin.py:188} INFO - [2026-08-12T17:23:09.581+0000] {dagbag.py:545} INFO - Filling up the DagBag from /opt/airflow/dags/clickstream_clean_events_dag.py
[2026-08-12T17:23:09.596+0000] {processor.py:840} INFO - DAG(s) 'clickstream_clean_events' retrieved from /opt/airflow/dags/clickstream_clean_events_dag.py
[2026-08-12T17:23:09.622+0000] {logging_mixin.py:188} INFO - [2026-08-12T17:23:09.622+0000] {dag.py:3089} INFO - Sync 1 DAGs
[2026-08-12T17:23:09.636+0000] {logging_mixin.py:188} INFO - [2026-08-12T17:23:09.635+0000] {dag.py:3947} INFO - Setting next_dagrun for clickstream_clean_events to None, run_after=None
[2026-08-12T17:23:09.656+0000] {processor.py:183} INFO - Processing /opt/airflow/dags/clickstream_clean_events_dag.py took 0.085 seconds
[2026-08-12T17:23:40.080+0000] {processor.py:161} INFO - Started process (PID=1283) to work on /opt/airflow/dags/clickstream_clean_events_dag.py
[2026-08-12T17:23:40.082+0000] {processor.py:830} INFO - Processing file /opt/airflow/dags/clickstream_clean_events_dag.py for tasks to queue
[2026-08-12T17:23:40.086+0000] {logging_mixin.py:188} INFO - [2026-08-12T17:23:40.085+0000] {dagbag.py:545} INFO - Filling up the DagBag from /opt/airflow/dags/clickstream_clean_events_dag.py
[2026-08-12T17:23:40.114+0000] {processor.py:840} INFO - DAG(s) 'clickstream_clean_events' retrieved from /opt/airflow/dags/clickstream_clean_events_dag.py
[2026-08-12T17:23:40.157+0000] {logging_mixin.py:188} INFO - [2026-08-12T17:23:40.157+0000] {dag.py:3089} INFO - Sync 1 DAGs
[2026-08-12T17:23:40.177+0000] {logging_mixin.py:188} INFO - [2026-08-12T17:23:40.176+0000] {dag.py:3947} INFO - Setting next_dagrun for clickstream_clean_events to None, run_after=None
[2026-08-12T17:23:40.212+0000] {processor.py:183} INFO - Processing /opt/airflow/dags/clickstream_clean_events_dag.py took 0.142 seconds
[2026-08-12T17:24:10.417+0000] {processor.py:161} INFO - Started process (PID=1357) to work on /opt/airflow/dags/clickstream_clean_events_dag.py
[2026-08-12T17:24:10.422+0000] {processor.py:830} INFO - Processing file /opt/airflow/dags/clickstream_clean_events_dag.py for tasks to queue
[2026-08-12T17:24:10.430+0000] {logging_mixin.py:188} INFO - [2026-08-12T17:24:10.429+0000] {dagbag.py:545} INFO - Filling up the DagBag from /opt/airflow/dags/clickstream_clean_events_dag.py
[2026-08-12T17:24:10.488+0000] {processor.py:840} INFO - DAG(s) 'clickstream_clean_events' retrieved from /opt/airflow/dags/clickstream_clean_events_dag.py
[2026-08-12T17:24:11.125+0000] {logging_mixin.py:188} INFO - [2026-08-12T17:24:11.124+0000] {dag.py:3089} INFO - Sync 1 DAGs
[2026-08-12T17:24:11.162+0000] {logging_mixin.py:188} INFO - [2026-08-12T17:24:11.161+0000] {dag.py:3947} INFO - Setting next_dagrun for clickstream_clean_events to None, run_after=None
[2026-08-12T17:24:11.246+0000] {processor.py:183} INFO - Processing /opt/airflow/dags/clickstream_clean_events_dag.py took 0.854 seconds
[2026-08-12T17:24:41.985+0000] {processor.py:161} INFO - Started process (PID=1510) to work on /opt/airflow/dags/clickstream_clean_events_dag.py
[2026-08-12T17:24:41.992+0000] {processor.py:830} INFO - Processing file /opt/airflow/dags/clickstream_clean_events_dag.py for tasks to queue
[2026-08-12T17:24:42.010+0000] {logging_mixin.py:188} INFO - [2026-08-12T17:24:42.007+0000] {dagbag.py:545} INFO - Filling up the DagBag from /opt/airflow/dags/clickstream_clean_events_dag.py
[2026-08-12T17:24:42.220+0000] {processor.py:840} INFO - DAG(s) 'clickstream_clean_events' retrieved from /opt/airflow/dags/clickstream_clean_events_dag.py
[2026-08-12T17:24:42.468+0000] {logging_mixin.py:188} INFO - [2026-08-12T17:24:42.467+0000] {dag.py:3089} INFO - Sync 1 DAGs
[2026-08-12T17:24:42.575+0000] {logging_mixin.py:188} INFO - [2026-08-12T17:24:42.574+0000] {dag.py:3947} INFO - Setting next_dagrun for clickstream_clean_events to None, run_after=None
[2026-08-12T17:24:42.680+0000] {processor.py:183} INFO - Processing /opt/airflow/dags/clickstream_clean_events_dag.py took 0.798 seconds
[2026-08-12T17:25:13.108+0000] {processor.py:161} INFO - Started process (PID=1606) to work on /opt/airflow/dags/clickstream_clean_events_dag.py
[2026-08-12T17:25:13.109+0000] {processor.py:830} INFO - Processing file /opt/airflow/dags/clickstream_clean_events_dag.py for tasks to queue
[2026-08-12T17:25:13.111+0000] {logging_mixin.py:188} INFO - [2026-08-12T17:25:13.110+0000] {dagbag.py:545} INFO - Filling up the DagBag from /opt/airflow/dags/clickstream_clean_events_dag.py
[2026-08-12T17:25:13.125+0000] {processor.py:840} INFO - DAG(s) 'clickstream_clean_events' retrieved from /opt/airflow/dags/clickstream_clean_events_dag.py
[2026-08-12T17:25:13.155+0000] {logging_mixin.py:188} INFO - [2026-08-12T17:25:13.155+0000] {dag.py:3089} INFO - Sync 1 DAGs
[2026-08-12T17:25:13.171+0000] {logging_mixin.py:188} INFO - [2026-08-12T17:25:13.171+0000] {dag.py:3947} INFO - Setting next_dagrun for clickstream_clean_events to None, run_after=None
[2026-08-12T17:25:13.193+0000] {processor.py:183} INFO - Processing /opt/airflow/dags/clickstream_clean_events_dag.py took 0.091 seconds
[2026-08-12T17:25:43.465+0000] {processor.py:161} INFO - Started process (PID=1630) to work on /opt/airflow/dags/clickstream_clean_events_dag.py
[2026-08-12T17:25:43.466+0000] {processor.py:830} INFO - Processing file /opt/airflow/dags/clickstream_clean_events_dag.py for tasks to queue
[2026-08-12T17:25:43.468+0000] {logging_mixin.py:188} INFO - [2026-08-12T17:25:43.468+0000] {dagbag.py:545} INFO - Filling up the DagBag from /opt/airflow/dags/clickstream_clean_events_dag.py
[2026-08-12T17:25:43.481+0000] {processor.py:840} INFO - DAG(s) 'clickstream_clean_events' retrieved from /opt/airflow/dags/clickstream_clean_events_dag.py
[2026-08-12T17:25:43.510+0000] {logging_mixin.py:188} INFO - [2026-08-12T17:25:43.510+0000] {dag.py:3089} INFO - Sync 1 DAGs
[2026-08-12T17:25:43.521+0000] {logging_mixin.py:188} INFO - [2026-08-12T17:25:43.521+0000] {dag.py:3947} INFO - Setting next_dagrun for clickstream_clean_events to None, run_after=None
[2026-08-12T17:25:43.540+0000] {processor.py:183} INFO - Processing /opt/airflow/dags/clickstream_clean_events_dag.py took 0.081 seconds
[2026-08-12T17:26:13.826+0000] {processor.py:161} INFO - Started process (PID=1661) to work on /opt/airflow/dags/clickstream_clean_events_dag.py
[2026-08-12T17:26:13.827+0000] {processor.py:830} INFO - Processing file /opt/airflow/dags/clickstream_clean_events_dag.py for tasks to queue
[2026-08-12T17:26:13.830+0000] {logging_mixin.py:188} INFO - [2026-08-12T17:26:13.830+0000] {dagbag.py:545} INFO - Filling up the DagBag from /opt/airflow/dags/clickstream_clean_events_dag.py
[2026-08-12T17:26:13.849+0000] {processor.py:840} INFO - DAG(s) 'clickstream_clean_events' retrieved from /opt/airflow/dags/clickstream_clean_events_dag.py
[2026-08-12T17:26:13.887+0000] {logging_mixin.py:188} INFO - [2026-08-12T17:26:13.886+0000] {dag.py:3089} INFO - Sync 1 DAGs
[2026-08-12T17:26:13.910+0000] {logging_mixin.py:188} INFO - [2026-08-12T17:26:13.910+0000] {dag.py:3947} INFO - Setting next_dagrun for clickstream_clean_events to None, run_after=None
[2026-08-12T17:26:13.933+0000] {processor.py:183} INFO - Processing /opt/airflow/dags/clickstream_clean_events_dag.py took 0.117 seconds
[2026-08-12T17:26:44.080+0000] {processor.py:161} INFO - Started process (PID=1685) to work on /opt/airflow/dags/clickstream_clean_events_dag.py
[2026-08-12T17:26:44.081+0000] {processor.py:830} INFO - Processing file /opt/airflow/dags/clickstream_clean_events_dag.py for tasks to queue
[2026-08-12T17:26:44.084+0000] {logging_mixin.py:188} INFO - [2026-08-12T17:26:44.084+0000] {dagbag.py:545} INFO - Filling up the DagBag from /opt/airflow/dags/clickstream_clean_events_dag.py
[2026-08-12T17:26:44.104+0000] {processor.py:840} INFO - DAG(s) 'clickstream_clean_events' retrieved from /opt/airflow/dags/clickstream_clean_events_dag.py
[2026-08-12T17:26:44.142+0000] {logging_mixin.py:188} INFO - [2026-08-12T17:26:44.141+0000] {dag.py:3089} INFO - Sync 1 DAGs
[2026-08-12T17:26:44.158+0000] {logging_mixin.py:188} INFO - [2026-08-12T17:26:44.158+0000] {dag.py:3947} INFO - Setting next_dagrun for clickstream_clean_events to None, run_after=None
[2026-08-12T17:26:44.182+0000] {processor.py:183} INFO - Processing /opt/airflow/dags/clickstream_clean_events_dag.py took 0.111 seconds
[2026-08-12T17:27:14.460+0000] {processor.py:161} INFO - Started process (PID=1709) to work on /opt/airflow/dags/clickstream_clean_events_dag.py
[2026-08-12T17:27:14.461+0000] {processor.py:830} INFO - Processing file /opt/airflow/dags/clickstream_clean_events_dag.py for tasks to queue
[2026-08-12T17:27:14.464+0000] {logging_mixin.py:188} INFO - [2026-08-12T17:27:14.463+0000] {dagbag.py:545} INFO - Filling up the DagBag from /opt/airflow/dags/clickstream_clean_events_dag.py
[2026-08-12T17:27:14.479+0000] {processor.py:840} INFO - DAG(s) 'clickstream_clean_events' retrieved from /opt/airflow/dags/clickstream_clean_events_dag.py
[2026-08-12T17:27:14.506+0000] {logging_mixin.py:188} INFO - [2026-08-12T17:27:14.506+0000] {dag.py:3089} INFO - Sync 1 DAGs
[2026-08-12T17:27:14.518+0000] {logging_mixin.py:188} INFO - [2026-08-12T17:27:14.518+0000] {dag.py:3947} INFO - Setting next_dagrun for clickstream_clean_events to None, run_after=None
[2026-08-12T17:27:14.538+0000] {processor.py:183} INFO - Processing /opt/airflow/dags/clickstream_clean_events_dag.py took 0.085 seconds
[2026-08-12T17:27:44.745+0000] {processor.py:161} INFO - Started process (PID=1740) to work on /opt/airflow/dags/clickstream_clean_events_dag.py
[2026-08-12T17:27:44.747+0000] {processor.py:830} INFO - Processing file /opt/airflow/dags/clickstream_clean_events_dag.py for tasks to queue
[2026-08-12T17:27:44.750+0000] {logging_mixin.py:188} INFO - [2026-08-12T17:27:44.750+0000] {dagbag.py:545} INFO - Filling up the DagBag from /opt/airflow/dags/clickstream_clean_events_dag.py
[2026-08-12T17:27:44.771+0000] {processor.py:840} INFO - DAG(s) 'clickstream_clean_events' retrieved from /opt/airflow/dags/clickstream_clean_events_dag.py
[2026-08-12T17:27:44.814+0000] {logging_mixin.py:188} INFO - [2026-08-12T17:27:44.814+0000] {dag.py:3089} INFO - Sync 1 DAGs
[2026-08-12T17:27:44.832+0000] {logging_mixin.py:188} INFO - [2026-08-12T17:27:44.831+0000] {dag.py:3947} INFO - Setting next_dagrun for clickstream_clean_events to None, run_after=None
[2026-08-12T17:27:44.858+0000] {processor.py:183} INFO - Processing /opt/airflow/dags/clickstream_clean_events_dag.py took 0.124 seconds
[2026-08-12T17:28:14.997+0000] {processor.py:161} INFO - Started process (PID=1764) to work on /opt/airflow/dags/clickstream_clean_events_dag.py
[2026-08-12T17:28:14.998+0000] {processor.py:830} INFO - Processing file /opt/airflow/dags/clickstream_clean_events_dag.py for tasks to queue
[2026-08-12T17:28:15.001+0000] {logging_mixin.py:188} INFO - [2026-08-12T17:28:15.000+0000] {dagbag.py:545} INFO - Filling up the DagBag from /opt/airflow/dags/clickstream_clean_events_dag.py
[2026-08-12T17:28:15.017+0000] {processor.py:840} INFO - DAG(s) 'clickstream_clean_events' retrieved from /opt/airflow/dags/clickstream_clean_events_dag.py
[2026-08-12T17:28:15.045+0000] {logging_mixin.py:188} INFO - [2026-08-12T17:28:15.045+0000] {dag.py:3089} INFO - Sync 1 DAGs
[2026-08-12T17:28:15.058+0000] {logging_mixin.py:188} INFO - [2026-08-12T17:28:15.058+0000] {dag.py:3947} INFO - Setting next_dagrun for clickstream_clean_events to None, run_after=None
[2026-08-12T17:28:15.079+0000] {processor.py:183} INFO - Processing /opt/airflow/dags/clickstream_clean_events_dag.py took 0.089 seconds
[2026-08-12T17:28:45.324+0000] {processor.py:161} INFO - Started process (PID=1788) to work on /opt/airflow/dags/clickstream_clean_events_dag.py
[2026-08-12T17:28:45.325+0000] {processor.py:830} INFO - Processing file /opt/airflow/dags/clickstream_clean_events_dag.py for tasks to queue
[2026-08-12T17:28:45.328+0000] {logging_mixin.py:188} INFO - [2026-08-12T17:28:45.327+0000] {dagbag.py:545} INFO - Filling up the DagBag from /opt/airflow/dags/clickstream_clean_events_dag.py
[2026-08-12T17:28:45.343+0000] {processor.py:840} INFO - DAG(s) 'clickstream_clean_events' retrieved from /opt/airflow/dags/clickstream_clean_events_dag.py
[2026-08-12T17:28:45.371+0000] {logging_mixin.py:188} INFO - [2026-08-12T17:28:45.370+0000] {dag.py:3089} INFO - Sync 1 DAGs
[2026-08-12T17:28:45.383+0000] {logging_mixin.py:188} INFO - [2026-08-12T17:28:45.383+0000] {dag.py:3947} INFO - Setting next_dagrun for clickstream_clean_events to None, run_after=None
[2026-08-12T17:28:45.402+0000] {processor.py:183} INFO - Processing /opt/airflow/dags/clickstream_clean_events_dag.py took 0.088 seconds
[2026-08-12T17:29:15.583+0000] {processor.py:161} INFO - Started process (PID=1819) to work on /opt/airflow/dags/clickstream_clean_events_dag.py
[2026-08-12T17:29:15.585+0000] {processor.py:830} INFO - Processing file /opt/airflow/dags/clickstream_clean_events_dag.py for tasks to queue
[2026-08-12T17:29:15.589+0000] {logging_mixin.py:188} INFO - [2026-08-12T17:29:15.589+0000] {dagbag.py:545} INFO - Filling up the DagBag from /opt/airflow/dags/clickstream_clean_events_dag.py
[2026-08-12T17:29:15.618+0000] {processor.py:840} INFO - DAG(s) 'clickstream_clean_events' retrieved from /opt/airflow/dags/clickstream_clean_events_dag.py
[2026-08-12T17:29:15.685+0000] {logging_mixin.py:188} INFO - [2026-08-12T17:29:15.685+0000] {dag.py:3089} INFO - Sync 1 DAGs
[2026-08-12T17:29:15.714+0000] {logging_mixin.py:188} INFO - [2026-08-12T17:29:15.714+0000] {dag.py:3947} INFO - Setting next_dagrun for clickstream_clean_events to None, run_after=None
[2026-08-12T17:29:15.765+0000] {processor.py:183} INFO - Processing /opt/airflow/dags/clickstream_clean_events_dag.py took 0.197 seconds
[2026-08-12T17:29:46.146+0000] {processor.py:161} INFO - Started process (PID=1843) to work on /opt/airflow/dags/clickstream_clean_events_dag.py
[2026-08-12T17:29:46.153+0000] {processor.py:830} INFO - Processing file /opt/airflow/dags/clickstream_clean_events_dag.py for tasks to queue
[2026-08-12T17:29:46.168+0000] {logging_mixin.py:188} INFO - [2026-08-12T17:29:46.166+0000] {dagbag.py:545} INFO - Filling up the DagBag from /opt/airflow/dags/clickstream_clean_events_dag.py
[2026-08-12T17:29:46.279+0000] {processor.py:840} INFO - DAG(s) 'clickstream_clean_events' retrieved from /opt/airflow/dags/clickstream_clean_events_dag.py
[2026-08-12T17:29:46.510+0000] {logging_mixin.py:188} INFO - [2026-08-12T17:29:46.508+0000] {dag.py:3089} INFO - Sync 1 DAGs
[2026-08-12T17:29:46.595+0000] {logging_mixin.py:188} INFO - [2026-08-12T17:29:46.593+0000] {dag.py:3947} INFO - Setting next_dagrun for clickstream_clean_events to None, run_after=None
[2026-08-12T17:29:46.714+0000] {processor.py:183} INFO - Processing /opt/airflow/dags/clickstream_clean_events_dag.py took 0.629 seconds
[2026-08-12T17:30:17.192+0000] {processor.py:161} INFO - Started process (PID=1867) to work on /opt/airflow/dags/clickstream_clean_events_dag.py
[2026-08-12T17:30:17.197+0000] {processor.py:830} INFO - Processing file /opt/airflow/dags/clickstream_clean_events_dag.py for tasks to queue
[2026-08-12T17:30:17.204+0000] {logging_mixin.py:188} INFO - [2026-08-12T17:30:17.203+0000] {dagbag.py:545} INFO - Filling up the DagBag from /opt/airflow/dags/clickstream_clean_events_dag.py
[2026-08-12T17:30:17.253+0000] {processor.py:840} INFO - DAG(s) 'clickstream_clean_events' retrieved from /opt/airflow/dags/clickstream_clean_events_dag.py
[2026-08-12T17:30:17.337+0000] {logging_mixin.py:188} INFO - [2026-08-12T17:30:17.337+0000] {dag.py:3089} INFO - Sync 1 DAGs
[2026-08-12T17:30:17.377+0000] {logging_mixin.py:188} INFO - [2026-08-12T17:30:17.377+0000] {dag.py:3947} INFO - Setting next_dagrun for clickstream_clean_events to None, run_after=None
[2026-08-12T17:30:17.441+0000] {processor.py:183} INFO - Processing /opt/airflow/dags/clickstream_clean_events_dag.py took 0.275 seconds
[2026-08-12T17:30:47.811+0000] {processor.py:161} INFO - Started process (PID=1892) to work on /opt/airflow/dags/clickstream_clean_events_dag.py
[2026-08-12T17:30:47.814+0000] {processor.py:830} INFO - Processing file /opt/airflow/dags/clickstream_clean_events_dag.py for tasks to queue
[2026-08-12T17:30:47.822+0000] {logging_mixin.py:188} INFO - [2026-08-12T17:30:47.821+0000] {dagbag.py:545} INFO - Filling up the DagBag from /opt/airflow/dags/clickstream_clean_events_dag.py
[2026-08-12T17:30:47.868+0000] {processor.py:840} INFO - DAG(s) 'clickstream_clean_events' retrieved from /opt/airflow/dags/clickstream_clean_events_dag.py
[2026-08-12T17:30:47.951+0000] {logging_mixin.py:188} INFO - [2026-08-12T17:30:47.950+0000] {dag.py:3089} INFO - Sync 1 DAGs
[2026-08-12T17:30:47.995+0000] {logging_mixin.py:188} INFO - [2026-08-12T17:30:47.994+0000] {dag.py:3947} INFO - Setting next_dagrun for clickstream_clean_events to None, run_after=None
[2026-08-12T17:30:48.050+0000] {processor.py:183} INFO - Processing /opt/airflow/dags/clickstream_clean_events_dag.py took 0.263 seconds
[2026-08-12T17:31:18.377+0000] {processor.py:161} INFO - Started process (PID=1909) to work on /opt/airflow/dags/clickstream_clean_events_dag.py
[2026-08-12T17:31:18.380+0000] {processor.py:830} INFO - Processing file /opt/airflow/dags/clickstream_clean_events_dag.py for tasks to queue
[2026-08-12T17:31:18.383+0000] {logging_mixin.py:188} INFO - [2026-08-12T17:31:18.382+0000] {dagbag.py:545} INFO - Filling up the DagBag from /opt/airflow/dags/clickstream_clean_events_dag.py
[2026-08-12T17:31:18.406+0000] {processor.py:840} INFO - DAG(s) 'clickstream_clean_events' retrieved from /opt/airflow/dags/clickstream_clean_events_dag.py
[2026-08-12T17:31:18.453+0000] {logging_mixin.py:188} INFO - [2026-08-12T17:31:18.453+0000] {dag.py:3089} INFO - Sync 1 DAGs
[2026-08-12T17:31:18.476+0000] {logging_mixin.py:188} INFO - [2026-08-12T17:31:18.476+0000] {dag.py:3947} INFO - Setting next_dagrun for clickstream_clean_events to None, run_after=None
[2026-08-12T17:31:18.508+0000] {processor.py:183} INFO - Processing /opt/airflow/dags/clickstream_clean_events_dag.py took 0.141 seconds
[2026-08-12T17:31:48.806+0000] {processor.py:161} INFO - Started process (PID=1939) to work on /opt/airflow/dags/clickstream_clean_events_dag.py
[2026-08-12T17:31:48.808+0000] {processor.py:830} INFO - Processing file /opt/airflow/dags/clickstream_clean_events_dag.py for tasks to queue
[2026-08-12T17:31:48.812+0000] {logging_mixin.py:188} INFO - [2026-08-12T17:31:48.811+0000] {dagbag.py:545} INFO - Filling up the DagBag from /opt/airflow/dags/clickstream_clean_events_dag.py
[2026-08-12T17:31:48.844+0000] {processor.py:840} INFO - DAG(s) 'clickstream_clean_events' retrieved from /opt/airflow/dags/clickstream_clean_events_dag.py
[2026-08-12T17:31:48.897+0000] {logging_mixin.py:188} INFO - [2026-08-12T17:31:48.896+0000] {dag.py:3089} INFO - Sync 1 DAGs
[2026-08-12T17:31:48.929+0000] {logging_mixin.py:188} INFO - [2026-08-12T17:31:48.929+0000] {dag.py:3947} INFO - Setting next_dagrun for clickstream_clean_events to None, run_after=None
[2026-08-12T17:31:48.964+0000] {processor.py:183} INFO - Processing /opt/airflow/dags/clickstream_clean_events_dag.py took 0.175 seconds
[2026-08-12T17:32:19.093+0000] {processor.py:161} INFO - Started process (PID=1965) to work on /opt/airflow/dags/clickstream_clean_events_dag.py
[2026-08-12T17:32:19.096+0000] {processor.py:830} INFO - Processing file /opt/airflow/dags/clickstream_clean_events_dag.py for tasks to queue
[2026-08-12T17:32:19.100+0000] {logging_mixin.py:188} INFO - [2026-08-12T17:32:19.099+0000] {dagbag.py:545} INFO - Filling up the DagBag from /opt/airflow/dags/clickstream_clean_events_dag.py
[2026-08-12T17:32:19.130+0000] {processor.py:840} INFO - DAG(s) 'clickstream_clean_events' retrieved from /opt/airflow/dags/clickstream_clean_events_dag.py
[2026-08-12T17:32:19.197+0000] {logging_mixin.py:188} INFO - [2026-08-12T17:32:19.197+0000] {dag.py:3089} INFO - Sync 1 DAGs
[2026-08-12T17:32:19.231+0000] {logging_mixin.py:188} INFO - [2026-08-12T17:32:19.231+0000] {dag.py:3947} INFO - Setting next_dagrun for clickstream_clean_events to None, run_after=None
[2026-08-12T17:32:19.275+0000] {processor.py:183} INFO - Processing /opt/airflow/dags/clickstream_clean_events_dag.py took 0.194 seconds
[2026-08-12T17:32:49.634+0000] {processor.py:161} INFO - Started process (PID=1989) to work on /opt/airflow/dags/clickstream_clean_events_dag.py
[2026-08-12T17:32:49.637+0000] {processor.py:830} INFO - Processing file /opt/airflow/dags/clickstream_clean_events_dag.py for tasks to queue
[2026-08-12T17:32:49.642+0000] {logging_mixin.py:188} INFO - [2026-08-12T17:32:49.641+0000] {dagbag.py:545} INFO - Filling up the DagBag from /opt/airflow/dags/clickstream_clean_events_dag.py
[2026-08-12T17:32:49.676+0000] {processor.py:840} INFO - DAG(s) 'clickstream_clean_events' retrieved from /opt/airflow/dags/clickstream_clean_events_dag.py
[2026-08-12T17:32:49.746+0000] {logging_mixin.py:188} INFO - [2026-08-12T17:32:49.745+0000] {dag.py:3089} INFO - Sync 1 DAGs
[2026-08-12T17:32:49.781+0000] {logging_mixin.py:188} INFO - [2026-08-12T17:32:49.781+0000] {dag.py:3947} INFO - Setting next_dagrun for clickstream_clean_events to None, run_after=None
[2026-08-12T17:32:49.819+0000] {processor.py:183} INFO - Processing /opt/airflow/dags/clickstream_clean_events_dag.py took 0.201 seconds
[2026-08-12T17:33:20.107+0000] {processor.py:161} INFO - Started process (PID=2013) to work on /opt/airflow/dags/clickstream_clean_events_dag.py
[2026-08-12T17:33:20.110+0000] {processor.py:830} INFO - Processing file /opt/airflow/dags/clickstream_clean_events_dag.py for tasks to queue
[2026-08-12T17:33:20.116+0000] {logging_mixin.py:188} INFO - [2026-08-12T17:33:20.115+0000] {dagbag.py:545} INFO - Filling up the DagBag from /opt/airflow/dags/clickstream_clean_events_dag.py
[2026-08-12T17:33:20.148+0000] {processor.py:840} INFO - DAG(s) 'clickstream_clean_events' retrieved from /opt/airflow/dags/clickstream_clean_events_dag.py
[2026-08-12T17:33:20.214+0000] {logging_mixin.py:188} INFO - [2026-08-12T17:33:20.213+0000] {dag.py:3089} INFO - Sync 1 DAGs
[2026-08-12T17:33:20.241+0000] {logging_mixin.py:188} INFO - [2026-08-12T17:33:20.240+0000] {dag.py:3947} INFO - Setting next_dagrun for clickstream_clean_events to None, run_after=None
[2026-08-12T17:33:20.286+0000] {processor.py:183} INFO - Processing /opt/airflow/dags/clickstream_clean_events_dag.py took 0.196 seconds
[2026-08-12T17:33:50.619+0000] {processor.py:161} INFO - Started process (PID=2030) to work on /opt/airflow/dags/clickstream_clean_events_dag.py
[2026-08-12T17:33:50.621+0000] {processor.py:830} INFO - Processing file /opt/airflow/dags/clickstream_clean_events_dag.py for tasks to queue
[2026-08-12T17:33:50.625+0000] {logging_mixin.py:188} INFO - [2026-08-12T17:33:50.624+0000] {dagbag.py:545} INFO - Filling up the DagBag from /opt/airflow/dags/clickstream_clean_events_dag.py
[2026-08-12T17:33:50.653+0000] {processor.py:840} INFO - DAG(s) 'clickstream_clean_events' retrieved from /opt/airflow/dags/clickstream_clean_events_dag.py
[2026-08-12T17:33:50.706+0000] {logging_mixin.py:188} INFO - [2026-08-12T17:33:50.705+0000] {dag.py:3089} INFO - Sync 1 DAGs
[2026-08-12T17:33:50.731+0000] {logging_mixin.py:188} INFO - [2026-08-12T17:33:50.730+0000] {dag.py:3947} INFO - Setting next_dagrun for clickstream_clean_events to None, run_after=None
[2026-08-12T17:33:50.765+0000] {processor.py:183} INFO - Processing /opt/airflow/dags/clickstream_clean_events_dag.py took 0.159 seconds
[2026-08-12T17:34:20.867+0000] {processor.py:161} INFO - Started process (PID=2054) to work on /opt/airflow/dags/clickstream_clean_events_dag.py
[2026-08-12T17:34:20.869+0000] {processor.py:830} INFO - Processing file /opt/airflow/dags/clickstream_clean_events_dag.py for tasks to queue
[2026-08-12T17:34:20.873+0000] {logging_mixin.py:188} INFO - [2026-08-12T17:34:20.872+0000] {dagbag.py:545} INFO - Filling up the DagBag from /opt/airflow/dags/clickstream_clean_events_dag.py
[2026-08-12T17:34:20.902+0000] {processor.py:840} INFO - DAG(s) 'clickstream_clean_events' retrieved from /opt/airflow/dags/clickstream_clean_events_dag.py
[2026-08-12T17:34:20.964+0000] {logging_mixin.py:188} INFO - [2026-08-12T17:34:20.964+0000] {dag.py:3089} INFO - Sync 1 DAGs
[2026-08-12T17:34:20.992+0000] {logging_mixin.py:188} INFO - [2026-08-12T17:34:20.991+0000] {dag.py:3947} INFO - Setting next_dagrun for clickstream_clean_events to None, run_after=None
[2026-08-12T17:34:21.033+0000] {processor.py:183} INFO - Processing /opt/airflow/dags/clickstream_clean_events_dag.py took 0.177 seconds
[2026-08-12T17:34:51.390+0000] {processor.py:161} INFO - Started process (PID=2079) to work on /opt/airflow/dags/clickstream_clean_events_dag.py
[2026-08-12T17:34:51.392+0000] {processor.py:830} INFO - Processing file /opt/airflow/dags/clickstream_clean_events_dag.py for tasks to queue
[2026-08-12T17:34:51.396+0000] {logging_mixin.py:188} INFO - [2026-08-12T17:34:51.395+0000] {dagbag.py:545} INFO - Filling up the DagBag from /opt/airflow/dags/clickstream_clean_events_dag.py
[2026-08-12T17:34:51.430+0000] {processor.py:840} INFO - DAG(s) 'clickstream_clean_events' retrieved from /opt/airflow/dags/clickstream_clean_events_dag.py
[2026-08-12T17:34:51.479+0000] {logging_mixin.py:188} INFO - [2026-08-12T17:34:51.479+0000] {dag.py:3089} INFO - Sync 1 DAGs
[2026-08-12T17:34:51.510+0000] {logging_mixin.py:188} INFO - [2026-08-12T17:34:51.510+0000] {dag.py:3947} INFO - Setting next_dagrun for clickstream_clean_events to None, run_after=None
[2026-08-12T17:34:51.543+0000] {processor.py:183} INFO - Processing /opt/airflow/dags/clickstream_clean_events_dag.py took 0.171 seconds
[2026-08-12T17:35:21.833+0000] {processor.py:161} INFO - Started process (PID=2103) to work on /opt/airflow/dags/clickstream_clean_events_dag.py
[2026-08-12T17:35:21.835+0000] {processor.py:830} INFO - Processing file /opt/airflow/dags/clickstream_clean_events_dag.py for tasks to queue
[2026-08-12T17:35:21.840+0000] {logging_mixin.py:188} INFO - [2026-08-12T17:35:21.839+0000] {dagbag.py:545} INFO - Filling up the DagBag from /opt/airflow/dags/clickstream_clean_events_dag.py
[2026-08-12T17:35:21.871+0000] {processor.py:840} INFO - DAG(s) 'clickstream_clean_events' retrieved from /opt/airflow/dags/clickstream_clean_events_dag.py
[2026-08-12T17:35:21.939+0000] {logging_mixin.py:188} INFO - [2026-08-12T17:35:21.938+0000] {dag.py:3089} INFO - Sync 1 DAGs
[2026-08-12T17:35:22.007+0000] {logging_mixin.py:188} INFO - [2026-08-12T17:35:22.006+0000] {dag.py:3947} INFO - Setting next_dagrun for clickstream_clean_events to None, run_after=None
[2026-08-12T17:35:22.092+0000] {processor.py:183} INFO - Processing /opt/airflow/dags/clickstream_clean_events_dag.py took 0.274 seconds
[2026-08-12T17:35:52.396+0000] {processor.py:161} INFO - Started process (PID=2127) to work on /opt/airflow/dags/clickstream_clean_events_dag.py
[2026-08-12T17:35:52.400+0000] {processor.py:830} INFO - Processing file /opt/airflow/dags/clickstream_clean_events_dag.py for tasks to queue
[2026-08-12T17:35:52.405+0000] {logging_mixin.py:188} INFO - [2026-08-12T17:35:52.404+0000] {dagbag.py:545} INFO - Filling up the DagBag from /opt/airflow/dags/clickstream_clean_events_dag.py
[2026-08-12T17:35:52.443+0000] {processor.py:840} INFO - DAG(s) 'clickstream_clean_events' retrieved from /opt/airflow/dags/clickstream_clean_events_dag.py
[2026-08-12T17:35:52.512+0000] {logging_mixin.py:188} INFO - [2026-08-12T17:35:52.512+0000] {dag.py:3089} INFO - Sync 1 DAGs
[2026-08-12T17:35:52.553+0000] {logging_mixin.py:188} INFO - [2026-08-12T17:35:52.553+0000] {dag.py:3947} INFO - Setting next_dagrun for clickstream_clean_events to None, run_after=None
[2026-08-12T17:35:52.600+0000] {processor.py:183} INFO - Processing /opt/airflow/dags/clickstream_clean_events_dag.py took 0.219 seconds
[2026-08-12T17:36:22.879+0000] {processor.py:161} INFO - Started process (PID=2151) to work on /opt/airflow/dags/clickstream_clean_events_dag.py
[2026-08-12T17:36:22.881+0000] {processor.py:830} INFO - Processing file /opt/airflow/dags/clickstream_clean_events_dag.py for tasks to queue
[2026-08-12T17:36:22.885+0000] {logging_mixin.py:188} INFO - [2026-08-12T17:36:22.884+0000] {dagbag.py:545} INFO - Filling up the DagBag from /opt/airflow/dags/clickstream_clean_events_dag.py
[2026-08-12T17:36:22.917+0000] {processor.py:840} INFO - DAG(s) 'clickstream_clean_events' retrieved from /opt/airflow/dags/clickstream_clean_events_dag.py
[2026-08-12T17:36:22.970+0000] {logging_mixin.py:188} INFO - [2026-08-12T17:36:22.970+0000] {dag.py:3089} INFO - Sync 1 DAGs
[2026-08-12T17:36:22.994+0000] {logging_mixin.py:188} INFO - [2026-08-12T17:36:22.994+0000] {dag.py:3947} INFO - Setting next_dagrun for clickstream_clean_events to None, run_after=None
[2026-08-12T17:36:23.031+0000] {processor.py:183} INFO - Processing /opt/airflow/dags/clickstream_clean_events_dag.py took 0.163 seconds
[2026-08-12T17:36:53.341+0000] {processor.py:161} INFO - Started process (PID=2176) to work on /opt/airflow/dags/clickstream_clean_events_dag.py
[2026-08-12T17:36:53.342+0000] {processor.py:830} INFO - Processing file /opt/airflow/dags/clickstream_clean_events_dag.py for tasks to queue
[2026-08-12T17:36:53.346+0000] {logging_mixin.py:188} INFO - [2026-08-12T17:36:53.346+0000] {dagbag.py:545} INFO - Filling up the DagBag from /opt/airflow/dags/clickstream_clean_events_dag.py
[2026-08-12T17:36:53.371+0000] {processor.py:840} INFO - DAG(s) 'clickstream_clean_events' retrieved from /opt/airflow/dags/clickstream_clean_events_dag.py
[2026-08-12T17:36:53.416+0000] {logging_mixin.py:188} INFO - [2026-08-12T17:36:53.416+0000] {dag.py:3089} INFO - Sync 1 DAGs
[2026-08-12T17:36:53.438+0000] {logging_mixin.py:188} INFO - [2026-08-12T17:36:53.438+0000] {dag.py:3947} INFO - Setting next_dagrun for clickstream_clean_events to None, run_after=None
[2026-08-12T17:36:53.472+0000] {processor.py:183} INFO - Processing /opt/airflow/dags/clickstream_clean_events_dag.py took 0.143 seconds
[2026-08-12T17:37:23.765+0000] {processor.py:161} INFO - Started process (PID=2201) to work on /opt/airflow/dags/clickstream_clean_events_dag.py
[2026-08-12T17:37:23.767+0000] {processor.py:830} INFO - Processing file /opt/airflow/dags/clickstream_clean_events_dag.py for tasks to queue
[2026-08-12T17:37:23.773+0000] {logging_mixin.py:188} INFO - [2026-08-12T17:37:23.772+0000] {dagbag.py:545} INFO - Filling up the DagBag from /opt/airflow/dags/clickstream_clean_events_dag.py
[2026-08-12T17:37:23.807+0000] {processor.py:840} INFO - DAG(s) 'clickstream_clean_events' retrieved from /opt/airflow/dags/clickstream_clean_events_dag.py
[2026-08-12T17:37:23.868+0000] {logging_mixin.py:188} INFO - [2026-08-12T17:37:23.868+0000] {dag.py:3089} INFO - Sync 1 DAGs
[2026-08-12T17:37:23.893+0000] {logging_mixin.py:188} INFO - [2026-08-12T17:37:23.893+0000] {dag.py:3947} INFO - Setting next_dagrun for clickstream_clean_events to None, run_after=None
[2026-08-12T17:37:23.933+0000] {processor.py:183} INFO - Processing /opt/airflow/dags/clickstream_clean_events_dag.py took 0.183 seconds
[2026-08-12T17:37:54.104+0000] {processor.py:161} INFO - Started process (PID=2225) to work on /opt/airflow/dags/clickstream_clean_events_dag.py
[2026-08-12T17:37:54.106+0000] {processor.py:830} INFO - Processing file /opt/airflow/dags/clickstream_clean_events_dag.py for tasks to queue
[2026-08-12T17:37:54.112+0000] {logging_mixin.py:188} INFO - [2026-08-12T17:37:54.111+0000] {dagbag.py:545} INFO - Filling up the DagBag from /opt/airflow/dags/clickstream_clean_events_dag.py
[2026-08-12T17:37:54.147+0000] {processor.py:840} INFO - DAG(s) 'clickstream_clean_events' retrieved from /opt/airflow/dags/clickstream_clean_events_dag.py
[2026-08-12T17:37:54.215+0000] {logging_mixin.py:188} INFO - [2026-08-12T17:37:54.215+0000] {dag.py:3089} INFO - Sync 1 DAGs
[2026-08-12T17:37:54.240+0000] {logging_mixin.py:188} INFO - [2026-08-12T17:37:54.240+0000] {dag.py:3947} INFO - Setting next_dagrun for clickstream_clean_events to None, run_after=None
[2026-08-12T17:37:54.275+0000] {processor.py:183} INFO - Processing /opt/airflow/dags/clickstream_clean_events_dag.py took 0.185 seconds
[2026-08-12T17:38:24.583+0000] {processor.py:161} INFO - Started process (PID=2250) to work on /opt/airflow/dags/clickstream_clean_events_dag.py
[2026-08-12T17:38:24.585+0000] {processor.py:830} INFO - Processing file /opt/airflow/dags/clickstream_clean_events_dag.py for tasks to queue
[2026-08-12T17:38:24.590+0000] {logging_mixin.py:188} INFO - [2026-08-12T17:38:24.589+0000] {dagbag.py:545} INFO - Filling up the DagBag from /opt/airflow/dags/clickstream_clean_events_dag.py
[2026-08-12T17:38:24.616+0000] {processor.py:840} INFO - DAG(s) 'clickstream_clean_events' retrieved from /opt/airflow/dags/clickstream_clean_events_dag.py
[2026-08-12T17:38:24.667+0000] {logging_mixin.py:188} INFO - [2026-08-12T17:38:24.666+0000] {dag.py:3089} INFO - Sync 1 DAGs
[2026-08-12T17:38:24.689+0000] {logging_mixin.py:188} INFO - [2026-08-12T17:38:24.689+0000] {dag.py:3947} INFO - Setting next_dagrun for clickstream_clean_events to None, run_after=None
[2026-08-12T17:38:24.727+0000] {processor.py:183} INFO - Processing /opt/airflow/dags/clickstream_clean_events_dag.py took 0.160 seconds
[2026-08-12T17:38:55.016+0000] {processor.py:161} INFO - Started process (PID=2274) to work on /opt/airflow/dags/clickstream_clean_events_dag.py
[2026-08-12T17:38:55.017+0000] {processor.py:830} INFO - Processing file /opt/airflow/dags/clickstream_clean_events_dag.py for tasks to queue
[2026-08-12T17:38:55.019+0000] {logging_mixin.py:188} INFO - [2026-08-12T17:38:55.019+0000] {dagbag.py:545} INFO - Filling up the DagBag from /opt/airflow/dags/clickstream_clean_events_dag.py
[2026-08-12T17:38:55.035+0000] {processor.py:840} INFO - DAG(s) 'clickstream_clean_events' retrieved from /opt/airflow/dags/clickstream_clean_events_dag.py
[2026-08-12T17:38:55.066+0000] {logging_mixin.py:188} INFO - [2026-08-12T17:38:55.066+0000] {dag.py:3089} INFO - Sync 1 DAGs
[2026-08-12T17:38:55.080+0000] {logging_mixin.py:188} INFO - [2026-08-12T17:38:55.080+0000] {dag.py:3947} INFO - Setting next_dagrun for clickstream_clean_events to None, run_after=None
[2026-08-12T17:38:55.102+0000] {processor.py:183} INFO - Processing /opt/airflow/dags/clickstream_clean_events_dag.py took 0.095 seconds
