[2026-08-12T17:04:59.793+0000] {local_task_job_runner.py:120} INFO - ::group::Pre task execution logs
[2026-08-12T17:04:59.886+0000] {taskinstance.py:2076} INFO - Dependencies all met for dep_context=non-requeueable deps ti=<TaskInstance: clickstream_clean_events.clean_events manual__2026-08-12T17:04:58.844260+00:00 [queued]>
[2026-08-12T17:04:59.913+0000] {taskinstance.py:2076} INFO - Dependencies all met for dep_context=requeueable deps ti=<TaskInstance: clickstream_clean_events.clean_events manual__2026-08-12T17:04:58.844260+00:00 [queued]>
[2026-08-12T17:04:59.916+0000] {taskinstance.py:2306} INFO - Starting attempt 1 of 1
[2026-08-12T17:04:59.961+0000] {taskinstance.py:2330} INFO - Executing <Task(SparkSubmitOperator): clean_events> on 2026-08-12 17:04:58.844260+00:00
[2026-08-12T17:04:59.984+0000] {standard_task_runner.py:90} INFO - Running: ['***', 'tasks', 'run', 'clickstream_clean_events', 'clean_events', 'manual__2026-08-12T17:04:58.844260+00:00', '--job-id', '9', '--raw', '--subdir', 'DAGS_FOLDER/clickstream_clean_events_dag.py', '--cfg-path', '/tmp/tmpdvj10rgh']
[2026-08-12T17:04:59.992+0000] {standard_task_runner.py:91} INFO - Job 9: Subtask clean_events
[2026-08-12T17:04:59.992+0000] {logging_mixin.py:188} WARNING - /home/***/.local/lib/python3.12/site-packages/***/task/task_runner/standard_task_runner.py:62 DeprecationWarning: This process (pid=251) is multi-threaded, use of fork() may lead to deadlocks in the child.
[2026-08-12T17:04:59.995+0000] {standard_task_runner.py:64} INFO - Started process 252 to run task
[2026-08-12T17:05:00.183+0000] {task_command.py:426} INFO - Running <TaskInstance: clickstream_clean_events.clean_events manual__2026-08-12T17:04:58.844260+00:00 [running]> on host ca062db89a9c
[2026-08-12T17:05:00.465+0000] {taskinstance.py:2648} INFO - Exporting env vars: AIRFLOW_CTX_DAG_OWNER='***' AIRFLOW_CTX_DAG_ID='clickstream_clean_events' AIRFLOW_CTX_TASK_ID='clean_events' AIRFLOW_CTX_EXECUTION_DATE='2026-08-12T17:04:58.844260+00:00' AIRFLOW_CTX_TRY_NUMBER='1' AIRFLOW_CTX_DAG_RUN_ID='manual__2026-08-12T17:04:58.844260+00:00'
[2026-08-12T17:05:00.469+0000] {taskinstance.py:430} INFO - ::endgroup::
[2026-08-12T17:05:00.577+0000] {base.py:84} INFO - Using connection ID 'spark_default' for task execution.
[2026-08-12T17:05:00.583+0000] {spark_submit.py:473} INFO - Spark-Submit cmd: spark-submit --master spark-master:7077 --conf spark.sql.sources.partitionOverwriteMode=dynamic --name arrow-spark --verbose /opt/spark/jobs/clean_events.py --input-path /opt/spark/data/raw --output-path /opt/spark/data/processed
[2026-08-12T17:05:03.801+0000] {spark_submit.py:634} INFO - Using properties file: null
[2026-08-12T17:05:04.271+0000] {spark_submit.py:634} INFO - Parsed arguments:
[2026-08-12T17:05:04.274+0000] {spark_submit.py:634} INFO - master                  spark-master:7077
[2026-08-12T17:05:04.277+0000] {spark_submit.py:634} INFO - remote                  null
[2026-08-12T17:05:04.280+0000] {spark_submit.py:634} INFO - deployMode              null
[2026-08-12T17:05:04.283+0000] {spark_submit.py:634} INFO - executorMemory          null
[2026-08-12T17:05:04.287+0000] {spark_submit.py:634} INFO - executorCores           null
[2026-08-12T17:05:04.291+0000] {spark_submit.py:634} INFO - totalExecutorCores      null
[2026-08-12T17:05:04.294+0000] {spark_submit.py:634} INFO - propertiesFile          null
[2026-08-12T17:05:04.297+0000] {spark_submit.py:634} INFO - driverMemory            null
[2026-08-12T17:05:04.299+0000] {spark_submit.py:634} INFO - driverCores             null
[2026-08-12T17:05:04.301+0000] {spark_submit.py:634} INFO - driverExtraClassPath    null
[2026-08-12T17:05:04.304+0000] {spark_submit.py:634} INFO - driverExtraLibraryPath  null
[2026-08-12T17:05:04.305+0000] {spark_submit.py:634} INFO - driverExtraJavaOptions  null
[2026-08-12T17:05:04.308+0000] {spark_submit.py:634} INFO - supervise               false
[2026-08-12T17:05:04.311+0000] {spark_submit.py:634} INFO - queue                   null
[2026-08-12T17:05:04.313+0000] {spark_submit.py:634} INFO - numExecutors            null
[2026-08-12T17:05:04.317+0000] {spark_submit.py:634} INFO - files                   null
[2026-08-12T17:05:04.320+0000] {spark_submit.py:634} INFO - pyFiles                 null
[2026-08-12T17:05:04.323+0000] {spark_submit.py:634} INFO - archives                null
[2026-08-12T17:05:04.331+0000] {spark_submit.py:634} INFO - mainClass               null
[2026-08-12T17:05:04.334+0000] {spark_submit.py:634} INFO - primaryResource         file:/opt/spark/jobs/clean_events.py
[2026-08-12T17:05:04.337+0000] {spark_submit.py:634} INFO - name                    arrow-spark
[2026-08-12T17:05:04.341+0000] {spark_submit.py:634} INFO - childArgs               [--input-path /opt/spark/data/raw --output-path /opt/spark/data/processed]
[2026-08-12T17:05:04.346+0000] {spark_submit.py:634} INFO - jars                    null
[2026-08-12T17:05:04.349+0000] {spark_submit.py:634} INFO - packages                null
[2026-08-12T17:05:04.353+0000] {spark_submit.py:634} INFO - packagesExclusions      null
[2026-08-12T17:05:04.356+0000] {spark_submit.py:634} INFO - repositories            null
[2026-08-12T17:05:04.361+0000] {spark_submit.py:634} INFO - verbose                 true
[2026-08-12T17:05:04.364+0000] {spark_submit.py:634} INFO - 
[2026-08-12T17:05:04.366+0000] {spark_submit.py:634} INFO - Spark properties used, including those specified through
[2026-08-12T17:05:04.369+0000] {spark_submit.py:634} INFO - --conf and those from the properties file null:
[2026-08-12T17:05:04.371+0000] {spark_submit.py:634} INFO - (spark.sql.sources.partitionOverwriteMode,dynamic)
[2026-08-12T17:05:04.374+0000] {spark_submit.py:634} INFO - 
[2026-08-12T17:05:04.377+0000] {spark_submit.py:634} INFO - 
[2026-08-12T17:05:05.249+0000] {spark_submit.py:634} INFO - Main class:
[2026-08-12T17:05:05.252+0000] {spark_submit.py:634} INFO - org.apache.spark.deploy.PythonRunner
[2026-08-12T17:05:05.256+0000] {spark_submit.py:634} INFO - Arguments:
[2026-08-12T17:05:05.259+0000] {spark_submit.py:634} INFO - file:/opt/spark/jobs/clean_events.py
[2026-08-12T17:05:05.262+0000] {spark_submit.py:634} INFO - null
[2026-08-12T17:05:05.264+0000] {spark_submit.py:634} INFO - --input-path
[2026-08-12T17:05:05.266+0000] {spark_submit.py:634} INFO - /opt/spark/data/raw
[2026-08-12T17:05:05.269+0000] {spark_submit.py:634} INFO - --output-path
[2026-08-12T17:05:05.272+0000] {spark_submit.py:634} INFO - /opt/spark/data/processed
[2026-08-12T17:05:05.274+0000] {spark_submit.py:634} INFO - Spark config:
[2026-08-12T17:05:05.277+0000] {spark_submit.py:634} INFO - (spark.app.name,arrow-spark)
[2026-08-12T17:05:05.279+0000] {spark_submit.py:634} INFO - (spark.app.submitTime,1786554305190)
[2026-08-12T17:05:05.281+0000] {spark_submit.py:634} INFO - (spark.master,spark-master:7077)
[2026-08-12T17:05:05.283+0000] {spark_submit.py:634} INFO - (spark.sql.sources.partitionOverwriteMode,dynamic)
[2026-08-12T17:05:05.287+0000] {spark_submit.py:634} INFO - (spark.submit.deployMode,client)
[2026-08-12T17:05:05.290+0000] {spark_submit.py:634} INFO - (spark.submit.pyFiles,)
[2026-08-12T17:05:05.292+0000] {spark_submit.py:634} INFO - Classpath elements:
[2026-08-12T17:05:05.294+0000] {spark_submit.py:634} INFO - 
[2026-08-12T17:05:05.297+0000] {spark_submit.py:634} INFO - 
[2026-08-12T17:05:05.299+0000] {spark_submit.py:634} INFO - 
[2026-08-12T17:05:08.084+0000] {spark_submit.py:634} INFO - 26/08/12 17:05:08 INFO SparkContext: Running Spark version 3.5.1
[2026-08-12T17:05:08.089+0000] {spark_submit.py:634} INFO - 26/08/12 17:05:08 INFO SparkContext: OS info Linux, 6.18.33.2-microsoft-standard-WSL2, amd64
[2026-08-12T17:05:08.090+0000] {spark_submit.py:634} INFO - 26/08/12 17:05:08 INFO SparkContext: Java version 17.0.20
[2026-08-12T17:05:08.193+0000] {spark_submit.py:634} INFO - 26/08/12 17:05:08 WARN NativeCodeLoader: Unable to load native-hadoop library for your platform... using builtin-java classes where applicable
[2026-08-12T17:05:08.398+0000] {spark_submit.py:634} INFO - 26/08/12 17:05:08 INFO ResourceUtils: ==============================================================
[2026-08-12T17:05:08.401+0000] {spark_submit.py:634} INFO - 26/08/12 17:05:08 INFO ResourceUtils: No custom resources configured for spark.driver.
[2026-08-12T17:05:08.403+0000] {spark_submit.py:634} INFO - 26/08/12 17:05:08 INFO ResourceUtils: ==============================================================
[2026-08-12T17:05:08.404+0000] {spark_submit.py:634} INFO - 26/08/12 17:05:08 INFO SparkContext: Submitted application: clean_events
[2026-08-12T17:05:08.446+0000] {spark_submit.py:634} INFO - 26/08/12 17:05:08 INFO ResourceProfile: Default ResourceProfile created, executor resources: Map(cores -> name: cores, amount: 1, script: , vendor: , memory -> name: memory, amount: 1024, script: , vendor: , offHeap -> name: offHeap, amount: 0, script: , vendor: ), task resources: Map(cpus -> name: cpus, amount: 1.0)
[2026-08-12T17:05:08.467+0000] {spark_submit.py:634} INFO - 26/08/12 17:05:08 INFO ResourceProfile: Limiting resource is cpu
[2026-08-12T17:05:08.469+0000] {spark_submit.py:634} INFO - 26/08/12 17:05:08 INFO ResourceProfileManager: Added ResourceProfile id: 0
[2026-08-12T17:05:08.584+0000] {spark_submit.py:634} INFO - 26/08/12 17:05:08 INFO SecurityManager: Changing view acls to: ***
[2026-08-12T17:05:08.588+0000] {spark_submit.py:634} INFO - 26/08/12 17:05:08 INFO SecurityManager: Changing modify acls to: ***
[2026-08-12T17:05:08.591+0000] {spark_submit.py:634} INFO - 26/08/12 17:05:08 INFO SecurityManager: Changing view acls groups to:
[2026-08-12T17:05:08.597+0000] {spark_submit.py:634} INFO - 26/08/12 17:05:08 INFO SecurityManager: Changing modify acls groups to:
[2026-08-12T17:05:08.599+0000] {spark_submit.py:634} INFO - 26/08/12 17:05:08 INFO SecurityManager: SecurityManager: authentication disabled; ui acls disabled; users with view permissions: ***; groups with view permissions: EMPTY; users with modify permissions: ***; groups with modify permissions: EMPTY
[2026-08-12T17:05:09.152+0000] {spark_submit.py:634} INFO - 26/08/12 17:05:09 INFO Utils: Successfully started service 'sparkDriver' on port 41171.
[2026-08-12T17:05:09.217+0000] {spark_submit.py:634} INFO - 26/08/12 17:05:09 INFO SparkEnv: Registering MapOutputTracker
[2026-08-12T17:05:09.304+0000] {spark_submit.py:634} INFO - 26/08/12 17:05:09 INFO SparkEnv: Registering BlockManagerMaster
[2026-08-12T17:05:09.347+0000] {spark_submit.py:634} INFO - 26/08/12 17:05:09 INFO BlockManagerMasterEndpoint: Using org.apache.spark.storage.DefaultTopologyMapper for getting topology information
[2026-08-12T17:05:09.350+0000] {spark_submit.py:634} INFO - 26/08/12 17:05:09 INFO BlockManagerMasterEndpoint: BlockManagerMasterEndpoint up
[2026-08-12T17:05:09.362+0000] {spark_submit.py:634} INFO - 26/08/12 17:05:09 INFO SparkEnv: Registering BlockManagerMasterHeartbeat
[2026-08-12T17:05:09.417+0000] {spark_submit.py:634} INFO - 26/08/12 17:05:09 INFO DiskBlockManager: Created local directory at /tmp/blockmgr-32f30a69-5c2d-42c7-8d63-9559b903a3d7
[2026-08-12T17:05:09.455+0000] {spark_submit.py:634} INFO - 26/08/12 17:05:09 INFO MemoryStore: MemoryStore started with capacity 434.4 MiB
[2026-08-12T17:05:09.504+0000] {spark_submit.py:634} INFO - 26/08/12 17:05:09 INFO SparkEnv: Registering OutputCommitCoordinator
[2026-08-12T17:05:09.769+0000] {spark_submit.py:634} INFO - 26/08/12 17:05:09 INFO JettyUtils: Start Jetty 0.0.0.0:4040 for SparkUI
[2026-08-12T17:05:09.908+0000] {spark_submit.py:634} INFO - 26/08/12 17:05:09 INFO Utils: Successfully started service 'SparkUI' on port 4040.
[2026-08-12T17:05:10.002+0000] {spark_submit.py:634} INFO - 26/08/12 17:05:10 ERROR SparkContext: Error initializing SparkContext.
[2026-08-12T17:05:10.004+0000] {spark_submit.py:634} INFO - org.apache.spark.SparkException: Could not parse Master URL: 'spark-master:7077'
[2026-08-12T17:05:10.006+0000] {spark_submit.py:634} INFO - at org.apache.spark.SparkContext$.org$apache$spark$SparkContext$$createTaskScheduler(SparkContext.scala:3199)
[2026-08-12T17:05:10.008+0000] {spark_submit.py:634} INFO - at org.apache.spark.SparkContext.<init>(SparkContext.scala:582)
[2026-08-12T17:05:10.010+0000] {spark_submit.py:634} INFO - at org.apache.spark.api.java.JavaSparkContext.<init>(JavaSparkContext.scala:58)
[2026-08-12T17:05:10.011+0000] {spark_submit.py:634} INFO - at java.base/jdk.internal.reflect.NativeConstructorAccessorImpl.newInstance0(Native Method)
[2026-08-12T17:05:10.013+0000] {spark_submit.py:634} INFO - at java.base/jdk.internal.reflect.NativeConstructorAccessorImpl.newInstance(NativeConstructorAccessorImpl.java:77)
[2026-08-12T17:05:10.015+0000] {spark_submit.py:634} INFO - at java.base/jdk.internal.reflect.DelegatingConstructorAccessorImpl.newInstance(DelegatingConstructorAccessorImpl.java:45)
[2026-08-12T17:05:10.017+0000] {spark_submit.py:634} INFO - at java.base/java.lang.reflect.Constructor.newInstanceWithCaller(Constructor.java:500)
[2026-08-12T17:05:10.019+0000] {spark_submit.py:634} INFO - at java.base/java.lang.reflect.Constructor.newInstance(Constructor.java:481)
[2026-08-12T17:05:10.020+0000] {spark_submit.py:634} INFO - at py4j.reflection.MethodInvoker.invoke(MethodInvoker.java:247)
[2026-08-12T17:05:10.022+0000] {spark_submit.py:634} INFO - at py4j.reflection.ReflectionEngine.invoke(ReflectionEngine.java:374)
[2026-08-12T17:05:10.024+0000] {spark_submit.py:634} INFO - at py4j.Gateway.invoke(Gateway.java:238)
[2026-08-12T17:05:10.026+0000] {spark_submit.py:634} INFO - at py4j.commands.ConstructorCommand.invokeConstructor(ConstructorCommand.java:80)
[2026-08-12T17:05:10.027+0000] {spark_submit.py:634} INFO - at py4j.commands.ConstructorCommand.execute(ConstructorCommand.java:69)
[2026-08-12T17:05:10.029+0000] {spark_submit.py:634} INFO - at py4j.ClientServerConnection.waitForCommands(ClientServerConnection.java:182)
[2026-08-12T17:05:10.038+0000] {spark_submit.py:634} INFO - at py4j.ClientServerConnection.run(ClientServerConnection.java:106)
[2026-08-12T17:05:10.060+0000] {spark_submit.py:634} INFO - at java.base/java.lang.Thread.run(Thread.java:840)
[2026-08-12T17:05:10.073+0000] {spark_submit.py:634} INFO - 26/08/12 17:05:10 INFO SparkContext: SparkContext is stopping with exitCode 0.
[2026-08-12T17:05:10.078+0000] {spark_submit.py:634} INFO - 26/08/12 17:05:10 INFO SparkUI: Stopped Spark web UI at http://ca062db89a9c:4040
[2026-08-12T17:05:10.199+0000] {spark_submit.py:634} INFO - 26/08/12 17:05:10 INFO MapOutputTrackerMasterEndpoint: MapOutputTrackerMasterEndpoint stopped!
[2026-08-12T17:05:10.223+0000] {spark_submit.py:634} INFO - 26/08/12 17:05:10 INFO MemoryStore: MemoryStore cleared
[2026-08-12T17:05:10.227+0000] {spark_submit.py:634} INFO - 26/08/12 17:05:10 INFO BlockManager: BlockManager stopped
[2026-08-12T17:05:10.249+0000] {spark_submit.py:634} INFO - 26/08/12 17:05:10 INFO BlockManagerMaster: BlockManagerMaster stopped
[2026-08-12T17:05:10.251+0000] {spark_submit.py:634} INFO - 26/08/12 17:05:10 WARN MetricsSystem: Stopping a MetricsSystem that is not running
[2026-08-12T17:05:10.255+0000] {spark_submit.py:634} INFO - 26/08/12 17:05:10 INFO OutputCommitCoordinator$OutputCommitCoordinatorEndpoint: OutputCommitCoordinator stopped!
[2026-08-12T17:05:10.278+0000] {spark_submit.py:634} INFO - 26/08/12 17:05:10 INFO SparkContext: Successfully stopped SparkContext
[2026-08-12T17:05:10.280+0000] {spark_submit.py:634} INFO - Traceback (most recent call last):
[2026-08-12T17:05:10.282+0000] {spark_submit.py:634} INFO - File "/opt/spark/jobs/clean_events.py", line 121, in <module>
[2026-08-12T17:05:10.285+0000] {spark_submit.py:634} INFO - main()
[2026-08-12T17:05:10.287+0000] {spark_submit.py:634} INFO - File "/opt/spark/jobs/clean_events.py", line 93, in main
[2026-08-12T17:05:10.290+0000] {spark_submit.py:634} INFO - spark = build_spark_session()
[2026-08-12T17:05:10.293+0000] {spark_submit.py:634} INFO - ^^^^^^^^^^^^^^^^^^^^^
[2026-08-12T17:05:10.295+0000] {spark_submit.py:634} INFO - File "/opt/spark/jobs/clean_events.py", line 28, in build_spark_session
[2026-08-12T17:05:10.297+0000] {spark_submit.py:634} INFO - return SparkSession.builder.appName(app_name).getOrCreate()
[2026-08-12T17:05:10.299+0000] {spark_submit.py:634} INFO - ^^^^^^^^^^^^^^^^^^^^^^^^^^^^^^^^^^^^^^^^^^^^^^^^^^^^
[2026-08-12T17:05:10.301+0000] {spark_submit.py:634} INFO - File "/home/***/spark/python/lib/pyspark.zip/pyspark/sql/session.py", line 497, in getOrCreate
[2026-08-12T17:05:10.302+0000] {spark_submit.py:634} INFO - File "/home/***/spark/python/lib/pyspark.zip/pyspark/context.py", line 515, in getOrCreate
[2026-08-12T17:05:10.304+0000] {spark_submit.py:634} INFO - File "/home/***/spark/python/lib/pyspark.zip/pyspark/context.py", line 203, in __init__
[2026-08-12T17:05:10.306+0000] {spark_submit.py:634} INFO - File "/home/***/spark/python/lib/pyspark.zip/pyspark/context.py", line 296, in _do_init
[2026-08-12T17:05:10.308+0000] {spark_submit.py:634} INFO - File "/home/***/spark/python/lib/pyspark.zip/pyspark/context.py", line 421, in _initialize_context
[2026-08-12T17:05:10.310+0000] {spark_submit.py:634} INFO - File "/home/***/spark/python/lib/py4j-0.10.9.7-src.zip/py4j/java_gateway.py", line 1587, in __call__
[2026-08-12T17:05:10.311+0000] {spark_submit.py:634} INFO - File "/home/***/spark/python/lib/py4j-0.10.9.7-src.zip/py4j/protocol.py", line 326, in get_return_value
[2026-08-12T17:05:10.313+0000] {spark_submit.py:634} INFO - py4j.protocol.Py4JJavaError: An error occurred while calling None.org.apache.spark.api.java.JavaSparkContext.
[2026-08-12T17:05:10.315+0000] {spark_submit.py:634} INFO - : org.apache.spark.SparkException: Could not parse Master URL: 'spark-master:7077'
[2026-08-12T17:05:10.317+0000] {spark_submit.py:634} INFO - at org.apache.spark.SparkContext$.org$apache$spark$SparkContext$$createTaskScheduler(SparkContext.scala:3199)
[2026-08-12T17:05:10.319+0000] {spark_submit.py:634} INFO - at org.apache.spark.SparkContext.<init>(SparkContext.scala:582)
[2026-08-12T17:05:10.320+0000] {spark_submit.py:634} INFO - at org.apache.spark.api.java.JavaSparkContext.<init>(JavaSparkContext.scala:58)
[2026-08-12T17:05:10.322+0000] {spark_submit.py:634} INFO - at java.base/jdk.internal.reflect.NativeConstructorAccessorImpl.newInstance0(Native Method)
[2026-08-12T17:05:10.324+0000] {spark_submit.py:634} INFO - at java.base/jdk.internal.reflect.NativeConstructorAccessorImpl.newInstance(NativeConstructorAccessorImpl.java:77)
[2026-08-12T17:05:10.325+0000] {spark_submit.py:634} INFO - at java.base/jdk.internal.reflect.DelegatingConstructorAccessorImpl.newInstance(DelegatingConstructorAccessorImpl.java:45)
[2026-08-12T17:05:10.326+0000] {spark_submit.py:634} INFO - at java.base/java.lang.reflect.Constructor.newInstanceWithCaller(Constructor.java:500)
[2026-08-12T17:05:10.328+0000] {spark_submit.py:634} INFO - at java.base/java.lang.reflect.Constructor.newInstance(Constructor.java:481)
[2026-08-12T17:05:10.329+0000] {spark_submit.py:634} INFO - at py4j.reflection.MethodInvoker.invoke(MethodInvoker.java:247)
[2026-08-12T17:05:10.331+0000] {spark_submit.py:634} INFO - at py4j.reflection.ReflectionEngine.invoke(ReflectionEngine.java:374)
[2026-08-12T17:05:10.333+0000] {spark_submit.py:634} INFO - at py4j.Gateway.invoke(Gateway.java:238)
[2026-08-12T17:05:10.335+0000] {spark_submit.py:634} INFO - at py4j.commands.ConstructorCommand.invokeConstructor(ConstructorCommand.java:80)
[2026-08-12T17:05:10.337+0000] {spark_submit.py:634} INFO - at py4j.commands.ConstructorCommand.execute(ConstructorCommand.java:69)
[2026-08-12T17:05:10.339+0000] {spark_submit.py:634} INFO - at py4j.ClientServerConnection.waitForCommands(ClientServerConnection.java:182)
[2026-08-12T17:05:10.340+0000] {spark_submit.py:634} INFO - at py4j.ClientServerConnection.run(ClientServerConnection.java:106)
[2026-08-12T17:05:10.342+0000] {spark_submit.py:634} INFO - at java.base/java.lang.Thread.run(Thread.java:840)
[2026-08-12T17:05:10.343+0000] {spark_submit.py:634} INFO - 
[2026-08-12T17:05:10.398+0000] {spark_submit.py:634} INFO - 26/08/12 17:05:10 INFO ShutdownHookManager: Shutdown hook called
[2026-08-12T17:05:10.400+0000] {spark_submit.py:634} INFO - 26/08/12 17:05:10 INFO ShutdownHookManager: Deleting directory /tmp/spark-2f3ada16-f3f3-43ce-ba64-2b78ccc1da38
[2026-08-12T17:05:10.409+0000] {spark_submit.py:634} INFO - 26/08/12 17:05:10 INFO ShutdownHookManager: Deleting directory /tmp/spark-94e394e0-35fe-49e5-b9f9-37751a135f47
[2026-08-12T17:05:10.467+0000] {taskinstance.py:441} INFO - ::group::Post task execution logs
[2026-08-12T17:05:10.487+0000] {taskinstance.py:2905} ERROR - Task failed with exception
Traceback (most recent call last):
  File "/home/airflow/.local/lib/python3.12/site-packages/airflow/models/taskinstance.py", line 465, in _execute_task
    result = _execute_callable(context=context, **execute_callable_kwargs)
             ^^^^^^^^^^^^^^^^^^^^^^^^^^^^^^^^^^^^^^^^^^^^^^^^^^^^^^^^^^^^^
  File "/home/airflow/.local/lib/python3.12/site-packages/airflow/models/taskinstance.py", line 432, in _execute_callable
    return execute_callable(context=context, **execute_callable_kwargs)
           ^^^^^^^^^^^^^^^^^^^^^^^^^^^^^^^^^^^^^^^^^^^^^^^^^^^^^^^^^^^^
  File "/home/airflow/.local/lib/python3.12/site-packages/airflow/models/baseoperator.py", line 401, in wrapper
    return func(self, *args, **kwargs)
           ^^^^^^^^^^^^^^^^^^^^^^^^^^^
  File "/home/airflow/.local/lib/python3.12/site-packages/airflow/providers/apache/spark/operators/spark_submit.py", line 176, in execute
    self._hook.submit(self.application)
  File "/home/airflow/.local/lib/python3.12/site-packages/airflow/providers/apache/spark/hooks/spark_submit.py", line 560, in submit
    raise AirflowException(
airflow.exceptions.AirflowException: Cannot execute: spark-submit --master spark-master:7077 --conf spark.sql.sources.partitionOverwriteMode=dynamic --name arrow-spark --verbose /opt/spark/jobs/clean_events.py --input-path /opt/spark/data/raw --output-path /opt/spark/data/processed. Error code is: 1.
[2026-08-12T17:05:10.498+0000] {taskinstance.py:1206} INFO - Marking task as FAILED. dag_id=clickstream_clean_events, task_id=clean_events, run_id=manual__2026-08-12T17:04:58.844260+00:00, execution_date=20260812T170458, start_date=20260812T170459, end_date=20260812T170510
[2026-08-12T17:05:10.529+0000] {standard_task_runner.py:110} ERROR - Failed to execute job 9 for task clean_events (Cannot execute: spark-submit --master spark-master:7077 --conf spark.sql.sources.partitionOverwriteMode=dynamic --name arrow-spark --verbose /opt/spark/jobs/clean_events.py --input-path /opt/spark/data/raw --output-path /opt/spark/data/processed. Error code is: 1.; 252)
[2026-08-12T17:05:10.572+0000] {local_task_job_runner.py:243} INFO - Task exited with return code 1
[2026-08-12T17:05:10.618+0000] {taskinstance.py:3503} INFO - 0 downstream tasks scheduled from follow-on schedule check
[2026-08-12T17:05:10.624+0000] {local_task_job_runner.py:222} INFO - ::endgroup::
