[2026-08-20T13:37:35.076+0000] {local_task_job_runner.py:120} INFO - ::group::Pre task execution logs
[2026-08-20T13:37:35.125+0000] {taskinstance.py:2076} INFO - Dependencies all met for dep_context=non-requeueable deps ti=<TaskInstance: clickstream_pipeline.load_to_warehouse manual__2026-08-20T13:34:06.437402+00:00 [queued]>
[2026-08-20T13:37:35.140+0000] {taskinstance.py:2076} INFO - Dependencies all met for dep_context=requeueable deps ti=<TaskInstance: clickstream_pipeline.load_to_warehouse manual__2026-08-20T13:34:06.437402+00:00 [queued]>
[2026-08-20T13:37:35.143+0000] {taskinstance.py:2306} INFO - Starting attempt 1 of 1
[2026-08-20T13:37:35.167+0000] {taskinstance.py:2330} INFO - Executing <Task(SparkSubmitOperator): load_to_warehouse> on 2026-08-20 13:34:06.437402+00:00
[2026-08-20T13:37:35.180+0000] {logging_mixin.py:188} WARNING - /home/***/.local/lib/python3.12/site-packages/***/task/task_runner/standard_task_runner.py:62 DeprecationWarning: This process (pid=4293) is multi-threaded, use of fork() may lead to deadlocks in the child.
[2026-08-20T13:37:35.180+0000] {standard_task_runner.py:90} INFO - Running: ['***', 'tasks', 'run', 'clickstream_pipeline', 'load_to_warehouse', 'manual__2026-08-20T13:34:06.437402+00:00', '--job-id', '35', '--raw', '--subdir', 'DAGS_FOLDER/clickstream_pipeline_dag.py', '--cfg-path', '/tmp/tmpfl0ipazt']
[2026-08-20T13:37:35.218+0000] {standard_task_runner.py:64} INFO - Started process 4294 to run task
[2026-08-20T13:37:35.219+0000] {standard_task_runner.py:91} INFO - Job 35: Subtask load_to_warehouse
[2026-08-20T13:37:35.304+0000] {task_command.py:426} INFO - Running <TaskInstance: clickstream_pipeline.load_to_warehouse manual__2026-08-20T13:34:06.437402+00:00 [running]> on host fddce5c4ea74
[2026-08-20T13:37:35.435+0000] {taskinstance.py:2648} INFO - Exporting env vars: AIRFLOW_CTX_DAG_OWNER='***' AIRFLOW_CTX_DAG_ID='clickstream_pipeline' AIRFLOW_CTX_TASK_ID='load_to_warehouse' AIRFLOW_CTX_EXECUTION_DATE='2026-08-20T13:34:06.437402+00:00' AIRFLOW_CTX_TRY_NUMBER='1' AIRFLOW_CTX_DAG_RUN_ID='manual__2026-08-20T13:34:06.437402+00:00'
[2026-08-20T13:37:35.437+0000] {taskinstance.py:430} INFO - ::endgroup::
[2026-08-20T13:37:35.461+0000] {base.py:84} INFO - Using connection ID 'spark_default' for task execution.
[2026-08-20T13:37:35.463+0000] {spark_submit.py:473} INFO - Spark-Submit cmd: spark-submit --master spark://spark-master:7077 --jars /opt/spark/custom-jars/postgresql-42.7.4.jar --name arrow-spark --verbose /opt/spark/jobs/load_to_warehouse.py --input-path /opt/spark/data/aggregated --jdbc-url jdbc:postgresql://warehouse-postgres:5432/warehouse --db-user warehouse --db-password ******
[2026-08-20T13:37:36.651+0000] {spark_submit.py:634} INFO - Using properties file: null
[2026-08-20T13:37:36.775+0000] {spark_submit.py:634} INFO - Parsed arguments:
[2026-08-20T13:37:36.778+0000] {spark_submit.py:634} INFO - master                  spark://spark-master:7077
[2026-08-20T13:37:36.779+0000] {spark_submit.py:634} INFO - remote                  null
[2026-08-20T13:37:36.781+0000] {spark_submit.py:634} INFO - deployMode              null
[2026-08-20T13:37:36.782+0000] {spark_submit.py:634} INFO - executorMemory          null
[2026-08-20T13:37:36.783+0000] {spark_submit.py:634} INFO - executorCores           null
[2026-08-20T13:37:36.784+0000] {spark_submit.py:634} INFO - totalExecutorCores      null
[2026-08-20T13:37:36.785+0000] {spark_submit.py:634} INFO - propertiesFile          null
[2026-08-20T13:37:36.786+0000] {spark_submit.py:634} INFO - driverMemory            null
[2026-08-20T13:37:36.786+0000] {spark_submit.py:634} INFO - driverCores             null
[2026-08-20T13:37:36.788+0000] {spark_submit.py:634} INFO - driverExtraClassPath    null
[2026-08-20T13:37:36.791+0000] {spark_submit.py:634} INFO - driverExtraLibraryPath  null
[2026-08-20T13:37:36.792+0000] {spark_submit.py:634} INFO - driverExtraJavaOptions  null
[2026-08-20T13:37:36.794+0000] {spark_submit.py:634} INFO - supervise               false
[2026-08-20T13:37:36.795+0000] {spark_submit.py:634} INFO - queue                   null
[2026-08-20T13:37:36.796+0000] {spark_submit.py:634} INFO - numExecutors            null
[2026-08-20T13:37:36.797+0000] {spark_submit.py:634} INFO - files                   null
[2026-08-20T13:37:36.798+0000] {spark_submit.py:634} INFO - pyFiles                 null
[2026-08-20T13:37:36.799+0000] {spark_submit.py:634} INFO - archives                null
[2026-08-20T13:37:36.800+0000] {spark_submit.py:634} INFO - mainClass               null
[2026-08-20T13:37:36.801+0000] {spark_submit.py:634} INFO - primaryResource         file:/opt/spark/jobs/load_to_warehouse.py
[2026-08-20T13:37:36.801+0000] {spark_submit.py:634} INFO - name                    arrow-spark
[2026-08-20T13:37:36.802+0000] {spark_submit.py:634} INFO - childArgs               [--input-path /opt/spark/data/aggregated --jdbc-url jdbc:postgresql://warehouse-postgres:5432/warehouse --db-user warehouse --db-password warehouse]
[2026-08-20T13:37:36.803+0000] {spark_submit.py:634} INFO - jars                    file:/opt/spark/custom-jars/postgresql-42.7.4.jar
[2026-08-20T13:37:36.804+0000] {spark_submit.py:634} INFO - packages                null
[2026-08-20T13:37:36.806+0000] {spark_submit.py:634} INFO - packagesExclusions      null
[2026-08-20T13:37:36.807+0000] {spark_submit.py:634} INFO - repositories            null
[2026-08-20T13:37:36.808+0000] {spark_submit.py:634} INFO - verbose                 true
[2026-08-20T13:37:36.809+0000] {spark_submit.py:634} INFO - 
[2026-08-20T13:37:36.809+0000] {spark_submit.py:634} INFO - Spark properties used, including those specified through
[2026-08-20T13:37:36.810+0000] {spark_submit.py:634} INFO - --conf and those from the properties file null:
[2026-08-20T13:37:36.811+0000] {spark_submit.py:634} INFO - 
[2026-08-20T13:37:36.812+0000] {spark_submit.py:634} INFO - 
[2026-08-20T13:37:36.812+0000] {spark_submit.py:634} INFO - 
[2026-08-20T13:37:37.151+0000] {spark_submit.py:634} INFO - 26/08/20 13:37:37 WARN NativeCodeLoader: Unable to load native-hadoop library for your platform... using builtin-java classes where applicable
[2026-08-20T13:37:37.373+0000] {spark_submit.py:634} INFO - Main class:
[2026-08-20T13:37:37.376+0000] {spark_submit.py:634} INFO - org.apache.spark.deploy.PythonRunner
[2026-08-20T13:37:37.378+0000] {spark_submit.py:634} INFO - Arguments:
[2026-08-20T13:37:37.379+0000] {spark_submit.py:634} INFO - file:/opt/spark/jobs/load_to_warehouse.py
[2026-08-20T13:37:37.380+0000] {spark_submit.py:634} INFO - null
[2026-08-20T13:37:37.381+0000] {spark_submit.py:634} INFO - --input-path
[2026-08-20T13:37:37.383+0000] {spark_submit.py:634} INFO - /opt/spark/data/aggregated
[2026-08-20T13:37:37.384+0000] {spark_submit.py:634} INFO - --jdbc-url
[2026-08-20T13:37:37.385+0000] {spark_submit.py:634} INFO - jdbc:postgresql://warehouse-postgres:5432/warehouse
[2026-08-20T13:37:37.386+0000] {spark_submit.py:634} INFO - --db-user
[2026-08-20T13:37:37.387+0000] {spark_submit.py:634} INFO - warehouse
[2026-08-20T13:37:37.389+0000] {spark_submit.py:634} INFO - --db-password
[2026-08-20T13:37:37.390+0000] {spark_submit.py:634} INFO - warehouse
[2026-08-20T13:37:37.391+0000] {spark_submit.py:634} INFO - Spark config:
[2026-08-20T13:37:37.392+0000] {spark_submit.py:634} INFO - (spark.app.name,arrow-spark)
[2026-08-20T13:37:37.393+0000] {spark_submit.py:634} INFO - (spark.app.submitTime,1787233057347)
[2026-08-20T13:37:37.394+0000] {spark_submit.py:634} INFO - (spark.jars,file:///opt/spark/custom-jars/postgresql-42.7.4.jar)
[2026-08-20T13:37:37.397+0000] {spark_submit.py:634} INFO - (spark.master,spark://spark-master:7077)
[2026-08-20T13:37:37.398+0000] {spark_submit.py:634} INFO - (spark.repl.local.jars,file:///opt/spark/custom-jars/postgresql-42.7.4.jar)
[2026-08-20T13:37:37.398+0000] {spark_submit.py:634} INFO - (spark.submit.deployMode,client)
[2026-08-20T13:37:37.399+0000] {spark_submit.py:634} INFO - (spark.submit.pyFiles,)
[2026-08-20T13:37:37.400+0000] {spark_submit.py:634} INFO - Classpath elements:
[2026-08-20T13:37:37.401+0000] {spark_submit.py:634} INFO - file:///opt/spark/custom-jars/postgresql-42.7.4.jar
[2026-08-20T13:37:37.402+0000] {spark_submit.py:634} INFO - 
[2026-08-20T13:37:37.403+0000] {spark_submit.py:634} INFO - 
[2026-08-20T13:37:38.771+0000] {spark_submit.py:634} INFO - 26/08/20 13:37:38 INFO SparkContext: Running Spark version 3.5.1
[2026-08-20T13:37:38.773+0000] {spark_submit.py:634} INFO - 26/08/20 13:37:38 INFO SparkContext: OS info Linux, 6.18.33.2-microsoft-standard-WSL2, amd64
[2026-08-20T13:37:38.774+0000] {spark_submit.py:634} INFO - 26/08/20 13:37:38 INFO SparkContext: Java version 17.0.20
[2026-08-20T13:37:38.811+0000] {spark_submit.py:634} INFO - 26/08/20 13:37:38 INFO ResourceUtils: ==============================================================
[2026-08-20T13:37:38.813+0000] {spark_submit.py:634} INFO - 26/08/20 13:37:38 INFO ResourceUtils: No custom resources configured for spark.driver.
[2026-08-20T13:37:38.814+0000] {spark_submit.py:634} INFO - 26/08/20 13:37:38 INFO ResourceUtils: ==============================================================
[2026-08-20T13:37:38.815+0000] {spark_submit.py:634} INFO - 26/08/20 13:37:38 INFO SparkContext: Submitted application: load_to_warehouse
[2026-08-20T13:37:38.845+0000] {spark_submit.py:634} INFO - 26/08/20 13:37:38 INFO ResourceProfile: Default ResourceProfile created, executor resources: Map(memory -> name: memory, amount: 1024, script: , vendor: , offHeap -> name: offHeap, amount: 0, script: , vendor: ), task resources: Map(cpus -> name: cpus, amount: 1.0)
[2026-08-20T13:37:38.856+0000] {spark_submit.py:634} INFO - 26/08/20 13:37:38 INFO ResourceProfile: Limiting resource is cpu
[2026-08-20T13:37:38.858+0000] {spark_submit.py:634} INFO - 26/08/20 13:37:38 INFO ResourceProfileManager: Added ResourceProfile id: 0
[2026-08-20T13:37:38.924+0000] {spark_submit.py:634} INFO - 26/08/20 13:37:38 INFO SecurityManager: Changing view acls to: root
[2026-08-20T13:37:38.926+0000] {spark_submit.py:634} INFO - 26/08/20 13:37:38 INFO SecurityManager: Changing modify acls to: root
[2026-08-20T13:37:38.927+0000] {spark_submit.py:634} INFO - 26/08/20 13:37:38 INFO SecurityManager: Changing view acls groups to:
[2026-08-20T13:37:38.928+0000] {spark_submit.py:634} INFO - 26/08/20 13:37:38 INFO SecurityManager: Changing modify acls groups to:
[2026-08-20T13:37:38.929+0000] {spark_submit.py:634} INFO - 26/08/20 13:37:38 INFO SecurityManager: SecurityManager: authentication disabled; ui acls disabled; users with view permissions: root; groups with view permissions: EMPTY; users with modify permissions: root; groups with modify permissions: EMPTY
[2026-08-20T13:37:39.206+0000] {spark_submit.py:634} INFO - 26/08/20 13:37:39 INFO Utils: Successfully started service 'sparkDriver' on port 45909.
[2026-08-20T13:37:39.246+0000] {spark_submit.py:634} INFO - 26/08/20 13:37:39 INFO SparkEnv: Registering MapOutputTracker
[2026-08-20T13:37:39.306+0000] {spark_submit.py:634} INFO - 26/08/20 13:37:39 INFO SparkEnv: Registering BlockManagerMaster
[2026-08-20T13:37:39.328+0000] {spark_submit.py:634} INFO - 26/08/20 13:37:39 INFO BlockManagerMasterEndpoint: Using org.apache.spark.storage.DefaultTopologyMapper for getting topology information
[2026-08-20T13:37:39.330+0000] {spark_submit.py:634} INFO - 26/08/20 13:37:39 INFO BlockManagerMasterEndpoint: BlockManagerMasterEndpoint up
[2026-08-20T13:37:39.336+0000] {spark_submit.py:634} INFO - 26/08/20 13:37:39 INFO SparkEnv: Registering BlockManagerMasterHeartbeat
[2026-08-20T13:37:39.366+0000] {spark_submit.py:634} INFO - 26/08/20 13:37:39 INFO DiskBlockManager: Created local directory at /tmp/blockmgr-69f23b74-9aec-4a16-8ab4-4d2ce1890862
[2026-08-20T13:37:39.384+0000] {spark_submit.py:634} INFO - 26/08/20 13:37:39 INFO MemoryStore: MemoryStore started with capacity 434.4 MiB
[2026-08-20T13:37:39.410+0000] {spark_submit.py:634} INFO - 26/08/20 13:37:39 INFO SparkEnv: Registering OutputCommitCoordinator
[2026-08-20T13:37:39.587+0000] {spark_submit.py:634} INFO - 26/08/20 13:37:39 INFO JettyUtils: Start Jetty 0.0.0.0:4040 for SparkUI
[2026-08-20T13:37:39.676+0000] {spark_submit.py:634} INFO - 26/08/20 13:37:39 INFO Utils: Successfully started service 'SparkUI' on port 4040.
[2026-08-20T13:37:39.728+0000] {spark_submit.py:634} INFO - 26/08/20 13:37:39 INFO SparkContext: Added JAR file:///opt/spark/custom-jars/postgresql-42.7.4.jar at spark://fddce5c4ea74:45909/jars/postgresql-42.7.4.jar with timestamp 1787233058757
[2026-08-20T13:37:39.855+0000] {spark_submit.py:634} INFO - 26/08/20 13:37:39 INFO StandaloneAppClient$ClientEndpoint: Connecting to master spark://spark-master:7077...
[2026-08-20T13:37:39.919+0000] {spark_submit.py:634} INFO - 26/08/20 13:37:39 INFO TransportClientFactory: Successfully created connection to spark-master/172.18.0.3:7077 after 32 ms (0 ms spent in bootstraps)
[2026-08-20T13:37:40.106+0000] {spark_submit.py:634} INFO - 26/08/20 13:37:40 INFO StandaloneSchedulerBackend: Connected to Spark cluster with app ID app-20260820133740-0008
[2026-08-20T13:37:40.121+0000] {spark_submit.py:634} INFO - 26/08/20 13:37:40 INFO StandaloneAppClient$ClientEndpoint: Executor added: app-20260820133740-0008/0 on worker-20260820130831-172.18.0.6-33481 (172.18.0.6:33481) with 2 core(s)
[2026-08-20T13:37:40.125+0000] {spark_submit.py:634} INFO - 26/08/20 13:37:40 INFO StandaloneSchedulerBackend: Granted executor ID app-20260820133740-0008/0 on hostPort 172.18.0.6:33481 with 2 core(s), 1024.0 MiB RAM
[2026-08-20T13:37:40.139+0000] {spark_submit.py:634} INFO - 26/08/20 13:37:40 INFO Utils: Successfully started service 'org.apache.spark.network.netty.NettyBlockTransferService' on port 35845.
[2026-08-20T13:37:40.141+0000] {spark_submit.py:634} INFO - 26/08/20 13:37:40 INFO NettyBlockTransferService: Server created on fddce5c4ea74:35845
[2026-08-20T13:37:40.144+0000] {spark_submit.py:634} INFO - 26/08/20 13:37:40 INFO BlockManager: Using org.apache.spark.storage.RandomBlockReplicationPolicy for block replication policy
[2026-08-20T13:37:40.154+0000] {spark_submit.py:634} INFO - 26/08/20 13:37:40 INFO BlockManagerMaster: Registering BlockManager BlockManagerId(driver, fddce5c4ea74, 35845, None)
[2026-08-20T13:37:40.167+0000] {spark_submit.py:634} INFO - 26/08/20 13:37:40 INFO BlockManagerMasterEndpoint: Registering block manager fddce5c4ea74:35845 with 434.4 MiB RAM, BlockManagerId(driver, fddce5c4ea74, 35845, None)
[2026-08-20T13:37:40.170+0000] {spark_submit.py:634} INFO - 26/08/20 13:37:40 INFO BlockManagerMaster: Registered BlockManager BlockManagerId(driver, fddce5c4ea74, 35845, None)
[2026-08-20T13:37:40.173+0000] {spark_submit.py:634} INFO - 26/08/20 13:37:40 INFO BlockManager: Initialized BlockManager: BlockManagerId(driver, fddce5c4ea74, 35845, None)
[2026-08-20T13:37:40.180+0000] {spark_submit.py:634} INFO - 26/08/20 13:37:40 INFO StandaloneAppClient$ClientEndpoint: Executor updated: app-20260820133740-0008/0 is now RUNNING
[2026-08-20T13:37:40.497+0000] {spark_submit.py:634} INFO - 26/08/20 13:37:40 INFO StandaloneSchedulerBackend: SchedulerBackend is ready for scheduling beginning after reached minRegisteredResourcesRatio: 0.0
[2026-08-20T13:39:31.684+0000] {spark_submit.py:634} INFO - [load_to_warehouse] Loaded 5280 rows into 'fact_sessions'
[2026-08-20T13:39:32.698+0000] {spark_submit.py:634} INFO - [load_to_warehouse] Loaded 9 rows into 'fact_daily_metrics'
[2026-08-20T13:39:33.319+0000] {taskinstance.py:441} INFO - ::group::Post task execution logs
[2026-08-20T13:39:33.333+0000] {taskinstance.py:1206} INFO - Marking task as SUCCESS. dag_id=clickstream_pipeline, task_id=load_to_warehouse, run_id=manual__2026-08-20T13:34:06.437402+00:00, execution_date=20260820T133406, start_date=20260820T133735, end_date=20260820T133933
[2026-08-20T13:39:33.375+0000] {local_task_job_runner.py:243} INFO - Task exited with return code 0
[2026-08-20T13:39:33.402+0000] {taskinstance.py:3503} INFO - 1 downstream tasks scheduled from follow-on schedule check
[2026-08-20T13:39:33.406+0000] {local_task_job_runner.py:222} INFO - ::endgroup::
