[2026-08-12T17:17:30.337+0000] {local_task_job_runner.py:120} INFO - ::group::Pre task execution logs
[2026-08-12T17:17:30.421+0000] {taskinstance.py:2076} INFO - Dependencies all met for dep_context=non-requeueable deps ti=<TaskInstance: clickstream_clean_events.clean_events manual__2026-08-12T17:17:29.013533+00:00 [queued]>
[2026-08-12T17:17:30.445+0000] {taskinstance.py:2076} INFO - Dependencies all met for dep_context=requeueable deps ti=<TaskInstance: clickstream_clean_events.clean_events manual__2026-08-12T17:17:29.013533+00:00 [queued]>
[2026-08-12T17:17:30.447+0000] {taskinstance.py:2306} INFO - Starting attempt 1 of 1
[2026-08-12T17:17:30.481+0000] {taskinstance.py:2330} INFO - Executing <Task(SparkSubmitOperator): clean_events> on 2026-08-12 17:17:29.013533+00:00
[2026-08-12T17:17:30.504+0000] {logging_mixin.py:188} WARNING - /home/***/.local/lib/python3.12/site-packages/***/task/task_runner/standard_task_runner.py:62 DeprecationWarning: This process (pid=699) is multi-threaded, use of fork() may lead to deadlocks in the child.
[2026-08-12T17:17:30.500+0000] {standard_task_runner.py:90} INFO - Running: ['***', 'tasks', 'run', 'clickstream_clean_events', 'clean_events', 'manual__2026-08-12T17:17:29.013533+00:00', '--job-id', '13', '--raw', '--subdir', 'DAGS_FOLDER/clickstream_clean_events_dag.py', '--cfg-path', '/tmp/tmp0ousw28i']
[2026-08-12T17:17:30.508+0000] {standard_task_runner.py:64} INFO - Started process 700 to run task
[2026-08-12T17:17:30.509+0000] {standard_task_runner.py:91} INFO - Job 13: Subtask clean_events
[2026-08-12T17:17:30.662+0000] {task_command.py:426} INFO - Running <TaskInstance: clickstream_clean_events.clean_events manual__2026-08-12T17:17:29.013533+00:00 [running]> on host a3064e4d9a40
[2026-08-12T17:17:30.834+0000] {taskinstance.py:2648} INFO - Exporting env vars: AIRFLOW_CTX_DAG_OWNER='***' AIRFLOW_CTX_DAG_ID='clickstream_clean_events' AIRFLOW_CTX_TASK_ID='clean_events' AIRFLOW_CTX_EXECUTION_DATE='2026-08-12T17:17:29.013533+00:00' AIRFLOW_CTX_TRY_NUMBER='1' AIRFLOW_CTX_DAG_RUN_ID='manual__2026-08-12T17:17:29.013533+00:00'
[2026-08-12T17:17:30.837+0000] {taskinstance.py:430} INFO - ::endgroup::
[2026-08-12T17:17:30.879+0000] {base.py:84} INFO - Using connection ID 'spark_default' for task execution.
[2026-08-12T17:17:30.882+0000] {spark_submit.py:473} INFO - Spark-Submit cmd: spark-submit --master spark://spark-master:7077 --conf spark.sql.sources.partitionOverwriteMode=dynamic --name arrow-spark --verbose /opt/spark/jobs/clean_events.py --input-path /opt/spark/data/raw --output-path /opt/spark/data/processed
[2026-08-12T17:17:33.550+0000] {spark_submit.py:634} INFO - Using properties file: null
[2026-08-12T17:17:33.803+0000] {spark_submit.py:634} INFO - Parsed arguments:
[2026-08-12T17:17:33.806+0000] {spark_submit.py:634} INFO - master                  spark://spark-master:7077
[2026-08-12T17:17:33.808+0000] {spark_submit.py:634} INFO - remote                  null
[2026-08-12T17:17:33.811+0000] {spark_submit.py:634} INFO - deployMode              null
[2026-08-12T17:17:33.813+0000] {spark_submit.py:634} INFO - executorMemory          null
[2026-08-12T17:17:33.814+0000] {spark_submit.py:634} INFO - executorCores           null
[2026-08-12T17:17:33.816+0000] {spark_submit.py:634} INFO - totalExecutorCores      null
[2026-08-12T17:17:33.818+0000] {spark_submit.py:634} INFO - propertiesFile          null
[2026-08-12T17:17:33.820+0000] {spark_submit.py:634} INFO - driverMemory            null
[2026-08-12T17:17:33.822+0000] {spark_submit.py:634} INFO - driverCores             null
[2026-08-12T17:17:33.826+0000] {spark_submit.py:634} INFO - driverExtraClassPath    null
[2026-08-12T17:17:33.828+0000] {spark_submit.py:634} INFO - driverExtraLibraryPath  null
[2026-08-12T17:17:33.830+0000] {spark_submit.py:634} INFO - driverExtraJavaOptions  null
[2026-08-12T17:17:33.832+0000] {spark_submit.py:634} INFO - supervise               false
[2026-08-12T17:17:33.834+0000] {spark_submit.py:634} INFO - queue                   null
[2026-08-12T17:17:33.835+0000] {spark_submit.py:634} INFO - numExecutors            null
[2026-08-12T17:17:33.837+0000] {spark_submit.py:634} INFO - files                   null
[2026-08-12T17:17:33.839+0000] {spark_submit.py:634} INFO - pyFiles                 null
[2026-08-12T17:17:33.841+0000] {spark_submit.py:634} INFO - archives                null
[2026-08-12T17:17:33.843+0000] {spark_submit.py:634} INFO - mainClass               null
[2026-08-12T17:17:33.845+0000] {spark_submit.py:634} INFO - primaryResource         file:/opt/spark/jobs/clean_events.py
[2026-08-12T17:17:33.846+0000] {spark_submit.py:634} INFO - name                    arrow-spark
[2026-08-12T17:17:33.848+0000] {spark_submit.py:634} INFO - childArgs               [--input-path /opt/spark/data/raw --output-path /opt/spark/data/processed]
[2026-08-12T17:17:33.850+0000] {spark_submit.py:634} INFO - jars                    null
[2026-08-12T17:17:33.852+0000] {spark_submit.py:634} INFO - packages                null
[2026-08-12T17:17:33.854+0000] {spark_submit.py:634} INFO - packagesExclusions      null
[2026-08-12T17:17:33.855+0000] {spark_submit.py:634} INFO - repositories            null
[2026-08-12T17:17:33.858+0000] {spark_submit.py:634} INFO - verbose                 true
[2026-08-12T17:17:33.860+0000] {spark_submit.py:634} INFO - 
[2026-08-12T17:17:33.862+0000] {spark_submit.py:634} INFO - Spark properties used, including those specified through
[2026-08-12T17:17:33.864+0000] {spark_submit.py:634} INFO - --conf and those from the properties file null:
[2026-08-12T17:17:33.866+0000] {spark_submit.py:634} INFO - (spark.sql.sources.partitionOverwriteMode,dynamic)
[2026-08-12T17:17:33.867+0000] {spark_submit.py:634} INFO - 
[2026-08-12T17:17:33.869+0000] {spark_submit.py:634} INFO - 
[2026-08-12T17:17:34.647+0000] {spark_submit.py:634} INFO - Main class:
[2026-08-12T17:17:34.650+0000] {spark_submit.py:634} INFO - org.apache.spark.deploy.PythonRunner
[2026-08-12T17:17:34.655+0000] {spark_submit.py:634} INFO - Arguments:
[2026-08-12T17:17:34.658+0000] {spark_submit.py:634} INFO - file:/opt/spark/jobs/clean_events.py
[2026-08-12T17:17:34.661+0000] {spark_submit.py:634} INFO - null
[2026-08-12T17:17:34.663+0000] {spark_submit.py:634} INFO - --input-path
[2026-08-12T17:17:34.666+0000] {spark_submit.py:634} INFO - /opt/spark/data/raw
[2026-08-12T17:17:34.669+0000] {spark_submit.py:634} INFO - --output-path
[2026-08-12T17:17:34.672+0000] {spark_submit.py:634} INFO - /opt/spark/data/processed
[2026-08-12T17:17:34.675+0000] {spark_submit.py:634} INFO - Spark config:
[2026-08-12T17:17:34.678+0000] {spark_submit.py:634} INFO - (spark.app.name,arrow-spark)
[2026-08-12T17:17:34.680+0000] {spark_submit.py:634} INFO - (spark.app.submitTime,1786555054581)
[2026-08-12T17:17:34.682+0000] {spark_submit.py:634} INFO - (spark.master,spark://spark-master:7077)
[2026-08-12T17:17:34.686+0000] {spark_submit.py:634} INFO - (spark.sql.sources.partitionOverwriteMode,dynamic)
[2026-08-12T17:17:34.688+0000] {spark_submit.py:634} INFO - (spark.submit.deployMode,client)
[2026-08-12T17:17:34.690+0000] {spark_submit.py:634} INFO - (spark.submit.pyFiles,)
[2026-08-12T17:17:34.693+0000] {spark_submit.py:634} INFO - Classpath elements:
[2026-08-12T17:17:34.694+0000] {spark_submit.py:634} INFO - 
[2026-08-12T17:17:34.697+0000] {spark_submit.py:634} INFO - 
[2026-08-12T17:17:34.699+0000] {spark_submit.py:634} INFO - 
[2026-08-12T17:17:37.447+0000] {spark_submit.py:634} INFO - 26/08/12 17:17:37 INFO SparkContext: Running Spark version 3.5.1
[2026-08-12T17:17:37.450+0000] {spark_submit.py:634} INFO - 26/08/12 17:17:37 INFO SparkContext: OS info Linux, 6.18.33.2-microsoft-standard-WSL2, amd64
[2026-08-12T17:17:37.452+0000] {spark_submit.py:634} INFO - 26/08/12 17:17:37 INFO SparkContext: Java version 17.0.20
[2026-08-12T17:17:37.534+0000] {spark_submit.py:634} INFO - 26/08/12 17:17:37 WARN NativeCodeLoader: Unable to load native-hadoop library for your platform... using builtin-java classes where applicable
[2026-08-12T17:17:37.690+0000] {spark_submit.py:634} INFO - 26/08/12 17:17:37 INFO ResourceUtils: ==============================================================
[2026-08-12T17:17:37.692+0000] {spark_submit.py:634} INFO - 26/08/12 17:17:37 INFO ResourceUtils: No custom resources configured for spark.driver.
[2026-08-12T17:17:37.694+0000] {spark_submit.py:634} INFO - 26/08/12 17:17:37 INFO ResourceUtils: ==============================================================
[2026-08-12T17:17:37.695+0000] {spark_submit.py:634} INFO - 26/08/12 17:17:37 INFO SparkContext: Submitted application: clean_events
[2026-08-12T17:17:37.733+0000] {spark_submit.py:634} INFO - 26/08/12 17:17:37 INFO ResourceProfile: Default ResourceProfile created, executor resources: Map(memory -> name: memory, amount: 1024, script: , vendor: , offHeap -> name: offHeap, amount: 0, script: , vendor: ), task resources: Map(cpus -> name: cpus, amount: 1.0)
[2026-08-12T17:17:37.749+0000] {spark_submit.py:634} INFO - 26/08/12 17:17:37 INFO ResourceProfile: Limiting resource is cpu
[2026-08-12T17:17:37.751+0000] {spark_submit.py:634} INFO - 26/08/12 17:17:37 INFO ResourceProfileManager: Added ResourceProfile id: 0
[2026-08-12T17:17:37.842+0000] {spark_submit.py:634} INFO - 26/08/12 17:17:37 INFO SecurityManager: Changing view acls to: ***
[2026-08-12T17:17:37.845+0000] {spark_submit.py:634} INFO - 26/08/12 17:17:37 INFO SecurityManager: Changing modify acls to: ***
[2026-08-12T17:17:37.847+0000] {spark_submit.py:634} INFO - 26/08/12 17:17:37 INFO SecurityManager: Changing view acls groups to:
[2026-08-12T17:17:37.849+0000] {spark_submit.py:634} INFO - 26/08/12 17:17:37 INFO SecurityManager: Changing modify acls groups to:
[2026-08-12T17:17:37.851+0000] {spark_submit.py:634} INFO - 26/08/12 17:17:37 INFO SecurityManager: SecurityManager: authentication disabled; ui acls disabled; users with view permissions: ***; groups with view permissions: EMPTY; users with modify permissions: ***; groups with modify permissions: EMPTY
[2026-08-12T17:17:38.280+0000] {spark_submit.py:634} INFO - 26/08/12 17:17:38 INFO Utils: Successfully started service 'sparkDriver' on port 40189.
[2026-08-12T17:17:38.335+0000] {spark_submit.py:634} INFO - 26/08/12 17:17:38 INFO SparkEnv: Registering MapOutputTracker
[2026-08-12T17:17:38.402+0000] {spark_submit.py:634} INFO - 26/08/12 17:17:38 INFO SparkEnv: Registering BlockManagerMaster
[2026-08-12T17:17:38.451+0000] {spark_submit.py:634} INFO - 26/08/12 17:17:38 INFO BlockManagerMasterEndpoint: Using org.apache.spark.storage.DefaultTopologyMapper for getting topology information
[2026-08-12T17:17:38.454+0000] {spark_submit.py:634} INFO - 26/08/12 17:17:38 INFO BlockManagerMasterEndpoint: BlockManagerMasterEndpoint up
[2026-08-12T17:17:38.463+0000] {spark_submit.py:634} INFO - 26/08/12 17:17:38 INFO SparkEnv: Registering BlockManagerMasterHeartbeat
[2026-08-12T17:17:38.513+0000] {spark_submit.py:634} INFO - 26/08/12 17:17:38 INFO DiskBlockManager: Created local directory at /tmp/blockmgr-06a26ad0-2069-4167-88af-3422ba41b583
[2026-08-12T17:17:38.553+0000] {spark_submit.py:634} INFO - 26/08/12 17:17:38 INFO MemoryStore: MemoryStore started with capacity 434.4 MiB
[2026-08-12T17:17:38.590+0000] {spark_submit.py:634} INFO - 26/08/12 17:17:38 INFO SparkEnv: Registering OutputCommitCoordinator
[2026-08-12T17:17:38.840+0000] {spark_submit.py:634} INFO - 26/08/12 17:17:38 INFO JettyUtils: Start Jetty 0.0.0.0:4040 for SparkUI
[2026-08-12T17:17:38.976+0000] {spark_submit.py:634} INFO - 26/08/12 17:17:38 INFO Utils: Successfully started service 'SparkUI' on port 4040.
[2026-08-12T17:17:39.243+0000] {spark_submit.py:634} INFO - 26/08/12 17:17:39 INFO StandaloneAppClient$ClientEndpoint: Connecting to master spark://spark-master:7077...
[2026-08-12T17:17:39.338+0000] {spark_submit.py:634} INFO - 26/08/12 17:17:39 INFO TransportClientFactory: Successfully created connection to spark-master/172.18.0.2:7077 after 50 ms (0 ms spent in bootstraps)
[2026-08-12T17:17:39.542+0000] {spark_submit.py:634} INFO - 26/08/12 17:17:39 INFO StandaloneSchedulerBackend: Connected to Spark cluster with app ID app-20260812171739-0001
[2026-08-12T17:17:39.546+0000] {spark_submit.py:634} INFO - 26/08/12 17:17:39 INFO StandaloneAppClient$ClientEndpoint: Executor added: app-20260812171739-0001/0 on worker-20260812165632-172.18.0.4-45475 (172.18.0.4:45475) with 2 core(s)
[2026-08-12T17:17:39.553+0000] {spark_submit.py:634} INFO - 26/08/12 17:17:39 INFO StandaloneSchedulerBackend: Granted executor ID app-20260812171739-0001/0 on hostPort 172.18.0.4:45475 with 2 core(s), 1024.0 MiB RAM
[2026-08-12T17:17:39.572+0000] {spark_submit.py:634} INFO - 26/08/12 17:17:39 INFO Utils: Successfully started service 'org.apache.spark.network.netty.NettyBlockTransferService' on port 38771.
[2026-08-12T17:17:39.580+0000] {spark_submit.py:634} INFO - 26/08/12 17:17:39 INFO NettyBlockTransferService: Server created on a3064e4d9a40:38771
[2026-08-12T17:17:39.588+0000] {spark_submit.py:634} INFO - 26/08/12 17:17:39 INFO BlockManager: Using org.apache.spark.storage.RandomBlockReplicationPolicy for block replication policy
[2026-08-12T17:17:39.599+0000] {spark_submit.py:634} INFO - 26/08/12 17:17:39 INFO BlockManagerMaster: Registering BlockManager BlockManagerId(driver, a3064e4d9a40, 38771, None)
[2026-08-12T17:17:39.608+0000] {spark_submit.py:634} INFO - 26/08/12 17:17:39 INFO BlockManagerMasterEndpoint: Registering block manager a3064e4d9a40:38771 with 434.4 MiB RAM, BlockManagerId(driver, a3064e4d9a40, 38771, None)
[2026-08-12T17:17:39.620+0000] {spark_submit.py:634} INFO - 26/08/12 17:17:39 INFO BlockManagerMaster: Registered BlockManager BlockManagerId(driver, a3064e4d9a40, 38771, None)
[2026-08-12T17:17:39.625+0000] {spark_submit.py:634} INFO - 26/08/12 17:17:39 INFO BlockManager: Initialized BlockManager: BlockManagerId(driver, a3064e4d9a40, 38771, None)
[2026-08-12T17:17:39.679+0000] {spark_submit.py:634} INFO - 26/08/12 17:17:39 INFO StandaloneAppClient$ClientEndpoint: Executor updated: app-20260812171739-0001/0 is now RUNNING
[2026-08-12T17:17:40.315+0000] {spark_submit.py:634} INFO - 26/08/12 17:17:40 INFO StandaloneSchedulerBackend: SchedulerBackend is ready for scheduling beginning after reached minRegisteredResourcesRatio: 0.0
[2026-08-12T17:18:12.822+0000] {spark_submit.py:634} INFO - [clean_events] Read 2000 raw rows, kept 2000, dropped 0
[2026-08-12T17:18:15.746+0000] {spark_submit.py:634} INFO - 26/08/12 17:18:15 ERROR FileOutputCommitter: Mkdirs failed to create file:/opt/spark/data/processed/.spark-staging-ef839ab2-f622-413d-8d35-0740fdab1160/_temporary/0
[2026-08-12T17:18:21.394+0000] {spark_submit.py:634} INFO - 26/08/12 17:18:21 ERROR FileFormatWriter: Aborting job 92282e35-ce53-459d-8e01-22c963d2d8d1.
[2026-08-12T17:18:21.401+0000] {spark_submit.py:634} INFO - java.io.IOException: Failed to rename DeprecatedRawLocalFileStatus{path=file:/opt/spark/data/processed/.spark-staging-ef839ab2-f622-413d-8d35-0740fdab1160/_temporary/0/task_202608121718152045794565619983023_0012_m_000000/dt=2026-08-12; isDirectory=true; modification_time=1786555100606; access_time=1786555100606; owner=; group=; permission=rwxrwxrwx; isSymlink=false; hasAcl=false; isEncrypted=false; isErasureCoded=false} to file:/opt/spark/data/processed/.spark-staging-ef839ab2-f622-413d-8d35-0740fdab1160/dt=2026-08-12
[2026-08-12T17:18:21.403+0000] {spark_submit.py:634} INFO - at org.apache.hadoop.mapreduce.lib.output.FileOutputCommitter.renameOrMerge(FileOutputCommitter.java:510)
[2026-08-12T17:18:21.411+0000] {spark_submit.py:634} INFO - at org.apache.hadoop.mapreduce.lib.output.FileOutputCommitter.mergePaths(FileOutputCommitter.java:494)
[2026-08-12T17:18:21.414+0000] {spark_submit.py:634} INFO - at org.apache.hadoop.mapreduce.lib.output.FileOutputCommitter.mergePaths(FileOutputCommitter.java:490)
[2026-08-12T17:18:21.418+0000] {spark_submit.py:634} INFO - at org.apache.hadoop.mapreduce.lib.output.FileOutputCommitter.commitJobInternal(FileOutputCommitter.java:405)
[2026-08-12T17:18:21.420+0000] {spark_submit.py:634} INFO - at org.apache.hadoop.mapreduce.lib.output.FileOutputCommitter.commitJob(FileOutputCommitter.java:377)
[2026-08-12T17:18:21.424+0000] {spark_submit.py:634} INFO - at org.apache.parquet.hadoop.ParquetOutputCommitter.commitJob(ParquetOutputCommitter.java:48)
[2026-08-12T17:18:21.426+0000] {spark_submit.py:634} INFO - at org.apache.spark.internal.io.HadoopMapReduceCommitProtocol.commitJob(HadoopMapReduceCommitProtocol.scala:192)
[2026-08-12T17:18:21.432+0000] {spark_submit.py:634} INFO - at org.apache.spark.sql.execution.datasources.FileFormatWriter$.$anonfun$writeAndCommit$3(FileFormatWriter.scala:275)
[2026-08-12T17:18:21.435+0000] {spark_submit.py:634} INFO - at scala.runtime.java8.JFunction0$mcV$sp.apply(JFunction0$mcV$sp.java:23)
[2026-08-12T17:18:21.440+0000] {spark_submit.py:634} INFO - at org.apache.spark.util.Utils$.timeTakenMs(Utils.scala:552)
[2026-08-12T17:18:21.448+0000] {spark_submit.py:634} INFO - at org.apache.spark.sql.execution.datasources.FileFormatWriter$.writeAndCommit(FileFormatWriter.scala:275)
[2026-08-12T17:18:21.452+0000] {spark_submit.py:634} INFO - at org.apache.spark.sql.execution.datasources.FileFormatWriter$.executeWrite(FileFormatWriter.scala:304)
[2026-08-12T17:18:21.456+0000] {spark_submit.py:634} INFO - at org.apache.spark.sql.execution.datasources.FileFormatWriter$.write(FileFormatWriter.scala:190)
[2026-08-12T17:18:21.458+0000] {spark_submit.py:634} INFO - at org.apache.spark.sql.execution.datasources.InsertIntoHadoopFsRelationCommand.run(InsertIntoHadoopFsRelationCommand.scala:190)
[2026-08-12T17:18:21.461+0000] {spark_submit.py:634} INFO - at org.apache.spark.sql.execution.command.DataWritingCommandExec.sideEffectResult$lzycompute(commands.scala:113)
[2026-08-12T17:18:21.463+0000] {spark_submit.py:634} INFO - at org.apache.spark.sql.execution.command.DataWritingCommandExec.sideEffectResult(commands.scala:111)
[2026-08-12T17:18:21.466+0000] {spark_submit.py:634} INFO - at org.apache.spark.sql.execution.command.DataWritingCommandExec.executeCollect(commands.scala:125)
[2026-08-12T17:18:21.469+0000] {spark_submit.py:634} INFO - at org.apache.spark.sql.execution.adaptive.AdaptiveSparkPlanExec.$anonfun$executeCollect$1(AdaptiveSparkPlanExec.scala:390)
[2026-08-12T17:18:21.472+0000] {spark_submit.py:634} INFO - at org.apache.spark.sql.execution.adaptive.AdaptiveSparkPlanExec.withFinalPlanUpdate(AdaptiveSparkPlanExec.scala:418)
[2026-08-12T17:18:21.475+0000] {spark_submit.py:634} INFO - at org.apache.spark.sql.execution.adaptive.AdaptiveSparkPlanExec.executeCollect(AdaptiveSparkPlanExec.scala:390)
[2026-08-12T17:18:21.478+0000] {spark_submit.py:634} INFO - at org.apache.spark.sql.execution.QueryExecution$$anonfun$eagerlyExecuteCommands$1.$anonfun$applyOrElse$1(QueryExecution.scala:107)
[2026-08-12T17:18:21.485+0000] {spark_submit.py:634} INFO - at org.apache.spark.sql.execution.SQLExecution$.$anonfun$withNewExecutionId$6(SQLExecution.scala:125)
[2026-08-12T17:18:21.491+0000] {spark_submit.py:634} INFO - at org.apache.spark.sql.execution.SQLExecution$.withSQLConfPropagated(SQLExecution.scala:201)
[2026-08-12T17:18:21.494+0000] {spark_submit.py:634} INFO - at org.apache.spark.sql.execution.SQLExecution$.$anonfun$withNewExecutionId$1(SQLExecution.scala:108)
[2026-08-12T17:18:21.496+0000] {spark_submit.py:634} INFO - at org.apache.spark.sql.SparkSession.withActive(SparkSession.scala:900)
[2026-08-12T17:18:21.500+0000] {spark_submit.py:634} INFO - at org.apache.spark.sql.execution.SQLExecution$.withNewExecutionId(SQLExecution.scala:66)
[2026-08-12T17:18:21.503+0000] {spark_submit.py:634} INFO - at org.apache.spark.sql.execution.QueryExecution$$anonfun$eagerlyExecuteCommands$1.applyOrElse(QueryExecution.scala:107)
[2026-08-12T17:18:21.506+0000] {spark_submit.py:634} INFO - at org.apache.spark.sql.execution.QueryExecution$$anonfun$eagerlyExecuteCommands$1.applyOrElse(QueryExecution.scala:98)
[2026-08-12T17:18:21.509+0000] {spark_submit.py:634} INFO - at org.apache.spark.sql.catalyst.trees.TreeNode.$anonfun$transformDownWithPruning$1(TreeNode.scala:461)
[2026-08-12T17:18:21.511+0000] {spark_submit.py:634} INFO - at org.apache.spark.sql.catalyst.trees.CurrentOrigin$.withOrigin(origin.scala:76)
[2026-08-12T17:18:21.515+0000] {spark_submit.py:634} INFO - at org.apache.spark.sql.catalyst.trees.TreeNode.transformDownWithPruning(TreeNode.scala:461)
[2026-08-12T17:18:21.519+0000] {spark_submit.py:634} INFO - at org.apache.spark.sql.catalyst.plans.logical.LogicalPlan.org$apache$spark$sql$catalyst$plans$logical$AnalysisHelper$$super$transformDownWithPruning(LogicalPlan.scala:32)
[2026-08-12T17:18:21.522+0000] {spark_submit.py:634} INFO - at org.apache.spark.sql.catalyst.plans.logical.AnalysisHelper.transformDownWithPruning(AnalysisHelper.scala:267)
[2026-08-12T17:18:21.525+0000] {spark_submit.py:634} INFO - at org.apache.spark.sql.catalyst.plans.logical.AnalysisHelper.transformDownWithPruning$(AnalysisHelper.scala:263)
[2026-08-12T17:18:21.527+0000] {spark_submit.py:634} INFO - at org.apache.spark.sql.catalyst.plans.logical.LogicalPlan.transformDownWithPruning(LogicalPlan.scala:32)
[2026-08-12T17:18:21.530+0000] {spark_submit.py:634} INFO - at org.apache.spark.sql.catalyst.plans.logical.LogicalPlan.transformDownWithPruning(LogicalPlan.scala:32)
[2026-08-12T17:18:21.532+0000] {spark_submit.py:634} INFO - at org.apache.spark.sql.catalyst.trees.TreeNode.transformDown(TreeNode.scala:437)
[2026-08-12T17:18:21.535+0000] {spark_submit.py:634} INFO - at org.apache.spark.sql.execution.QueryExecution.eagerlyExecuteCommands(QueryExecution.scala:98)
[2026-08-12T17:18:21.539+0000] {spark_submit.py:634} INFO - at org.apache.spark.sql.execution.QueryExecution.commandExecuted$lzycompute(QueryExecution.scala:85)
[2026-08-12T17:18:21.542+0000] {spark_submit.py:634} INFO - at org.apache.spark.sql.execution.QueryExecution.commandExecuted(QueryExecution.scala:83)
[2026-08-12T17:18:21.546+0000] {spark_submit.py:634} INFO - at org.apache.spark.sql.execution.QueryExecution.assertCommandExecuted(QueryExecution.scala:142)
[2026-08-12T17:18:21.549+0000] {spark_submit.py:634} INFO - at org.apache.spark.sql.DataFrameWriter.runCommand(DataFrameWriter.scala:859)
[2026-08-12T17:18:21.551+0000] {spark_submit.py:634} INFO - at org.apache.spark.sql.DataFrameWriter.saveToV1Source(DataFrameWriter.scala:388)
[2026-08-12T17:18:21.553+0000] {spark_submit.py:634} INFO - at org.apache.spark.sql.DataFrameWriter.saveInternal(DataFrameWriter.scala:361)
[2026-08-12T17:18:21.558+0000] {spark_submit.py:634} INFO - at org.apache.spark.sql.DataFrameWriter.save(DataFrameWriter.scala:240)
[2026-08-12T17:18:21.562+0000] {spark_submit.py:634} INFO - at org.apache.spark.sql.DataFrameWriter.parquet(DataFrameWriter.scala:792)
[2026-08-12T17:18:21.566+0000] {spark_submit.py:634} INFO - at java.base/jdk.internal.reflect.NativeMethodAccessorImpl.invoke0(Native Method)
[2026-08-12T17:18:21.570+0000] {spark_submit.py:634} INFO - at java.base/jdk.internal.reflect.NativeMethodAccessorImpl.invoke(NativeMethodAccessorImpl.java:77)
[2026-08-12T17:18:21.575+0000] {spark_submit.py:634} INFO - at java.base/jdk.internal.reflect.DelegatingMethodAccessorImpl.invoke(DelegatingMethodAccessorImpl.java:43)
[2026-08-12T17:18:21.581+0000] {spark_submit.py:634} INFO - at java.base/java.lang.reflect.Method.invoke(Method.java:569)
[2026-08-12T17:18:21.585+0000] {spark_submit.py:634} INFO - at py4j.reflection.MethodInvoker.invoke(MethodInvoker.java:244)
[2026-08-12T17:18:21.593+0000] {spark_submit.py:634} INFO - at py4j.reflection.ReflectionEngine.invoke(ReflectionEngine.java:374)
[2026-08-12T17:18:21.598+0000] {spark_submit.py:634} INFO - at py4j.Gateway.invoke(Gateway.java:282)
[2026-08-12T17:18:21.603+0000] {spark_submit.py:634} INFO - at py4j.commands.AbstractCommand.invokeMethod(AbstractCommand.java:132)
[2026-08-12T17:18:21.614+0000] {spark_submit.py:634} INFO - at py4j.commands.CallCommand.execute(CallCommand.java:79)
[2026-08-12T17:18:21.620+0000] {spark_submit.py:634} INFO - at py4j.ClientServerConnection.waitForCommands(ClientServerConnection.java:182)
[2026-08-12T17:18:21.627+0000] {spark_submit.py:634} INFO - at py4j.ClientServerConnection.run(ClientServerConnection.java:106)
[2026-08-12T17:18:21.632+0000] {spark_submit.py:634} INFO - at java.base/java.lang.Thread.run(Thread.java:840)
[2026-08-12T17:18:21.811+0000] {spark_submit.py:634} INFO - 26/08/12 17:18:21 WARN FileUtil: Failed to delete file or dir [/opt/spark/data/processed/.spark-staging-ef839ab2-f622-413d-8d35-0740fdab1160/_temporary/0/task_202608121718152045794565619983023_0012_m_000000/dt=2026-08-12/hour=05/.part-00000-ef839ab2-f622-413d-8d35-0740fdab1160.c000.snappy.parquet.crc]: it still exists.
[2026-08-12T17:18:21.848+0000] {spark_submit.py:634} INFO - 26/08/12 17:18:21 WARN FileUtil: Failed to delete file or dir [/opt/spark/data/processed/.spark-staging-ef839ab2-f622-413d-8d35-0740fdab1160/_temporary/0/task_202608121718152045794565619983023_0012_m_000000/dt=2026-08-12/hour=05/part-00000-ef839ab2-f622-413d-8d35-0740fdab1160.c000.snappy.parquet]: it still exists.
[2026-08-12T17:18:21.958+0000] {spark_submit.py:634} INFO - 26/08/12 17:18:21 WARN FileUtil: Failed to delete file or dir [/opt/spark/data/processed/.spark-staging-ef839ab2-f622-413d-8d35-0740fdab1160/_temporary/0/task_202608121718152045794565619983023_0012_m_000000/dt=2026-08-12/hour=06/.part-00000-ef839ab2-f622-413d-8d35-0740fdab1160.c000.snappy.parquet.crc]: it still exists.
[2026-08-12T17:18:21.993+0000] {spark_submit.py:634} INFO - 26/08/12 17:18:21 WARN FileUtil: Failed to delete file or dir [/opt/spark/data/processed/.spark-staging-ef839ab2-f622-413d-8d35-0740fdab1160/_temporary/0/task_202608121718152045794565619983023_0012_m_000000/dt=2026-08-12/hour=06/part-00000-ef839ab2-f622-413d-8d35-0740fdab1160.c000.snappy.parquet]: it still exists.
[2026-08-12T17:18:22.079+0000] {spark_submit.py:634} INFO - 26/08/12 17:18:22 WARN FileUtil: Failed to delete file or dir [/opt/spark/data/processed/.spark-staging-ef839ab2-f622-413d-8d35-0740fdab1160/_temporary/0/task_202608121718152045794565619983023_0012_m_000000/dt=2026-08-12/hour=08/.part-00000-ef839ab2-f622-413d-8d35-0740fdab1160.c000.snappy.parquet.crc]: it still exists.
[2026-08-12T17:18:22.111+0000] {spark_submit.py:634} INFO - 26/08/12 17:18:22 WARN FileUtil: Failed to delete file or dir [/opt/spark/data/processed/.spark-staging-ef839ab2-f622-413d-8d35-0740fdab1160/_temporary/0/task_202608121718152045794565619983023_0012_m_000000/dt=2026-08-12/hour=08/part-00000-ef839ab2-f622-413d-8d35-0740fdab1160.c000.snappy.parquet]: it still exists.
[2026-08-12T17:18:22.199+0000] {spark_submit.py:634} INFO - 26/08/12 17:18:22 WARN FileUtil: Failed to delete file or dir [/opt/spark/data/processed/.spark-staging-ef839ab2-f622-413d-8d35-0740fdab1160/_temporary/0/task_202608121718152045794565619983023_0012_m_000000/dt=2026-08-12/hour=09/.part-00000-ef839ab2-f622-413d-8d35-0740fdab1160.c000.snappy.parquet.crc]: it still exists.
[2026-08-12T17:18:22.238+0000] {spark_submit.py:634} INFO - 26/08/12 17:18:22 WARN FileUtil: Failed to delete file or dir [/opt/spark/data/processed/.spark-staging-ef839ab2-f622-413d-8d35-0740fdab1160/_temporary/0/task_202608121718152045794565619983023_0012_m_000000/dt=2026-08-12/hour=09/part-00000-ef839ab2-f622-413d-8d35-0740fdab1160.c000.snappy.parquet]: it still exists.
[2026-08-12T17:18:22.284+0000] {spark_submit.py:634} INFO - 26/08/12 17:18:22 WARN FileUtil: Failed to delete file or dir [/opt/spark/data/processed/.spark-staging-ef839ab2-f622-413d-8d35-0740fdab1160/_temporary/0/_temporary]: it still exists.
[2026-08-12T17:18:22.480+0000] {spark_submit.py:634} INFO - 26/08/12 17:18:22 WARN FileUtil: Failed to delete file or dir [/opt/spark/data/processed/.spark-staging-ef839ab2-f622-413d-8d35-0740fdab1160/_temporary/0/task_202608121718152045794565619983023_0012_m_000000/dt=2026-08-12/hour=05/.part-00000-ef839ab2-f622-413d-8d35-0740fdab1160.c000.snappy.parquet.crc]: it still exists.
[2026-08-12T17:18:22.505+0000] {spark_submit.py:634} INFO - 26/08/12 17:18:22 WARN FileUtil: Failed to delete file or dir [/opt/spark/data/processed/.spark-staging-ef839ab2-f622-413d-8d35-0740fdab1160/_temporary/0/task_202608121718152045794565619983023_0012_m_000000/dt=2026-08-12/hour=05/part-00000-ef839ab2-f622-413d-8d35-0740fdab1160.c000.snappy.parquet]: it still exists.
[2026-08-12T17:18:22.569+0000] {spark_submit.py:634} INFO - 26/08/12 17:18:22 WARN FileUtil: Failed to delete file or dir [/opt/spark/data/processed/.spark-staging-ef839ab2-f622-413d-8d35-0740fdab1160/_temporary/0/task_202608121718152045794565619983023_0012_m_000000/dt=2026-08-12/hour=06/.part-00000-ef839ab2-f622-413d-8d35-0740fdab1160.c000.snappy.parquet.crc]: it still exists.
[2026-08-12T17:18:22.591+0000] {spark_submit.py:634} INFO - 26/08/12 17:18:22 WARN FileUtil: Failed to delete file or dir [/opt/spark/data/processed/.spark-staging-ef839ab2-f622-413d-8d35-0740fdab1160/_temporary/0/task_202608121718152045794565619983023_0012_m_000000/dt=2026-08-12/hour=06/part-00000-ef839ab2-f622-413d-8d35-0740fdab1160.c000.snappy.parquet]: it still exists.
[2026-08-12T17:18:22.656+0000] {spark_submit.py:634} INFO - 26/08/12 17:18:22 WARN FileUtil: Failed to delete file or dir [/opt/spark/data/processed/.spark-staging-ef839ab2-f622-413d-8d35-0740fdab1160/_temporary/0/task_202608121718152045794565619983023_0012_m_000000/dt=2026-08-12/hour=08/.part-00000-ef839ab2-f622-413d-8d35-0740fdab1160.c000.snappy.parquet.crc]: it still exists.
[2026-08-12T17:18:22.679+0000] {spark_submit.py:634} INFO - 26/08/12 17:18:22 WARN FileUtil: Failed to delete file or dir [/opt/spark/data/processed/.spark-staging-ef839ab2-f622-413d-8d35-0740fdab1160/_temporary/0/task_202608121718152045794565619983023_0012_m_000000/dt=2026-08-12/hour=08/part-00000-ef839ab2-f622-413d-8d35-0740fdab1160.c000.snappy.parquet]: it still exists.
[2026-08-12T17:18:22.738+0000] {spark_submit.py:634} INFO - 26/08/12 17:18:22 WARN FileUtil: Failed to delete file or dir [/opt/spark/data/processed/.spark-staging-ef839ab2-f622-413d-8d35-0740fdab1160/_temporary/0/task_202608121718152045794565619983023_0012_m_000000/dt=2026-08-12/hour=09/.part-00000-ef839ab2-f622-413d-8d35-0740fdab1160.c000.snappy.parquet.crc]: it still exists.
[2026-08-12T17:18:22.760+0000] {spark_submit.py:634} INFO - 26/08/12 17:18:22 WARN FileUtil: Failed to delete file or dir [/opt/spark/data/processed/.spark-staging-ef839ab2-f622-413d-8d35-0740fdab1160/_temporary/0/task_202608121718152045794565619983023_0012_m_000000/dt=2026-08-12/hour=09/part-00000-ef839ab2-f622-413d-8d35-0740fdab1160.c000.snappy.parquet]: it still exists.
[2026-08-12T17:18:22.793+0000] {spark_submit.py:634} INFO - 26/08/12 17:18:22 WARN FileUtil: Failed to delete file or dir [/opt/spark/data/processed/.spark-staging-ef839ab2-f622-413d-8d35-0740fdab1160/_temporary/0/_temporary]: it still exists.
[2026-08-12T17:18:22.853+0000] {spark_submit.py:634} INFO - Traceback (most recent call last):
[2026-08-12T17:18:22.855+0000] {spark_submit.py:634} INFO - File "/opt/spark/jobs/clean_events.py", line 121, in <module>
[2026-08-12T17:18:22.860+0000] {spark_submit.py:634} INFO - main()
[2026-08-12T17:18:22.862+0000] {spark_submit.py:634} INFO - File "/opt/spark/jobs/clean_events.py", line 113, in main
[2026-08-12T17:18:22.865+0000] {spark_submit.py:634} INFO - .parquet(args.output_path)
[2026-08-12T17:18:22.867+0000] {spark_submit.py:634} INFO - ^^^^^^^^^^^^^^^^^^^^^^^^^
[2026-08-12T17:18:22.868+0000] {spark_submit.py:634} INFO - File "/home/***/spark/python/lib/pyspark.zip/pyspark/sql/readwriter.py", line 1721, in parquet
[2026-08-12T17:18:22.870+0000] {spark_submit.py:634} INFO - File "/home/***/spark/python/lib/py4j-0.10.9.7-src.zip/py4j/java_gateway.py", line 1322, in __call__
[2026-08-12T17:18:22.873+0000] {spark_submit.py:634} INFO - File "/home/***/spark/python/lib/pyspark.zip/pyspark/errors/exceptions/captured.py", line 179, in deco
[2026-08-12T17:18:22.874+0000] {spark_submit.py:634} INFO - File "/home/***/spark/python/lib/py4j-0.10.9.7-src.zip/py4j/protocol.py", line 326, in get_return_value
[2026-08-12T17:18:22.876+0000] {spark_submit.py:634} INFO - py4j.protocol.Py4JJavaError: An error occurred while calling o79.parquet.
[2026-08-12T17:18:22.878+0000] {spark_submit.py:634} INFO - : java.io.IOException: Failed to rename DeprecatedRawLocalFileStatus{path=file:/opt/spark/data/processed/.spark-staging-ef839ab2-f622-413d-8d35-0740fdab1160/_temporary/0/task_202608121718152045794565619983023_0012_m_000000/dt=2026-08-12; isDirectory=true; modification_time=1786555100606; access_time=1786555100606; owner=; group=; permission=rwxrwxrwx; isSymlink=false; hasAcl=false; isEncrypted=false; isErasureCoded=false} to file:/opt/spark/data/processed/.spark-staging-ef839ab2-f622-413d-8d35-0740fdab1160/dt=2026-08-12
[2026-08-12T17:18:22.879+0000] {spark_submit.py:634} INFO - at org.apache.hadoop.mapreduce.lib.output.FileOutputCommitter.renameOrMerge(FileOutputCommitter.java:510)
[2026-08-12T17:18:22.881+0000] {spark_submit.py:634} INFO - at org.apache.hadoop.mapreduce.lib.output.FileOutputCommitter.mergePaths(FileOutputCommitter.java:494)
[2026-08-12T17:18:22.882+0000] {spark_submit.py:634} INFO - at org.apache.hadoop.mapreduce.lib.output.FileOutputCommitter.mergePaths(FileOutputCommitter.java:490)
[2026-08-12T17:18:22.884+0000] {spark_submit.py:634} INFO - at org.apache.hadoop.mapreduce.lib.output.FileOutputCommitter.commitJobInternal(FileOutputCommitter.java:405)
[2026-08-12T17:18:22.885+0000] {spark_submit.py:634} INFO - at org.apache.hadoop.mapreduce.lib.output.FileOutputCommitter.commitJob(FileOutputCommitter.java:377)
[2026-08-12T17:18:22.886+0000] {spark_submit.py:634} INFO - at org.apache.parquet.hadoop.ParquetOutputCommitter.commitJob(ParquetOutputCommitter.java:48)
[2026-08-12T17:18:22.888+0000] {spark_submit.py:634} INFO - at org.apache.spark.internal.io.HadoopMapReduceCommitProtocol.commitJob(HadoopMapReduceCommitProtocol.scala:192)
[2026-08-12T17:18:22.889+0000] {spark_submit.py:634} INFO - at org.apache.spark.sql.execution.datasources.FileFormatWriter$.$anonfun$writeAndCommit$3(FileFormatWriter.scala:275)
[2026-08-12T17:18:22.890+0000] {spark_submit.py:634} INFO - at scala.runtime.java8.JFunction0$mcV$sp.apply(JFunction0$mcV$sp.java:23)
[2026-08-12T17:18:22.892+0000] {spark_submit.py:634} INFO - at org.apache.spark.util.Utils$.timeTakenMs(Utils.scala:552)
[2026-08-12T17:18:22.894+0000] {spark_submit.py:634} INFO - at org.apache.spark.sql.execution.datasources.FileFormatWriter$.writeAndCommit(FileFormatWriter.scala:275)
[2026-08-12T17:18:22.896+0000] {spark_submit.py:634} INFO - at org.apache.spark.sql.execution.datasources.FileFormatWriter$.executeWrite(FileFormatWriter.scala:304)
[2026-08-12T17:18:22.898+0000] {spark_submit.py:634} INFO - at org.apache.spark.sql.execution.datasources.FileFormatWriter$.write(FileFormatWriter.scala:190)
[2026-08-12T17:18:22.899+0000] {spark_submit.py:634} INFO - at org.apache.spark.sql.execution.datasources.InsertIntoHadoopFsRelationCommand.run(InsertIntoHadoopFsRelationCommand.scala:190)
[2026-08-12T17:18:22.901+0000] {spark_submit.py:634} INFO - at org.apache.spark.sql.execution.command.DataWritingCommandExec.sideEffectResult$lzycompute(commands.scala:113)
[2026-08-12T17:18:22.902+0000] {spark_submit.py:634} INFO - at org.apache.spark.sql.execution.command.DataWritingCommandExec.sideEffectResult(commands.scala:111)
[2026-08-12T17:18:22.903+0000] {spark_submit.py:634} INFO - at org.apache.spark.sql.execution.command.DataWritingCommandExec.executeCollect(commands.scala:125)
[2026-08-12T17:18:22.905+0000] {spark_submit.py:634} INFO - at org.apache.spark.sql.execution.adaptive.AdaptiveSparkPlanExec.$anonfun$executeCollect$1(AdaptiveSparkPlanExec.scala:390)
[2026-08-12T17:18:22.906+0000] {spark_submit.py:634} INFO - at org.apache.spark.sql.execution.adaptive.AdaptiveSparkPlanExec.withFinalPlanUpdate(AdaptiveSparkPlanExec.scala:418)
[2026-08-12T17:18:22.909+0000] {spark_submit.py:634} INFO - at org.apache.spark.sql.execution.adaptive.AdaptiveSparkPlanExec.executeCollect(AdaptiveSparkPlanExec.scala:390)
[2026-08-12T17:18:22.911+0000] {spark_submit.py:634} INFO - at org.apache.spark.sql.execution.QueryExecution$$anonfun$eagerlyExecuteCommands$1.$anonfun$applyOrElse$1(QueryExecution.scala:107)
[2026-08-12T17:18:22.912+0000] {spark_submit.py:634} INFO - at org.apache.spark.sql.execution.SQLExecution$.$anonfun$withNewExecutionId$6(SQLExecution.scala:125)
[2026-08-12T17:18:22.914+0000] {spark_submit.py:634} INFO - at org.apache.spark.sql.execution.SQLExecution$.withSQLConfPropagated(SQLExecution.scala:201)
[2026-08-12T17:18:22.915+0000] {spark_submit.py:634} INFO - at org.apache.spark.sql.execution.SQLExecution$.$anonfun$withNewExecutionId$1(SQLExecution.scala:108)
[2026-08-12T17:18:22.917+0000] {spark_submit.py:634} INFO - at org.apache.spark.sql.SparkSession.withActive(SparkSession.scala:900)
[2026-08-12T17:18:22.918+0000] {spark_submit.py:634} INFO - at org.apache.spark.sql.execution.SQLExecution$.withNewExecutionId(SQLExecution.scala:66)
[2026-08-12T17:18:22.920+0000] {spark_submit.py:634} INFO - at org.apache.spark.sql.execution.QueryExecution$$anonfun$eagerlyExecuteCommands$1.applyOrElse(QueryExecution.scala:107)
[2026-08-12T17:18:22.921+0000] {spark_submit.py:634} INFO - at org.apache.spark.sql.execution.QueryExecution$$anonfun$eagerlyExecuteCommands$1.applyOrElse(QueryExecution.scala:98)
[2026-08-12T17:18:22.922+0000] {spark_submit.py:634} INFO - at org.apache.spark.sql.catalyst.trees.TreeNode.$anonfun$transformDownWithPruning$1(TreeNode.scala:461)
[2026-08-12T17:18:22.924+0000] {spark_submit.py:634} INFO - at org.apache.spark.sql.catalyst.trees.CurrentOrigin$.withOrigin(origin.scala:76)
[2026-08-12T17:18:22.926+0000] {spark_submit.py:634} INFO - at org.apache.spark.sql.catalyst.trees.TreeNode.transformDownWithPruning(TreeNode.scala:461)
[2026-08-12T17:18:22.928+0000] {spark_submit.py:634} INFO - at org.apache.spark.sql.catalyst.plans.logical.LogicalPlan.org$apache$spark$sql$catalyst$plans$logical$AnalysisHelper$$super$transformDownWithPruning(LogicalPlan.scala:32)
[2026-08-12T17:18:22.929+0000] {spark_submit.py:634} INFO - at org.apache.spark.sql.catalyst.plans.logical.AnalysisHelper.transformDownWithPruning(AnalysisHelper.scala:267)
[2026-08-12T17:18:22.931+0000] {spark_submit.py:634} INFO - at org.apache.spark.sql.catalyst.plans.logical.AnalysisHelper.transformDownWithPruning$(AnalysisHelper.scala:263)
[2026-08-12T17:18:22.932+0000] {spark_submit.py:634} INFO - at org.apache.spark.sql.catalyst.plans.logical.LogicalPlan.transformDownWithPruning(LogicalPlan.scala:32)
[2026-08-12T17:18:22.934+0000] {spark_submit.py:634} INFO - at org.apache.spark.sql.catalyst.plans.logical.LogicalPlan.transformDownWithPruning(LogicalPlan.scala:32)
[2026-08-12T17:18:22.935+0000] {spark_submit.py:634} INFO - at org.apache.spark.sql.catalyst.trees.TreeNode.transformDown(TreeNode.scala:437)
[2026-08-12T17:18:22.936+0000] {spark_submit.py:634} INFO - at org.apache.spark.sql.execution.QueryExecution.eagerlyExecuteCommands(QueryExecution.scala:98)
[2026-08-12T17:18:22.938+0000] {spark_submit.py:634} INFO - at org.apache.spark.sql.execution.QueryExecution.commandExecuted$lzycompute(QueryExecution.scala:85)
[2026-08-12T17:18:22.939+0000] {spark_submit.py:634} INFO - at org.apache.spark.sql.execution.QueryExecution.commandExecuted(QueryExecution.scala:83)
[2026-08-12T17:18:22.941+0000] {spark_submit.py:634} INFO - at org.apache.spark.sql.execution.QueryExecution.assertCommandExecuted(QueryExecution.scala:142)
[2026-08-12T17:18:22.942+0000] {spark_submit.py:634} INFO - at org.apache.spark.sql.DataFrameWriter.runCommand(DataFrameWriter.scala:859)
[2026-08-12T17:18:22.944+0000] {spark_submit.py:634} INFO - at org.apache.spark.sql.DataFrameWriter.saveToV1Source(DataFrameWriter.scala:388)
[2026-08-12T17:18:22.946+0000] {spark_submit.py:634} INFO - at org.apache.spark.sql.DataFrameWriter.saveInternal(DataFrameWriter.scala:361)
[2026-08-12T17:18:22.948+0000] {spark_submit.py:634} INFO - at org.apache.spark.sql.DataFrameWriter.save(DataFrameWriter.scala:240)
[2026-08-12T17:18:22.950+0000] {spark_submit.py:634} INFO - at org.apache.spark.sql.DataFrameWriter.parquet(DataFrameWriter.scala:792)
[2026-08-12T17:18:22.951+0000] {spark_submit.py:634} INFO - at java.base/jdk.internal.reflect.NativeMethodAccessorImpl.invoke0(Native Method)
[2026-08-12T17:18:22.952+0000] {spark_submit.py:634} INFO - at java.base/jdk.internal.reflect.NativeMethodAccessorImpl.invoke(NativeMethodAccessorImpl.java:77)
[2026-08-12T17:18:22.954+0000] {spark_submit.py:634} INFO - at java.base/jdk.internal.reflect.DelegatingMethodAccessorImpl.invoke(DelegatingMethodAccessorImpl.java:43)
[2026-08-12T17:18:22.955+0000] {spark_submit.py:634} INFO - at java.base/java.lang.reflect.Method.invoke(Method.java:569)
[2026-08-12T17:18:22.956+0000] {spark_submit.py:634} INFO - at py4j.reflection.MethodInvoker.invoke(MethodInvoker.java:244)
[2026-08-12T17:18:22.958+0000] {spark_submit.py:634} INFO - at py4j.reflection.ReflectionEngine.invoke(ReflectionEngine.java:374)
[2026-08-12T17:18:22.960+0000] {spark_submit.py:634} INFO - at py4j.Gateway.invoke(Gateway.java:282)
[2026-08-12T17:18:22.962+0000] {spark_submit.py:634} INFO - at py4j.commands.AbstractCommand.invokeMethod(AbstractCommand.java:132)
[2026-08-12T17:18:22.963+0000] {spark_submit.py:634} INFO - at py4j.commands.CallCommand.execute(CallCommand.java:79)
[2026-08-12T17:18:22.965+0000] {spark_submit.py:634} INFO - at py4j.ClientServerConnection.waitForCommands(ClientServerConnection.java:182)
[2026-08-12T17:18:22.966+0000] {spark_submit.py:634} INFO - at py4j.ClientServerConnection.run(ClientServerConnection.java:106)
[2026-08-12T17:18:22.968+0000] {spark_submit.py:634} INFO - at java.base/java.lang.Thread.run(Thread.java:840)
[2026-08-12T17:18:22.970+0000] {spark_submit.py:634} INFO - 
[2026-08-12T17:18:23.299+0000] {taskinstance.py:441} INFO - ::group::Post task execution logs
[2026-08-12T17:18:23.332+0000] {taskinstance.py:2905} ERROR - Task failed with exception
Traceback (most recent call last):
  File "/home/airflow/.local/lib/python3.12/site-packages/airflow/models/taskinstance.py", line 465, in _execute_task
    result = _execute_callable(context=context, **execute_callable_kwargs)
             ^^^^^^^^^^^^^^^^^^^^^^^^^^^^^^^^^^^^^^^^^^^^^^^^^^^^^^^^^^^^^
  File "/home/airflow/.local/lib/python3.12/site-packages/airflow/models/taskinstance.py", line 432, in _execute_callable
    return execute_callable(context=context, **execute_callable_kwargs)
           ^^^^^^^^^^^^^^^^^^^^^^^^^^^^^^^^^^^^^^^^^^^^^^^^^^^^^^^^^^^^
  File "/home/airflow/.local/lib/python3.12/site-packages/airflow/models/baseoperator.py", line 401, in wrapper
    return func(self, *args, **kwargs)
           ^^^^^^^^^^^^^^^^^^^^^^^^^^^
  File "/home/airflow/.local/lib/python3.12/site-packages/airflow/providers/apache/spark/operators/spark_submit.py", line 176, in execute
    self._hook.submit(self.application)
  File "/home/airflow/.local/lib/python3.12/site-packages/airflow/providers/apache/spark/hooks/spark_submit.py", line 560, in submit
    raise AirflowException(
airflow.exceptions.AirflowException: Cannot execute: spark-submit --master spark://spark-master:7077 --conf spark.sql.sources.partitionOverwriteMode=dynamic --name arrow-spark --verbose /opt/spark/jobs/clean_events.py --input-path /opt/spark/data/raw --output-path /opt/spark/data/processed. Error code is: 1.
[2026-08-12T17:18:23.345+0000] {taskinstance.py:1206} INFO - Marking task as FAILED. dag_id=clickstream_clean_events, task_id=clean_events, run_id=manual__2026-08-12T17:17:29.013533+00:00, execution_date=20260812T171729, start_date=20260812T171730, end_date=20260812T171823
[2026-08-12T17:18:23.381+0000] {standard_task_runner.py:110} ERROR - Failed to execute job 13 for task clean_events (Cannot execute: spark-submit --master spark://spark-master:7077 --conf spark.sql.sources.partitionOverwriteMode=dynamic --name arrow-spark --verbose /opt/spark/jobs/clean_events.py --input-path /opt/spark/data/raw --output-path /opt/spark/data/processed. Error code is: 1.; 700)
[2026-08-12T17:18:23.428+0000] {local_task_job_runner.py:243} INFO - Task exited with return code 1
[2026-08-12T17:18:23.465+0000] {taskinstance.py:3503} INFO - 0 downstream tasks scheduled from follow-on schedule check
[2026-08-12T17:18:23.471+0000] {local_task_job_runner.py:222} INFO - ::endgroup::
