[2026-08-20T13:12:25.591+0000] {local_task_job_runner.py:120} INFO - ::group::Pre task execution logs
[2026-08-20T13:12:25.618+0000] {taskinstance.py:2076} INFO - Dependencies all met for dep_context=non-requeueable deps ti=<TaskInstance: clickstream_pipeline.sessionize_events manual__2026-08-20T13:12:02.789566+00:00 [queued]>
[2026-08-20T13:12:25.625+0000] {taskinstance.py:2076} INFO - Dependencies all met for dep_context=requeueable deps ti=<TaskInstance: clickstream_pipeline.sessionize_events manual__2026-08-20T13:12:02.789566+00:00 [queued]>
[2026-08-20T13:12:25.626+0000] {taskinstance.py:2306} INFO - Starting attempt 1 of 1
[2026-08-20T13:12:25.641+0000] {taskinstance.py:2330} INFO - Executing <Task(SparkSubmitOperator): sessionize_events> on 2026-08-20 13:12:02.789566+00:00
[2026-08-20T13:12:25.648+0000] {standard_task_runner.py:90} INFO - Running: ['***', 'tasks', 'run', 'clickstream_pipeline', 'sessionize_events', 'manual__2026-08-20T13:12:02.789566+00:00', '--job-id', '27', '--raw', '--subdir', 'DAGS_FOLDER/clickstream_pipeline_dag.py', '--cfg-path', '/tmp/tmptay8g2bg']
[2026-08-20T13:12:25.649+0000] {logging_mixin.py:188} WARNING - /home/***/.local/lib/python3.12/site-packages/***/task/task_runner/standard_task_runner.py:62 DeprecationWarning: This process (pid=626) is multi-threaded, use of fork() may lead to deadlocks in the child.
[2026-08-20T13:12:25.651+0000] {standard_task_runner.py:91} INFO - Job 27: Subtask sessionize_events
[2026-08-20T13:12:25.652+0000] {standard_task_runner.py:64} INFO - Started process 627 to run task
[2026-08-20T13:12:25.707+0000] {task_command.py:426} INFO - Running <TaskInstance: clickstream_pipeline.sessionize_events manual__2026-08-20T13:12:02.789566+00:00 [running]> on host fddce5c4ea74
[2026-08-20T13:12:25.791+0000] {taskinstance.py:2648} INFO - Exporting env vars: AIRFLOW_CTX_DAG_OWNER='***' AIRFLOW_CTX_DAG_ID='clickstream_pipeline' AIRFLOW_CTX_TASK_ID='sessionize_events' AIRFLOW_CTX_EXECUTION_DATE='2026-08-20T13:12:02.789566+00:00' AIRFLOW_CTX_TRY_NUMBER='1' AIRFLOW_CTX_DAG_RUN_ID='manual__2026-08-20T13:12:02.789566+00:00'
[2026-08-20T13:12:25.792+0000] {taskinstance.py:430} INFO - ::endgroup::
[2026-08-20T13:12:25.810+0000] {base.py:84} INFO - Using connection ID 'spark_default' for task execution.
[2026-08-20T13:12:25.811+0000] {spark_submit.py:473} INFO - Spark-Submit cmd: spark-submit --master spark://spark-master:7077 --conf spark.sql.sources.partitionOverwriteMode=dynamic --conf spark.hadoop.mapreduce.fileoutputcommitter.algorithm.version=2 --name arrow-spark --verbose /opt/spark/jobs/sessionize_events.py --input-path /opt/spark/data/processed --output-path /opt/spark/data/aggregated
[2026-08-20T13:12:26.912+0000] {spark_submit.py:634} INFO - Using properties file: null
[2026-08-20T13:12:27.016+0000] {spark_submit.py:634} INFO - Parsed arguments:
[2026-08-20T13:12:27.018+0000] {spark_submit.py:634} INFO - master                  spark://spark-master:7077
[2026-08-20T13:12:27.019+0000] {spark_submit.py:634} INFO - remote                  null
[2026-08-20T13:12:27.021+0000] {spark_submit.py:634} INFO - deployMode              null
[2026-08-20T13:12:27.022+0000] {spark_submit.py:634} INFO - executorMemory          null
[2026-08-20T13:12:27.023+0000] {spark_submit.py:634} INFO - executorCores           null
[2026-08-20T13:12:27.024+0000] {spark_submit.py:634} INFO - totalExecutorCores      null
[2026-08-20T13:12:27.024+0000] {spark_submit.py:634} INFO - propertiesFile          null
[2026-08-20T13:12:27.025+0000] {spark_submit.py:634} INFO - driverMemory            null
[2026-08-20T13:12:27.026+0000] {spark_submit.py:634} INFO - driverCores             null
[2026-08-20T13:12:27.027+0000] {spark_submit.py:634} INFO - driverExtraClassPath    null
[2026-08-20T13:12:27.027+0000] {spark_submit.py:634} INFO - driverExtraLibraryPath  null
[2026-08-20T13:12:27.028+0000] {spark_submit.py:634} INFO - driverExtraJavaOptions  null
[2026-08-20T13:12:27.029+0000] {spark_submit.py:634} INFO - supervise               false
[2026-08-20T13:12:27.030+0000] {spark_submit.py:634} INFO - queue                   null
[2026-08-20T13:12:27.031+0000] {spark_submit.py:634} INFO - numExecutors            null
[2026-08-20T13:12:27.032+0000] {spark_submit.py:634} INFO - files                   null
[2026-08-20T13:12:27.033+0000] {spark_submit.py:634} INFO - pyFiles                 null
[2026-08-20T13:12:27.034+0000] {spark_submit.py:634} INFO - archives                null
[2026-08-20T13:12:27.035+0000] {spark_submit.py:634} INFO - mainClass               null
[2026-08-20T13:12:27.036+0000] {spark_submit.py:634} INFO - primaryResource         file:/opt/spark/jobs/sessionize_events.py
[2026-08-20T13:12:27.037+0000] {spark_submit.py:634} INFO - name                    arrow-spark
[2026-08-20T13:12:27.038+0000] {spark_submit.py:634} INFO - childArgs               [--input-path /opt/spark/data/processed --output-path /opt/spark/data/aggregated]
[2026-08-20T13:12:27.039+0000] {spark_submit.py:634} INFO - jars                    null
[2026-08-20T13:12:27.040+0000] {spark_submit.py:634} INFO - packages                null
[2026-08-20T13:12:27.041+0000] {spark_submit.py:634} INFO - packagesExclusions      null
[2026-08-20T13:12:27.042+0000] {spark_submit.py:634} INFO - repositories            null
[2026-08-20T13:12:27.043+0000] {spark_submit.py:634} INFO - verbose                 true
[2026-08-20T13:12:27.044+0000] {spark_submit.py:634} INFO - 
[2026-08-20T13:12:27.045+0000] {spark_submit.py:634} INFO - Spark properties used, including those specified through
[2026-08-20T13:12:27.046+0000] {spark_submit.py:634} INFO - --conf and those from the properties file null:
[2026-08-20T13:12:27.047+0000] {spark_submit.py:634} INFO - (spark.hadoop.mapreduce.fileoutputcommitter.algorithm.version,2)
[2026-08-20T13:12:27.048+0000] {spark_submit.py:634} INFO - (spark.sql.sources.partitionOverwriteMode,dynamic)
[2026-08-20T13:12:27.049+0000] {spark_submit.py:634} INFO - 
[2026-08-20T13:12:27.050+0000] {spark_submit.py:634} INFO - 
[2026-08-20T13:12:27.255+0000] {spark_submit.py:634} INFO - Main class:
[2026-08-20T13:12:27.257+0000] {spark_submit.py:634} INFO - org.apache.spark.deploy.PythonRunner
[2026-08-20T13:12:27.259+0000] {spark_submit.py:634} INFO - Arguments:
[2026-08-20T13:12:27.260+0000] {spark_submit.py:634} INFO - file:/opt/spark/jobs/sessionize_events.py
[2026-08-20T13:12:27.261+0000] {spark_submit.py:634} INFO - null
[2026-08-20T13:12:27.262+0000] {spark_submit.py:634} INFO - --input-path
[2026-08-20T13:12:27.263+0000] {spark_submit.py:634} INFO - /opt/spark/data/processed
[2026-08-20T13:12:27.264+0000] {spark_submit.py:634} INFO - --output-path
[2026-08-20T13:12:27.265+0000] {spark_submit.py:634} INFO - /opt/spark/data/aggregated
[2026-08-20T13:12:27.266+0000] {spark_submit.py:634} INFO - Spark config:
[2026-08-20T13:12:27.267+0000] {spark_submit.py:634} INFO - (spark.app.name,arrow-spark)
[2026-08-20T13:12:27.268+0000] {spark_submit.py:634} INFO - (spark.app.submitTime,1787231547230)
[2026-08-20T13:12:27.269+0000] {spark_submit.py:634} INFO - (spark.hadoop.mapreduce.fileoutputcommitter.algorithm.version,2)
[2026-08-20T13:12:27.271+0000] {spark_submit.py:634} INFO - (spark.master,spark://spark-master:7077)
[2026-08-20T13:12:27.272+0000] {spark_submit.py:634} INFO - (spark.sql.sources.partitionOverwriteMode,dynamic)
[2026-08-20T13:12:27.273+0000] {spark_submit.py:634} INFO - (spark.submit.deployMode,client)
[2026-08-20T13:12:27.274+0000] {spark_submit.py:634} INFO - (spark.submit.pyFiles,)
[2026-08-20T13:12:27.275+0000] {spark_submit.py:634} INFO - Classpath elements:
[2026-08-20T13:12:27.276+0000] {spark_submit.py:634} INFO - 
[2026-08-20T13:12:27.277+0000] {spark_submit.py:634} INFO - 
[2026-08-20T13:12:27.278+0000] {spark_submit.py:634} INFO - 
[2026-08-20T13:12:28.263+0000] {spark_submit.py:634} INFO - 26/08/20 13:12:28 INFO SparkContext: Running Spark version 3.5.1
[2026-08-20T13:12:28.265+0000] {spark_submit.py:634} INFO - 26/08/20 13:12:28 INFO SparkContext: OS info Linux, 6.18.33.2-microsoft-standard-WSL2, amd64
[2026-08-20T13:12:28.266+0000] {spark_submit.py:634} INFO - 26/08/20 13:12:28 INFO SparkContext: Java version 17.0.20
[2026-08-20T13:12:28.328+0000] {spark_submit.py:634} INFO - 26/08/20 13:12:28 WARN NativeCodeLoader: Unable to load native-hadoop library for your platform... using builtin-java classes where applicable
[2026-08-20T13:12:28.444+0000] {spark_submit.py:634} INFO - 26/08/20 13:12:28 INFO ResourceUtils: ==============================================================
[2026-08-20T13:12:28.446+0000] {spark_submit.py:634} INFO - 26/08/20 13:12:28 INFO ResourceUtils: No custom resources configured for spark.driver.
[2026-08-20T13:12:28.448+0000] {spark_submit.py:634} INFO - 26/08/20 13:12:28 INFO ResourceUtils: ==============================================================
[2026-08-20T13:12:28.449+0000] {spark_submit.py:634} INFO - 26/08/20 13:12:28 INFO SparkContext: Submitted application: sessionize_events
[2026-08-20T13:12:28.476+0000] {spark_submit.py:634} INFO - 26/08/20 13:12:28 INFO ResourceProfile: Default ResourceProfile created, executor resources: Map(memory -> name: memory, amount: 1024, script: , vendor: , offHeap -> name: offHeap, amount: 0, script: , vendor: ), task resources: Map(cpus -> name: cpus, amount: 1.0)
[2026-08-20T13:12:28.490+0000] {spark_submit.py:634} INFO - 26/08/20 13:12:28 INFO ResourceProfile: Limiting resource is cpu
[2026-08-20T13:12:28.491+0000] {spark_submit.py:634} INFO - 26/08/20 13:12:28 INFO ResourceProfileManager: Added ResourceProfile id: 0
[2026-08-20T13:12:28.573+0000] {spark_submit.py:634} INFO - 26/08/20 13:12:28 INFO SecurityManager: Changing view acls to: root
[2026-08-20T13:12:28.575+0000] {spark_submit.py:634} INFO - 26/08/20 13:12:28 INFO SecurityManager: Changing modify acls to: root
[2026-08-20T13:12:28.577+0000] {spark_submit.py:634} INFO - 26/08/20 13:12:28 INFO SecurityManager: Changing view acls groups to:
[2026-08-20T13:12:28.578+0000] {spark_submit.py:634} INFO - 26/08/20 13:12:28 INFO SecurityManager: Changing modify acls groups to:
[2026-08-20T13:12:28.580+0000] {spark_submit.py:634} INFO - 26/08/20 13:12:28 INFO SecurityManager: SecurityManager: authentication disabled; ui acls disabled; users with view permissions: root; groups with view permissions: EMPTY; users with modify permissions: root; groups with modify permissions: EMPTY
[2026-08-20T13:12:28.901+0000] {spark_submit.py:634} INFO - 26/08/20 13:12:28 INFO Utils: Successfully started service 'sparkDriver' on port 42117.
[2026-08-20T13:12:28.952+0000] {spark_submit.py:634} INFO - 26/08/20 13:12:28 INFO SparkEnv: Registering MapOutputTracker
[2026-08-20T13:12:29.033+0000] {spark_submit.py:634} INFO - 26/08/20 13:12:29 INFO SparkEnv: Registering BlockManagerMaster
[2026-08-20T13:12:29.085+0000] {spark_submit.py:634} INFO - 26/08/20 13:12:29 INFO BlockManagerMasterEndpoint: Using org.apache.spark.storage.DefaultTopologyMapper for getting topology information
[2026-08-20T13:12:29.088+0000] {spark_submit.py:634} INFO - 26/08/20 13:12:29 INFO BlockManagerMasterEndpoint: BlockManagerMasterEndpoint up
[2026-08-20T13:12:29.099+0000] {spark_submit.py:634} INFO - 26/08/20 13:12:29 INFO SparkEnv: Registering BlockManagerMasterHeartbeat
[2026-08-20T13:12:29.146+0000] {spark_submit.py:634} INFO - 26/08/20 13:12:29 INFO DiskBlockManager: Created local directory at /tmp/blockmgr-bb6bcdfd-a101-419d-9436-ce9fcbd468d8
[2026-08-20T13:12:29.174+0000] {spark_submit.py:634} INFO - 26/08/20 13:12:29 INFO MemoryStore: MemoryStore started with capacity 434.4 MiB
[2026-08-20T13:12:29.224+0000] {spark_submit.py:634} INFO - 26/08/20 13:12:29 INFO SparkEnv: Registering OutputCommitCoordinator
[2026-08-20T13:12:29.417+0000] {spark_submit.py:634} INFO - 26/08/20 13:12:29 INFO JettyUtils: Start Jetty 0.0.0.0:4040 for SparkUI
[2026-08-20T13:12:29.492+0000] {spark_submit.py:634} INFO - 26/08/20 13:12:29 INFO Utils: Successfully started service 'SparkUI' on port 4040.
[2026-08-20T13:12:29.633+0000] {spark_submit.py:634} INFO - 26/08/20 13:12:29 INFO StandaloneAppClient$ClientEndpoint: Connecting to master spark://spark-master:7077...
[2026-08-20T13:12:29.690+0000] {spark_submit.py:634} INFO - 26/08/20 13:12:29 INFO TransportClientFactory: Successfully created connection to spark-master/172.18.0.3:7077 after 31 ms (0 ms spent in bootstraps)
[2026-08-20T13:12:29.795+0000] {spark_submit.py:634} INFO - 26/08/20 13:12:29 INFO StandaloneSchedulerBackend: Connected to Spark cluster with app ID app-20260820131229-0001
[2026-08-20T13:12:29.799+0000] {spark_submit.py:634} INFO - 26/08/20 13:12:29 INFO StandaloneAppClient$ClientEndpoint: Executor added: app-20260820131229-0001/0 on worker-20260820130831-172.18.0.6-33481 (172.18.0.6:33481) with 2 core(s)
[2026-08-20T13:12:29.801+0000] {spark_submit.py:634} INFO - 26/08/20 13:12:29 INFO StandaloneSchedulerBackend: Granted executor ID app-20260820131229-0001/0 on hostPort 172.18.0.6:33481 with 2 core(s), 1024.0 MiB RAM
[2026-08-20T13:12:29.808+0000] {spark_submit.py:634} INFO - 26/08/20 13:12:29 INFO Utils: Successfully started service 'org.apache.spark.network.netty.NettyBlockTransferService' on port 40417.
[2026-08-20T13:12:29.809+0000] {spark_submit.py:634} INFO - 26/08/20 13:12:29 INFO NettyBlockTransferService: Server created on fddce5c4ea74:40417
[2026-08-20T13:12:29.811+0000] {spark_submit.py:634} INFO - 26/08/20 13:12:29 INFO BlockManager: Using org.apache.spark.storage.RandomBlockReplicationPolicy for block replication policy
[2026-08-20T13:12:29.822+0000] {spark_submit.py:634} INFO - 26/08/20 13:12:29 INFO BlockManagerMaster: Registering BlockManager BlockManagerId(driver, fddce5c4ea74, 40417, None)
[2026-08-20T13:12:29.834+0000] {spark_submit.py:634} INFO - 26/08/20 13:12:29 INFO BlockManagerMasterEndpoint: Registering block manager fddce5c4ea74:40417 with 434.4 MiB RAM, BlockManagerId(driver, fddce5c4ea74, 40417, None)
[2026-08-20T13:12:29.837+0000] {spark_submit.py:634} INFO - 26/08/20 13:12:29 INFO BlockManagerMaster: Registered BlockManager BlockManagerId(driver, fddce5c4ea74, 40417, None)
[2026-08-20T13:12:29.839+0000] {spark_submit.py:634} INFO - 26/08/20 13:12:29 INFO BlockManager: Initialized BlockManager: BlockManagerId(driver, fddce5c4ea74, 40417, None)
[2026-08-20T13:12:29.857+0000] {spark_submit.py:634} INFO - 26/08/20 13:12:29 INFO StandaloneAppClient$ClientEndpoint: Executor updated: app-20260820131229-0001/0 is now RUNNING
[2026-08-20T13:12:30.102+0000] {spark_submit.py:634} INFO - 26/08/20 13:12:30 INFO StandaloneSchedulerBackend: SchedulerBackend is ready for scheduling beginning after reached minRegisteredResourcesRatio: 0.0
[2026-08-20T13:12:50.515+0000] {spark_submit.py:634} INFO - [sessionize_events] Derived 730 sessions from 2000 events
[2026-08-20T13:13:28.149+0000] {spark_submit.py:634} INFO - [sessionize_events] Wrote sessions and daily_metrics to /opt/spark/data/aggregated
[2026-08-20T13:13:28.150+0000] {spark_submit.py:634} INFO - [sessionize_events] Daily metrics preview:
[2026-08-20T13:13:36.986+0000] {spark_submit.py:634} INFO - +----------+------------------+--------------+----------------------------+---------------------+-------------------+-----------------------+-------------------+-------------------------+----------------------+------------------------+
[2026-08-20T13:13:36.988+0000] {spark_submit.py:634} INFO - |dt        |daily_active_users|total_sessions|avg_session_duration_seconds|avg_pages_per_session|converting_sessions|sessions_with_page_view|sessions_with_click|sessions_with_add_to_cart|sessions_with_purchase|purchase_conversion_rate|
[2026-08-20T13:13:36.989+0000] {spark_submit.py:634} INFO - +----------+------------------+--------------+----------------------------+---------------------+-------------------+-----------------------+-------------------+-------------------------+----------------------+------------------------+
[2026-08-20T13:13:36.990+0000] {spark_submit.py:634} INFO - |2026-08-12|200               |730           |22.016438356164382          |2.426027397260274    |139                |582                    |366                |230                      |139                   |0.23883161512027493     |
[2026-08-20T13:13:36.991+0000] {spark_submit.py:634} INFO - +----------+------------------+--------------+----------------------------+---------------------+-------------------+-----------------------+-------------------+-------------------------+----------------------+------------------------+
[2026-08-20T13:13:36.992+0000] {spark_submit.py:634} INFO - 
[2026-08-20T13:13:37.352+0000] {taskinstance.py:441} INFO - ::group::Post task execution logs
[2026-08-20T13:13:37.367+0000] {taskinstance.py:1206} INFO - Marking task as SUCCESS. dag_id=clickstream_pipeline, task_id=sessionize_events, run_id=manual__2026-08-20T13:12:02.789566+00:00, execution_date=20260820T131202, start_date=20260820T131225, end_date=20260820T131337
[2026-08-20T13:13:37.416+0000] {local_task_job_runner.py:243} INFO - Task exited with return code 0
[2026-08-20T13:13:37.443+0000] {taskinstance.py:3503} INFO - 1 downstream tasks scheduled from follow-on schedule check
[2026-08-20T13:13:37.447+0000] {local_task_job_runner.py:222} INFO - ::endgroup::
