[2026-08-21T07:36:23.442+0000] {local_task_job_runner.py:120} INFO - ::group::Pre task execution logs
[2026-08-21T07:36:23.470+0000] {taskinstance.py:2076} INFO - Dependencies all met for dep_context=non-requeueable deps ti=<TaskInstance: clickstream_pipeline.load_to_warehouse scheduled__2026-08-20T00:00:00+00:00 [queued]>
[2026-08-21T07:36:23.478+0000] {taskinstance.py:2076} INFO - Dependencies all met for dep_context=requeueable deps ti=<TaskInstance: clickstream_pipeline.load_to_warehouse scheduled__2026-08-20T00:00:00+00:00 [queued]>
[2026-08-21T07:36:23.479+0000] {taskinstance.py:2306} INFO - Starting attempt 1 of 1
[2026-08-21T07:36:23.491+0000] {taskinstance.py:2330} INFO - Executing <Task(SparkSubmitOperator): load_to_warehouse> on 2026-08-20 00:00:00+00:00
[2026-08-21T07:36:23.497+0000] {logging_mixin.py:188} WARNING - /home/***/.local/lib/python3.12/site-packages/***/task/task_runner/standard_task_runner.py:62 DeprecationWarning: This process (pid=1023) is multi-threaded, use of fork() may lead to deadlocks in the child.
[2026-08-21T07:36:23.497+0000] {standard_task_runner.py:90} INFO - Running: ['***', 'tasks', 'run', 'clickstream_pipeline', 'load_to_warehouse', 'scheduled__2026-08-20T00:00:00+00:00', '--job-id', '40', '--raw', '--subdir', 'DAGS_FOLDER/clickstream_pipeline_dag.py', '--cfg-path', '/tmp/tmp2jr45hb2']
[2026-08-21T07:36:23.499+0000] {standard_task_runner.py:64} INFO - Started process 1024 to run task
[2026-08-21T07:36:23.499+0000] {standard_task_runner.py:91} INFO - Job 40: Subtask load_to_warehouse
[2026-08-21T07:36:23.558+0000] {task_command.py:426} INFO - Running <TaskInstance: clickstream_pipeline.load_to_warehouse scheduled__2026-08-20T00:00:00+00:00 [running]> on host fddce5c4ea74
[2026-08-21T07:36:23.657+0000] {taskinstance.py:2648} INFO - Exporting env vars: AIRFLOW_CTX_DAG_OWNER='***' AIRFLOW_CTX_DAG_ID='clickstream_pipeline' AIRFLOW_CTX_TASK_ID='load_to_warehouse' AIRFLOW_CTX_EXECUTION_DATE='2026-08-20T00:00:00+00:00' AIRFLOW_CTX_TRY_NUMBER='1' AIRFLOW_CTX_DAG_RUN_ID='scheduled__2026-08-20T00:00:00+00:00'
[2026-08-21T07:36:23.659+0000] {taskinstance.py:430} INFO - ::endgroup::
[2026-08-21T07:36:23.672+0000] {base.py:84} INFO - Using connection ID 'spark_default' for task execution.
[2026-08-21T07:36:23.674+0000] {spark_submit.py:473} INFO - Spark-Submit cmd: spark-submit --master spark://spark-master:7077 --jars /opt/spark/custom-jars/postgresql-42.7.4.jar --name arrow-spark --verbose /opt/spark/jobs/load_to_warehouse.py --input-path /opt/spark/data/aggregated --jdbc-url jdbc:postgresql://warehouse-postgres:5432/warehouse --db-user warehouse --db-password ******
[2026-08-21T07:36:24.809+0000] {spark_submit.py:634} INFO - Using properties file: null
[2026-08-21T07:36:24.910+0000] {spark_submit.py:634} INFO - Parsed arguments:
[2026-08-21T07:36:24.912+0000] {spark_submit.py:634} INFO - master                  spark://spark-master:7077
[2026-08-21T07:36:24.913+0000] {spark_submit.py:634} INFO - remote                  null
[2026-08-21T07:36:24.914+0000] {spark_submit.py:634} INFO - deployMode              null
[2026-08-21T07:36:24.915+0000] {spark_submit.py:634} INFO - executorMemory          null
[2026-08-21T07:36:24.916+0000] {spark_submit.py:634} INFO - executorCores           null
[2026-08-21T07:36:24.917+0000] {spark_submit.py:634} INFO - totalExecutorCores      null
[2026-08-21T07:36:24.918+0000] {spark_submit.py:634} INFO - propertiesFile          null
[2026-08-21T07:36:24.919+0000] {spark_submit.py:634} INFO - driverMemory            null
[2026-08-21T07:36:24.920+0000] {spark_submit.py:634} INFO - driverCores             null
[2026-08-21T07:36:24.921+0000] {spark_submit.py:634} INFO - driverExtraClassPath    null
[2026-08-21T07:36:24.922+0000] {spark_submit.py:634} INFO - driverExtraLibraryPath  null
[2026-08-21T07:36:24.923+0000] {spark_submit.py:634} INFO - driverExtraJavaOptions  null
[2026-08-21T07:36:24.924+0000] {spark_submit.py:634} INFO - supervise               false
[2026-08-21T07:36:24.925+0000] {spark_submit.py:634} INFO - queue                   null
[2026-08-21T07:36:24.926+0000] {spark_submit.py:634} INFO - numExecutors            null
[2026-08-21T07:36:24.927+0000] {spark_submit.py:634} INFO - files                   null
[2026-08-21T07:36:24.928+0000] {spark_submit.py:634} INFO - pyFiles                 null
[2026-08-21T07:36:24.929+0000] {spark_submit.py:634} INFO - archives                null
[2026-08-21T07:36:24.930+0000] {spark_submit.py:634} INFO - mainClass               null
[2026-08-21T07:36:24.932+0000] {spark_submit.py:634} INFO - primaryResource         file:/opt/spark/jobs/load_to_warehouse.py
[2026-08-21T07:36:24.933+0000] {spark_submit.py:634} INFO - name                    arrow-spark
[2026-08-21T07:36:24.934+0000] {spark_submit.py:634} INFO - childArgs               [--input-path /opt/spark/data/aggregated --jdbc-url jdbc:postgresql://warehouse-postgres:5432/warehouse --db-user warehouse --db-password warehouse]
[2026-08-21T07:36:24.935+0000] {spark_submit.py:634} INFO - jars                    file:/opt/spark/custom-jars/postgresql-42.7.4.jar
[2026-08-21T07:36:24.935+0000] {spark_submit.py:634} INFO - packages                null
[2026-08-21T07:36:24.936+0000] {spark_submit.py:634} INFO - packagesExclusions      null
[2026-08-21T07:36:24.938+0000] {spark_submit.py:634} INFO - repositories            null
[2026-08-21T07:36:24.939+0000] {spark_submit.py:634} INFO - verbose                 true
[2026-08-21T07:36:24.939+0000] {spark_submit.py:634} INFO - 
[2026-08-21T07:36:24.940+0000] {spark_submit.py:634} INFO - Spark properties used, including those specified through
[2026-08-21T07:36:24.941+0000] {spark_submit.py:634} INFO - --conf and those from the properties file null:
[2026-08-21T07:36:24.942+0000] {spark_submit.py:634} INFO - 
[2026-08-21T07:36:24.943+0000] {spark_submit.py:634} INFO - 
[2026-08-21T07:36:24.944+0000] {spark_submit.py:634} INFO - 
[2026-08-21T07:36:25.271+0000] {spark_submit.py:634} INFO - 26/08/21 07:36:25 WARN NativeCodeLoader: Unable to load native-hadoop library for your platform... using builtin-java classes where applicable
[2026-08-21T07:36:25.511+0000] {spark_submit.py:634} INFO - Main class:
[2026-08-21T07:36:25.513+0000] {spark_submit.py:634} INFO - org.apache.spark.deploy.PythonRunner
[2026-08-21T07:36:25.514+0000] {spark_submit.py:634} INFO - Arguments:
[2026-08-21T07:36:25.515+0000] {spark_submit.py:634} INFO - file:/opt/spark/jobs/load_to_warehouse.py
[2026-08-21T07:36:25.516+0000] {spark_submit.py:634} INFO - null
[2026-08-21T07:36:25.518+0000] {spark_submit.py:634} INFO - --input-path
[2026-08-21T07:36:25.519+0000] {spark_submit.py:634} INFO - /opt/spark/data/aggregated
[2026-08-21T07:36:25.520+0000] {spark_submit.py:634} INFO - --jdbc-url
[2026-08-21T07:36:25.521+0000] {spark_submit.py:634} INFO - jdbc:postgresql://warehouse-postgres:5432/warehouse
[2026-08-21T07:36:25.522+0000] {spark_submit.py:634} INFO - --db-user
[2026-08-21T07:36:25.523+0000] {spark_submit.py:634} INFO - warehouse
[2026-08-21T07:36:25.524+0000] {spark_submit.py:634} INFO - --db-password
[2026-08-21T07:36:25.525+0000] {spark_submit.py:634} INFO - warehouse
[2026-08-21T07:36:25.526+0000] {spark_submit.py:634} INFO - Spark config:
[2026-08-21T07:36:25.526+0000] {spark_submit.py:634} INFO - (spark.app.name,arrow-spark)
[2026-08-21T07:36:25.527+0000] {spark_submit.py:634} INFO - (spark.app.submitTime,1787297785488)
[2026-08-21T07:36:25.528+0000] {spark_submit.py:634} INFO - (spark.jars,file:///opt/spark/custom-jars/postgresql-42.7.4.jar)
[2026-08-21T07:36:25.529+0000] {spark_submit.py:634} INFO - (spark.master,spark://spark-master:7077)
[2026-08-21T07:36:25.530+0000] {spark_submit.py:634} INFO - (spark.repl.local.jars,file:///opt/spark/custom-jars/postgresql-42.7.4.jar)
[2026-08-21T07:36:25.531+0000] {spark_submit.py:634} INFO - (spark.submit.deployMode,client)
[2026-08-21T07:36:25.532+0000] {spark_submit.py:634} INFO - (spark.submit.pyFiles,)
[2026-08-21T07:36:25.533+0000] {spark_submit.py:634} INFO - Classpath elements:
[2026-08-21T07:36:25.534+0000] {spark_submit.py:634} INFO - file:///opt/spark/custom-jars/postgresql-42.7.4.jar
[2026-08-21T07:36:25.535+0000] {spark_submit.py:634} INFO - 
[2026-08-21T07:36:25.536+0000] {spark_submit.py:634} INFO - 
[2026-08-21T07:36:26.608+0000] {spark_submit.py:634} INFO - 26/08/21 07:36:26 INFO SparkContext: Running Spark version 3.5.1
[2026-08-21T07:36:26.610+0000] {spark_submit.py:634} INFO - 26/08/21 07:36:26 INFO SparkContext: OS info Linux, 6.18.33.2-microsoft-standard-WSL2, amd64
[2026-08-21T07:36:26.611+0000] {spark_submit.py:634} INFO - 26/08/21 07:36:26 INFO SparkContext: Java version 17.0.20
[2026-08-21T07:36:26.647+0000] {spark_submit.py:634} INFO - 26/08/21 07:36:26 INFO ResourceUtils: ==============================================================
[2026-08-21T07:36:26.649+0000] {spark_submit.py:634} INFO - 26/08/21 07:36:26 INFO ResourceUtils: No custom resources configured for spark.driver.
[2026-08-21T07:36:26.650+0000] {spark_submit.py:634} INFO - 26/08/21 07:36:26 INFO ResourceUtils: ==============================================================
[2026-08-21T07:36:26.650+0000] {spark_submit.py:634} INFO - 26/08/21 07:36:26 INFO SparkContext: Submitted application: load_to_warehouse
[2026-08-21T07:36:26.672+0000] {spark_submit.py:634} INFO - 26/08/21 07:36:26 INFO ResourceProfile: Default ResourceProfile created, executor resources: Map(memory -> name: memory, amount: 1024, script: , vendor: , offHeap -> name: offHeap, amount: 0, script: , vendor: ), task resources: Map(cpus -> name: cpus, amount: 1.0)
[2026-08-21T07:36:26.680+0000] {spark_submit.py:634} INFO - 26/08/21 07:36:26 INFO ResourceProfile: Limiting resource is cpu
[2026-08-21T07:36:26.684+0000] {spark_submit.py:634} INFO - 26/08/21 07:36:26 INFO ResourceProfileManager: Added ResourceProfile id: 0
[2026-08-21T07:36:26.750+0000] {spark_submit.py:634} INFO - 26/08/21 07:36:26 INFO SecurityManager: Changing view acls to: root
[2026-08-21T07:36:26.755+0000] {spark_submit.py:634} INFO - 26/08/21 07:36:26 INFO SecurityManager: Changing modify acls to: root
[2026-08-21T07:36:26.756+0000] {spark_submit.py:634} INFO - 26/08/21 07:36:26 INFO SecurityManager: Changing view acls groups to:
[2026-08-21T07:36:26.757+0000] {spark_submit.py:634} INFO - 26/08/21 07:36:26 INFO SecurityManager: Changing modify acls groups to:
[2026-08-21T07:36:26.757+0000] {spark_submit.py:634} INFO - 26/08/21 07:36:26 INFO SecurityManager: SecurityManager: authentication disabled; ui acls disabled; users with view permissions: root; groups with view permissions: EMPTY; users with modify permissions: root; groups with modify permissions: EMPTY
[2026-08-21T07:36:27.024+0000] {spark_submit.py:634} INFO - 26/08/21 07:36:27 INFO Utils: Successfully started service 'sparkDriver' on port 44389.
[2026-08-21T07:36:27.058+0000] {spark_submit.py:634} INFO - 26/08/21 07:36:27 INFO SparkEnv: Registering MapOutputTracker
[2026-08-21T07:36:27.100+0000] {spark_submit.py:634} INFO - 26/08/21 07:36:27 INFO SparkEnv: Registering BlockManagerMaster
[2026-08-21T07:36:27.127+0000] {spark_submit.py:634} INFO - 26/08/21 07:36:27 INFO BlockManagerMasterEndpoint: Using org.apache.spark.storage.DefaultTopologyMapper for getting topology information
[2026-08-21T07:36:27.128+0000] {spark_submit.py:634} INFO - 26/08/21 07:36:27 INFO BlockManagerMasterEndpoint: BlockManagerMasterEndpoint up
[2026-08-21T07:36:27.136+0000] {spark_submit.py:634} INFO - 26/08/21 07:36:27 INFO SparkEnv: Registering BlockManagerMasterHeartbeat
[2026-08-21T07:36:27.167+0000] {spark_submit.py:634} INFO - 26/08/21 07:36:27 INFO DiskBlockManager: Created local directory at /tmp/blockmgr-1fb40dc4-eb7b-449a-a4dc-b247f85b29fe
[2026-08-21T07:36:27.198+0000] {spark_submit.py:634} INFO - 26/08/21 07:36:27 INFO MemoryStore: MemoryStore started with capacity 434.4 MiB
[2026-08-21T07:36:27.221+0000] {spark_submit.py:634} INFO - 26/08/21 07:36:27 INFO SparkEnv: Registering OutputCommitCoordinator
[2026-08-21T07:36:27.366+0000] {spark_submit.py:634} INFO - 26/08/21 07:36:27 INFO JettyUtils: Start Jetty 0.0.0.0:4040 for SparkUI
[2026-08-21T07:36:27.429+0000] {spark_submit.py:634} INFO - 26/08/21 07:36:27 INFO Utils: Successfully started service 'SparkUI' on port 4040.
[2026-08-21T07:36:27.468+0000] {spark_submit.py:634} INFO - 26/08/21 07:36:27 INFO SparkContext: Added JAR file:///opt/spark/custom-jars/postgresql-42.7.4.jar at spark://fddce5c4ea74:44389/jars/postgresql-42.7.4.jar with timestamp 1787297786599
[2026-08-21T07:36:27.540+0000] {spark_submit.py:634} INFO - 26/08/21 07:36:27 INFO StandaloneAppClient$ClientEndpoint: Connecting to master spark://spark-master:7077...
[2026-08-21T07:36:27.583+0000] {spark_submit.py:634} INFO - 26/08/21 07:36:27 INFO TransportClientFactory: Successfully created connection to spark-master/172.18.0.4:7077 after 23 ms (0 ms spent in bootstraps)
[2026-08-21T07:36:27.662+0000] {spark_submit.py:634} INFO - 26/08/21 07:36:27 INFO StandaloneSchedulerBackend: Connected to Spark cluster with app ID app-20260821073627-0002
[2026-08-21T07:36:27.664+0000] {spark_submit.py:634} INFO - 26/08/21 07:36:27 INFO StandaloneAppClient$ClientEndpoint: Executor added: app-20260821073627-0002/0 on worker-20260821073244-172.18.0.3-35789 (172.18.0.3:35789) with 2 core(s)
[2026-08-21T07:36:27.666+0000] {spark_submit.py:634} INFO - 26/08/21 07:36:27 INFO StandaloneSchedulerBackend: Granted executor ID app-20260821073627-0002/0 on hostPort 172.18.0.3:35789 with 2 core(s), 1024.0 MiB RAM
[2026-08-21T07:36:27.671+0000] {spark_submit.py:634} INFO - 26/08/21 07:36:27 INFO Utils: Successfully started service 'org.apache.spark.network.netty.NettyBlockTransferService' on port 34051.
[2026-08-21T07:36:27.672+0000] {spark_submit.py:634} INFO - 26/08/21 07:36:27 INFO NettyBlockTransferService: Server created on fddce5c4ea74:34051
[2026-08-21T07:36:27.673+0000] {spark_submit.py:634} INFO - 26/08/21 07:36:27 INFO BlockManager: Using org.apache.spark.storage.RandomBlockReplicationPolicy for block replication policy
[2026-08-21T07:36:27.682+0000] {spark_submit.py:634} INFO - 26/08/21 07:36:27 INFO BlockManagerMaster: Registering BlockManager BlockManagerId(driver, fddce5c4ea74, 34051, None)
[2026-08-21T07:36:27.687+0000] {spark_submit.py:634} INFO - 26/08/21 07:36:27 INFO BlockManagerMasterEndpoint: Registering block manager fddce5c4ea74:34051 with 434.4 MiB RAM, BlockManagerId(driver, fddce5c4ea74, 34051, None)
[2026-08-21T07:36:27.690+0000] {spark_submit.py:634} INFO - 26/08/21 07:36:27 INFO BlockManagerMaster: Registered BlockManager BlockManagerId(driver, fddce5c4ea74, 34051, None)
[2026-08-21T07:36:27.692+0000] {spark_submit.py:634} INFO - 26/08/21 07:36:27 INFO BlockManager: Initialized BlockManager: BlockManagerId(driver, fddce5c4ea74, 34051, None)
[2026-08-21T07:36:27.704+0000] {spark_submit.py:634} INFO - 26/08/21 07:36:27 INFO StandaloneAppClient$ClientEndpoint: Executor updated: app-20260821073627-0002/0 is now RUNNING
[2026-08-21T07:36:27.943+0000] {spark_submit.py:634} INFO - 26/08/21 07:36:27 INFO StandaloneSchedulerBackend: SchedulerBackend is ready for scheduling beginning after reached minRegisteredResourcesRatio: 0.0
[2026-08-21T07:38:15.837+0000] {spark_submit.py:634} INFO - [load_to_warehouse] Loaded 5280 rows into 'fact_sessions'
[2026-08-21T07:38:17.151+0000] {spark_submit.py:634} INFO - [load_to_warehouse] Loaded 9 rows into 'fact_daily_metrics'
[2026-08-21T07:38:17.703+0000] {taskinstance.py:441} INFO - ::group::Post task execution logs
[2026-08-21T07:38:17.719+0000] {taskinstance.py:1206} INFO - Marking task as SUCCESS. dag_id=clickstream_pipeline, task_id=load_to_warehouse, run_id=scheduled__2026-08-20T00:00:00+00:00, execution_date=20260820T000000, start_date=20260821T073623, end_date=20260821T073817
[2026-08-21T07:38:17.772+0000] {local_task_job_runner.py:243} INFO - Task exited with return code 0
[2026-08-21T07:38:17.793+0000] {taskinstance.py:3503} INFO - 1 downstream tasks scheduled from follow-on schedule check
[2026-08-21T07:38:17.797+0000] {local_task_job_runner.py:222} INFO - ::endgroup::
