[2026-08-20T06:40:24.543+0000] {local_task_job_runner.py:120} INFO - ::group::Pre task execution logs
[2026-08-20T06:40:24.660+0000] {taskinstance.py:2076} INFO - Dependencies all met for dep_context=non-requeueable deps ti=<TaskInstance: clickstream_clean_events.clean_events manual__2026-08-20T06:40:22.648553+00:00 [queued]>
[2026-08-20T06:40:24.677+0000] {taskinstance.py:2076} INFO - Dependencies all met for dep_context=requeueable deps ti=<TaskInstance: clickstream_clean_events.clean_events manual__2026-08-20T06:40:22.648553+00:00 [queued]>
[2026-08-20T06:40:24.679+0000] {taskinstance.py:2306} INFO - Starting attempt 1 of 1
[2026-08-20T06:40:24.721+0000] {taskinstance.py:2330} INFO - Executing <Task(SparkSubmitOperator): clean_events> on 2026-08-20 06:40:22.648553+00:00
[2026-08-20T06:40:24.742+0000] {logging_mixin.py:188} WARNING - /home/***/.local/lib/python3.12/site-packages/***/task/task_runner/standard_task_runner.py:62 DeprecationWarning: This process (pid=220) is multi-threaded, use of fork() may lead to deadlocks in the child.
[2026-08-20T06:40:24.739+0000] {standard_task_runner.py:90} INFO - Running: ['***', 'tasks', 'run', 'clickstream_clean_events', 'clean_events', 'manual__2026-08-20T06:40:22.648553+00:00', '--job-id', '17', '--raw', '--subdir', 'DAGS_FOLDER/clickstream_clean_events_dag.py', '--cfg-path', '/tmp/tmpnul71g8v']
[2026-08-20T06:40:24.748+0000] {standard_task_runner.py:64} INFO - Started process 221 to run task
[2026-08-20T06:40:24.751+0000] {standard_task_runner.py:91} INFO - Job 17: Subtask clean_events
[2026-08-20T06:40:24.949+0000] {task_command.py:426} INFO - Running <TaskInstance: clickstream_clean_events.clean_events manual__2026-08-20T06:40:22.648553+00:00 [running]> on host a3064e4d9a40
[2026-08-20T06:40:25.211+0000] {taskinstance.py:2648} INFO - Exporting env vars: AIRFLOW_CTX_DAG_OWNER='***' AIRFLOW_CTX_DAG_ID='clickstream_clean_events' AIRFLOW_CTX_TASK_ID='clean_events' AIRFLOW_CTX_EXECUTION_DATE='2026-08-20T06:40:22.648553+00:00' AIRFLOW_CTX_TRY_NUMBER='1' AIRFLOW_CTX_DAG_RUN_ID='manual__2026-08-20T06:40:22.648553+00:00'
[2026-08-20T06:40:25.218+0000] {taskinstance.py:430} INFO - ::endgroup::
[2026-08-20T06:40:25.277+0000] {base.py:84} INFO - Using connection ID 'spark_default' for task execution.
[2026-08-20T06:40:25.283+0000] {spark_submit.py:473} INFO - Spark-Submit cmd: spark-submit --master spark://spark-master:7077 --conf spark.sql.sources.partitionOverwriteMode=dynamic --conf spark.hadoop.mapreduce.fileoutputcommitter.algorithm.version=2 --name arrow-spark --verbose /opt/spark/jobs/clean_events.py --input-path /opt/spark/data/raw --output-path /opt/spark/data/processed
[2026-08-20T06:40:29.248+0000] {spark_submit.py:634} INFO - Using properties file: null
[2026-08-20T06:40:29.553+0000] {spark_submit.py:634} INFO - Parsed arguments:
[2026-08-20T06:40:29.556+0000] {spark_submit.py:634} INFO - master                  spark://spark-master:7077
[2026-08-20T06:40:29.559+0000] {spark_submit.py:634} INFO - remote                  null
[2026-08-20T06:40:29.565+0000] {spark_submit.py:634} INFO - deployMode              null
[2026-08-20T06:40:29.572+0000] {spark_submit.py:634} INFO - executorMemory          null
[2026-08-20T06:40:29.573+0000] {spark_submit.py:634} INFO - executorCores           null
[2026-08-20T06:40:29.575+0000] {spark_submit.py:634} INFO - totalExecutorCores      null
[2026-08-20T06:40:29.577+0000] {spark_submit.py:634} INFO - propertiesFile          null
[2026-08-20T06:40:29.579+0000] {spark_submit.py:634} INFO - driverMemory            null
[2026-08-20T06:40:29.581+0000] {spark_submit.py:634} INFO - driverCores             null
[2026-08-20T06:40:29.582+0000] {spark_submit.py:634} INFO - driverExtraClassPath    null
[2026-08-20T06:40:29.586+0000] {spark_submit.py:634} INFO - driverExtraLibraryPath  null
[2026-08-20T06:40:29.589+0000] {spark_submit.py:634} INFO - driverExtraJavaOptions  null
[2026-08-20T06:40:29.593+0000] {spark_submit.py:634} INFO - supervise               false
[2026-08-20T06:40:29.598+0000] {spark_submit.py:634} INFO - queue                   null
[2026-08-20T06:40:29.605+0000] {spark_submit.py:634} INFO - numExecutors            null
[2026-08-20T06:40:29.609+0000] {spark_submit.py:634} INFO - files                   null
[2026-08-20T06:40:29.615+0000] {spark_submit.py:634} INFO - pyFiles                 null
[2026-08-20T06:40:29.618+0000] {spark_submit.py:634} INFO - archives                null
[2026-08-20T06:40:29.622+0000] {spark_submit.py:634} INFO - mainClass               null
[2026-08-20T06:40:29.625+0000] {spark_submit.py:634} INFO - primaryResource         file:/opt/spark/jobs/clean_events.py
[2026-08-20T06:40:29.627+0000] {spark_submit.py:634} INFO - name                    arrow-spark
[2026-08-20T06:40:29.630+0000] {spark_submit.py:634} INFO - childArgs               [--input-path /opt/spark/data/raw --output-path /opt/spark/data/processed]
[2026-08-20T06:40:29.632+0000] {spark_submit.py:634} INFO - jars                    null
[2026-08-20T06:40:29.643+0000] {spark_submit.py:634} INFO - packages                null
[2026-08-20T06:40:29.659+0000] {spark_submit.py:634} INFO - packagesExclusions      null
[2026-08-20T06:40:29.664+0000] {spark_submit.py:634} INFO - repositories            null
[2026-08-20T06:40:29.667+0000] {spark_submit.py:634} INFO - verbose                 true
[2026-08-20T06:40:29.669+0000] {spark_submit.py:634} INFO - 
[2026-08-20T06:40:29.672+0000] {spark_submit.py:634} INFO - Spark properties used, including those specified through
[2026-08-20T06:40:29.674+0000] {spark_submit.py:634} INFO - --conf and those from the properties file null:
[2026-08-20T06:40:29.675+0000] {spark_submit.py:634} INFO - (spark.hadoop.mapreduce.fileoutputcommitter.algorithm.version,2)
[2026-08-20T06:40:29.677+0000] {spark_submit.py:634} INFO - (spark.sql.sources.partitionOverwriteMode,dynamic)
[2026-08-20T06:40:29.681+0000] {spark_submit.py:634} INFO - 
[2026-08-20T06:40:29.684+0000] {spark_submit.py:634} INFO - 
[2026-08-20T06:40:30.262+0000] {spark_submit.py:634} INFO - Main class:
[2026-08-20T06:40:30.268+0000] {spark_submit.py:634} INFO - org.apache.spark.deploy.PythonRunner
[2026-08-20T06:40:30.271+0000] {spark_submit.py:634} INFO - Arguments:
[2026-08-20T06:40:30.284+0000] {spark_submit.py:634} INFO - file:/opt/spark/jobs/clean_events.py
[2026-08-20T06:40:30.289+0000] {spark_submit.py:634} INFO - null
[2026-08-20T06:40:30.294+0000] {spark_submit.py:634} INFO - --input-path
[2026-08-20T06:40:30.300+0000] {spark_submit.py:634} INFO - /opt/spark/data/raw
[2026-08-20T06:40:30.301+0000] {spark_submit.py:634} INFO - --output-path
[2026-08-20T06:40:30.303+0000] {spark_submit.py:634} INFO - /opt/spark/data/processed
[2026-08-20T06:40:30.308+0000] {spark_submit.py:634} INFO - Spark config:
[2026-08-20T06:40:30.312+0000] {spark_submit.py:634} INFO - (spark.app.name,arrow-spark)
[2026-08-20T06:40:30.315+0000] {spark_submit.py:634} INFO - (spark.app.submitTime,1787208030223)
[2026-08-20T06:40:30.317+0000] {spark_submit.py:634} INFO - (spark.hadoop.mapreduce.fileoutputcommitter.algorithm.version,2)
[2026-08-20T06:40:30.321+0000] {spark_submit.py:634} INFO - (spark.master,spark://spark-master:7077)
[2026-08-20T06:40:30.323+0000] {spark_submit.py:634} INFO - (spark.sql.sources.partitionOverwriteMode,dynamic)
[2026-08-20T06:40:30.327+0000] {spark_submit.py:634} INFO - (spark.submit.deployMode,client)
[2026-08-20T06:40:30.331+0000] {spark_submit.py:634} INFO - (spark.submit.pyFiles,)
[2026-08-20T06:40:30.333+0000] {spark_submit.py:634} INFO - Classpath elements:
[2026-08-20T06:40:30.336+0000] {spark_submit.py:634} INFO - 
[2026-08-20T06:40:30.337+0000] {spark_submit.py:634} INFO - 
[2026-08-20T06:40:30.340+0000] {spark_submit.py:634} INFO - 
[2026-08-20T06:40:34.393+0000] {spark_submit.py:634} INFO - 26/08/20 06:40:34 INFO SparkContext: Running Spark version 3.5.1
[2026-08-20T06:40:34.433+0000] {spark_submit.py:634} INFO - 26/08/20 06:40:34 INFO SparkContext: OS info Linux, 6.18.33.2-microsoft-standard-WSL2, amd64
[2026-08-20T06:40:34.439+0000] {spark_submit.py:634} INFO - 26/08/20 06:40:34 INFO SparkContext: Java version 17.0.20
[2026-08-20T06:40:34.667+0000] {spark_submit.py:634} INFO - 26/08/20 06:40:34 WARN NativeCodeLoader: Unable to load native-hadoop library for your platform... using builtin-java classes where applicable
[2026-08-20T06:40:35.103+0000] {spark_submit.py:634} INFO - 26/08/20 06:40:35 INFO ResourceUtils: ==============================================================
[2026-08-20T06:40:35.111+0000] {spark_submit.py:634} INFO - 26/08/20 06:40:35 INFO ResourceUtils: No custom resources configured for spark.driver.
[2026-08-20T06:40:35.115+0000] {spark_submit.py:634} INFO - 26/08/20 06:40:35 INFO ResourceUtils: ==============================================================
[2026-08-20T06:40:35.117+0000] {spark_submit.py:634} INFO - 26/08/20 06:40:35 INFO SparkContext: Submitted application: clean_events
[2026-08-20T06:40:35.198+0000] {spark_submit.py:634} INFO - 26/08/20 06:40:35 INFO ResourceProfile: Default ResourceProfile created, executor resources: Map(memory -> name: memory, amount: 1024, script: , vendor: , offHeap -> name: offHeap, amount: 0, script: , vendor: ), task resources: Map(cpus -> name: cpus, amount: 1.0)
[2026-08-20T06:40:35.233+0000] {spark_submit.py:634} INFO - 26/08/20 06:40:35 INFO ResourceProfile: Limiting resource is cpu
[2026-08-20T06:40:35.247+0000] {spark_submit.py:634} INFO - 26/08/20 06:40:35 INFO ResourceProfileManager: Added ResourceProfile id: 0
[2026-08-20T06:40:35.487+0000] {spark_submit.py:634} INFO - 26/08/20 06:40:35 INFO SecurityManager: Changing view acls to: ***
[2026-08-20T06:40:35.491+0000] {spark_submit.py:634} INFO - 26/08/20 06:40:35 INFO SecurityManager: Changing modify acls to: ***
[2026-08-20T06:40:35.493+0000] {spark_submit.py:634} INFO - 26/08/20 06:40:35 INFO SecurityManager: Changing view acls groups to:
[2026-08-20T06:40:35.495+0000] {spark_submit.py:634} INFO - 26/08/20 06:40:35 INFO SecurityManager: Changing modify acls groups to:
[2026-08-20T06:40:35.497+0000] {spark_submit.py:634} INFO - 26/08/20 06:40:35 INFO SecurityManager: SecurityManager: authentication disabled; ui acls disabled; users with view permissions: ***; groups with view permissions: EMPTY; users with modify permissions: ***; groups with modify permissions: EMPTY
[2026-08-20T06:40:36.395+0000] {spark_submit.py:634} INFO - 26/08/20 06:40:36 INFO Utils: Successfully started service 'sparkDriver' on port 45803.
[2026-08-20T06:40:36.539+0000] {spark_submit.py:634} INFO - 26/08/20 06:40:36 INFO SparkEnv: Registering MapOutputTracker
[2026-08-20T06:40:36.692+0000] {spark_submit.py:634} INFO - 26/08/20 06:40:36 INFO SparkEnv: Registering BlockManagerMaster
[2026-08-20T06:40:36.783+0000] {spark_submit.py:634} INFO - 26/08/20 06:40:36 INFO BlockManagerMasterEndpoint: Using org.apache.spark.storage.DefaultTopologyMapper for getting topology information
[2026-08-20T06:40:36.790+0000] {spark_submit.py:634} INFO - 26/08/20 06:40:36 INFO BlockManagerMasterEndpoint: BlockManagerMasterEndpoint up
[2026-08-20T06:40:36.796+0000] {spark_submit.py:634} INFO - 26/08/20 06:40:36 INFO SparkEnv: Registering BlockManagerMasterHeartbeat
[2026-08-20T06:40:36.869+0000] {spark_submit.py:634} INFO - 26/08/20 06:40:36 INFO DiskBlockManager: Created local directory at /tmp/blockmgr-701913f4-7ce5-44c3-8919-b7292a1feabd
[2026-08-20T06:40:36.915+0000] {spark_submit.py:634} INFO - 26/08/20 06:40:36 INFO MemoryStore: MemoryStore started with capacity 434.4 MiB
[2026-08-20T06:40:36.961+0000] {spark_submit.py:634} INFO - 26/08/20 06:40:36 INFO SparkEnv: Registering OutputCommitCoordinator
[2026-08-20T06:40:37.266+0000] {spark_submit.py:634} INFO - 26/08/20 06:40:37 INFO JettyUtils: Start Jetty 0.0.0.0:4040 for SparkUI
[2026-08-20T06:40:37.436+0000] {spark_submit.py:634} INFO - 26/08/20 06:40:37 INFO Utils: Successfully started service 'SparkUI' on port 4040.
[2026-08-20T06:40:37.788+0000] {spark_submit.py:634} INFO - 26/08/20 06:40:37 INFO StandaloneAppClient$ClientEndpoint: Connecting to master spark://spark-master:7077...
[2026-08-20T06:40:37.916+0000] {spark_submit.py:634} INFO - 26/08/20 06:40:37 INFO TransportClientFactory: Successfully created connection to spark-master/172.18.0.2:7077 after 74 ms (0 ms spent in bootstraps)
[2026-08-20T06:40:38.350+0000] {spark_submit.py:634} INFO - 26/08/20 06:40:38 INFO StandaloneSchedulerBackend: Connected to Spark cluster with app ID app-20260820064038-0000
[2026-08-20T06:40:38.372+0000] {spark_submit.py:634} INFO - 26/08/20 06:40:38 INFO Utils: Successfully started service 'org.apache.spark.network.netty.NettyBlockTransferService' on port 42473.
[2026-08-20T06:40:38.398+0000] {spark_submit.py:634} INFO - 26/08/20 06:40:38 INFO NettyBlockTransferService: Server created on a3064e4d9a40:42473
[2026-08-20T06:40:38.410+0000] {spark_submit.py:634} INFO - 26/08/20 06:40:38 INFO BlockManager: Using org.apache.spark.storage.RandomBlockReplicationPolicy for block replication policy
[2026-08-20T06:40:38.416+0000] {spark_submit.py:634} INFO - 26/08/20 06:40:38 INFO BlockManagerMaster: Registering BlockManager BlockManagerId(driver, a3064e4d9a40, 42473, None)
[2026-08-20T06:40:38.421+0000] {spark_submit.py:634} INFO - 26/08/20 06:40:38 INFO BlockManagerMasterEndpoint: Registering block manager a3064e4d9a40:42473 with 434.4 MiB RAM, BlockManagerId(driver, a3064e4d9a40, 42473, None)
[2026-08-20T06:40:38.448+0000] {spark_submit.py:634} INFO - 26/08/20 06:40:38 INFO BlockManagerMaster: Registered BlockManager BlockManagerId(driver, a3064e4d9a40, 42473, None)
[2026-08-20T06:40:38.452+0000] {spark_submit.py:634} INFO - 26/08/20 06:40:38 INFO BlockManager: Initialized BlockManager: BlockManagerId(driver, a3064e4d9a40, 42473, None)
[2026-08-20T06:40:38.560+0000] {spark_submit.py:634} INFO - 26/08/20 06:40:38 INFO StandaloneAppClient$ClientEndpoint: Executor added: app-20260820064038-0000/0 on worker-20260820063914-172.18.0.4-35345 (172.18.0.4:35345) with 2 core(s)
[2026-08-20T06:40:38.567+0000] {spark_submit.py:634} INFO - 26/08/20 06:40:38 INFO StandaloneSchedulerBackend: Granted executor ID app-20260820064038-0000/0 on hostPort 172.18.0.4:35345 with 2 core(s), 1024.0 MiB RAM
[2026-08-20T06:40:39.099+0000] {spark_submit.py:634} INFO - 26/08/20 06:40:39 INFO StandaloneAppClient$ClientEndpoint: Executor updated: app-20260820064038-0000/0 is now RUNNING
[2026-08-20T06:40:39.285+0000] {spark_submit.py:634} INFO - 26/08/20 06:40:39 INFO StandaloneSchedulerBackend: SchedulerBackend is ready for scheduling beginning after reached minRegisteredResourcesRatio: 0.0
[2026-08-20T06:41:14.534+0000] {spark_submit.py:634} INFO - [clean_events] Read 2000 raw rows, kept 2000, dropped 0
[2026-08-20T06:41:17.161+0000] {spark_submit.py:634} INFO - 26/08/20 06:41:17 ERROR FileOutputCommitter: Mkdirs failed to create file:/opt/spark/data/processed/.spark-staging-995c9ebc-7cb0-469a-bb7d-112042a1349c/_temporary/0
[2026-08-20T06:41:26.743+0000] {spark_submit.py:634} INFO - 26/08/20 06:41:26 WARN FileUtil: Failed to delete file or dir [/opt/spark/data/processed/.spark-staging-995c9ebc-7cb0-469a-bb7d-112042a1349c/_temporary/0/_temporary/attempt_202608200641176097674382638295998_0012_m_000000_11/dt=2026-08-12/hour=05]: it still exists.
[2026-08-20T06:41:26.780+0000] {spark_submit.py:634} INFO - 26/08/20 06:41:26 WARN FileUtil: Failed to delete file or dir [/opt/spark/data/processed/.spark-staging-995c9ebc-7cb0-469a-bb7d-112042a1349c/_temporary/0/_temporary/attempt_202608200641176097674382638295998_0012_m_000000_11/dt=2026-08-12/hour=06]: it still exists.
[2026-08-20T06:41:26.809+0000] {spark_submit.py:634} INFO - 26/08/20 06:41:26 WARN FileUtil: Failed to delete file or dir [/opt/spark/data/processed/.spark-staging-995c9ebc-7cb0-469a-bb7d-112042a1349c/_temporary/0/_temporary/attempt_202608200641176097674382638295998_0012_m_000000_11/dt=2026-08-12/hour=08]: it still exists.
[2026-08-20T06:41:26.848+0000] {spark_submit.py:634} INFO - 26/08/20 06:41:26 WARN FileUtil: Failed to delete file or dir [/opt/spark/data/processed/.spark-staging-995c9ebc-7cb0-469a-bb7d-112042a1349c/_temporary/0/_temporary/attempt_202608200641176097674382638295998_0012_m_000000_11/dt=2026-08-12/hour=09]: it still exists.
[2026-08-20T06:41:26.867+0000] {spark_submit.py:634} INFO - 26/08/20 06:41:26 ERROR FileFormatWriter: Aborting job a586cf4a-d059-409a-b97b-b5285d49bc15.
[2026-08-20T06:41:26.869+0000] {spark_submit.py:634} INFO - java.io.FileNotFoundException: /opt/spark/data/processed/.spark-staging-995c9ebc-7cb0-469a-bb7d-112042a1349c/_SUCCESS (Permission denied)
[2026-08-20T06:41:26.870+0000] {spark_submit.py:634} INFO - at java.base/java.io.FileOutputStream.open0(Native Method)
[2026-08-20T06:41:26.871+0000] {spark_submit.py:634} INFO - at java.base/java.io.FileOutputStream.open(FileOutputStream.java:293)
[2026-08-20T06:41:26.872+0000] {spark_submit.py:634} INFO - at java.base/java.io.FileOutputStream.<init>(FileOutputStream.java:235)
[2026-08-20T06:41:26.873+0000] {spark_submit.py:634} INFO - at org.apache.hadoop.fs.RawLocalFileSystem$LocalFSFileOutputStream.<init>(RawLocalFileSystem.java:321)
[2026-08-20T06:41:26.874+0000] {spark_submit.py:634} INFO - at org.apache.hadoop.fs.RawLocalFileSystem$LocalFSFileOutputStream.<init>(RawLocalFileSystem.java:294)
[2026-08-20T06:41:26.874+0000] {spark_submit.py:634} INFO - at org.apache.hadoop.fs.RawLocalFileSystem.createOutputStreamWithMode(RawLocalFileSystem.java:439)
[2026-08-20T06:41:26.875+0000] {spark_submit.py:634} INFO - at org.apache.hadoop.fs.RawLocalFileSystem.create(RawLocalFileSystem.java:428)
[2026-08-20T06:41:26.876+0000] {spark_submit.py:634} INFO - at org.apache.hadoop.fs.RawLocalFileSystem.create(RawLocalFileSystem.java:459)
[2026-08-20T06:41:26.877+0000] {spark_submit.py:634} INFO - at org.apache.hadoop.fs.ChecksumFileSystem$ChecksumFSOutputSummer.<init>(ChecksumFileSystem.java:433)
[2026-08-20T06:41:26.878+0000] {spark_submit.py:634} INFO - at org.apache.hadoop.fs.ChecksumFileSystem.create(ChecksumFileSystem.java:521)
[2026-08-20T06:41:26.878+0000] {spark_submit.py:634} INFO - at org.apache.hadoop.fs.ChecksumFileSystem.create(ChecksumFileSystem.java:500)
[2026-08-20T06:41:26.879+0000] {spark_submit.py:634} INFO - at org.apache.hadoop.fs.FileSystem.create(FileSystem.java:1195)
[2026-08-20T06:41:26.880+0000] {spark_submit.py:634} INFO - at org.apache.hadoop.fs.FileSystem.create(FileSystem.java:1175)
[2026-08-20T06:41:26.881+0000] {spark_submit.py:634} INFO - at org.apache.hadoop.fs.FileSystem.create(FileSystem.java:1064)
[2026-08-20T06:41:26.881+0000] {spark_submit.py:634} INFO - at org.apache.hadoop.mapreduce.lib.output.FileOutputCommitter.commitJobInternal(FileOutputCommitter.java:438)
[2026-08-20T06:41:26.882+0000] {spark_submit.py:634} INFO - at org.apache.hadoop.mapreduce.lib.output.FileOutputCommitter.commitJob(FileOutputCommitter.java:377)
[2026-08-20T06:41:26.883+0000] {spark_submit.py:634} INFO - at org.apache.parquet.hadoop.ParquetOutputCommitter.commitJob(ParquetOutputCommitter.java:48)
[2026-08-20T06:41:26.884+0000] {spark_submit.py:634} INFO - at org.apache.spark.internal.io.HadoopMapReduceCommitProtocol.commitJob(HadoopMapReduceCommitProtocol.scala:192)
[2026-08-20T06:41:26.885+0000] {spark_submit.py:634} INFO - at org.apache.spark.sql.execution.datasources.FileFormatWriter$.$anonfun$writeAndCommit$3(FileFormatWriter.scala:275)
[2026-08-20T06:41:26.885+0000] {spark_submit.py:634} INFO - at scala.runtime.java8.JFunction0$mcV$sp.apply(JFunction0$mcV$sp.java:23)
[2026-08-20T06:41:26.886+0000] {spark_submit.py:634} INFO - at org.apache.spark.util.Utils$.timeTakenMs(Utils.scala:552)
[2026-08-20T06:41:26.887+0000] {spark_submit.py:634} INFO - at org.apache.spark.sql.execution.datasources.FileFormatWriter$.writeAndCommit(FileFormatWriter.scala:275)
[2026-08-20T06:41:26.888+0000] {spark_submit.py:634} INFO - at org.apache.spark.sql.execution.datasources.FileFormatWriter$.executeWrite(FileFormatWriter.scala:304)
[2026-08-20T06:41:26.889+0000] {spark_submit.py:634} INFO - at org.apache.spark.sql.execution.datasources.FileFormatWriter$.write(FileFormatWriter.scala:190)
[2026-08-20T06:41:26.889+0000] {spark_submit.py:634} INFO - at org.apache.spark.sql.execution.datasources.InsertIntoHadoopFsRelationCommand.run(InsertIntoHadoopFsRelationCommand.scala:190)
[2026-08-20T06:41:26.890+0000] {spark_submit.py:634} INFO - at org.apache.spark.sql.execution.command.DataWritingCommandExec.sideEffectResult$lzycompute(commands.scala:113)
[2026-08-20T06:41:26.890+0000] {spark_submit.py:634} INFO - at org.apache.spark.sql.execution.command.DataWritingCommandExec.sideEffectResult(commands.scala:111)
[2026-08-20T06:41:26.891+0000] {spark_submit.py:634} INFO - at org.apache.spark.sql.execution.command.DataWritingCommandExec.executeCollect(commands.scala:125)
[2026-08-20T06:41:26.892+0000] {spark_submit.py:634} INFO - at org.apache.spark.sql.execution.adaptive.AdaptiveSparkPlanExec.$anonfun$executeCollect$1(AdaptiveSparkPlanExec.scala:390)
[2026-08-20T06:41:26.893+0000] {spark_submit.py:634} INFO - at org.apache.spark.sql.execution.adaptive.AdaptiveSparkPlanExec.withFinalPlanUpdate(AdaptiveSparkPlanExec.scala:418)
[2026-08-20T06:41:26.894+0000] {spark_submit.py:634} INFO - at org.apache.spark.sql.execution.adaptive.AdaptiveSparkPlanExec.executeCollect(AdaptiveSparkPlanExec.scala:390)
[2026-08-20T06:41:26.894+0000] {spark_submit.py:634} INFO - at org.apache.spark.sql.execution.QueryExecution$$anonfun$eagerlyExecuteCommands$1.$anonfun$applyOrElse$1(QueryExecution.scala:107)
[2026-08-20T06:41:26.895+0000] {spark_submit.py:634} INFO - at org.apache.spark.sql.execution.SQLExecution$.$anonfun$withNewExecutionId$6(SQLExecution.scala:125)
[2026-08-20T06:41:26.896+0000] {spark_submit.py:634} INFO - at org.apache.spark.sql.execution.SQLExecution$.withSQLConfPropagated(SQLExecution.scala:201)
[2026-08-20T06:41:26.897+0000] {spark_submit.py:634} INFO - at org.apache.spark.sql.execution.SQLExecution$.$anonfun$withNewExecutionId$1(SQLExecution.scala:108)
[2026-08-20T06:41:26.898+0000] {spark_submit.py:634} INFO - at org.apache.spark.sql.SparkSession.withActive(SparkSession.scala:900)
[2026-08-20T06:41:26.899+0000] {spark_submit.py:634} INFO - at org.apache.spark.sql.execution.SQLExecution$.withNewExecutionId(SQLExecution.scala:66)
[2026-08-20T06:41:26.899+0000] {spark_submit.py:634} INFO - at org.apache.spark.sql.execution.QueryExecution$$anonfun$eagerlyExecuteCommands$1.applyOrElse(QueryExecution.scala:107)
[2026-08-20T06:41:26.900+0000] {spark_submit.py:634} INFO - at org.apache.spark.sql.execution.QueryExecution$$anonfun$eagerlyExecuteCommands$1.applyOrElse(QueryExecution.scala:98)
[2026-08-20T06:41:26.901+0000] {spark_submit.py:634} INFO - at org.apache.spark.sql.catalyst.trees.TreeNode.$anonfun$transformDownWithPruning$1(TreeNode.scala:461)
[2026-08-20T06:41:26.902+0000] {spark_submit.py:634} INFO - at org.apache.spark.sql.catalyst.trees.CurrentOrigin$.withOrigin(origin.scala:76)
[2026-08-20T06:41:26.903+0000] {spark_submit.py:634} INFO - at org.apache.spark.sql.catalyst.trees.TreeNode.transformDownWithPruning(TreeNode.scala:461)
[2026-08-20T06:41:26.904+0000] {spark_submit.py:634} INFO - at org.apache.spark.sql.catalyst.plans.logical.LogicalPlan.org$apache$spark$sql$catalyst$plans$logical$AnalysisHelper$$super$transformDownWithPruning(LogicalPlan.scala:32)
[2026-08-20T06:41:26.905+0000] {spark_submit.py:634} INFO - at org.apache.spark.sql.catalyst.plans.logical.AnalysisHelper.transformDownWithPruning(AnalysisHelper.scala:267)
[2026-08-20T06:41:26.906+0000] {spark_submit.py:634} INFO - at org.apache.spark.sql.catalyst.plans.logical.AnalysisHelper.transformDownWithPruning$(AnalysisHelper.scala:263)
[2026-08-20T06:41:26.907+0000] {spark_submit.py:634} INFO - at org.apache.spark.sql.catalyst.plans.logical.LogicalPlan.transformDownWithPruning(LogicalPlan.scala:32)
[2026-08-20T06:41:26.907+0000] {spark_submit.py:634} INFO - at org.apache.spark.sql.catalyst.plans.logical.LogicalPlan.transformDownWithPruning(LogicalPlan.scala:32)
[2026-08-20T06:41:26.909+0000] {spark_submit.py:634} INFO - at org.apache.spark.sql.catalyst.trees.TreeNode.transformDown(TreeNode.scala:437)
[2026-08-20T06:41:26.910+0000] {spark_submit.py:634} INFO - at org.apache.spark.sql.execution.QueryExecution.eagerlyExecuteCommands(QueryExecution.scala:98)
[2026-08-20T06:41:26.911+0000] {spark_submit.py:634} INFO - at org.apache.spark.sql.execution.QueryExecution.commandExecuted$lzycompute(QueryExecution.scala:85)
[2026-08-20T06:41:26.912+0000] {spark_submit.py:634} INFO - at org.apache.spark.sql.execution.QueryExecution.commandExecuted(QueryExecution.scala:83)
[2026-08-20T06:41:26.912+0000] {spark_submit.py:634} INFO - at org.apache.spark.sql.execution.QueryExecution.assertCommandExecuted(QueryExecution.scala:142)
[2026-08-20T06:41:26.913+0000] {spark_submit.py:634} INFO - at org.apache.spark.sql.DataFrameWriter.runCommand(DataFrameWriter.scala:859)
[2026-08-20T06:41:26.914+0000] {spark_submit.py:634} INFO - at org.apache.spark.sql.DataFrameWriter.saveToV1Source(DataFrameWriter.scala:388)
[2026-08-20T06:41:26.916+0000] {spark_submit.py:634} INFO - at org.apache.spark.sql.DataFrameWriter.saveInternal(DataFrameWriter.scala:361)
[2026-08-20T06:41:26.917+0000] {spark_submit.py:634} INFO - at org.apache.spark.sql.DataFrameWriter.save(DataFrameWriter.scala:240)
[2026-08-20T06:41:26.918+0000] {spark_submit.py:634} INFO - at org.apache.spark.sql.DataFrameWriter.parquet(DataFrameWriter.scala:792)
[2026-08-20T06:41:26.919+0000] {spark_submit.py:634} INFO - at java.base/jdk.internal.reflect.NativeMethodAccessorImpl.invoke0(Native Method)
[2026-08-20T06:41:26.919+0000] {spark_submit.py:634} INFO - at java.base/jdk.internal.reflect.NativeMethodAccessorImpl.invoke(NativeMethodAccessorImpl.java:77)
[2026-08-20T06:41:26.920+0000] {spark_submit.py:634} INFO - at java.base/jdk.internal.reflect.DelegatingMethodAccessorImpl.invoke(DelegatingMethodAccessorImpl.java:43)
[2026-08-20T06:41:26.921+0000] {spark_submit.py:634} INFO - at java.base/java.lang.reflect.Method.invoke(Method.java:569)
[2026-08-20T06:41:26.922+0000] {spark_submit.py:634} INFO - at py4j.reflection.MethodInvoker.invoke(MethodInvoker.java:244)
[2026-08-20T06:41:26.923+0000] {spark_submit.py:634} INFO - at py4j.reflection.ReflectionEngine.invoke(ReflectionEngine.java:374)
[2026-08-20T06:41:26.924+0000] {spark_submit.py:634} INFO - at py4j.Gateway.invoke(Gateway.java:282)
[2026-08-20T06:41:26.924+0000] {spark_submit.py:634} INFO - at py4j.commands.AbstractCommand.invokeMethod(AbstractCommand.java:132)
[2026-08-20T06:41:26.925+0000] {spark_submit.py:634} INFO - at py4j.commands.CallCommand.execute(CallCommand.java:79)
[2026-08-20T06:41:26.926+0000] {spark_submit.py:634} INFO - at py4j.ClientServerConnection.waitForCommands(ClientServerConnection.java:182)
[2026-08-20T06:41:26.927+0000] {spark_submit.py:634} INFO - at py4j.ClientServerConnection.run(ClientServerConnection.java:106)
[2026-08-20T06:41:26.927+0000] {spark_submit.py:634} INFO - at java.base/java.lang.Thread.run(Thread.java:840)
[2026-08-20T06:41:26.998+0000] {spark_submit.py:634} INFO - 26/08/20 06:41:26 WARN FileUtil: Failed to delete file or dir [/opt/spark/data/processed/.spark-staging-995c9ebc-7cb0-469a-bb7d-112042a1349c/_temporary/0/_temporary/attempt_202608200641176097674382638295998_0012_m_000000_11/dt=2026-08-12/hour=05]: it still exists.
[2026-08-20T06:41:27.036+0000] {spark_submit.py:634} INFO - 26/08/20 06:41:27 WARN FileUtil: Failed to delete file or dir [/opt/spark/data/processed/.spark-staging-995c9ebc-7cb0-469a-bb7d-112042a1349c/_temporary/0/_temporary/attempt_202608200641176097674382638295998_0012_m_000000_11/dt=2026-08-12/hour=06]: it still exists.
[2026-08-20T06:41:27.066+0000] {spark_submit.py:634} INFO - 26/08/20 06:41:27 WARN FileUtil: Failed to delete file or dir [/opt/spark/data/processed/.spark-staging-995c9ebc-7cb0-469a-bb7d-112042a1349c/_temporary/0/_temporary/attempt_202608200641176097674382638295998_0012_m_000000_11/dt=2026-08-12/hour=08]: it still exists.
[2026-08-20T06:41:27.100+0000] {spark_submit.py:634} INFO - 26/08/20 06:41:27 WARN FileUtil: Failed to delete file or dir [/opt/spark/data/processed/.spark-staging-995c9ebc-7cb0-469a-bb7d-112042a1349c/_temporary/0/_temporary/attempt_202608200641176097674382638295998_0012_m_000000_11/dt=2026-08-12/hour=09]: it still exists.
[2026-08-20T06:41:27.136+0000] {spark_submit.py:634} INFO - 26/08/20 06:41:27 WARN FileUtil: Failed to delete file or dir [/opt/spark/data/processed/.spark-staging-995c9ebc-7cb0-469a-bb7d-112042a1349c/dt=2026-08-12/hour=05/.part-00000-995c9ebc-7cb0-469a-bb7d-112042a1349c.c000.snappy.parquet.crc]: it still exists.
[2026-08-20T06:41:27.141+0000] {spark_submit.py:634} INFO - 26/08/20 06:41:27 WARN FileUtil: Failed to delete file or dir [/opt/spark/data/processed/.spark-staging-995c9ebc-7cb0-469a-bb7d-112042a1349c/dt=2026-08-12/hour=05/part-00000-995c9ebc-7cb0-469a-bb7d-112042a1349c.c000.snappy.parquet]: it still exists.
[2026-08-20T06:41:27.167+0000] {spark_submit.py:634} INFO - 26/08/20 06:41:27 WARN FileUtil: Failed to delete file or dir [/opt/spark/data/processed/.spark-staging-995c9ebc-7cb0-469a-bb7d-112042a1349c/dt=2026-08-12/hour=06/.part-00000-995c9ebc-7cb0-469a-bb7d-112042a1349c.c000.snappy.parquet.crc]: it still exists.
[2026-08-20T06:41:27.174+0000] {spark_submit.py:634} INFO - 26/08/20 06:41:27 WARN FileUtil: Failed to delete file or dir [/opt/spark/data/processed/.spark-staging-995c9ebc-7cb0-469a-bb7d-112042a1349c/dt=2026-08-12/hour=06/part-00000-995c9ebc-7cb0-469a-bb7d-112042a1349c.c000.snappy.parquet]: it still exists.
[2026-08-20T06:41:27.192+0000] {spark_submit.py:634} INFO - 26/08/20 06:41:27 WARN FileUtil: Failed to delete file or dir [/opt/spark/data/processed/.spark-staging-995c9ebc-7cb0-469a-bb7d-112042a1349c/dt=2026-08-12/hour=08/.part-00000-995c9ebc-7cb0-469a-bb7d-112042a1349c.c000.snappy.parquet.crc]: it still exists.
[2026-08-20T06:41:27.199+0000] {spark_submit.py:634} INFO - 26/08/20 06:41:27 WARN FileUtil: Failed to delete file or dir [/opt/spark/data/processed/.spark-staging-995c9ebc-7cb0-469a-bb7d-112042a1349c/dt=2026-08-12/hour=08/part-00000-995c9ebc-7cb0-469a-bb7d-112042a1349c.c000.snappy.parquet]: it still exists.
[2026-08-20T06:41:27.216+0000] {spark_submit.py:634} INFO - 26/08/20 06:41:27 WARN FileUtil: Failed to delete file or dir [/opt/spark/data/processed/.spark-staging-995c9ebc-7cb0-469a-bb7d-112042a1349c/dt=2026-08-12/hour=09/.part-00000-995c9ebc-7cb0-469a-bb7d-112042a1349c.c000.snappy.parquet.crc]: it still exists.
[2026-08-20T06:41:27.226+0000] {spark_submit.py:634} INFO - 26/08/20 06:41:27 WARN FileUtil: Failed to delete file or dir [/opt/spark/data/processed/.spark-staging-995c9ebc-7cb0-469a-bb7d-112042a1349c/dt=2026-08-12/hour=09/part-00000-995c9ebc-7cb0-469a-bb7d-112042a1349c.c000.snappy.parquet]: it still exists.
[2026-08-20T06:41:27.349+0000] {spark_submit.py:634} INFO - 26/08/20 06:41:27 WARN FileUtil: Failed to delete file or dir [/opt/spark/data/processed/.spark-staging-995c9ebc-7cb0-469a-bb7d-112042a1349c/_temporary/0/_temporary/attempt_202608200641176097674382638295998_0012_m_000000_11/dt=2026-08-12/hour=05]: it still exists.
[2026-08-20T06:41:27.377+0000] {spark_submit.py:634} INFO - 26/08/20 06:41:27 WARN FileUtil: Failed to delete file or dir [/opt/spark/data/processed/.spark-staging-995c9ebc-7cb0-469a-bb7d-112042a1349c/_temporary/0/_temporary/attempt_202608200641176097674382638295998_0012_m_000000_11/dt=2026-08-12/hour=06]: it still exists.
[2026-08-20T06:41:27.403+0000] {spark_submit.py:634} INFO - 26/08/20 06:41:27 WARN FileUtil: Failed to delete file or dir [/opt/spark/data/processed/.spark-staging-995c9ebc-7cb0-469a-bb7d-112042a1349c/_temporary/0/_temporary/attempt_202608200641176097674382638295998_0012_m_000000_11/dt=2026-08-12/hour=08]: it still exists.
[2026-08-20T06:41:27.430+0000] {spark_submit.py:634} INFO - 26/08/20 06:41:27 WARN FileUtil: Failed to delete file or dir [/opt/spark/data/processed/.spark-staging-995c9ebc-7cb0-469a-bb7d-112042a1349c/_temporary/0/_temporary/attempt_202608200641176097674382638295998_0012_m_000000_11/dt=2026-08-12/hour=09]: it still exists.
[2026-08-20T06:41:27.454+0000] {spark_submit.py:634} INFO - Traceback (most recent call last):
[2026-08-20T06:41:27.455+0000] {spark_submit.py:634} INFO - File "/opt/spark/jobs/clean_events.py", line 130, in <module>
[2026-08-20T06:41:27.457+0000] {spark_submit.py:634} INFO - main()
[2026-08-20T06:41:27.458+0000] {spark_submit.py:634} INFO - File "/opt/spark/jobs/clean_events.py", line 122, in main
[2026-08-20T06:41:27.460+0000] {spark_submit.py:634} INFO - .parquet(args.output_path)
[2026-08-20T06:41:27.460+0000] {spark_submit.py:634} INFO - ^^^^^^^^^^^^^^^^^^^^^^^^^
[2026-08-20T06:41:27.461+0000] {spark_submit.py:634} INFO - File "/home/***/spark/python/lib/pyspark.zip/pyspark/sql/readwriter.py", line 1721, in parquet
[2026-08-20T06:41:27.462+0000] {spark_submit.py:634} INFO - File "/home/***/spark/python/lib/py4j-0.10.9.7-src.zip/py4j/java_gateway.py", line 1322, in __call__
[2026-08-20T06:41:27.463+0000] {spark_submit.py:634} INFO - File "/home/***/spark/python/lib/pyspark.zip/pyspark/errors/exceptions/captured.py", line 179, in deco
[2026-08-20T06:41:27.464+0000] {spark_submit.py:634} INFO - File "/home/***/spark/python/lib/py4j-0.10.9.7-src.zip/py4j/protocol.py", line 326, in get_return_value
[2026-08-20T06:41:27.464+0000] {spark_submit.py:634} INFO - py4j.protocol.Py4JJavaError: An error occurred while calling o80.parquet.
[2026-08-20T06:41:27.465+0000] {spark_submit.py:634} INFO - : java.io.FileNotFoundException: /opt/spark/data/processed/.spark-staging-995c9ebc-7cb0-469a-bb7d-112042a1349c/_SUCCESS (Permission denied)
[2026-08-20T06:41:27.466+0000] {spark_submit.py:634} INFO - at java.base/java.io.FileOutputStream.open0(Native Method)
[2026-08-20T06:41:27.467+0000] {spark_submit.py:634} INFO - at java.base/java.io.FileOutputStream.open(FileOutputStream.java:293)
[2026-08-20T06:41:27.467+0000] {spark_submit.py:634} INFO - at java.base/java.io.FileOutputStream.<init>(FileOutputStream.java:235)
[2026-08-20T06:41:27.468+0000] {spark_submit.py:634} INFO - at org.apache.hadoop.fs.RawLocalFileSystem$LocalFSFileOutputStream.<init>(RawLocalFileSystem.java:321)
[2026-08-20T06:41:27.470+0000] {spark_submit.py:634} INFO - at org.apache.hadoop.fs.RawLocalFileSystem$LocalFSFileOutputStream.<init>(RawLocalFileSystem.java:294)
[2026-08-20T06:41:27.471+0000] {spark_submit.py:634} INFO - at org.apache.hadoop.fs.RawLocalFileSystem.createOutputStreamWithMode(RawLocalFileSystem.java:439)
[2026-08-20T06:41:27.472+0000] {spark_submit.py:634} INFO - at org.apache.hadoop.fs.RawLocalFileSystem.create(RawLocalFileSystem.java:428)
[2026-08-20T06:41:27.473+0000] {spark_submit.py:634} INFO - at org.apache.hadoop.fs.RawLocalFileSystem.create(RawLocalFileSystem.java:459)
[2026-08-20T06:41:27.473+0000] {spark_submit.py:634} INFO - at org.apache.hadoop.fs.ChecksumFileSystem$ChecksumFSOutputSummer.<init>(ChecksumFileSystem.java:433)
[2026-08-20T06:41:27.474+0000] {spark_submit.py:634} INFO - at org.apache.hadoop.fs.ChecksumFileSystem.create(ChecksumFileSystem.java:521)
[2026-08-20T06:41:27.475+0000] {spark_submit.py:634} INFO - at org.apache.hadoop.fs.ChecksumFileSystem.create(ChecksumFileSystem.java:500)
[2026-08-20T06:41:27.476+0000] {spark_submit.py:634} INFO - at org.apache.hadoop.fs.FileSystem.create(FileSystem.java:1195)
[2026-08-20T06:41:27.477+0000] {spark_submit.py:634} INFO - at org.apache.hadoop.fs.FileSystem.create(FileSystem.java:1175)
[2026-08-20T06:41:27.478+0000] {spark_submit.py:634} INFO - at org.apache.hadoop.fs.FileSystem.create(FileSystem.java:1064)
[2026-08-20T06:41:27.479+0000] {spark_submit.py:634} INFO - at org.apache.hadoop.mapreduce.lib.output.FileOutputCommitter.commitJobInternal(FileOutputCommitter.java:438)
[2026-08-20T06:41:27.480+0000] {spark_submit.py:634} INFO - at org.apache.hadoop.mapreduce.lib.output.FileOutputCommitter.commitJob(FileOutputCommitter.java:377)
[2026-08-20T06:41:27.481+0000] {spark_submit.py:634} INFO - at org.apache.parquet.hadoop.ParquetOutputCommitter.commitJob(ParquetOutputCommitter.java:48)
[2026-08-20T06:41:27.481+0000] {spark_submit.py:634} INFO - at org.apache.spark.internal.io.HadoopMapReduceCommitProtocol.commitJob(HadoopMapReduceCommitProtocol.scala:192)
[2026-08-20T06:41:27.482+0000] {spark_submit.py:634} INFO - at org.apache.spark.sql.execution.datasources.FileFormatWriter$.$anonfun$writeAndCommit$3(FileFormatWriter.scala:275)
[2026-08-20T06:41:27.484+0000] {spark_submit.py:634} INFO - at scala.runtime.java8.JFunction0$mcV$sp.apply(JFunction0$mcV$sp.java:23)
[2026-08-20T06:41:27.485+0000] {spark_submit.py:634} INFO - at org.apache.spark.util.Utils$.timeTakenMs(Utils.scala:552)
[2026-08-20T06:41:27.486+0000] {spark_submit.py:634} INFO - at org.apache.spark.sql.execution.datasources.FileFormatWriter$.writeAndCommit(FileFormatWriter.scala:275)
[2026-08-20T06:41:27.486+0000] {spark_submit.py:634} INFO - at org.apache.spark.sql.execution.datasources.FileFormatWriter$.executeWrite(FileFormatWriter.scala:304)
[2026-08-20T06:41:27.487+0000] {spark_submit.py:634} INFO - at org.apache.spark.sql.execution.datasources.FileFormatWriter$.write(FileFormatWriter.scala:190)
[2026-08-20T06:41:27.488+0000] {spark_submit.py:634} INFO - at org.apache.spark.sql.execution.datasources.InsertIntoHadoopFsRelationCommand.run(InsertIntoHadoopFsRelationCommand.scala:190)
[2026-08-20T06:41:27.490+0000] {spark_submit.py:634} INFO - at org.apache.spark.sql.execution.command.DataWritingCommandExec.sideEffectResult$lzycompute(commands.scala:113)
[2026-08-20T06:41:27.491+0000] {spark_submit.py:634} INFO - at org.apache.spark.sql.execution.command.DataWritingCommandExec.sideEffectResult(commands.scala:111)
[2026-08-20T06:41:27.492+0000] {spark_submit.py:634} INFO - at org.apache.spark.sql.execution.command.DataWritingCommandExec.executeCollect(commands.scala:125)
[2026-08-20T06:41:27.493+0000] {spark_submit.py:634} INFO - at org.apache.spark.sql.execution.adaptive.AdaptiveSparkPlanExec.$anonfun$executeCollect$1(AdaptiveSparkPlanExec.scala:390)
[2026-08-20T06:41:27.493+0000] {spark_submit.py:634} INFO - at org.apache.spark.sql.execution.adaptive.AdaptiveSparkPlanExec.withFinalPlanUpdate(AdaptiveSparkPlanExec.scala:418)
[2026-08-20T06:41:27.494+0000] {spark_submit.py:634} INFO - at org.apache.spark.sql.execution.adaptive.AdaptiveSparkPlanExec.executeCollect(AdaptiveSparkPlanExec.scala:390)
[2026-08-20T06:41:27.495+0000] {spark_submit.py:634} INFO - at org.apache.spark.sql.execution.QueryExecution$$anonfun$eagerlyExecuteCommands$1.$anonfun$applyOrElse$1(QueryExecution.scala:107)
[2026-08-20T06:41:27.496+0000] {spark_submit.py:634} INFO - at org.apache.spark.sql.execution.SQLExecution$.$anonfun$withNewExecutionId$6(SQLExecution.scala:125)
[2026-08-20T06:41:27.497+0000] {spark_submit.py:634} INFO - at org.apache.spark.sql.execution.SQLExecution$.withSQLConfPropagated(SQLExecution.scala:201)
[2026-08-20T06:41:27.498+0000] {spark_submit.py:634} INFO - at org.apache.spark.sql.execution.SQLExecution$.$anonfun$withNewExecutionId$1(SQLExecution.scala:108)
[2026-08-20T06:41:27.499+0000] {spark_submit.py:634} INFO - at org.apache.spark.sql.SparkSession.withActive(SparkSession.scala:900)
[2026-08-20T06:41:27.500+0000] {spark_submit.py:634} INFO - at org.apache.spark.sql.execution.SQLExecution$.withNewExecutionId(SQLExecution.scala:66)
[2026-08-20T06:41:27.500+0000] {spark_submit.py:634} INFO - at org.apache.spark.sql.execution.QueryExecution$$anonfun$eagerlyExecuteCommands$1.applyOrElse(QueryExecution.scala:107)
[2026-08-20T06:41:27.501+0000] {spark_submit.py:634} INFO - at org.apache.spark.sql.execution.QueryExecution$$anonfun$eagerlyExecuteCommands$1.applyOrElse(QueryExecution.scala:98)
[2026-08-20T06:41:27.502+0000] {spark_submit.py:634} INFO - at org.apache.spark.sql.catalyst.trees.TreeNode.$anonfun$transformDownWithPruning$1(TreeNode.scala:461)
[2026-08-20T06:41:27.503+0000] {spark_submit.py:634} INFO - at org.apache.spark.sql.catalyst.trees.CurrentOrigin$.withOrigin(origin.scala:76)
[2026-08-20T06:41:27.504+0000] {spark_submit.py:634} INFO - at org.apache.spark.sql.catalyst.trees.TreeNode.transformDownWithPruning(TreeNode.scala:461)
[2026-08-20T06:41:27.505+0000] {spark_submit.py:634} INFO - at org.apache.spark.sql.catalyst.plans.logical.LogicalPlan.org$apache$spark$sql$catalyst$plans$logical$AnalysisHelper$$super$transformDownWithPruning(LogicalPlan.scala:32)
[2026-08-20T06:41:27.505+0000] {spark_submit.py:634} INFO - at org.apache.spark.sql.catalyst.plans.logical.AnalysisHelper.transformDownWithPruning(AnalysisHelper.scala:267)
[2026-08-20T06:41:27.506+0000] {spark_submit.py:634} INFO - at org.apache.spark.sql.catalyst.plans.logical.AnalysisHelper.transformDownWithPruning$(AnalysisHelper.scala:263)
[2026-08-20T06:41:27.508+0000] {spark_submit.py:634} INFO - at org.apache.spark.sql.catalyst.plans.logical.LogicalPlan.transformDownWithPruning(LogicalPlan.scala:32)
[2026-08-20T06:41:27.509+0000] {spark_submit.py:634} INFO - at org.apache.spark.sql.catalyst.plans.logical.LogicalPlan.transformDownWithPruning(LogicalPlan.scala:32)
[2026-08-20T06:41:27.510+0000] {spark_submit.py:634} INFO - at org.apache.spark.sql.catalyst.trees.TreeNode.transformDown(TreeNode.scala:437)
[2026-08-20T06:41:27.511+0000] {spark_submit.py:634} INFO - at org.apache.spark.sql.execution.QueryExecution.eagerlyExecuteCommands(QueryExecution.scala:98)
[2026-08-20T06:41:27.511+0000] {spark_submit.py:634} INFO - at org.apache.spark.sql.execution.QueryExecution.commandExecuted$lzycompute(QueryExecution.scala:85)
[2026-08-20T06:41:27.512+0000] {spark_submit.py:634} INFO - at org.apache.spark.sql.execution.QueryExecution.commandExecuted(QueryExecution.scala:83)
[2026-08-20T06:41:27.513+0000] {spark_submit.py:634} INFO - at org.apache.spark.sql.execution.QueryExecution.assertCommandExecuted(QueryExecution.scala:142)
[2026-08-20T06:41:27.513+0000] {spark_submit.py:634} INFO - at org.apache.spark.sql.DataFrameWriter.runCommand(DataFrameWriter.scala:859)
[2026-08-20T06:41:27.514+0000] {spark_submit.py:634} INFO - at org.apache.spark.sql.DataFrameWriter.saveToV1Source(DataFrameWriter.scala:388)
[2026-08-20T06:41:27.515+0000] {spark_submit.py:634} INFO - at org.apache.spark.sql.DataFrameWriter.saveInternal(DataFrameWriter.scala:361)
[2026-08-20T06:41:27.516+0000] {spark_submit.py:634} INFO - at org.apache.spark.sql.DataFrameWriter.save(DataFrameWriter.scala:240)
[2026-08-20T06:41:27.516+0000] {spark_submit.py:634} INFO - at org.apache.spark.sql.DataFrameWriter.parquet(DataFrameWriter.scala:792)
[2026-08-20T06:41:27.517+0000] {spark_submit.py:634} INFO - at java.base/jdk.internal.reflect.NativeMethodAccessorImpl.invoke0(Native Method)
[2026-08-20T06:41:27.518+0000] {spark_submit.py:634} INFO - at java.base/jdk.internal.reflect.NativeMethodAccessorImpl.invoke(NativeMethodAccessorImpl.java:77)
[2026-08-20T06:41:27.519+0000] {spark_submit.py:634} INFO - at java.base/jdk.internal.reflect.DelegatingMethodAccessorImpl.invoke(DelegatingMethodAccessorImpl.java:43)
[2026-08-20T06:41:27.519+0000] {spark_submit.py:634} INFO - at java.base/java.lang.reflect.Method.invoke(Method.java:569)
[2026-08-20T06:41:27.520+0000] {spark_submit.py:634} INFO - at py4j.reflection.MethodInvoker.invoke(MethodInvoker.java:244)
[2026-08-20T06:41:27.521+0000] {spark_submit.py:634} INFO - at py4j.reflection.ReflectionEngine.invoke(ReflectionEngine.java:374)
[2026-08-20T06:41:27.523+0000] {spark_submit.py:634} INFO - at py4j.Gateway.invoke(Gateway.java:282)
[2026-08-20T06:41:27.524+0000] {spark_submit.py:634} INFO - at py4j.commands.AbstractCommand.invokeMethod(AbstractCommand.java:132)
[2026-08-20T06:41:27.526+0000] {spark_submit.py:634} INFO - at py4j.commands.CallCommand.execute(CallCommand.java:79)
[2026-08-20T06:41:27.528+0000] {spark_submit.py:634} INFO - at py4j.ClientServerConnection.waitForCommands(ClientServerConnection.java:182)
[2026-08-20T06:41:27.530+0000] {spark_submit.py:634} INFO - at py4j.ClientServerConnection.run(ClientServerConnection.java:106)
[2026-08-20T06:41:27.531+0000] {spark_submit.py:634} INFO - at java.base/java.lang.Thread.run(Thread.java:840)
[2026-08-20T06:41:27.532+0000] {spark_submit.py:634} INFO - 
[2026-08-20T06:41:27.631+0000] {taskinstance.py:441} INFO - ::group::Post task execution logs
[2026-08-20T06:41:27.639+0000] {taskinstance.py:2905} ERROR - Task failed with exception
Traceback (most recent call last):
  File "/home/airflow/.local/lib/python3.12/site-packages/airflow/models/taskinstance.py", line 465, in _execute_task
    result = _execute_callable(context=context, **execute_callable_kwargs)
             ^^^^^^^^^^^^^^^^^^^^^^^^^^^^^^^^^^^^^^^^^^^^^^^^^^^^^^^^^^^^^
  File "/home/airflow/.local/lib/python3.12/site-packages/airflow/models/taskinstance.py", line 432, in _execute_callable
    return execute_callable(context=context, **execute_callable_kwargs)
           ^^^^^^^^^^^^^^^^^^^^^^^^^^^^^^^^^^^^^^^^^^^^^^^^^^^^^^^^^^^^
  File "/home/airflow/.local/lib/python3.12/site-packages/airflow/models/baseoperator.py", line 401, in wrapper
    return func(self, *args, **kwargs)
           ^^^^^^^^^^^^^^^^^^^^^^^^^^^
  File "/home/airflow/.local/lib/python3.12/site-packages/airflow/providers/apache/spark/operators/spark_submit.py", line 176, in execute
    self._hook.submit(self.application)
  File "/home/airflow/.local/lib/python3.12/site-packages/airflow/providers/apache/spark/hooks/spark_submit.py", line 560, in submit
    raise AirflowException(
airflow.exceptions.AirflowException: Cannot execute: spark-submit --master spark://spark-master:7077 --conf spark.sql.sources.partitionOverwriteMode=dynamic --conf spark.hadoop.mapreduce.fileoutputcommitter.algorithm.version=2 --name arrow-spark --verbose /opt/spark/jobs/clean_events.py --input-path /opt/spark/data/raw --output-path /opt/spark/data/processed. Error code is: 1.
[2026-08-20T06:41:27.649+0000] {taskinstance.py:1206} INFO - Marking task as FAILED. dag_id=clickstream_clean_events, task_id=clean_events, run_id=manual__2026-08-20T06:40:22.648553+00:00, execution_date=20260820T064022, start_date=20260820T064024, end_date=20260820T064127
[2026-08-20T06:41:27.664+0000] {standard_task_runner.py:110} ERROR - Failed to execute job 17 for task clean_events (Cannot execute: spark-submit --master spark://spark-master:7077 --conf spark.sql.sources.partitionOverwriteMode=dynamic --conf spark.hadoop.mapreduce.fileoutputcommitter.algorithm.version=2 --name arrow-spark --verbose /opt/spark/jobs/clean_events.py --input-path /opt/spark/data/raw --output-path /opt/spark/data/processed. Error code is: 1.; 221)
[2026-08-20T06:41:27.685+0000] {local_task_job_runner.py:243} INFO - Task exited with return code 1
[2026-08-20T06:41:27.707+0000] {taskinstance.py:3503} INFO - 0 downstream tasks scheduled from follow-on schedule check
[2026-08-20T06:41:27.713+0000] {local_task_job_runner.py:222} INFO - ::endgroup::
