[2026-08-21T07:32:55.789+0000] {processor.py:161} INFO - Started process (PID=172) to work on /opt/airflow/dags/clickstream_pipeline_dag.py
[2026-08-21T07:32:55.793+0000] {processor.py:830} INFO - Processing file /opt/airflow/dags/clickstream_pipeline_dag.py for tasks to queue
[2026-08-21T07:32:55.802+0000] {logging_mixin.py:188} INFO - [2026-08-21T07:32:55.801+0000] {dagbag.py:545} INFO - Filling up the DagBag from /opt/airflow/dags/clickstream_pipeline_dag.py
[2026-08-21T07:32:55.857+0000] {processor.py:840} INFO - DAG(s) 'clickstream_pipeline' retrieved from /opt/airflow/dags/clickstream_pipeline_dag.py
[2026-08-21T07:32:55.978+0000] {logging_mixin.py:188} INFO - [2026-08-21T07:32:55.977+0000] {dag.py:3089} INFO - Sync 1 DAGs
[2026-08-21T07:32:56.035+0000] {logging_mixin.py:188} INFO - [2026-08-21T07:32:56.035+0000] {dag.py:3947} INFO - Setting next_dagrun for clickstream_pipeline to 2026-08-21 00:00:00+00:00, run_after=2026-08-22 00:00:00+00:00
[2026-08-21T07:32:56.081+0000] {processor.py:183} INFO - Processing /opt/airflow/dags/clickstream_pipeline_dag.py took 0.310 seconds
[2026-08-21T07:33:26.529+0000] {processor.py:161} INFO - Started process (PID=359) to work on /opt/airflow/dags/clickstream_pipeline_dag.py
[2026-08-21T07:33:26.533+0000] {processor.py:830} INFO - Processing file /opt/airflow/dags/clickstream_pipeline_dag.py for tasks to queue
[2026-08-21T07:33:26.538+0000] {logging_mixin.py:188} INFO - [2026-08-21T07:33:26.538+0000] {dagbag.py:545} INFO - Filling up the DagBag from /opt/airflow/dags/clickstream_pipeline_dag.py
[2026-08-21T07:33:26.596+0000] {processor.py:840} INFO - DAG(s) 'clickstream_pipeline' retrieved from /opt/airflow/dags/clickstream_pipeline_dag.py
[2026-08-21T07:33:26.693+0000] {logging_mixin.py:188} INFO - [2026-08-21T07:33:26.693+0000] {dag.py:3089} INFO - Sync 1 DAGs
[2026-08-21T07:33:26.750+0000] {logging_mixin.py:188} INFO - [2026-08-21T07:33:26.749+0000] {dag.py:3947} INFO - Setting next_dagrun for clickstream_pipeline to 2026-08-21 00:00:00+00:00, run_after=2026-08-22 00:00:00+00:00
[2026-08-21T07:33:26.795+0000] {processor.py:183} INFO - Processing /opt/airflow/dags/clickstream_pipeline_dag.py took 0.289 seconds
[2026-08-21T07:33:57.028+0000] {processor.py:161} INFO - Started process (PID=591) to work on /opt/airflow/dags/clickstream_pipeline_dag.py
[2026-08-21T07:33:57.030+0000] {processor.py:830} INFO - Processing file /opt/airflow/dags/clickstream_pipeline_dag.py for tasks to queue
[2026-08-21T07:33:57.034+0000] {logging_mixin.py:188} INFO - [2026-08-21T07:33:57.034+0000] {dagbag.py:545} INFO - Filling up the DagBag from /opt/airflow/dags/clickstream_pipeline_dag.py
[2026-08-21T07:33:57.078+0000] {processor.py:840} INFO - DAG(s) 'clickstream_pipeline' retrieved from /opt/airflow/dags/clickstream_pipeline_dag.py
[2026-08-21T07:33:57.152+0000] {logging_mixin.py:188} INFO - [2026-08-21T07:33:57.152+0000] {dag.py:3089} INFO - Sync 1 DAGs
[2026-08-21T07:33:57.199+0000] {logging_mixin.py:188} INFO - [2026-08-21T07:33:57.199+0000] {dag.py:3947} INFO - Setting next_dagrun for clickstream_pipeline to 2026-08-21 00:00:00+00:00, run_after=2026-08-22 00:00:00+00:00
[2026-08-21T07:33:57.232+0000] {processor.py:183} INFO - Processing /opt/airflow/dags/clickstream_pipeline_dag.py took 0.217 seconds
[2026-08-21T07:34:27.536+0000] {processor.py:161} INFO - Started process (PID=694) to work on /opt/airflow/dags/clickstream_pipeline_dag.py
[2026-08-21T07:34:27.538+0000] {processor.py:830} INFO - Processing file /opt/airflow/dags/clickstream_pipeline_dag.py for tasks to queue
[2026-08-21T07:34:27.542+0000] {logging_mixin.py:188} INFO - [2026-08-21T07:34:27.542+0000] {dagbag.py:545} INFO - Filling up the DagBag from /opt/airflow/dags/clickstream_pipeline_dag.py
[2026-08-21T07:34:27.588+0000] {processor.py:840} INFO - DAG(s) 'clickstream_pipeline' retrieved from /opt/airflow/dags/clickstream_pipeline_dag.py
[2026-08-21T07:34:27.666+0000] {logging_mixin.py:188} INFO - [2026-08-21T07:34:27.666+0000] {dag.py:3089} INFO - Sync 1 DAGs
[2026-08-21T07:34:27.722+0000] {logging_mixin.py:188} INFO - [2026-08-21T07:34:27.722+0000] {dag.py:3947} INFO - Setting next_dagrun for clickstream_pipeline to 2026-08-21 00:00:00+00:00, run_after=2026-08-22 00:00:00+00:00
[2026-08-21T07:34:27.761+0000] {processor.py:183} INFO - Processing /opt/airflow/dags/clickstream_pipeline_dag.py took 0.238 seconds
[2026-08-21T07:34:57.974+0000] {processor.py:161} INFO - Started process (PID=717) to work on /opt/airflow/dags/clickstream_pipeline_dag.py
[2026-08-21T07:34:57.976+0000] {processor.py:830} INFO - Processing file /opt/airflow/dags/clickstream_pipeline_dag.py for tasks to queue
[2026-08-21T07:34:57.980+0000] {logging_mixin.py:188} INFO - [2026-08-21T07:34:57.980+0000] {dagbag.py:545} INFO - Filling up the DagBag from /opt/airflow/dags/clickstream_pipeline_dag.py
[2026-08-21T07:34:58.010+0000] {processor.py:840} INFO - DAG(s) 'clickstream_pipeline' retrieved from /opt/airflow/dags/clickstream_pipeline_dag.py
[2026-08-21T07:34:58.066+0000] {logging_mixin.py:188} INFO - [2026-08-21T07:34:58.066+0000] {dag.py:3089} INFO - Sync 1 DAGs
[2026-08-21T07:34:58.117+0000] {logging_mixin.py:188} INFO - [2026-08-21T07:34:58.117+0000] {dag.py:3947} INFO - Setting next_dagrun for clickstream_pipeline to 2026-08-21 00:00:00+00:00, run_after=2026-08-22 00:00:00+00:00
[2026-08-21T07:34:58.154+0000] {processor.py:183} INFO - Processing /opt/airflow/dags/clickstream_pipeline_dag.py took 0.189 seconds
[2026-08-21T07:35:28.393+0000] {processor.py:161} INFO - Started process (PID=741) to work on /opt/airflow/dags/clickstream_pipeline_dag.py
[2026-08-21T07:35:28.395+0000] {processor.py:830} INFO - Processing file /opt/airflow/dags/clickstream_pipeline_dag.py for tasks to queue
[2026-08-21T07:35:28.397+0000] {logging_mixin.py:188} INFO - [2026-08-21T07:35:28.397+0000] {dagbag.py:545} INFO - Filling up the DagBag from /opt/airflow/dags/clickstream_pipeline_dag.py
[2026-08-21T07:35:28.424+0000] {processor.py:840} INFO - DAG(s) 'clickstream_pipeline' retrieved from /opt/airflow/dags/clickstream_pipeline_dag.py
[2026-08-21T07:35:28.474+0000] {logging_mixin.py:188} INFO - [2026-08-21T07:35:28.473+0000] {dag.py:3089} INFO - Sync 1 DAGs
[2026-08-21T07:35:28.503+0000] {logging_mixin.py:188} INFO - [2026-08-21T07:35:28.502+0000] {dag.py:3947} INFO - Setting next_dagrun for clickstream_pipeline to 2026-08-21 00:00:00+00:00, run_after=2026-08-22 00:00:00+00:00
[2026-08-21T07:35:28.531+0000] {processor.py:183} INFO - Processing /opt/airflow/dags/clickstream_pipeline_dag.py took 0.147 seconds
[2026-08-21T07:35:58.795+0000] {processor.py:161} INFO - Started process (PID=804) to work on /opt/airflow/dags/clickstream_pipeline_dag.py
[2026-08-21T07:35:58.802+0000] {processor.py:830} INFO - Processing file /opt/airflow/dags/clickstream_pipeline_dag.py for tasks to queue
[2026-08-21T07:35:58.809+0000] {logging_mixin.py:188} INFO - [2026-08-21T07:35:58.808+0000] {dagbag.py:545} INFO - Filling up the DagBag from /opt/airflow/dags/clickstream_pipeline_dag.py
[2026-08-21T07:35:58.919+0000] {processor.py:840} INFO - DAG(s) 'clickstream_pipeline' retrieved from /opt/airflow/dags/clickstream_pipeline_dag.py
[2026-08-21T07:35:59.037+0000] {logging_mixin.py:188} INFO - [2026-08-21T07:35:59.036+0000] {dag.py:3089} INFO - Sync 1 DAGs
[2026-08-21T07:35:59.097+0000] {logging_mixin.py:188} INFO - [2026-08-21T07:35:59.096+0000] {dag.py:3947} INFO - Setting next_dagrun for clickstream_pipeline to 2026-08-21 00:00:00+00:00, run_after=2026-08-22 00:00:00+00:00
[2026-08-21T07:35:59.141+0000] {processor.py:183} INFO - Processing /opt/airflow/dags/clickstream_pipeline_dag.py took 0.382 seconds
[2026-08-21T07:36:29.340+0000] {processor.py:161} INFO - Started process (PID=1151) to work on /opt/airflow/dags/clickstream_pipeline_dag.py
[2026-08-21T07:36:29.342+0000] {processor.py:830} INFO - Processing file /opt/airflow/dags/clickstream_pipeline_dag.py for tasks to queue
[2026-08-21T07:36:29.346+0000] {logging_mixin.py:188} INFO - [2026-08-21T07:36:29.345+0000] {dagbag.py:545} INFO - Filling up the DagBag from /opt/airflow/dags/clickstream_pipeline_dag.py
[2026-08-21T07:36:29.390+0000] {processor.py:840} INFO - DAG(s) 'clickstream_pipeline' retrieved from /opt/airflow/dags/clickstream_pipeline_dag.py
[2026-08-21T07:36:29.470+0000] {logging_mixin.py:188} INFO - [2026-08-21T07:36:29.470+0000] {dag.py:3089} INFO - Sync 1 DAGs
[2026-08-21T07:36:29.525+0000] {logging_mixin.py:188} INFO - [2026-08-21T07:36:29.524+0000] {dag.py:3947} INFO - Setting next_dagrun for clickstream_pipeline to 2026-08-21 00:00:00+00:00, run_after=2026-08-22 00:00:00+00:00
[2026-08-21T07:36:29.572+0000] {processor.py:183} INFO - Processing /opt/airflow/dags/clickstream_pipeline_dag.py took 0.244 seconds
[2026-08-21T07:36:59.812+0000] {processor.py:161} INFO - Started process (PID=1198) to work on /opt/airflow/dags/clickstream_pipeline_dag.py
[2026-08-21T07:36:59.813+0000] {processor.py:830} INFO - Processing file /opt/airflow/dags/clickstream_pipeline_dag.py for tasks to queue
[2026-08-21T07:36:59.817+0000] {logging_mixin.py:188} INFO - [2026-08-21T07:36:59.817+0000] {dagbag.py:545} INFO - Filling up the DagBag from /opt/airflow/dags/clickstream_pipeline_dag.py
[2026-08-21T07:36:59.854+0000] {processor.py:840} INFO - DAG(s) 'clickstream_pipeline' retrieved from /opt/airflow/dags/clickstream_pipeline_dag.py
[2026-08-21T07:36:59.912+0000] {logging_mixin.py:188} INFO - [2026-08-21T07:36:59.912+0000] {dag.py:3089} INFO - Sync 1 DAGs
[2026-08-21T07:36:59.944+0000] {logging_mixin.py:188} INFO - [2026-08-21T07:36:59.943+0000] {dag.py:3947} INFO - Setting next_dagrun for clickstream_pipeline to 2026-08-21 00:00:00+00:00, run_after=2026-08-22 00:00:00+00:00
[2026-08-21T07:36:59.972+0000] {processor.py:183} INFO - Processing /opt/airflow/dags/clickstream_pipeline_dag.py took 0.169 seconds
[2026-08-21T07:37:30.179+0000] {processor.py:161} INFO - Started process (PID=1261) to work on /opt/airflow/dags/clickstream_pipeline_dag.py
[2026-08-21T07:37:30.182+0000] {processor.py:830} INFO - Processing file /opt/airflow/dags/clickstream_pipeline_dag.py for tasks to queue
[2026-08-21T07:37:30.187+0000] {logging_mixin.py:188} INFO - [2026-08-21T07:37:30.186+0000] {dagbag.py:545} INFO - Filling up the DagBag from /opt/airflow/dags/clickstream_pipeline_dag.py
[2026-08-21T07:37:30.233+0000] {processor.py:840} INFO - DAG(s) 'clickstream_pipeline' retrieved from /opt/airflow/dags/clickstream_pipeline_dag.py
[2026-08-21T07:37:30.318+0000] {logging_mixin.py:188} INFO - [2026-08-21T07:37:30.318+0000] {dag.py:3089} INFO - Sync 1 DAGs
[2026-08-21T07:37:30.380+0000] {logging_mixin.py:188} INFO - [2026-08-21T07:37:30.379+0000] {dag.py:3947} INFO - Setting next_dagrun for clickstream_pipeline to 2026-08-21 00:00:00+00:00, run_after=2026-08-22 00:00:00+00:00
[2026-08-21T07:37:30.418+0000] {processor.py:183} INFO - Processing /opt/airflow/dags/clickstream_pipeline_dag.py took 0.254 seconds
[2026-08-21T07:38:01.051+0000] {processor.py:161} INFO - Started process (PID=1286) to work on /opt/airflow/dags/clickstream_pipeline_dag.py
[2026-08-21T07:38:01.054+0000] {processor.py:830} INFO - Processing file /opt/airflow/dags/clickstream_pipeline_dag.py for tasks to queue
[2026-08-21T07:38:01.059+0000] {logging_mixin.py:188} INFO - [2026-08-21T07:38:01.058+0000] {dagbag.py:545} INFO - Filling up the DagBag from /opt/airflow/dags/clickstream_pipeline_dag.py
[2026-08-21T07:38:01.114+0000] {processor.py:840} INFO - DAG(s) 'clickstream_pipeline' retrieved from /opt/airflow/dags/clickstream_pipeline_dag.py
[2026-08-21T07:38:01.195+0000] {logging_mixin.py:188} INFO - [2026-08-21T07:38:01.195+0000] {dag.py:3089} INFO - Sync 1 DAGs
[2026-08-21T07:38:01.263+0000] {logging_mixin.py:188} INFO - [2026-08-21T07:38:01.260+0000] {dag.py:3947} INFO - Setting next_dagrun for clickstream_pipeline to 2026-08-21 00:00:00+00:00, run_after=2026-08-22 00:00:00+00:00
[2026-08-21T07:38:01.315+0000] {processor.py:183} INFO - Processing /opt/airflow/dags/clickstream_pipeline_dag.py took 0.285 seconds
[2026-08-21T07:38:31.611+0000] {processor.py:161} INFO - Started process (PID=1404) to work on /opt/airflow/dags/clickstream_pipeline_dag.py
[2026-08-21T07:38:31.612+0000] {processor.py:830} INFO - Processing file /opt/airflow/dags/clickstream_pipeline_dag.py for tasks to queue
[2026-08-21T07:38:31.614+0000] {logging_mixin.py:188} INFO - [2026-08-21T07:38:31.614+0000] {dagbag.py:545} INFO - Filling up the DagBag from /opt/airflow/dags/clickstream_pipeline_dag.py
[2026-08-21T07:38:31.632+0000] {processor.py:840} INFO - DAG(s) 'clickstream_pipeline' retrieved from /opt/airflow/dags/clickstream_pipeline_dag.py
[2026-08-21T07:38:31.673+0000] {logging_mixin.py:188} INFO - [2026-08-21T07:38:31.672+0000] {dag.py:3089} INFO - Sync 1 DAGs
[2026-08-21T07:38:31.698+0000] {logging_mixin.py:188} INFO - [2026-08-21T07:38:31.697+0000] {dag.py:3947} INFO - Setting next_dagrun for clickstream_pipeline to 2026-08-21 00:00:00+00:00, run_after=2026-08-22 00:00:00+00:00
[2026-08-21T07:38:31.717+0000] {processor.py:183} INFO - Processing /opt/airflow/dags/clickstream_pipeline_dag.py took 0.115 seconds
