[2026-08-21T07:32:55.800+0000] {processor.py:161} INFO - Started process (PID=175) to work on /opt/airflow/dags/hello_airflow.py
[2026-08-21T07:32:55.803+0000] {processor.py:830} INFO - Processing file /opt/airflow/dags/hello_airflow.py for tasks to queue
[2026-08-21T07:32:55.808+0000] {logging_mixin.py:188} INFO - [2026-08-21T07:32:55.807+0000] {dagbag.py:545} INFO - Filling up the DagBag from /opt/airflow/dags/hello_airflow.py
[2026-08-21T07:32:55.854+0000] {processor.py:840} INFO - DAG(s) 'hello_airflow' retrieved from /opt/airflow/dags/hello_airflow.py
[2026-08-21T07:32:55.966+0000] {logging_mixin.py:188} INFO - [2026-08-21T07:32:55.966+0000] {dag.py:3089} INFO - Sync 1 DAGs
[2026-08-21T07:32:56.003+0000] {logging_mixin.py:188} INFO - [2026-08-21T07:32:56.002+0000] {dag.py:3947} INFO - Setting next_dagrun for hello_airflow to None, run_after=None
[2026-08-21T07:32:56.047+0000] {processor.py:183} INFO - Processing /opt/airflow/dags/hello_airflow.py took 0.262 seconds
[2026-08-21T07:33:26.547+0000] {processor.py:161} INFO - Started process (PID=362) to work on /opt/airflow/dags/hello_airflow.py
[2026-08-21T07:33:26.554+0000] {processor.py:830} INFO - Processing file /opt/airflow/dags/hello_airflow.py for tasks to queue
[2026-08-21T07:33:26.559+0000] {logging_mixin.py:188} INFO - [2026-08-21T07:33:26.559+0000] {dagbag.py:545} INFO - Filling up the DagBag from /opt/airflow/dags/hello_airflow.py
[2026-08-21T07:33:26.601+0000] {processor.py:840} INFO - DAG(s) 'hello_airflow' retrieved from /opt/airflow/dags/hello_airflow.py
[2026-08-21T07:33:26.666+0000] {logging_mixin.py:188} INFO - [2026-08-21T07:33:26.665+0000] {dag.py:3089} INFO - Sync 1 DAGs
[2026-08-21T07:33:26.697+0000] {logging_mixin.py:188} INFO - [2026-08-21T07:33:26.696+0000] {dag.py:3947} INFO - Setting next_dagrun for hello_airflow to None, run_after=None
[2026-08-21T07:33:26.733+0000] {processor.py:183} INFO - Processing /opt/airflow/dags/hello_airflow.py took 0.198 seconds
[2026-08-21T07:33:57.038+0000] {processor.py:161} INFO - Started process (PID=594) to work on /opt/airflow/dags/hello_airflow.py
[2026-08-21T07:33:57.040+0000] {processor.py:830} INFO - Processing file /opt/airflow/dags/hello_airflow.py for tasks to queue
[2026-08-21T07:33:57.044+0000] {logging_mixin.py:188} INFO - [2026-08-21T07:33:57.043+0000] {dagbag.py:545} INFO - Filling up the DagBag from /opt/airflow/dags/hello_airflow.py
[2026-08-21T07:33:57.081+0000] {processor.py:840} INFO - DAG(s) 'hello_airflow' retrieved from /opt/airflow/dags/hello_airflow.py
[2026-08-21T07:33:57.143+0000] {logging_mixin.py:188} INFO - [2026-08-21T07:33:57.143+0000] {dag.py:3089} INFO - Sync 1 DAGs
[2026-08-21T07:33:57.176+0000] {logging_mixin.py:188} INFO - [2026-08-21T07:33:57.176+0000] {dag.py:3947} INFO - Setting next_dagrun for hello_airflow to None, run_after=None
[2026-08-21T07:33:57.212+0000] {processor.py:183} INFO - Processing /opt/airflow/dags/hello_airflow.py took 0.183 seconds
[2026-08-21T07:34:27.552+0000] {processor.py:161} INFO - Started process (PID=697) to work on /opt/airflow/dags/hello_airflow.py
[2026-08-21T07:34:27.555+0000] {processor.py:830} INFO - Processing file /opt/airflow/dags/hello_airflow.py for tasks to queue
[2026-08-21T07:34:27.562+0000] {logging_mixin.py:188} INFO - [2026-08-21T07:34:27.561+0000] {dagbag.py:545} INFO - Filling up the DagBag from /opt/airflow/dags/hello_airflow.py
[2026-08-21T07:34:27.597+0000] {processor.py:840} INFO - DAG(s) 'hello_airflow' retrieved from /opt/airflow/dags/hello_airflow.py
[2026-08-21T07:34:27.656+0000] {logging_mixin.py:188} INFO - [2026-08-21T07:34:27.655+0000] {dag.py:3089} INFO - Sync 1 DAGs
[2026-08-21T07:34:27.686+0000] {logging_mixin.py:188} INFO - [2026-08-21T07:34:27.685+0000] {dag.py:3947} INFO - Setting next_dagrun for hello_airflow to None, run_after=None
[2026-08-21T07:34:27.726+0000] {processor.py:183} INFO - Processing /opt/airflow/dags/hello_airflow.py took 0.187 seconds
[2026-08-21T07:34:57.980+0000] {processor.py:161} INFO - Started process (PID=720) to work on /opt/airflow/dags/hello_airflow.py
[2026-08-21T07:34:57.982+0000] {processor.py:830} INFO - Processing file /opt/airflow/dags/hello_airflow.py for tasks to queue
[2026-08-21T07:34:57.986+0000] {logging_mixin.py:188} INFO - [2026-08-21T07:34:57.985+0000] {dagbag.py:545} INFO - Filling up the DagBag from /opt/airflow/dags/hello_airflow.py
[2026-08-21T07:34:58.016+0000] {processor.py:840} INFO - DAG(s) 'hello_airflow' retrieved from /opt/airflow/dags/hello_airflow.py
[2026-08-21T07:34:58.057+0000] {logging_mixin.py:188} INFO - [2026-08-21T07:34:58.057+0000] {dag.py:3089} INFO - Sync 1 DAGs
[2026-08-21T07:34:58.087+0000] {logging_mixin.py:188} INFO - [2026-08-21T07:34:58.087+0000] {dag.py:3947} INFO - Setting next_dagrun for hello_airflow to None, run_after=None
[2026-08-21T07:34:58.126+0000] {processor.py:183} INFO - Processing /opt/airflow/dags/hello_airflow.py took 0.152 seconds
[2026-08-21T07:35:28.401+0000] {processor.py:161} INFO - Started process (PID=744) to work on /opt/airflow/dags/hello_airflow.py
[2026-08-21T07:35:28.403+0000] {processor.py:830} INFO - Processing file /opt/airflow/dags/hello_airflow.py for tasks to queue
[2026-08-21T07:35:28.406+0000] {logging_mixin.py:188} INFO - [2026-08-21T07:35:28.405+0000] {dagbag.py:545} INFO - Filling up the DagBag from /opt/airflow/dags/hello_airflow.py
[2026-08-21T07:35:28.427+0000] {processor.py:840} INFO - DAG(s) 'hello_airflow' retrieved from /opt/airflow/dags/hello_airflow.py
[2026-08-21T07:35:28.461+0000] {logging_mixin.py:188} INFO - [2026-08-21T07:35:28.461+0000] {dag.py:3089} INFO - Sync 1 DAGs
[2026-08-21T07:35:28.479+0000] {logging_mixin.py:188} INFO - [2026-08-21T07:35:28.479+0000] {dag.py:3947} INFO - Setting next_dagrun for hello_airflow to None, run_after=None
[2026-08-21T07:35:28.505+0000] {processor.py:183} INFO - Processing /opt/airflow/dags/hello_airflow.py took 0.110 seconds
[2026-08-21T07:35:58.810+0000] {processor.py:161} INFO - Started process (PID=807) to work on /opt/airflow/dags/hello_airflow.py
[2026-08-21T07:35:58.819+0000] {processor.py:830} INFO - Processing file /opt/airflow/dags/hello_airflow.py for tasks to queue
[2026-08-21T07:35:58.825+0000] {logging_mixin.py:188} INFO - [2026-08-21T07:35:58.824+0000] {dagbag.py:545} INFO - Filling up the DagBag from /opt/airflow/dags/hello_airflow.py
[2026-08-21T07:35:58.870+0000] {processor.py:840} INFO - DAG(s) 'hello_airflow' retrieved from /opt/airflow/dags/hello_airflow.py
[2026-08-21T07:35:58.941+0000] {logging_mixin.py:188} INFO - [2026-08-21T07:35:58.940+0000] {dag.py:3089} INFO - Sync 1 DAGs
[2026-08-21T07:35:58.975+0000] {logging_mixin.py:188} INFO - [2026-08-21T07:35:58.974+0000] {dag.py:3947} INFO - Setting next_dagrun for hello_airflow to None, run_after=None
[2026-08-21T07:35:59.018+0000] {processor.py:183} INFO - Processing /opt/airflow/dags/hello_airflow.py took 0.226 seconds
[2026-08-21T07:36:29.360+0000] {processor.py:161} INFO - Started process (PID=1154) to work on /opt/airflow/dags/hello_airflow.py
[2026-08-21T07:36:29.364+0000] {processor.py:830} INFO - Processing file /opt/airflow/dags/hello_airflow.py for tasks to queue
[2026-08-21T07:36:29.367+0000] {logging_mixin.py:188} INFO - [2026-08-21T07:36:29.367+0000] {dagbag.py:545} INFO - Filling up the DagBag from /opt/airflow/dags/hello_airflow.py
[2026-08-21T07:36:29.406+0000] {processor.py:840} INFO - DAG(s) 'hello_airflow' retrieved from /opt/airflow/dags/hello_airflow.py
[2026-08-21T07:36:29.471+0000] {logging_mixin.py:188} INFO - [2026-08-21T07:36:29.471+0000] {dag.py:3089} INFO - Sync 1 DAGs
[2026-08-21T07:36:29.501+0000] {logging_mixin.py:188} INFO - [2026-08-21T07:36:29.501+0000] {dag.py:3947} INFO - Setting next_dagrun for hello_airflow to None, run_after=None
[2026-08-21T07:36:29.543+0000] {processor.py:183} INFO - Processing /opt/airflow/dags/hello_airflow.py took 0.199 seconds
[2026-08-21T07:36:59.820+0000] {processor.py:161} INFO - Started process (PID=1201) to work on /opt/airflow/dags/hello_airflow.py
[2026-08-21T07:36:59.823+0000] {processor.py:830} INFO - Processing file /opt/airflow/dags/hello_airflow.py for tasks to queue
[2026-08-21T07:36:59.826+0000] {logging_mixin.py:188} INFO - [2026-08-21T07:36:59.825+0000] {dagbag.py:545} INFO - Filling up the DagBag from /opt/airflow/dags/hello_airflow.py
[2026-08-21T07:36:59.853+0000] {processor.py:840} INFO - DAG(s) 'hello_airflow' retrieved from /opt/airflow/dags/hello_airflow.py
[2026-08-21T07:36:59.893+0000] {logging_mixin.py:188} INFO - [2026-08-21T07:36:59.893+0000] {dag.py:3089} INFO - Sync 1 DAGs
[2026-08-21T07:36:59.912+0000] {logging_mixin.py:188} INFO - [2026-08-21T07:36:59.912+0000] {dag.py:3947} INFO - Setting next_dagrun for hello_airflow to None, run_after=None
[2026-08-21T07:36:59.941+0000] {processor.py:183} INFO - Processing /opt/airflow/dags/hello_airflow.py took 0.129 seconds
[2026-08-21T07:37:30.194+0000] {processor.py:161} INFO - Started process (PID=1264) to work on /opt/airflow/dags/hello_airflow.py
[2026-08-21T07:37:30.197+0000] {processor.py:830} INFO - Processing file /opt/airflow/dags/hello_airflow.py for tasks to queue
[2026-08-21T07:37:30.201+0000] {logging_mixin.py:188} INFO - [2026-08-21T07:37:30.200+0000] {dagbag.py:545} INFO - Filling up the DagBag from /opt/airflow/dags/hello_airflow.py
[2026-08-21T07:37:30.242+0000] {processor.py:840} INFO - DAG(s) 'hello_airflow' retrieved from /opt/airflow/dags/hello_airflow.py
[2026-08-21T07:37:30.306+0000] {logging_mixin.py:188} INFO - [2026-08-21T07:37:30.305+0000] {dag.py:3089} INFO - Sync 1 DAGs
[2026-08-21T07:37:30.346+0000] {logging_mixin.py:188} INFO - [2026-08-21T07:37:30.345+0000] {dag.py:3947} INFO - Setting next_dagrun for hello_airflow to None, run_after=None
[2026-08-21T07:37:30.392+0000] {processor.py:183} INFO - Processing /opt/airflow/dags/hello_airflow.py took 0.209 seconds
[2026-08-21T07:38:01.061+0000] {processor.py:161} INFO - Started process (PID=1289) to work on /opt/airflow/dags/hello_airflow.py
[2026-08-21T07:38:01.064+0000] {processor.py:830} INFO - Processing file /opt/airflow/dags/hello_airflow.py for tasks to queue
[2026-08-21T07:38:01.070+0000] {logging_mixin.py:188} INFO - [2026-08-21T07:38:01.069+0000] {dagbag.py:545} INFO - Filling up the DagBag from /opt/airflow/dags/hello_airflow.py
[2026-08-21T07:38:01.114+0000] {processor.py:840} INFO - DAG(s) 'hello_airflow' retrieved from /opt/airflow/dags/hello_airflow.py
[2026-08-21T07:38:01.175+0000] {logging_mixin.py:188} INFO - [2026-08-21T07:38:01.174+0000] {dag.py:3089} INFO - Sync 1 DAGs
[2026-08-21T07:38:01.202+0000] {logging_mixin.py:188} INFO - [2026-08-21T07:38:01.202+0000] {dag.py:3947} INFO - Setting next_dagrun for hello_airflow to None, run_after=None
[2026-08-21T07:38:01.263+0000] {processor.py:183} INFO - Processing /opt/airflow/dags/hello_airflow.py took 0.214 seconds
[2026-08-21T07:38:31.620+0000] {processor.py:161} INFO - Started process (PID=1407) to work on /opt/airflow/dags/hello_airflow.py
[2026-08-21T07:38:31.621+0000] {processor.py:830} INFO - Processing file /opt/airflow/dags/hello_airflow.py for tasks to queue
[2026-08-21T07:38:31.623+0000] {logging_mixin.py:188} INFO - [2026-08-21T07:38:31.623+0000] {dagbag.py:545} INFO - Filling up the DagBag from /opt/airflow/dags/hello_airflow.py
[2026-08-21T07:38:31.638+0000] {processor.py:840} INFO - DAG(s) 'hello_airflow' retrieved from /opt/airflow/dags/hello_airflow.py
[2026-08-21T07:38:31.668+0000] {logging_mixin.py:188} INFO - [2026-08-21T07:38:31.668+0000] {dag.py:3089} INFO - Sync 1 DAGs
[2026-08-21T07:38:31.685+0000] {logging_mixin.py:188} INFO - [2026-08-21T07:38:31.685+0000] {dag.py:3947} INFO - Setting next_dagrun for hello_airflow to None, run_after=None
[2026-08-21T07:38:31.706+0000] {processor.py:183} INFO - Processing /opt/airflow/dags/hello_airflow.py took 0.091 seconds
