[2026-08-20T13:24:49.493+0000] {local_task_job_runner.py:120} INFO - ::group::Pre task execution logs
[2026-08-20T13:24:49.555+0000] {taskinstance.py:2076} INFO - Dependencies all met for dep_context=non-requeueable deps ti=<TaskInstance: clickstream_pipeline.load_to_warehouse scheduled__2026-08-19T00:00:00+00:00 [queued]>
[2026-08-20T13:24:49.572+0000] {taskinstance.py:2076} INFO - Dependencies all met for dep_context=requeueable deps ti=<TaskInstance: clickstream_pipeline.load_to_warehouse scheduled__2026-08-19T00:00:00+00:00 [queued]>
[2026-08-20T13:24:49.574+0000] {taskinstance.py:2306} INFO - Starting attempt 1 of 1
[2026-08-20T13:24:49.602+0000] {taskinstance.py:2330} INFO - Executing <Task(SparkSubmitOperator): load_to_warehouse> on 2026-08-19 00:00:00+00:00
[2026-08-20T13:24:49.616+0000] {standard_task_runner.py:90} INFO - Running: ['***', 'tasks', 'run', 'clickstream_pipeline', 'load_to_warehouse', 'scheduled__2026-08-19T00:00:00+00:00', '--job-id', '31', '--raw', '--subdir', 'DAGS_FOLDER/clickstream_pipeline_dag.py', '--cfg-path', '/tmp/tmp3i4o34xu']
[2026-08-20T13:24:49.621+0000] {standard_task_runner.py:91} INFO - Job 31: Subtask load_to_warehouse
[2026-08-20T13:24:49.617+0000] {logging_mixin.py:188} WARNING - /home/***/.local/lib/python3.12/site-packages/***/task/task_runner/standard_task_runner.py:62 DeprecationWarning: This process (pid=2645) is multi-threaded, use of fork() may lead to deadlocks in the child.
[2026-08-20T13:24:49.624+0000] {standard_task_runner.py:64} INFO - Started process 2646 to run task
[2026-08-20T13:24:49.696+0000] {task_command.py:426} INFO - Running <TaskInstance: clickstream_pipeline.load_to_warehouse scheduled__2026-08-19T00:00:00+00:00 [running]> on host fddce5c4ea74
[2026-08-20T13:24:49.802+0000] {taskinstance.py:2648} INFO - Exporting env vars: AIRFLOW_CTX_DAG_OWNER='***' AIRFLOW_CTX_DAG_ID='clickstream_pipeline' AIRFLOW_CTX_TASK_ID='load_to_warehouse' AIRFLOW_CTX_EXECUTION_DATE='2026-08-19T00:00:00+00:00' AIRFLOW_CTX_TRY_NUMBER='1' AIRFLOW_CTX_DAG_RUN_ID='scheduled__2026-08-19T00:00:00+00:00'
[2026-08-20T13:24:49.804+0000] {taskinstance.py:430} INFO - ::endgroup::
[2026-08-20T13:24:49.818+0000] {base.py:84} INFO - Using connection ID 'spark_default' for task execution.
[2026-08-20T13:24:49.819+0000] {spark_submit.py:473} INFO - Spark-Submit cmd: spark-submit --master spark://spark-master:7077 --jars /opt/spark/custom-jars/postgresql-42.7.4.jar --name arrow-spark --verbose /opt/spark/jobs/load_to_warehouse.py --input-path /opt/spark/data/aggregated --jdbc-url jdbc:postgresql://warehouse-postgres:5432/warehouse --db-user warehouse --db-password ******
[2026-08-20T13:24:50.962+0000] {spark_submit.py:634} INFO - Using properties file: null
[2026-08-20T13:24:51.078+0000] {spark_submit.py:634} INFO - Parsed arguments:
[2026-08-20T13:24:51.080+0000] {spark_submit.py:634} INFO - master                  spark://spark-master:7077
[2026-08-20T13:24:51.081+0000] {spark_submit.py:634} INFO - remote                  null
[2026-08-20T13:24:51.085+0000] {spark_submit.py:634} INFO - deployMode              null
[2026-08-20T13:24:51.086+0000] {spark_submit.py:634} INFO - executorMemory          null
[2026-08-20T13:24:51.088+0000] {spark_submit.py:634} INFO - executorCores           null
[2026-08-20T13:24:51.089+0000] {spark_submit.py:634} INFO - totalExecutorCores      null
[2026-08-20T13:24:51.091+0000] {spark_submit.py:634} INFO - propertiesFile          null
[2026-08-20T13:24:51.092+0000] {spark_submit.py:634} INFO - driverMemory            null
[2026-08-20T13:24:51.093+0000] {spark_submit.py:634} INFO - driverCores             null
[2026-08-20T13:24:51.094+0000] {spark_submit.py:634} INFO - driverExtraClassPath    null
[2026-08-20T13:24:51.095+0000] {spark_submit.py:634} INFO - driverExtraLibraryPath  null
[2026-08-20T13:24:51.095+0000] {spark_submit.py:634} INFO - driverExtraJavaOptions  null
[2026-08-20T13:24:51.096+0000] {spark_submit.py:634} INFO - supervise               false
[2026-08-20T13:24:51.097+0000] {spark_submit.py:634} INFO - queue                   null
[2026-08-20T13:24:51.098+0000] {spark_submit.py:634} INFO - numExecutors            null
[2026-08-20T13:24:51.098+0000] {spark_submit.py:634} INFO - files                   null
[2026-08-20T13:24:51.099+0000] {spark_submit.py:634} INFO - pyFiles                 null
[2026-08-20T13:24:51.100+0000] {spark_submit.py:634} INFO - archives                null
[2026-08-20T13:24:51.101+0000] {spark_submit.py:634} INFO - mainClass               null
[2026-08-20T13:24:51.101+0000] {spark_submit.py:634} INFO - primaryResource         file:/opt/spark/jobs/load_to_warehouse.py
[2026-08-20T13:24:51.102+0000] {spark_submit.py:634} INFO - name                    arrow-spark
[2026-08-20T13:24:51.104+0000] {spark_submit.py:634} INFO - childArgs               [--input-path /opt/spark/data/aggregated --jdbc-url jdbc:postgresql://warehouse-postgres:5432/warehouse --db-user warehouse --db-password warehouse]
[2026-08-20T13:24:51.105+0000] {spark_submit.py:634} INFO - jars                    file:/opt/spark/custom-jars/postgresql-42.7.4.jar
[2026-08-20T13:24:51.106+0000] {spark_submit.py:634} INFO - packages                null
[2026-08-20T13:24:51.107+0000] {spark_submit.py:634} INFO - packagesExclusions      null
[2026-08-20T13:24:51.108+0000] {spark_submit.py:634} INFO - repositories            null
[2026-08-20T13:24:51.109+0000] {spark_submit.py:634} INFO - verbose                 true
[2026-08-20T13:24:51.109+0000] {spark_submit.py:634} INFO - 
[2026-08-20T13:24:51.110+0000] {spark_submit.py:634} INFO - Spark properties used, including those specified through
[2026-08-20T13:24:51.111+0000] {spark_submit.py:634} INFO - --conf and those from the properties file null:
[2026-08-20T13:24:51.111+0000] {spark_submit.py:634} INFO - 
[2026-08-20T13:24:51.112+0000] {spark_submit.py:634} INFO - 
[2026-08-20T13:24:51.113+0000] {spark_submit.py:634} INFO - 
[2026-08-20T13:24:51.377+0000] {spark_submit.py:634} INFO - 26/08/20 13:24:51 WARN NativeCodeLoader: Unable to load native-hadoop library for your platform... using builtin-java classes where applicable
[2026-08-20T13:24:51.582+0000] {spark_submit.py:634} INFO - Main class:
[2026-08-20T13:24:51.583+0000] {spark_submit.py:634} INFO - org.apache.spark.deploy.PythonRunner
[2026-08-20T13:24:51.585+0000] {spark_submit.py:634} INFO - Arguments:
[2026-08-20T13:24:51.586+0000] {spark_submit.py:634} INFO - file:/opt/spark/jobs/load_to_warehouse.py
[2026-08-20T13:24:51.587+0000] {spark_submit.py:634} INFO - null
[2026-08-20T13:24:51.589+0000] {spark_submit.py:634} INFO - --input-path
[2026-08-20T13:24:51.590+0000] {spark_submit.py:634} INFO - /opt/spark/data/aggregated
[2026-08-20T13:24:51.591+0000] {spark_submit.py:634} INFO - --jdbc-url
[2026-08-20T13:24:51.592+0000] {spark_submit.py:634} INFO - jdbc:postgresql://warehouse-postgres:5432/warehouse
[2026-08-20T13:24:51.593+0000] {spark_submit.py:634} INFO - --db-user
[2026-08-20T13:24:51.594+0000] {spark_submit.py:634} INFO - warehouse
[2026-08-20T13:24:51.595+0000] {spark_submit.py:634} INFO - --db-password
[2026-08-20T13:24:51.596+0000] {spark_submit.py:634} INFO - warehouse
[2026-08-20T13:24:51.598+0000] {spark_submit.py:634} INFO - Spark config:
[2026-08-20T13:24:51.599+0000] {spark_submit.py:634} INFO - (spark.app.name,arrow-spark)
[2026-08-20T13:24:51.600+0000] {spark_submit.py:634} INFO - (spark.app.submitTime,1787232291561)
[2026-08-20T13:24:51.601+0000] {spark_submit.py:634} INFO - (spark.jars,file:///opt/spark/custom-jars/postgresql-42.7.4.jar)
[2026-08-20T13:24:51.604+0000] {spark_submit.py:634} INFO - (spark.master,spark://spark-master:7077)
[2026-08-20T13:24:51.605+0000] {spark_submit.py:634} INFO - (spark.repl.local.jars,file:///opt/spark/custom-jars/postgresql-42.7.4.jar)
[2026-08-20T13:24:51.606+0000] {spark_submit.py:634} INFO - (spark.submit.deployMode,client)
[2026-08-20T13:24:51.607+0000] {spark_submit.py:634} INFO - (spark.submit.pyFiles,)
[2026-08-20T13:24:51.608+0000] {spark_submit.py:634} INFO - Classpath elements:
[2026-08-20T13:24:51.609+0000] {spark_submit.py:634} INFO - file:///opt/spark/custom-jars/postgresql-42.7.4.jar
[2026-08-20T13:24:51.611+0000] {spark_submit.py:634} INFO - 
[2026-08-20T13:24:51.613+0000] {spark_submit.py:634} INFO - 
[2026-08-20T13:24:52.718+0000] {spark_submit.py:634} INFO - 26/08/20 13:24:52 INFO SparkContext: Running Spark version 3.5.1
[2026-08-20T13:24:52.720+0000] {spark_submit.py:634} INFO - 26/08/20 13:24:52 INFO SparkContext: OS info Linux, 6.18.33.2-microsoft-standard-WSL2, amd64
[2026-08-20T13:24:52.721+0000] {spark_submit.py:634} INFO - 26/08/20 13:24:52 INFO SparkContext: Java version 17.0.20
[2026-08-20T13:24:52.751+0000] {spark_submit.py:634} INFO - 26/08/20 13:24:52 INFO ResourceUtils: ==============================================================
[2026-08-20T13:24:52.752+0000] {spark_submit.py:634} INFO - 26/08/20 13:24:52 INFO ResourceUtils: No custom resources configured for spark.driver.
[2026-08-20T13:24:52.753+0000] {spark_submit.py:634} INFO - 26/08/20 13:24:52 INFO ResourceUtils: ==============================================================
[2026-08-20T13:24:52.754+0000] {spark_submit.py:634} INFO - 26/08/20 13:24:52 INFO SparkContext: Submitted application: load_to_warehouse
[2026-08-20T13:24:52.778+0000] {spark_submit.py:634} INFO - 26/08/20 13:24:52 INFO ResourceProfile: Default ResourceProfile created, executor resources: Map(memory -> name: memory, amount: 1024, script: , vendor: , offHeap -> name: offHeap, amount: 0, script: , vendor: ), task resources: Map(cpus -> name: cpus, amount: 1.0)
[2026-08-20T13:24:52.786+0000] {spark_submit.py:634} INFO - 26/08/20 13:24:52 INFO ResourceProfile: Limiting resource is cpu
[2026-08-20T13:24:52.787+0000] {spark_submit.py:634} INFO - 26/08/20 13:24:52 INFO ResourceProfileManager: Added ResourceProfile id: 0
[2026-08-20T13:24:52.838+0000] {spark_submit.py:634} INFO - 26/08/20 13:24:52 INFO SecurityManager: Changing view acls to: root
[2026-08-20T13:24:52.841+0000] {spark_submit.py:634} INFO - 26/08/20 13:24:52 INFO SecurityManager: Changing modify acls to: root
[2026-08-20T13:24:52.842+0000] {spark_submit.py:634} INFO - 26/08/20 13:24:52 INFO SecurityManager: Changing view acls groups to:
[2026-08-20T13:24:52.843+0000] {spark_submit.py:634} INFO - 26/08/20 13:24:52 INFO SecurityManager: Changing modify acls groups to:
[2026-08-20T13:24:52.843+0000] {spark_submit.py:634} INFO - 26/08/20 13:24:52 INFO SecurityManager: SecurityManager: authentication disabled; ui acls disabled; users with view permissions: root; groups with view permissions: EMPTY; users with modify permissions: root; groups with modify permissions: EMPTY
[2026-08-20T13:24:53.058+0000] {spark_submit.py:634} INFO - 26/08/20 13:24:53 INFO Utils: Successfully started service 'sparkDriver' on port 42815.
[2026-08-20T13:24:53.093+0000] {spark_submit.py:634} INFO - 26/08/20 13:24:53 INFO SparkEnv: Registering MapOutputTracker
[2026-08-20T13:24:53.137+0000] {spark_submit.py:634} INFO - 26/08/20 13:24:53 INFO SparkEnv: Registering BlockManagerMaster
[2026-08-20T13:24:53.161+0000] {spark_submit.py:634} INFO - 26/08/20 13:24:53 INFO BlockManagerMasterEndpoint: Using org.apache.spark.storage.DefaultTopologyMapper for getting topology information
[2026-08-20T13:24:53.162+0000] {spark_submit.py:634} INFO - 26/08/20 13:24:53 INFO BlockManagerMasterEndpoint: BlockManagerMasterEndpoint up
[2026-08-20T13:24:53.166+0000] {spark_submit.py:634} INFO - 26/08/20 13:24:53 INFO SparkEnv: Registering BlockManagerMasterHeartbeat
[2026-08-20T13:24:53.193+0000] {spark_submit.py:634} INFO - 26/08/20 13:24:53 INFO DiskBlockManager: Created local directory at /tmp/blockmgr-5dec14f1-8b49-47c2-9de7-1f8481563a78
[2026-08-20T13:24:53.209+0000] {spark_submit.py:634} INFO - 26/08/20 13:24:53 INFO MemoryStore: MemoryStore started with capacity 434.4 MiB
[2026-08-20T13:24:53.228+0000] {spark_submit.py:634} INFO - 26/08/20 13:24:53 INFO SparkEnv: Registering OutputCommitCoordinator
[2026-08-20T13:24:53.406+0000] {spark_submit.py:634} INFO - 26/08/20 13:24:53 INFO JettyUtils: Start Jetty 0.0.0.0:4040 for SparkUI
[2026-08-20T13:24:53.487+0000] {spark_submit.py:634} INFO - 26/08/20 13:24:53 INFO Utils: Successfully started service 'SparkUI' on port 4040.
[2026-08-20T13:24:53.531+0000] {spark_submit.py:634} INFO - 26/08/20 13:24:53 INFO SparkContext: Added JAR file:///opt/spark/custom-jars/postgresql-42.7.4.jar at spark://fddce5c4ea74:42815/jars/postgresql-42.7.4.jar with timestamp 1787232292711
[2026-08-20T13:24:53.625+0000] {spark_submit.py:634} INFO - 26/08/20 13:24:53 INFO StandaloneAppClient$ClientEndpoint: Connecting to master spark://spark-master:7077...
[2026-08-20T13:24:53.692+0000] {spark_submit.py:634} INFO - 26/08/20 13:24:53 INFO TransportClientFactory: Successfully created connection to spark-master/172.18.0.3:7077 after 38 ms (0 ms spent in bootstraps)
[2026-08-20T13:24:53.789+0000] {spark_submit.py:634} INFO - 26/08/20 13:24:53 INFO StandaloneSchedulerBackend: Connected to Spark cluster with app ID app-20260820132453-0005
[2026-08-20T13:24:53.793+0000] {spark_submit.py:634} INFO - 26/08/20 13:24:53 INFO StandaloneAppClient$ClientEndpoint: Executor added: app-20260820132453-0005/0 on worker-20260820130831-172.18.0.6-33481 (172.18.0.6:33481) with 2 core(s)
[2026-08-20T13:24:53.794+0000] {spark_submit.py:634} INFO - 26/08/20 13:24:53 INFO StandaloneSchedulerBackend: Granted executor ID app-20260820132453-0005/0 on hostPort 172.18.0.6:33481 with 2 core(s), 1024.0 MiB RAM
[2026-08-20T13:24:53.800+0000] {spark_submit.py:634} INFO - 26/08/20 13:24:53 INFO Utils: Successfully started service 'org.apache.spark.network.netty.NettyBlockTransferService' on port 41915.
[2026-08-20T13:24:53.801+0000] {spark_submit.py:634} INFO - 26/08/20 13:24:53 INFO NettyBlockTransferService: Server created on fddce5c4ea74:41915
[2026-08-20T13:24:53.803+0000] {spark_submit.py:634} INFO - 26/08/20 13:24:53 INFO BlockManager: Using org.apache.spark.storage.RandomBlockReplicationPolicy for block replication policy
[2026-08-20T13:24:53.811+0000] {spark_submit.py:634} INFO - 26/08/20 13:24:53 INFO BlockManagerMaster: Registering BlockManager BlockManagerId(driver, fddce5c4ea74, 41915, None)
[2026-08-20T13:24:53.817+0000] {spark_submit.py:634} INFO - 26/08/20 13:24:53 INFO BlockManagerMasterEndpoint: Registering block manager fddce5c4ea74:41915 with 434.4 MiB RAM, BlockManagerId(driver, fddce5c4ea74, 41915, None)
[2026-08-20T13:24:53.825+0000] {spark_submit.py:634} INFO - 26/08/20 13:24:53 INFO BlockManagerMaster: Registered BlockManager BlockManagerId(driver, fddce5c4ea74, 41915, None)
[2026-08-20T13:24:53.827+0000] {spark_submit.py:634} INFO - 26/08/20 13:24:53 INFO BlockManager: Initialized BlockManager: BlockManagerId(driver, fddce5c4ea74, 41915, None)
[2026-08-20T13:24:53.836+0000] {spark_submit.py:634} INFO - 26/08/20 13:24:53 INFO StandaloneAppClient$ClientEndpoint: Executor updated: app-20260820132453-0005/0 is now RUNNING
[2026-08-20T13:24:54.090+0000] {spark_submit.py:634} INFO - 26/08/20 13:24:54 INFO StandaloneSchedulerBackend: SchedulerBackend is ready for scheduling beginning after reached minRegisteredResourcesRatio: 0.0
[2026-08-20T13:25:14.318+0000] {spark_submit.py:634} INFO - [load_to_warehouse] Loaded 730 rows into 'fact_sessions'
[2026-08-20T13:25:15.345+0000] {spark_submit.py:634} INFO - [load_to_warehouse] Loaded 1 rows into 'fact_daily_metrics'
[2026-08-20T13:25:15.743+0000] {taskinstance.py:441} INFO - ::group::Post task execution logs
[2026-08-20T13:25:15.752+0000] {taskinstance.py:1206} INFO - Marking task as SUCCESS. dag_id=clickstream_pipeline, task_id=load_to_warehouse, run_id=scheduled__2026-08-19T00:00:00+00:00, execution_date=20260819T000000, start_date=20260820T132449, end_date=20260820T132515
[2026-08-20T13:25:15.802+0000] {local_task_job_runner.py:243} INFO - Task exited with return code 0
[2026-08-20T13:25:15.825+0000] {taskinstance.py:3503} INFO - 1 downstream tasks scheduled from follow-on schedule check
[2026-08-20T13:25:15.828+0000] {local_task_job_runner.py:222} INFO - ::endgroup::
