[2026-08-20T13:34:06.891+0000] {local_task_job_runner.py:120} INFO - ::group::Pre task execution logs
[2026-08-20T13:34:06.926+0000] {taskinstance.py:2076} INFO - Dependencies all met for dep_context=non-requeueable deps ti=<TaskInstance: clickstream_pipeline.clean_events manual__2026-08-20T13:34:06.437402+00:00 [queued]>
[2026-08-20T13:34:06.937+0000] {taskinstance.py:2076} INFO - Dependencies all met for dep_context=requeueable deps ti=<TaskInstance: clickstream_pipeline.clean_events manual__2026-08-20T13:34:06.437402+00:00 [queued]>
[2026-08-20T13:34:06.939+0000] {taskinstance.py:2306} INFO - Starting attempt 1 of 1
[2026-08-20T13:34:06.965+0000] {taskinstance.py:2330} INFO - Executing <Task(SparkSubmitOperator): clean_events> on 2026-08-20 13:34:06.437402+00:00
[2026-08-20T13:34:06.977+0000] {logging_mixin.py:188} WARNING - /home/***/.local/lib/python3.12/site-packages/***/task/task_runner/standard_task_runner.py:62 DeprecationWarning: This process (pid=3394) is multi-threaded, use of fork() may lead to deadlocks in the child.
[2026-08-20T13:34:06.975+0000] {standard_task_runner.py:90} INFO - Running: ['***', 'tasks', 'run', 'clickstream_pipeline', 'clean_events', 'manual__2026-08-20T13:34:06.437402+00:00', '--job-id', '33', '--raw', '--subdir', 'DAGS_FOLDER/clickstream_pipeline_dag.py', '--cfg-path', '/tmp/tmpx4gbi3_f']
[2026-08-20T13:34:06.980+0000] {standard_task_runner.py:64} INFO - Started process 3395 to run task
[2026-08-20T13:34:06.980+0000] {standard_task_runner.py:91} INFO - Job 33: Subtask clean_events
[2026-08-20T13:34:07.045+0000] {task_command.py:426} INFO - Running <TaskInstance: clickstream_pipeline.clean_events manual__2026-08-20T13:34:06.437402+00:00 [running]> on host fddce5c4ea74
[2026-08-20T13:34:07.135+0000] {taskinstance.py:2648} INFO - Exporting env vars: AIRFLOW_CTX_DAG_OWNER='***' AIRFLOW_CTX_DAG_ID='clickstream_pipeline' AIRFLOW_CTX_TASK_ID='clean_events' AIRFLOW_CTX_EXECUTION_DATE='2026-08-20T13:34:06.437402+00:00' AIRFLOW_CTX_TRY_NUMBER='1' AIRFLOW_CTX_DAG_RUN_ID='manual__2026-08-20T13:34:06.437402+00:00'
[2026-08-20T13:34:07.136+0000] {taskinstance.py:430} INFO - ::endgroup::
[2026-08-20T13:34:07.155+0000] {base.py:84} INFO - Using connection ID 'spark_default' for task execution.
[2026-08-20T13:34:07.156+0000] {spark_submit.py:473} INFO - Spark-Submit cmd: spark-submit --master spark://spark-master:7077 --conf spark.sql.sources.partitionOverwriteMode=dynamic --conf spark.hadoop.mapreduce.fileoutputcommitter.algorithm.version=2 --name arrow-spark --verbose /opt/spark/jobs/clean_events.py --input-path /opt/spark/data/raw --output-path /opt/spark/data/processed
[2026-08-20T13:34:08.139+0000] {spark_submit.py:634} INFO - Using properties file: null
[2026-08-20T13:34:08.232+0000] {spark_submit.py:634} INFO - Parsed arguments:
[2026-08-20T13:34:08.234+0000] {spark_submit.py:634} INFO - master                  spark://spark-master:7077
[2026-08-20T13:34:08.236+0000] {spark_submit.py:634} INFO - remote                  null
[2026-08-20T13:34:08.237+0000] {spark_submit.py:634} INFO - deployMode              null
[2026-08-20T13:34:08.238+0000] {spark_submit.py:634} INFO - executorMemory          null
[2026-08-20T13:34:08.238+0000] {spark_submit.py:634} INFO - executorCores           null
[2026-08-20T13:34:08.239+0000] {spark_submit.py:634} INFO - totalExecutorCores      null
[2026-08-20T13:34:08.240+0000] {spark_submit.py:634} INFO - propertiesFile          null
[2026-08-20T13:34:08.241+0000] {spark_submit.py:634} INFO - driverMemory            null
[2026-08-20T13:34:08.242+0000] {spark_submit.py:634} INFO - driverCores             null
[2026-08-20T13:34:08.244+0000] {spark_submit.py:634} INFO - driverExtraClassPath    null
[2026-08-20T13:34:08.245+0000] {spark_submit.py:634} INFO - driverExtraLibraryPath  null
[2026-08-20T13:34:08.246+0000] {spark_submit.py:634} INFO - driverExtraJavaOptions  null
[2026-08-20T13:34:08.249+0000] {spark_submit.py:634} INFO - supervise               false
[2026-08-20T13:34:08.250+0000] {spark_submit.py:634} INFO - queue                   null
[2026-08-20T13:34:08.251+0000] {spark_submit.py:634} INFO - numExecutors            null
[2026-08-20T13:34:08.252+0000] {spark_submit.py:634} INFO - files                   null
[2026-08-20T13:34:08.252+0000] {spark_submit.py:634} INFO - pyFiles                 null
[2026-08-20T13:34:08.253+0000] {spark_submit.py:634} INFO - archives                null
[2026-08-20T13:34:08.256+0000] {spark_submit.py:634} INFO - mainClass               null
[2026-08-20T13:34:08.257+0000] {spark_submit.py:634} INFO - primaryResource         file:/opt/spark/jobs/clean_events.py
[2026-08-20T13:34:08.257+0000] {spark_submit.py:634} INFO - name                    arrow-spark
[2026-08-20T13:34:08.259+0000] {spark_submit.py:634} INFO - childArgs               [--input-path /opt/spark/data/raw --output-path /opt/spark/data/processed]
[2026-08-20T13:34:08.262+0000] {spark_submit.py:634} INFO - jars                    null
[2026-08-20T13:34:08.263+0000] {spark_submit.py:634} INFO - packages                null
[2026-08-20T13:34:08.265+0000] {spark_submit.py:634} INFO - packagesExclusions      null
[2026-08-20T13:34:08.266+0000] {spark_submit.py:634} INFO - repositories            null
[2026-08-20T13:34:08.268+0000] {spark_submit.py:634} INFO - verbose                 true
[2026-08-20T13:34:08.269+0000] {spark_submit.py:634} INFO - 
[2026-08-20T13:34:08.271+0000] {spark_submit.py:634} INFO - Spark properties used, including those specified through
[2026-08-20T13:34:08.274+0000] {spark_submit.py:634} INFO - --conf and those from the properties file null:
[2026-08-20T13:34:08.277+0000] {spark_submit.py:634} INFO - (spark.hadoop.mapreduce.fileoutputcommitter.algorithm.version,2)
[2026-08-20T13:34:08.278+0000] {spark_submit.py:634} INFO - (spark.sql.sources.partitionOverwriteMode,dynamic)
[2026-08-20T13:34:08.280+0000] {spark_submit.py:634} INFO - 
[2026-08-20T13:34:08.281+0000] {spark_submit.py:634} INFO - 
[2026-08-20T13:34:08.506+0000] {spark_submit.py:634} INFO - Main class:
[2026-08-20T13:34:08.509+0000] {spark_submit.py:634} INFO - org.apache.spark.deploy.PythonRunner
[2026-08-20T13:34:08.512+0000] {spark_submit.py:634} INFO - Arguments:
[2026-08-20T13:34:08.513+0000] {spark_submit.py:634} INFO - file:/opt/spark/jobs/clean_events.py
[2026-08-20T13:34:08.514+0000] {spark_submit.py:634} INFO - null
[2026-08-20T13:34:08.515+0000] {spark_submit.py:634} INFO - --input-path
[2026-08-20T13:34:08.516+0000] {spark_submit.py:634} INFO - /opt/spark/data/raw
[2026-08-20T13:34:08.517+0000] {spark_submit.py:634} INFO - --output-path
[2026-08-20T13:34:08.518+0000] {spark_submit.py:634} INFO - /opt/spark/data/processed
[2026-08-20T13:34:08.521+0000] {spark_submit.py:634} INFO - Spark config:
[2026-08-20T13:34:08.521+0000] {spark_submit.py:634} INFO - (spark.app.name,arrow-spark)
[2026-08-20T13:34:08.522+0000] {spark_submit.py:634} INFO - (spark.app.submitTime,1787232848484)
[2026-08-20T13:34:08.523+0000] {spark_submit.py:634} INFO - (spark.hadoop.mapreduce.fileoutputcommitter.algorithm.version,2)
[2026-08-20T13:34:08.524+0000] {spark_submit.py:634} INFO - (spark.master,spark://spark-master:7077)
[2026-08-20T13:34:08.525+0000] {spark_submit.py:634} INFO - (spark.sql.sources.partitionOverwriteMode,dynamic)
[2026-08-20T13:34:08.525+0000] {spark_submit.py:634} INFO - (spark.submit.deployMode,client)
[2026-08-20T13:34:08.527+0000] {spark_submit.py:634} INFO - (spark.submit.pyFiles,)
[2026-08-20T13:34:08.528+0000] {spark_submit.py:634} INFO - Classpath elements:
[2026-08-20T13:34:08.529+0000] {spark_submit.py:634} INFO - 
[2026-08-20T13:34:08.530+0000] {spark_submit.py:634} INFO - 
[2026-08-20T13:34:08.531+0000] {spark_submit.py:634} INFO - 
[2026-08-20T13:34:09.353+0000] {spark_submit.py:634} INFO - 26/08/20 13:34:09 INFO SparkContext: Running Spark version 3.5.1
[2026-08-20T13:34:09.355+0000] {spark_submit.py:634} INFO - 26/08/20 13:34:09 INFO SparkContext: OS info Linux, 6.18.33.2-microsoft-standard-WSL2, amd64
[2026-08-20T13:34:09.356+0000] {spark_submit.py:634} INFO - 26/08/20 13:34:09 INFO SparkContext: Java version 17.0.20
[2026-08-20T13:34:09.403+0000] {spark_submit.py:634} INFO - 26/08/20 13:34:09 WARN NativeCodeLoader: Unable to load native-hadoop library for your platform... using builtin-java classes where applicable
[2026-08-20T13:34:09.482+0000] {spark_submit.py:634} INFO - 26/08/20 13:34:09 INFO ResourceUtils: ==============================================================
[2026-08-20T13:34:09.484+0000] {spark_submit.py:634} INFO - 26/08/20 13:34:09 INFO ResourceUtils: No custom resources configured for spark.driver.
[2026-08-20T13:34:09.485+0000] {spark_submit.py:634} INFO - 26/08/20 13:34:09 INFO ResourceUtils: ==============================================================
[2026-08-20T13:34:09.486+0000] {spark_submit.py:634} INFO - 26/08/20 13:34:09 INFO SparkContext: Submitted application: clean_events
[2026-08-20T13:34:09.504+0000] {spark_submit.py:634} INFO - 26/08/20 13:34:09 INFO ResourceProfile: Default ResourceProfile created, executor resources: Map(memory -> name: memory, amount: 1024, script: , vendor: , offHeap -> name: offHeap, amount: 0, script: , vendor: ), task resources: Map(cpus -> name: cpus, amount: 1.0)
[2026-08-20T13:34:09.512+0000] {spark_submit.py:634} INFO - 26/08/20 13:34:09 INFO ResourceProfile: Limiting resource is cpu
[2026-08-20T13:34:09.513+0000] {spark_submit.py:634} INFO - 26/08/20 13:34:09 INFO ResourceProfileManager: Added ResourceProfile id: 0
[2026-08-20T13:34:09.564+0000] {spark_submit.py:634} INFO - 26/08/20 13:34:09 INFO SecurityManager: Changing view acls to: root
[2026-08-20T13:34:09.565+0000] {spark_submit.py:634} INFO - 26/08/20 13:34:09 INFO SecurityManager: Changing modify acls to: root
[2026-08-20T13:34:09.566+0000] {spark_submit.py:634} INFO - 26/08/20 13:34:09 INFO SecurityManager: Changing view acls groups to:
[2026-08-20T13:34:09.568+0000] {spark_submit.py:634} INFO - 26/08/20 13:34:09 INFO SecurityManager: Changing modify acls groups to:
[2026-08-20T13:34:09.569+0000] {spark_submit.py:634} INFO - 26/08/20 13:34:09 INFO SecurityManager: SecurityManager: authentication disabled; ui acls disabled; users with view permissions: root; groups with view permissions: EMPTY; users with modify permissions: root; groups with modify permissions: EMPTY
[2026-08-20T13:34:09.823+0000] {spark_submit.py:634} INFO - 26/08/20 13:34:09 INFO Utils: Successfully started service 'sparkDriver' on port 37837.
[2026-08-20T13:34:09.853+0000] {spark_submit.py:634} INFO - 26/08/20 13:34:09 INFO SparkEnv: Registering MapOutputTracker
[2026-08-20T13:34:09.907+0000] {spark_submit.py:634} INFO - 26/08/20 13:34:09 INFO SparkEnv: Registering BlockManagerMaster
[2026-08-20T13:34:09.940+0000] {spark_submit.py:634} INFO - 26/08/20 13:34:09 INFO BlockManagerMasterEndpoint: Using org.apache.spark.storage.DefaultTopologyMapper for getting topology information
[2026-08-20T13:34:09.946+0000] {spark_submit.py:634} INFO - 26/08/20 13:34:09 INFO BlockManagerMasterEndpoint: BlockManagerMasterEndpoint up
[2026-08-20T13:34:09.956+0000] {spark_submit.py:634} INFO - 26/08/20 13:34:09 INFO SparkEnv: Registering BlockManagerMasterHeartbeat
[2026-08-20T13:34:09.984+0000] {spark_submit.py:634} INFO - 26/08/20 13:34:09 INFO DiskBlockManager: Created local directory at /tmp/blockmgr-f8d1c942-418c-48e8-b6d1-a092c21055f3
[2026-08-20T13:34:10.002+0000] {spark_submit.py:634} INFO - 26/08/20 13:34:10 INFO MemoryStore: MemoryStore started with capacity 434.4 MiB
[2026-08-20T13:34:10.024+0000] {spark_submit.py:634} INFO - 26/08/20 13:34:10 INFO SparkEnv: Registering OutputCommitCoordinator
[2026-08-20T13:34:10.172+0000] {spark_submit.py:634} INFO - 26/08/20 13:34:10 INFO JettyUtils: Start Jetty 0.0.0.0:4040 for SparkUI
[2026-08-20T13:34:10.237+0000] {spark_submit.py:634} INFO - 26/08/20 13:34:10 INFO Utils: Successfully started service 'SparkUI' on port 4040.
[2026-08-20T13:34:10.378+0000] {spark_submit.py:634} INFO - 26/08/20 13:34:10 INFO StandaloneAppClient$ClientEndpoint: Connecting to master spark://spark-master:7077...
[2026-08-20T13:34:10.421+0000] {spark_submit.py:634} INFO - 26/08/20 13:34:10 INFO TransportClientFactory: Successfully created connection to spark-master/172.18.0.3:7077 after 23 ms (0 ms spent in bootstraps)
[2026-08-20T13:34:10.502+0000] {spark_submit.py:634} INFO - 26/08/20 13:34:10 INFO StandaloneSchedulerBackend: Connected to Spark cluster with app ID app-20260820133410-0006
[2026-08-20T13:34:10.504+0000] {spark_submit.py:634} INFO - 26/08/20 13:34:10 INFO StandaloneAppClient$ClientEndpoint: Executor added: app-20260820133410-0006/0 on worker-20260820130831-172.18.0.6-33481 (172.18.0.6:33481) with 2 core(s)
[2026-08-20T13:34:10.507+0000] {spark_submit.py:634} INFO - 26/08/20 13:34:10 INFO StandaloneSchedulerBackend: Granted executor ID app-20260820133410-0006/0 on hostPort 172.18.0.6:33481 with 2 core(s), 1024.0 MiB RAM
[2026-08-20T13:34:10.509+0000] {spark_submit.py:634} INFO - 26/08/20 13:34:10 INFO Utils: Successfully started service 'org.apache.spark.network.netty.NettyBlockTransferService' on port 43303.
[2026-08-20T13:34:10.510+0000] {spark_submit.py:634} INFO - 26/08/20 13:34:10 INFO NettyBlockTransferService: Server created on fddce5c4ea74:43303
[2026-08-20T13:34:10.512+0000] {spark_submit.py:634} INFO - 26/08/20 13:34:10 INFO BlockManager: Using org.apache.spark.storage.RandomBlockReplicationPolicy for block replication policy
[2026-08-20T13:34:10.520+0000] {spark_submit.py:634} INFO - 26/08/20 13:34:10 INFO BlockManagerMaster: Registering BlockManager BlockManagerId(driver, fddce5c4ea74, 43303, None)
[2026-08-20T13:34:10.524+0000] {spark_submit.py:634} INFO - 26/08/20 13:34:10 INFO BlockManagerMasterEndpoint: Registering block manager fddce5c4ea74:43303 with 434.4 MiB RAM, BlockManagerId(driver, fddce5c4ea74, 43303, None)
[2026-08-20T13:34:10.528+0000] {spark_submit.py:634} INFO - 26/08/20 13:34:10 INFO BlockManagerMaster: Registered BlockManager BlockManagerId(driver, fddce5c4ea74, 43303, None)
[2026-08-20T13:34:10.531+0000] {spark_submit.py:634} INFO - 26/08/20 13:34:10 INFO BlockManager: Initialized BlockManager: BlockManagerId(driver, fddce5c4ea74, 43303, None)
[2026-08-20T13:34:10.542+0000] {spark_submit.py:634} INFO - 26/08/20 13:34:10 INFO StandaloneAppClient$ClientEndpoint: Executor updated: app-20260820133410-0006/0 is now RUNNING
[2026-08-20T13:34:10.716+0000] {spark_submit.py:634} INFO - 26/08/20 13:34:10 INFO StandaloneSchedulerBackend: SchedulerBackend is ready for scheduling beginning after reached minRegisteredResourcesRatio: 0.0
[2026-08-20T13:34:22.641+0000] {spark_submit.py:634} INFO - [clean_events] Read 16000 raw rows, kept 16000, dropped 0
[2026-08-20T13:34:36.189+0000] {spark_submit.py:634} INFO - [clean_events] Wrote cleaned data to /opt/spark/data/processed
[2026-08-20T13:34:36.877+0000] {taskinstance.py:441} INFO - ::group::Post task execution logs
[2026-08-20T13:34:36.887+0000] {taskinstance.py:1206} INFO - Marking task as SUCCESS. dag_id=clickstream_pipeline, task_id=clean_events, run_id=manual__2026-08-20T13:34:06.437402+00:00, execution_date=20260820T133406, start_date=20260820T133406, end_date=20260820T133436
[2026-08-20T13:34:36.925+0000] {local_task_job_runner.py:243} INFO - Task exited with return code 0
[2026-08-20T13:34:36.956+0000] {taskinstance.py:3503} INFO - 1 downstream tasks scheduled from follow-on schedule check
[2026-08-20T13:34:36.960+0000] {local_task_job_runner.py:222} INFO - ::endgroup::
