[2026-08-20T13:23:20.343+0000] {local_task_job_runner.py:120} INFO - ::group::Pre task execution logs
[2026-08-20T13:23:20.375+0000] {taskinstance.py:2076} INFO - Dependencies all met for dep_context=non-requeueable deps ti=<TaskInstance: clickstream_pipeline.clean_events scheduled__2026-08-19T00:00:00+00:00 [queued]>
[2026-08-20T13:23:20.385+0000] {taskinstance.py:2076} INFO - Dependencies all met for dep_context=requeueable deps ti=<TaskInstance: clickstream_pipeline.clean_events scheduled__2026-08-19T00:00:00+00:00 [queued]>
[2026-08-20T13:23:20.386+0000] {taskinstance.py:2306} INFO - Starting attempt 1 of 1
[2026-08-20T13:23:20.403+0000] {taskinstance.py:2330} INFO - Executing <Task(SparkSubmitOperator): clean_events> on 2026-08-19 00:00:00+00:00
[2026-08-20T13:23:20.416+0000] {logging_mixin.py:188} WARNING - /home/***/.local/lib/python3.12/site-packages/***/task/task_runner/standard_task_runner.py:62 DeprecationWarning: This process (pid=1894) is multi-threaded, use of fork() may lead to deadlocks in the child.
[2026-08-20T13:23:20.414+0000] {standard_task_runner.py:90} INFO - Running: ['***', 'tasks', 'run', 'clickstream_pipeline', 'clean_events', 'scheduled__2026-08-19T00:00:00+00:00', '--job-id', '29', '--raw', '--subdir', 'DAGS_FOLDER/clickstream_pipeline_dag.py', '--cfg-path', '/tmp/tmp0wgggiwu']
[2026-08-20T13:23:20.417+0000] {standard_task_runner.py:64} INFO - Started process 1895 to run task
[2026-08-20T13:23:20.418+0000] {standard_task_runner.py:91} INFO - Job 29: Subtask clean_events
[2026-08-20T13:23:20.484+0000] {task_command.py:426} INFO - Running <TaskInstance: clickstream_pipeline.clean_events scheduled__2026-08-19T00:00:00+00:00 [running]> on host fddce5c4ea74
[2026-08-20T13:23:20.561+0000] {taskinstance.py:2648} INFO - Exporting env vars: AIRFLOW_CTX_DAG_OWNER='***' AIRFLOW_CTX_DAG_ID='clickstream_pipeline' AIRFLOW_CTX_TASK_ID='clean_events' AIRFLOW_CTX_EXECUTION_DATE='2026-08-19T00:00:00+00:00' AIRFLOW_CTX_TRY_NUMBER='1' AIRFLOW_CTX_DAG_RUN_ID='scheduled__2026-08-19T00:00:00+00:00'
[2026-08-20T13:23:20.564+0000] {taskinstance.py:430} INFO - ::endgroup::
[2026-08-20T13:23:20.586+0000] {base.py:84} INFO - Using connection ID 'spark_default' for task execution.
[2026-08-20T13:23:20.589+0000] {spark_submit.py:473} INFO - Spark-Submit cmd: spark-submit --master spark://spark-master:7077 --conf spark.sql.sources.partitionOverwriteMode=dynamic --conf spark.hadoop.mapreduce.fileoutputcommitter.algorithm.version=2 --name arrow-spark --verbose /opt/spark/jobs/clean_events.py --input-path /opt/spark/data/raw --output-path /opt/spark/data/processed
[2026-08-20T13:23:21.664+0000] {spark_submit.py:634} INFO - Using properties file: null
[2026-08-20T13:23:21.774+0000] {spark_submit.py:634} INFO - Parsed arguments:
[2026-08-20T13:23:21.775+0000] {spark_submit.py:634} INFO - master                  spark://spark-master:7077
[2026-08-20T13:23:21.777+0000] {spark_submit.py:634} INFO - remote                  null
[2026-08-20T13:23:21.779+0000] {spark_submit.py:634} INFO - deployMode              null
[2026-08-20T13:23:21.780+0000] {spark_submit.py:634} INFO - executorMemory          null
[2026-08-20T13:23:21.781+0000] {spark_submit.py:634} INFO - executorCores           null
[2026-08-20T13:23:21.783+0000] {spark_submit.py:634} INFO - totalExecutorCores      null
[2026-08-20T13:23:21.784+0000] {spark_submit.py:634} INFO - propertiesFile          null
[2026-08-20T13:23:21.785+0000] {spark_submit.py:634} INFO - driverMemory            null
[2026-08-20T13:23:21.786+0000] {spark_submit.py:634} INFO - driverCores             null
[2026-08-20T13:23:21.787+0000] {spark_submit.py:634} INFO - driverExtraClassPath    null
[2026-08-20T13:23:21.789+0000] {spark_submit.py:634} INFO - driverExtraLibraryPath  null
[2026-08-20T13:23:21.791+0000] {spark_submit.py:634} INFO - driverExtraJavaOptions  null
[2026-08-20T13:23:21.792+0000] {spark_submit.py:634} INFO - supervise               false
[2026-08-20T13:23:21.792+0000] {spark_submit.py:634} INFO - queue                   null
[2026-08-20T13:23:21.793+0000] {spark_submit.py:634} INFO - numExecutors            null
[2026-08-20T13:23:21.794+0000] {spark_submit.py:634} INFO - files                   null
[2026-08-20T13:23:21.795+0000] {spark_submit.py:634} INFO - pyFiles                 null
[2026-08-20T13:23:21.797+0000] {spark_submit.py:634} INFO - archives                null
[2026-08-20T13:23:21.798+0000] {spark_submit.py:634} INFO - mainClass               null
[2026-08-20T13:23:21.799+0000] {spark_submit.py:634} INFO - primaryResource         file:/opt/spark/jobs/clean_events.py
[2026-08-20T13:23:21.800+0000] {spark_submit.py:634} INFO - name                    arrow-spark
[2026-08-20T13:23:21.800+0000] {spark_submit.py:634} INFO - childArgs               [--input-path /opt/spark/data/raw --output-path /opt/spark/data/processed]
[2026-08-20T13:23:21.802+0000] {spark_submit.py:634} INFO - jars                    null
[2026-08-20T13:23:21.803+0000] {spark_submit.py:634} INFO - packages                null
[2026-08-20T13:23:21.805+0000] {spark_submit.py:634} INFO - packagesExclusions      null
[2026-08-20T13:23:21.805+0000] {spark_submit.py:634} INFO - repositories            null
[2026-08-20T13:23:21.806+0000] {spark_submit.py:634} INFO - verbose                 true
[2026-08-20T13:23:21.807+0000] {spark_submit.py:634} INFO - 
[2026-08-20T13:23:21.807+0000] {spark_submit.py:634} INFO - Spark properties used, including those specified through
[2026-08-20T13:23:21.808+0000] {spark_submit.py:634} INFO - --conf and those from the properties file null:
[2026-08-20T13:23:21.809+0000] {spark_submit.py:634} INFO - (spark.hadoop.mapreduce.fileoutputcommitter.algorithm.version,2)
[2026-08-20T13:23:21.810+0000] {spark_submit.py:634} INFO - (spark.sql.sources.partitionOverwriteMode,dynamic)
[2026-08-20T13:23:21.811+0000] {spark_submit.py:634} INFO - 
[2026-08-20T13:23:21.813+0000] {spark_submit.py:634} INFO - 
[2026-08-20T13:23:21.981+0000] {spark_submit.py:634} INFO - Main class:
[2026-08-20T13:23:21.982+0000] {spark_submit.py:634} INFO - org.apache.spark.deploy.PythonRunner
[2026-08-20T13:23:21.983+0000] {spark_submit.py:634} INFO - Arguments:
[2026-08-20T13:23:21.984+0000] {spark_submit.py:634} INFO - file:/opt/spark/jobs/clean_events.py
[2026-08-20T13:23:21.985+0000] {spark_submit.py:634} INFO - null
[2026-08-20T13:23:21.986+0000] {spark_submit.py:634} INFO - --input-path
[2026-08-20T13:23:21.987+0000] {spark_submit.py:634} INFO - /opt/spark/data/raw
[2026-08-20T13:23:21.988+0000] {spark_submit.py:634} INFO - --output-path
[2026-08-20T13:23:21.988+0000] {spark_submit.py:634} INFO - /opt/spark/data/processed
[2026-08-20T13:23:21.989+0000] {spark_submit.py:634} INFO - Spark config:
[2026-08-20T13:23:21.990+0000] {spark_submit.py:634} INFO - (spark.app.name,arrow-spark)
[2026-08-20T13:23:21.991+0000] {spark_submit.py:634} INFO - (spark.app.submitTime,1787232201968)
[2026-08-20T13:23:21.992+0000] {spark_submit.py:634} INFO - (spark.hadoop.mapreduce.fileoutputcommitter.algorithm.version,2)
[2026-08-20T13:23:21.993+0000] {spark_submit.py:634} INFO - (spark.master,spark://spark-master:7077)
[2026-08-20T13:23:21.994+0000] {spark_submit.py:634} INFO - (spark.sql.sources.partitionOverwriteMode,dynamic)
[2026-08-20T13:23:21.995+0000] {spark_submit.py:634} INFO - (spark.submit.deployMode,client)
[2026-08-20T13:23:21.996+0000] {spark_submit.py:634} INFO - (spark.submit.pyFiles,)
[2026-08-20T13:23:21.999+0000] {spark_submit.py:634} INFO - Classpath elements:
[2026-08-20T13:23:22.001+0000] {spark_submit.py:634} INFO - 
[2026-08-20T13:23:22.001+0000] {spark_submit.py:634} INFO - 
[2026-08-20T13:23:22.002+0000] {spark_submit.py:634} INFO - 
[2026-08-20T13:23:22.765+0000] {spark_submit.py:634} INFO - 26/08/20 13:23:22 INFO SparkContext: Running Spark version 3.5.1
[2026-08-20T13:23:22.767+0000] {spark_submit.py:634} INFO - 26/08/20 13:23:22 INFO SparkContext: OS info Linux, 6.18.33.2-microsoft-standard-WSL2, amd64
[2026-08-20T13:23:22.768+0000] {spark_submit.py:634} INFO - 26/08/20 13:23:22 INFO SparkContext: Java version 17.0.20
[2026-08-20T13:23:22.808+0000] {spark_submit.py:634} INFO - 26/08/20 13:23:22 WARN NativeCodeLoader: Unable to load native-hadoop library for your platform... using builtin-java classes where applicable
[2026-08-20T13:23:22.883+0000] {spark_submit.py:634} INFO - 26/08/20 13:23:22 INFO ResourceUtils: ==============================================================
[2026-08-20T13:23:22.885+0000] {spark_submit.py:634} INFO - 26/08/20 13:23:22 INFO ResourceUtils: No custom resources configured for spark.driver.
[2026-08-20T13:23:22.886+0000] {spark_submit.py:634} INFO - 26/08/20 13:23:22 INFO ResourceUtils: ==============================================================
[2026-08-20T13:23:22.886+0000] {spark_submit.py:634} INFO - 26/08/20 13:23:22 INFO SparkContext: Submitted application: clean_events
[2026-08-20T13:23:22.900+0000] {spark_submit.py:634} INFO - 26/08/20 13:23:22 INFO ResourceProfile: Default ResourceProfile created, executor resources: Map(memory -> name: memory, amount: 1024, script: , vendor: , offHeap -> name: offHeap, amount: 0, script: , vendor: ), task resources: Map(cpus -> name: cpus, amount: 1.0)
[2026-08-20T13:23:22.905+0000] {spark_submit.py:634} INFO - 26/08/20 13:23:22 INFO ResourceProfile: Limiting resource is cpu
[2026-08-20T13:23:22.907+0000] {spark_submit.py:634} INFO - 26/08/20 13:23:22 INFO ResourceProfileManager: Added ResourceProfile id: 0
[2026-08-20T13:23:22.950+0000] {spark_submit.py:634} INFO - 26/08/20 13:23:22 INFO SecurityManager: Changing view acls to: root
[2026-08-20T13:23:22.952+0000] {spark_submit.py:634} INFO - 26/08/20 13:23:22 INFO SecurityManager: Changing modify acls to: root
[2026-08-20T13:23:22.953+0000] {spark_submit.py:634} INFO - 26/08/20 13:23:22 INFO SecurityManager: Changing view acls groups to:
[2026-08-20T13:23:22.953+0000] {spark_submit.py:634} INFO - 26/08/20 13:23:22 INFO SecurityManager: Changing modify acls groups to:
[2026-08-20T13:23:22.954+0000] {spark_submit.py:634} INFO - 26/08/20 13:23:22 INFO SecurityManager: SecurityManager: authentication disabled; ui acls disabled; users with view permissions: root; groups with view permissions: EMPTY; users with modify permissions: root; groups with modify permissions: EMPTY
[2026-08-20T13:23:23.174+0000] {spark_submit.py:634} INFO - 26/08/20 13:23:23 INFO Utils: Successfully started service 'sparkDriver' on port 42267.
[2026-08-20T13:23:23.204+0000] {spark_submit.py:634} INFO - 26/08/20 13:23:23 INFO SparkEnv: Registering MapOutputTracker
[2026-08-20T13:23:23.242+0000] {spark_submit.py:634} INFO - 26/08/20 13:23:23 INFO SparkEnv: Registering BlockManagerMaster
[2026-08-20T13:23:23.261+0000] {spark_submit.py:634} INFO - 26/08/20 13:23:23 INFO BlockManagerMasterEndpoint: Using org.apache.spark.storage.DefaultTopologyMapper for getting topology information
[2026-08-20T13:23:23.263+0000] {spark_submit.py:634} INFO - 26/08/20 13:23:23 INFO BlockManagerMasterEndpoint: BlockManagerMasterEndpoint up
[2026-08-20T13:23:23.269+0000] {spark_submit.py:634} INFO - 26/08/20 13:23:23 INFO SparkEnv: Registering BlockManagerMasterHeartbeat
[2026-08-20T13:23:23.287+0000] {spark_submit.py:634} INFO - 26/08/20 13:23:23 INFO DiskBlockManager: Created local directory at /tmp/blockmgr-98c4be8d-057e-47bb-b9f2-76831ee87504
[2026-08-20T13:23:23.302+0000] {spark_submit.py:634} INFO - 26/08/20 13:23:23 INFO MemoryStore: MemoryStore started with capacity 434.4 MiB
[2026-08-20T13:23:23.317+0000] {spark_submit.py:634} INFO - 26/08/20 13:23:23 INFO SparkEnv: Registering OutputCommitCoordinator
[2026-08-20T13:23:23.470+0000] {spark_submit.py:634} INFO - 26/08/20 13:23:23 INFO JettyUtils: Start Jetty 0.0.0.0:4040 for SparkUI
[2026-08-20T13:23:23.558+0000] {spark_submit.py:634} INFO - 26/08/20 13:23:23 INFO Utils: Successfully started service 'SparkUI' on port 4040.
[2026-08-20T13:23:23.669+0000] {spark_submit.py:634} INFO - 26/08/20 13:23:23 INFO StandaloneAppClient$ClientEndpoint: Connecting to master spark://spark-master:7077...
[2026-08-20T13:23:23.711+0000] {spark_submit.py:634} INFO - 26/08/20 13:23:23 INFO TransportClientFactory: Successfully created connection to spark-master/172.18.0.3:7077 after 23 ms (0 ms spent in bootstraps)
[2026-08-20T13:23:23.792+0000] {spark_submit.py:634} INFO - 26/08/20 13:23:23 INFO StandaloneSchedulerBackend: Connected to Spark cluster with app ID app-20260820132323-0003
[2026-08-20T13:23:23.796+0000] {spark_submit.py:634} INFO - 26/08/20 13:23:23 INFO StandaloneAppClient$ClientEndpoint: Executor added: app-20260820132323-0003/0 on worker-20260820130831-172.18.0.6-33481 (172.18.0.6:33481) with 2 core(s)
[2026-08-20T13:23:23.800+0000] {spark_submit.py:634} INFO - 26/08/20 13:23:23 INFO StandaloneSchedulerBackend: Granted executor ID app-20260820132323-0003/0 on hostPort 172.18.0.6:33481 with 2 core(s), 1024.0 MiB RAM
[2026-08-20T13:23:23.803+0000] {spark_submit.py:634} INFO - 26/08/20 13:23:23 INFO Utils: Successfully started service 'org.apache.spark.network.netty.NettyBlockTransferService' on port 43365.
[2026-08-20T13:23:23.805+0000] {spark_submit.py:634} INFO - 26/08/20 13:23:23 INFO NettyBlockTransferService: Server created on fddce5c4ea74:43365
[2026-08-20T13:23:23.806+0000] {spark_submit.py:634} INFO - 26/08/20 13:23:23 INFO BlockManager: Using org.apache.spark.storage.RandomBlockReplicationPolicy for block replication policy
[2026-08-20T13:23:23.812+0000] {spark_submit.py:634} INFO - 26/08/20 13:23:23 INFO BlockManagerMaster: Registering BlockManager BlockManagerId(driver, fddce5c4ea74, 43365, None)
[2026-08-20T13:23:23.816+0000] {spark_submit.py:634} INFO - 26/08/20 13:23:23 INFO BlockManagerMasterEndpoint: Registering block manager fddce5c4ea74:43365 with 434.4 MiB RAM, BlockManagerId(driver, fddce5c4ea74, 43365, None)
[2026-08-20T13:23:23.820+0000] {spark_submit.py:634} INFO - 26/08/20 13:23:23 INFO BlockManagerMaster: Registered BlockManager BlockManagerId(driver, fddce5c4ea74, 43365, None)
[2026-08-20T13:23:23.822+0000] {spark_submit.py:634} INFO - 26/08/20 13:23:23 INFO BlockManager: Initialized BlockManager: BlockManagerId(driver, fddce5c4ea74, 43365, None)
[2026-08-20T13:23:23.834+0000] {spark_submit.py:634} INFO - 26/08/20 13:23:23 INFO StandaloneAppClient$ClientEndpoint: Executor updated: app-20260820132323-0003/0 is now RUNNING
[2026-08-20T13:23:24.039+0000] {spark_submit.py:634} INFO - 26/08/20 13:23:24 INFO StandaloneSchedulerBackend: SchedulerBackend is ready for scheduling beginning after reached minRegisteredResourcesRatio: 0.0
[2026-08-20T13:23:33.670+0000] {spark_submit.py:634} INFO - [clean_events] Read 2000 raw rows, kept 2000, dropped 0
[2026-08-20T13:23:37.703+0000] {spark_submit.py:634} INFO - [clean_events] Wrote cleaned data to /opt/spark/data/processed
[2026-08-20T13:23:38.192+0000] {taskinstance.py:441} INFO - ::group::Post task execution logs
[2026-08-20T13:23:38.202+0000] {taskinstance.py:1206} INFO - Marking task as SUCCESS. dag_id=clickstream_pipeline, task_id=clean_events, run_id=scheduled__2026-08-19T00:00:00+00:00, execution_date=20260819T000000, start_date=20260820T132320, end_date=20260820T132338
[2026-08-20T13:23:38.229+0000] {local_task_job_runner.py:243} INFO - Task exited with return code 0
[2026-08-20T13:23:38.251+0000] {taskinstance.py:3503} INFO - 1 downstream tasks scheduled from follow-on schedule check
[2026-08-20T13:23:38.255+0000] {local_task_job_runner.py:222} INFO - ::endgroup::
