[2026-08-20T13:34:38.032+0000] {local_task_job_runner.py:120} INFO - ::group::Pre task execution logs
[2026-08-20T13:34:38.071+0000] {taskinstance.py:2076} INFO - Dependencies all met for dep_context=non-requeueable deps ti=<TaskInstance: clickstream_pipeline.sessionize_events manual__2026-08-20T13:34:06.437402+00:00 [queued]>
[2026-08-20T13:34:38.080+0000] {taskinstance.py:2076} INFO - Dependencies all met for dep_context=requeueable deps ti=<TaskInstance: clickstream_pipeline.sessionize_events manual__2026-08-20T13:34:06.437402+00:00 [queued]>
[2026-08-20T13:34:38.081+0000] {taskinstance.py:2306} INFO - Starting attempt 1 of 1
[2026-08-20T13:34:38.098+0000] {taskinstance.py:2330} INFO - Executing <Task(SparkSubmitOperator): sessionize_events> on 2026-08-20 13:34:06.437402+00:00
[2026-08-20T13:34:38.109+0000] {logging_mixin.py:188} WARNING - /home/***/.local/lib/python3.12/site-packages/***/task/task_runner/standard_task_runner.py:62 DeprecationWarning: This process (pid=3713) is multi-threaded, use of fork() may lead to deadlocks in the child.
[2026-08-20T13:34:38.108+0000] {standard_task_runner.py:90} INFO - Running: ['***', 'tasks', 'run', 'clickstream_pipeline', 'sessionize_events', 'manual__2026-08-20T13:34:06.437402+00:00', '--job-id', '34', '--raw', '--subdir', 'DAGS_FOLDER/clickstream_pipeline_dag.py', '--cfg-path', '/tmp/tmp41h1u_av']
[2026-08-20T13:34:38.111+0000] {standard_task_runner.py:64} INFO - Started process 3714 to run task
[2026-08-20T13:34:38.112+0000] {standard_task_runner.py:91} INFO - Job 34: Subtask sessionize_events
[2026-08-20T13:34:38.177+0000] {task_command.py:426} INFO - Running <TaskInstance: clickstream_pipeline.sessionize_events manual__2026-08-20T13:34:06.437402+00:00 [running]> on host fddce5c4ea74
[2026-08-20T13:34:38.290+0000] {taskinstance.py:2648} INFO - Exporting env vars: AIRFLOW_CTX_DAG_OWNER='***' AIRFLOW_CTX_DAG_ID='clickstream_pipeline' AIRFLOW_CTX_TASK_ID='sessionize_events' AIRFLOW_CTX_EXECUTION_DATE='2026-08-20T13:34:06.437402+00:00' AIRFLOW_CTX_TRY_NUMBER='1' AIRFLOW_CTX_DAG_RUN_ID='manual__2026-08-20T13:34:06.437402+00:00'
[2026-08-20T13:34:38.291+0000] {taskinstance.py:430} INFO - ::endgroup::
[2026-08-20T13:34:38.307+0000] {base.py:84} INFO - Using connection ID 'spark_default' for task execution.
[2026-08-20T13:34:38.309+0000] {spark_submit.py:473} INFO - Spark-Submit cmd: spark-submit --master spark://spark-master:7077 --conf spark.sql.sources.partitionOverwriteMode=dynamic --conf spark.hadoop.mapreduce.fileoutputcommitter.algorithm.version=2 --name arrow-spark --verbose /opt/spark/jobs/sessionize_events.py --input-path /opt/spark/data/processed --output-path /opt/spark/data/aggregated
[2026-08-20T13:34:39.451+0000] {spark_submit.py:634} INFO - Using properties file: null
[2026-08-20T13:34:39.558+0000] {spark_submit.py:634} INFO - Parsed arguments:
[2026-08-20T13:34:39.561+0000] {spark_submit.py:634} INFO - master                  spark://spark-master:7077
[2026-08-20T13:34:39.562+0000] {spark_submit.py:634} INFO - remote                  null
[2026-08-20T13:34:39.563+0000] {spark_submit.py:634} INFO - deployMode              null
[2026-08-20T13:34:39.565+0000] {spark_submit.py:634} INFO - executorMemory          null
[2026-08-20T13:34:39.568+0000] {spark_submit.py:634} INFO - executorCores           null
[2026-08-20T13:34:39.569+0000] {spark_submit.py:634} INFO - totalExecutorCores      null
[2026-08-20T13:34:39.570+0000] {spark_submit.py:634} INFO - propertiesFile          null
[2026-08-20T13:34:39.572+0000] {spark_submit.py:634} INFO - driverMemory            null
[2026-08-20T13:34:39.574+0000] {spark_submit.py:634} INFO - driverCores             null
[2026-08-20T13:34:39.575+0000] {spark_submit.py:634} INFO - driverExtraClassPath    null
[2026-08-20T13:34:39.576+0000] {spark_submit.py:634} INFO - driverExtraLibraryPath  null
[2026-08-20T13:34:39.577+0000] {spark_submit.py:634} INFO - driverExtraJavaOptions  null
[2026-08-20T13:34:39.579+0000] {spark_submit.py:634} INFO - supervise               false
[2026-08-20T13:34:39.581+0000] {spark_submit.py:634} INFO - queue                   null
[2026-08-20T13:34:39.582+0000] {spark_submit.py:634} INFO - numExecutors            null
[2026-08-20T13:34:39.584+0000] {spark_submit.py:634} INFO - files                   null
[2026-08-20T13:34:39.586+0000] {spark_submit.py:634} INFO - pyFiles                 null
[2026-08-20T13:34:39.587+0000] {spark_submit.py:634} INFO - archives                null
[2026-08-20T13:34:39.588+0000] {spark_submit.py:634} INFO - mainClass               null
[2026-08-20T13:34:39.589+0000] {spark_submit.py:634} INFO - primaryResource         file:/opt/spark/jobs/sessionize_events.py
[2026-08-20T13:34:39.590+0000] {spark_submit.py:634} INFO - name                    arrow-spark
[2026-08-20T13:34:39.592+0000] {spark_submit.py:634} INFO - childArgs               [--input-path /opt/spark/data/processed --output-path /opt/spark/data/aggregated]
[2026-08-20T13:34:39.593+0000] {spark_submit.py:634} INFO - jars                    null
[2026-08-20T13:34:39.594+0000] {spark_submit.py:634} INFO - packages                null
[2026-08-20T13:34:39.595+0000] {spark_submit.py:634} INFO - packagesExclusions      null
[2026-08-20T13:34:39.595+0000] {spark_submit.py:634} INFO - repositories            null
[2026-08-20T13:34:39.596+0000] {spark_submit.py:634} INFO - verbose                 true
[2026-08-20T13:34:39.597+0000] {spark_submit.py:634} INFO - 
[2026-08-20T13:34:39.601+0000] {spark_submit.py:634} INFO - Spark properties used, including those specified through
[2026-08-20T13:34:39.602+0000] {spark_submit.py:634} INFO - --conf and those from the properties file null:
[2026-08-20T13:34:39.603+0000] {spark_submit.py:634} INFO - (spark.hadoop.mapreduce.fileoutputcommitter.algorithm.version,2)
[2026-08-20T13:34:39.607+0000] {spark_submit.py:634} INFO - (spark.sql.sources.partitionOverwriteMode,dynamic)
[2026-08-20T13:34:39.608+0000] {spark_submit.py:634} INFO - 
[2026-08-20T13:34:39.609+0000] {spark_submit.py:634} INFO - 
[2026-08-20T13:34:39.866+0000] {spark_submit.py:634} INFO - Main class:
[2026-08-20T13:34:39.869+0000] {spark_submit.py:634} INFO - org.apache.spark.deploy.PythonRunner
[2026-08-20T13:34:39.870+0000] {spark_submit.py:634} INFO - Arguments:
[2026-08-20T13:34:39.872+0000] {spark_submit.py:634} INFO - file:/opt/spark/jobs/sessionize_events.py
[2026-08-20T13:34:39.873+0000] {spark_submit.py:634} INFO - null
[2026-08-20T13:34:39.875+0000] {spark_submit.py:634} INFO - --input-path
[2026-08-20T13:34:39.876+0000] {spark_submit.py:634} INFO - /opt/spark/data/processed
[2026-08-20T13:34:39.880+0000] {spark_submit.py:634} INFO - --output-path
[2026-08-20T13:34:39.882+0000] {spark_submit.py:634} INFO - /opt/spark/data/aggregated
[2026-08-20T13:34:39.884+0000] {spark_submit.py:634} INFO - Spark config:
[2026-08-20T13:34:39.887+0000] {spark_submit.py:634} INFO - (spark.app.name,arrow-spark)
[2026-08-20T13:34:39.889+0000] {spark_submit.py:634} INFO - (spark.app.submitTime,1787232879843)
[2026-08-20T13:34:39.891+0000] {spark_submit.py:634} INFO - (spark.hadoop.mapreduce.fileoutputcommitter.algorithm.version,2)
[2026-08-20T13:34:39.892+0000] {spark_submit.py:634} INFO - (spark.master,spark://spark-master:7077)
[2026-08-20T13:34:39.897+0000] {spark_submit.py:634} INFO - (spark.sql.sources.partitionOverwriteMode,dynamic)
[2026-08-20T13:34:39.903+0000] {spark_submit.py:634} INFO - (spark.submit.deployMode,client)
[2026-08-20T13:34:39.910+0000] {spark_submit.py:634} INFO - (spark.submit.pyFiles,)
[2026-08-20T13:34:39.913+0000] {spark_submit.py:634} INFO - Classpath elements:
[2026-08-20T13:34:39.918+0000] {spark_submit.py:634} INFO - 
[2026-08-20T13:34:39.920+0000] {spark_submit.py:634} INFO - 
[2026-08-20T13:34:39.922+0000] {spark_submit.py:634} INFO - 
[2026-08-20T13:34:41.273+0000] {spark_submit.py:634} INFO - 26/08/20 13:34:41 INFO SparkContext: Running Spark version 3.5.1
[2026-08-20T13:34:41.275+0000] {spark_submit.py:634} INFO - 26/08/20 13:34:41 INFO SparkContext: OS info Linux, 6.18.33.2-microsoft-standard-WSL2, amd64
[2026-08-20T13:34:41.280+0000] {spark_submit.py:634} INFO - 26/08/20 13:34:41 INFO SparkContext: Java version 17.0.20
[2026-08-20T13:34:41.336+0000] {spark_submit.py:634} INFO - 26/08/20 13:34:41 WARN NativeCodeLoader: Unable to load native-hadoop library for your platform... using builtin-java classes where applicable
[2026-08-20T13:34:41.445+0000] {spark_submit.py:634} INFO - 26/08/20 13:34:41 INFO ResourceUtils: ==============================================================
[2026-08-20T13:34:41.449+0000] {spark_submit.py:634} INFO - 26/08/20 13:34:41 INFO ResourceUtils: No custom resources configured for spark.driver.
[2026-08-20T13:34:41.451+0000] {spark_submit.py:634} INFO - 26/08/20 13:34:41 INFO ResourceUtils: ==============================================================
[2026-08-20T13:34:41.455+0000] {spark_submit.py:634} INFO - 26/08/20 13:34:41 INFO SparkContext: Submitted application: sessionize_events
[2026-08-20T13:34:41.477+0000] {spark_submit.py:634} INFO - 26/08/20 13:34:41 INFO ResourceProfile: Default ResourceProfile created, executor resources: Map(memory -> name: memory, amount: 1024, script: , vendor: , offHeap -> name: offHeap, amount: 0, script: , vendor: ), task resources: Map(cpus -> name: cpus, amount: 1.0)
[2026-08-20T13:34:41.486+0000] {spark_submit.py:634} INFO - 26/08/20 13:34:41 INFO ResourceProfile: Limiting resource is cpu
[2026-08-20T13:34:41.488+0000] {spark_submit.py:634} INFO - 26/08/20 13:34:41 INFO ResourceProfileManager: Added ResourceProfile id: 0
[2026-08-20T13:34:41.536+0000] {spark_submit.py:634} INFO - 26/08/20 13:34:41 INFO SecurityManager: Changing view acls to: root
[2026-08-20T13:34:41.537+0000] {spark_submit.py:634} INFO - 26/08/20 13:34:41 INFO SecurityManager: Changing modify acls to: root
[2026-08-20T13:34:41.540+0000] {spark_submit.py:634} INFO - 26/08/20 13:34:41 INFO SecurityManager: Changing view acls groups to:
[2026-08-20T13:34:41.541+0000] {spark_submit.py:634} INFO - 26/08/20 13:34:41 INFO SecurityManager: Changing modify acls groups to:
[2026-08-20T13:34:41.542+0000] {spark_submit.py:634} INFO - 26/08/20 13:34:41 INFO SecurityManager: SecurityManager: authentication disabled; ui acls disabled; users with view permissions: root; groups with view permissions: EMPTY; users with modify permissions: root; groups with modify permissions: EMPTY
[2026-08-20T13:34:41.817+0000] {spark_submit.py:634} INFO - 26/08/20 13:34:41 INFO Utils: Successfully started service 'sparkDriver' on port 33409.
[2026-08-20T13:34:41.855+0000] {spark_submit.py:634} INFO - 26/08/20 13:34:41 INFO SparkEnv: Registering MapOutputTracker
[2026-08-20T13:34:41.902+0000] {spark_submit.py:634} INFO - 26/08/20 13:34:41 INFO SparkEnv: Registering BlockManagerMaster
[2026-08-20T13:34:41.924+0000] {spark_submit.py:634} INFO - 26/08/20 13:34:41 INFO BlockManagerMasterEndpoint: Using org.apache.spark.storage.DefaultTopologyMapper for getting topology information
[2026-08-20T13:34:41.926+0000] {spark_submit.py:634} INFO - 26/08/20 13:34:41 INFO BlockManagerMasterEndpoint: BlockManagerMasterEndpoint up
[2026-08-20T13:34:41.929+0000] {spark_submit.py:634} INFO - 26/08/20 13:34:41 INFO SparkEnv: Registering BlockManagerMasterHeartbeat
[2026-08-20T13:34:41.959+0000] {spark_submit.py:634} INFO - 26/08/20 13:34:41 INFO DiskBlockManager: Created local directory at /tmp/blockmgr-cded2a28-c3b8-4c5f-81c1-959f9cacd5b9
[2026-08-20T13:34:41.978+0000] {spark_submit.py:634} INFO - 26/08/20 13:34:41 INFO MemoryStore: MemoryStore started with capacity 434.4 MiB
[2026-08-20T13:34:41.996+0000] {spark_submit.py:634} INFO - 26/08/20 13:34:41 INFO SparkEnv: Registering OutputCommitCoordinator
[2026-08-20T13:34:42.150+0000] {spark_submit.py:634} INFO - 26/08/20 13:34:42 INFO JettyUtils: Start Jetty 0.0.0.0:4040 for SparkUI
[2026-08-20T13:34:42.228+0000] {spark_submit.py:634} INFO - 26/08/20 13:34:42 INFO Utils: Successfully started service 'SparkUI' on port 4040.
[2026-08-20T13:34:42.369+0000] {spark_submit.py:634} INFO - 26/08/20 13:34:42 INFO StandaloneAppClient$ClientEndpoint: Connecting to master spark://spark-master:7077...
[2026-08-20T13:34:42.414+0000] {spark_submit.py:634} INFO - 26/08/20 13:34:42 INFO TransportClientFactory: Successfully created connection to spark-master/172.18.0.3:7077 after 24 ms (0 ms spent in bootstraps)
[2026-08-20T13:34:42.494+0000] {spark_submit.py:634} INFO - 26/08/20 13:34:42 INFO StandaloneSchedulerBackend: Connected to Spark cluster with app ID app-20260820133442-0007
[2026-08-20T13:34:42.498+0000] {spark_submit.py:634} INFO - 26/08/20 13:34:42 INFO StandaloneAppClient$ClientEndpoint: Executor added: app-20260820133442-0007/0 on worker-20260820130831-172.18.0.6-33481 (172.18.0.6:33481) with 2 core(s)
[2026-08-20T13:34:42.501+0000] {spark_submit.py:634} INFO - 26/08/20 13:34:42 INFO StandaloneSchedulerBackend: Granted executor ID app-20260820133442-0007/0 on hostPort 172.18.0.6:33481 with 2 core(s), 1024.0 MiB RAM
[2026-08-20T13:34:42.507+0000] {spark_submit.py:634} INFO - 26/08/20 13:34:42 INFO Utils: Successfully started service 'org.apache.spark.network.netty.NettyBlockTransferService' on port 42925.
[2026-08-20T13:34:42.508+0000] {spark_submit.py:634} INFO - 26/08/20 13:34:42 INFO NettyBlockTransferService: Server created on fddce5c4ea74:42925
[2026-08-20T13:34:42.511+0000] {spark_submit.py:634} INFO - 26/08/20 13:34:42 INFO BlockManager: Using org.apache.spark.storage.RandomBlockReplicationPolicy for block replication policy
[2026-08-20T13:34:42.519+0000] {spark_submit.py:634} INFO - 26/08/20 13:34:42 INFO BlockManagerMaster: Registering BlockManager BlockManagerId(driver, fddce5c4ea74, 42925, None)
[2026-08-20T13:34:42.524+0000] {spark_submit.py:634} INFO - 26/08/20 13:34:42 INFO BlockManagerMasterEndpoint: Registering block manager fddce5c4ea74:42925 with 434.4 MiB RAM, BlockManagerId(driver, fddce5c4ea74, 42925, None)
[2026-08-20T13:34:42.527+0000] {spark_submit.py:634} INFO - 26/08/20 13:34:42 INFO BlockManagerMaster: Registered BlockManager BlockManagerId(driver, fddce5c4ea74, 42925, None)
[2026-08-20T13:34:42.529+0000] {spark_submit.py:634} INFO - 26/08/20 13:34:42 INFO BlockManager: Initialized BlockManager: BlockManagerId(driver, fddce5c4ea74, 42925, None)
[2026-08-20T13:34:42.542+0000] {spark_submit.py:634} INFO - 26/08/20 13:34:42 INFO StandaloneAppClient$ClientEndpoint: Executor updated: app-20260820133442-0007/0 is now RUNNING
[2026-08-20T13:34:42.799+0000] {spark_submit.py:634} INFO - 26/08/20 13:34:42 INFO StandaloneSchedulerBackend: SchedulerBackend is ready for scheduling beginning after reached minRegisteredResourcesRatio: 0.0
[2026-08-20T13:35:06.175+0000] {spark_submit.py:634} INFO - [sessionize_events] Derived 5280 sessions from 16000 events
[2026-08-20T13:37:21.150+0000] {spark_submit.py:634} INFO - [sessionize_events] Wrote sessions and daily_metrics to /opt/spark/data/aggregated
[2026-08-20T13:37:21.154+0000] {spark_submit.py:634} INFO - [sessionize_events] Daily metrics preview:
[2026-08-20T13:37:33.796+0000] {spark_submit.py:634} INFO - +----------+------------------+--------------+----------------------------+---------------------+-------------------+-----------------------+-------------------+-------------------------+----------------------+------------------------+
[2026-08-20T13:37:33.800+0000] {spark_submit.py:634} INFO - |dt        |daily_active_users|total_sessions|avg_session_duration_seconds|avg_pages_per_session|converting_sessions|sessions_with_page_view|sessions_with_click|sessions_with_add_to_cart|sessions_with_purchase|purchase_conversion_rate|
[2026-08-20T13:37:33.802+0000] {spark_submit.py:634} INFO - +----------+------------------+--------------+----------------------------+---------------------+-------------------+-----------------------+-------------------+-------------------------+----------------------+------------------------+
[2026-08-20T13:37:33.804+0000] {spark_submit.py:634} INFO - |2026-08-12|200               |730           |22.016438356164382          |2.426027397260274    |139                |582                    |366                |230                      |139                   |0.23883161512027493     |
[2026-08-20T13:37:33.805+0000] {spark_submit.py:634} INFO - |2026-08-13|185               |185           |21.42162162162162           |2.427027027027027    |35                 |155                    |95                 |52                       |35                    |0.22580645161290322     |
[2026-08-20T13:37:33.807+0000] {spark_submit.py:634} INFO - |2026-08-14|200               |558           |476.93548387096774          |2.9659498207885306   |118                |467                    |318                |220                      |118                   |0.25267665952890794     |
[2026-08-20T13:37:33.809+0000] {spark_submit.py:634} INFO - |2026-08-15|197               |361           |23.14681440443213           |2.4155124653739612   |56                 |294                    |186                |113                      |56                    |0.19047619047619047     |
[2026-08-20T13:37:33.811+0000] {spark_submit.py:634} INFO - |2026-08-16|200               |550           |21.774545454545454          |2.42                 |106                |450                    |275                |165                      |106                   |0.23555555555555555     |
[2026-08-20T13:37:33.812+0000] {spark_submit.py:634} INFO - |2026-08-17|200               |743           |21.927321668909826          |2.3849259757738897   |138                |619                    |370                |196                      |138                   |0.22294022617124395     |
[2026-08-20T13:37:33.814+0000] {spark_submit.py:634} INFO - |2026-08-18|200               |566           |72.2226148409894            |2.980565371024735    |106                |478                    |330                |240                      |106                   |0.2217573221757322      |
[2026-08-20T13:37:33.815+0000] {spark_submit.py:634} INFO - |2026-08-19|200               |1214          |185.33855024711696          |2.7808896210873146   |236                |1047                   |636                |420                      |236                   |0.22540592168099333     |
[2026-08-20T13:37:33.816+0000] {spark_submit.py:634} INFO - |2026-08-20|200               |373           |22.37533512064343           |2.4075067024128685   |52                 |298                    |199                |115                      |52                    |0.174496644295302       |
[2026-08-20T13:37:33.817+0000] {spark_submit.py:634} INFO - +----------+------------------+--------------+----------------------------+---------------------+-------------------+-----------------------+-------------------+-------------------------+----------------------+------------------------+
[2026-08-20T13:37:33.819+0000] {spark_submit.py:634} INFO - 
[2026-08-20T13:37:34.222+0000] {taskinstance.py:441} INFO - ::group::Post task execution logs
[2026-08-20T13:37:34.241+0000] {taskinstance.py:1206} INFO - Marking task as SUCCESS. dag_id=clickstream_pipeline, task_id=sessionize_events, run_id=manual__2026-08-20T13:34:06.437402+00:00, execution_date=20260820T133406, start_date=20260820T133438, end_date=20260820T133734
[2026-08-20T13:37:34.291+0000] {local_task_job_runner.py:243} INFO - Task exited with return code 0
[2026-08-20T13:37:34.324+0000] {taskinstance.py:3503} INFO - 1 downstream tasks scheduled from follow-on schedule check
[2026-08-20T13:37:34.330+0000] {local_task_job_runner.py:222} INFO - ::endgroup::
