[2026-08-20T11:44:10.980+0000] {local_task_job_runner.py:120} INFO - ::group::Pre task execution logs
[2026-08-20T11:44:11.025+0000] {taskinstance.py:2076} INFO - Dependencies all met for dep_context=non-requeueable deps ti=<TaskInstance: clickstream_pipeline.sessionize_events manual__2026-08-20T11:43:51.083230+00:00 [queued]>
[2026-08-20T11:44:11.037+0000] {taskinstance.py:2076} INFO - Dependencies all met for dep_context=requeueable deps ti=<TaskInstance: clickstream_pipeline.sessionize_events manual__2026-08-20T11:43:51.083230+00:00 [queued]>
[2026-08-20T11:44:11.038+0000] {taskinstance.py:2306} INFO - Starting attempt 1 of 1
[2026-08-20T11:44:11.054+0000] {taskinstance.py:2330} INFO - Executing <Task(SparkSubmitOperator): sessionize_events> on 2026-08-20 11:43:51.083230+00:00
[2026-08-20T11:44:11.064+0000] {logging_mixin.py:188} WARNING - /home/***/.local/lib/python3.12/site-packages/***/task/task_runner/standard_task_runner.py:62 DeprecationWarning: This process (pid=557) is multi-threaded, use of fork() may lead to deadlocks in the child.
[2026-08-20T11:44:11.064+0000] {standard_task_runner.py:90} INFO - Running: ['***', 'tasks', 'run', 'clickstream_pipeline', 'sessionize_events', 'manual__2026-08-20T11:43:51.083230+00:00', '--job-id', '23', '--raw', '--subdir', 'DAGS_FOLDER/clickstream_pipeline_dag.py', '--cfg-path', '/tmp/tmpzdn6avsi']
[2026-08-20T11:44:11.067+0000] {standard_task_runner.py:64} INFO - Started process 558 to run task
[2026-08-20T11:44:11.067+0000] {standard_task_runner.py:91} INFO - Job 23: Subtask sessionize_events
[2026-08-20T11:44:11.135+0000] {task_command.py:426} INFO - Running <TaskInstance: clickstream_pipeline.sessionize_events manual__2026-08-20T11:43:51.083230+00:00 [running]> on host b575a8f0d05c
[2026-08-20T11:44:11.225+0000] {taskinstance.py:2648} INFO - Exporting env vars: AIRFLOW_CTX_DAG_OWNER='***' AIRFLOW_CTX_DAG_ID='clickstream_pipeline' AIRFLOW_CTX_TASK_ID='sessionize_events' AIRFLOW_CTX_EXECUTION_DATE='2026-08-20T11:43:51.083230+00:00' AIRFLOW_CTX_TRY_NUMBER='1' AIRFLOW_CTX_DAG_RUN_ID='manual__2026-08-20T11:43:51.083230+00:00'
[2026-08-20T11:44:11.227+0000] {taskinstance.py:430} INFO - ::endgroup::
[2026-08-20T11:44:11.247+0000] {base.py:84} INFO - Using connection ID 'spark_default' for task execution.
[2026-08-20T11:44:11.249+0000] {spark_submit.py:473} INFO - Spark-Submit cmd: spark-submit --master spark://spark-master:7077 --conf spark.sql.sources.partitionOverwriteMode=dynamic --conf spark.hadoop.mapreduce.fileoutputcommitter.algorithm.version=2 --name arrow-spark --verbose /opt/spark/jobs/sessionize_events.py --input-path /opt/spark/data/processed --output-path /opt/spark/data/aggregated
[2026-08-20T11:44:12.393+0000] {spark_submit.py:634} INFO - Using properties file: null
[2026-08-20T11:44:12.506+0000] {spark_submit.py:634} INFO - Parsed arguments:
[2026-08-20T11:44:12.508+0000] {spark_submit.py:634} INFO - master                  spark://spark-master:7077
[2026-08-20T11:44:12.509+0000] {spark_submit.py:634} INFO - remote                  null
[2026-08-20T11:44:12.510+0000] {spark_submit.py:634} INFO - deployMode              null
[2026-08-20T11:44:12.511+0000] {spark_submit.py:634} INFO - executorMemory          null
[2026-08-20T11:44:12.512+0000] {spark_submit.py:634} INFO - executorCores           null
[2026-08-20T11:44:12.513+0000] {spark_submit.py:634} INFO - totalExecutorCores      null
[2026-08-20T11:44:12.514+0000] {spark_submit.py:634} INFO - propertiesFile          null
[2026-08-20T11:44:12.515+0000] {spark_submit.py:634} INFO - driverMemory            null
[2026-08-20T11:44:12.515+0000] {spark_submit.py:634} INFO - driverCores             null
[2026-08-20T11:44:12.516+0000] {spark_submit.py:634} INFO - driverExtraClassPath    null
[2026-08-20T11:44:12.517+0000] {spark_submit.py:634} INFO - driverExtraLibraryPath  null
[2026-08-20T11:44:12.518+0000] {spark_submit.py:634} INFO - driverExtraJavaOptions  null
[2026-08-20T11:44:12.519+0000] {spark_submit.py:634} INFO - supervise               false
[2026-08-20T11:44:12.520+0000] {spark_submit.py:634} INFO - queue                   null
[2026-08-20T11:44:12.521+0000] {spark_submit.py:634} INFO - numExecutors            null
[2026-08-20T11:44:12.522+0000] {spark_submit.py:634} INFO - files                   null
[2026-08-20T11:44:12.523+0000] {spark_submit.py:634} INFO - pyFiles                 null
[2026-08-20T11:44:12.524+0000] {spark_submit.py:634} INFO - archives                null
[2026-08-20T11:44:12.525+0000] {spark_submit.py:634} INFO - mainClass               null
[2026-08-20T11:44:12.526+0000] {spark_submit.py:634} INFO - primaryResource         file:/opt/spark/jobs/sessionize_events.py
[2026-08-20T11:44:12.527+0000] {spark_submit.py:634} INFO - name                    arrow-spark
[2026-08-20T11:44:12.528+0000] {spark_submit.py:634} INFO - childArgs               [--input-path /opt/spark/data/processed --output-path /opt/spark/data/aggregated]
[2026-08-20T11:44:12.529+0000] {spark_submit.py:634} INFO - jars                    null
[2026-08-20T11:44:12.530+0000] {spark_submit.py:634} INFO - packages                null
[2026-08-20T11:44:12.531+0000] {spark_submit.py:634} INFO - packagesExclusions      null
[2026-08-20T11:44:12.532+0000] {spark_submit.py:634} INFO - repositories            null
[2026-08-20T11:44:12.533+0000] {spark_submit.py:634} INFO - verbose                 true
[2026-08-20T11:44:12.534+0000] {spark_submit.py:634} INFO - 
[2026-08-20T11:44:12.534+0000] {spark_submit.py:634} INFO - Spark properties used, including those specified through
[2026-08-20T11:44:12.535+0000] {spark_submit.py:634} INFO - --conf and those from the properties file null:
[2026-08-20T11:44:12.536+0000] {spark_submit.py:634} INFO - (spark.hadoop.mapreduce.fileoutputcommitter.algorithm.version,2)
[2026-08-20T11:44:12.537+0000] {spark_submit.py:634} INFO - (spark.sql.sources.partitionOverwriteMode,dynamic)
[2026-08-20T11:44:12.538+0000] {spark_submit.py:634} INFO - 
[2026-08-20T11:44:12.539+0000] {spark_submit.py:634} INFO - 
[2026-08-20T11:44:12.785+0000] {spark_submit.py:634} INFO - Main class:
[2026-08-20T11:44:12.787+0000] {spark_submit.py:634} INFO - org.apache.spark.deploy.PythonRunner
[2026-08-20T11:44:12.788+0000] {spark_submit.py:634} INFO - Arguments:
[2026-08-20T11:44:12.789+0000] {spark_submit.py:634} INFO - file:/opt/spark/jobs/sessionize_events.py
[2026-08-20T11:44:12.790+0000] {spark_submit.py:634} INFO - null
[2026-08-20T11:44:12.790+0000] {spark_submit.py:634} INFO - --input-path
[2026-08-20T11:44:12.791+0000] {spark_submit.py:634} INFO - /opt/spark/data/processed
[2026-08-20T11:44:12.793+0000] {spark_submit.py:634} INFO - --output-path
[2026-08-20T11:44:12.794+0000] {spark_submit.py:634} INFO - /opt/spark/data/aggregated
[2026-08-20T11:44:12.795+0000] {spark_submit.py:634} INFO - Spark config:
[2026-08-20T11:44:12.796+0000] {spark_submit.py:634} INFO - (spark.app.name,arrow-spark)
[2026-08-20T11:44:12.797+0000] {spark_submit.py:634} INFO - (spark.app.submitTime,1787226252765)
[2026-08-20T11:44:12.797+0000] {spark_submit.py:634} INFO - (spark.hadoop.mapreduce.fileoutputcommitter.algorithm.version,2)
[2026-08-20T11:44:12.798+0000] {spark_submit.py:634} INFO - (spark.master,spark://spark-master:7077)
[2026-08-20T11:44:12.799+0000] {spark_submit.py:634} INFO - (spark.sql.sources.partitionOverwriteMode,dynamic)
[2026-08-20T11:44:12.800+0000] {spark_submit.py:634} INFO - (spark.submit.deployMode,client)
[2026-08-20T11:44:12.801+0000] {spark_submit.py:634} INFO - (spark.submit.pyFiles,)
[2026-08-20T11:44:12.802+0000] {spark_submit.py:634} INFO - Classpath elements:
[2026-08-20T11:44:12.803+0000] {spark_submit.py:634} INFO - 
[2026-08-20T11:44:12.803+0000] {spark_submit.py:634} INFO - 
[2026-08-20T11:44:12.804+0000] {spark_submit.py:634} INFO - 
[2026-08-20T11:44:13.811+0000] {spark_submit.py:634} INFO - 26/08/20 11:44:13 INFO SparkContext: Running Spark version 3.5.1
[2026-08-20T11:44:13.814+0000] {spark_submit.py:634} INFO - 26/08/20 11:44:13 INFO SparkContext: OS info Linux, 6.18.33.2-microsoft-standard-WSL2, amd64
[2026-08-20T11:44:13.815+0000] {spark_submit.py:634} INFO - 26/08/20 11:44:13 INFO SparkContext: Java version 17.0.20
[2026-08-20T11:44:13.875+0000] {spark_submit.py:634} INFO - 26/08/20 11:44:13 WARN NativeCodeLoader: Unable to load native-hadoop library for your platform... using builtin-java classes where applicable
[2026-08-20T11:44:13.977+0000] {spark_submit.py:634} INFO - 26/08/20 11:44:13 INFO ResourceUtils: ==============================================================
[2026-08-20T11:44:13.978+0000] {spark_submit.py:634} INFO - 26/08/20 11:44:13 INFO ResourceUtils: No custom resources configured for spark.driver.
[2026-08-20T11:44:13.979+0000] {spark_submit.py:634} INFO - 26/08/20 11:44:13 INFO ResourceUtils: ==============================================================
[2026-08-20T11:44:13.981+0000] {spark_submit.py:634} INFO - 26/08/20 11:44:13 INFO SparkContext: Submitted application: sessionize_events
[2026-08-20T11:44:14.005+0000] {spark_submit.py:634} INFO - 26/08/20 11:44:14 INFO ResourceProfile: Default ResourceProfile created, executor resources: Map(memory -> name: memory, amount: 1024, script: , vendor: , offHeap -> name: offHeap, amount: 0, script: , vendor: ), task resources: Map(cpus -> name: cpus, amount: 1.0)
[2026-08-20T11:44:14.016+0000] {spark_submit.py:634} INFO - 26/08/20 11:44:14 INFO ResourceProfile: Limiting resource is cpu
[2026-08-20T11:44:14.018+0000] {spark_submit.py:634} INFO - 26/08/20 11:44:14 INFO ResourceProfileManager: Added ResourceProfile id: 0
[2026-08-20T11:44:14.082+0000] {spark_submit.py:634} INFO - 26/08/20 11:44:14 INFO SecurityManager: Changing view acls to: root
[2026-08-20T11:44:14.084+0000] {spark_submit.py:634} INFO - 26/08/20 11:44:14 INFO SecurityManager: Changing modify acls to: root
[2026-08-20T11:44:14.086+0000] {spark_submit.py:634} INFO - 26/08/20 11:44:14 INFO SecurityManager: Changing view acls groups to:
[2026-08-20T11:44:14.087+0000] {spark_submit.py:634} INFO - 26/08/20 11:44:14 INFO SecurityManager: Changing modify acls groups to:
[2026-08-20T11:44:14.088+0000] {spark_submit.py:634} INFO - 26/08/20 11:44:14 INFO SecurityManager: SecurityManager: authentication disabled; ui acls disabled; users with view permissions: root; groups with view permissions: EMPTY; users with modify permissions: root; groups with modify permissions: EMPTY
[2026-08-20T11:44:14.389+0000] {spark_submit.py:634} INFO - 26/08/20 11:44:14 INFO Utils: Successfully started service 'sparkDriver' on port 37467.
[2026-08-20T11:44:14.426+0000] {spark_submit.py:634} INFO - 26/08/20 11:44:14 INFO SparkEnv: Registering MapOutputTracker
[2026-08-20T11:44:14.472+0000] {spark_submit.py:634} INFO - 26/08/20 11:44:14 INFO SparkEnv: Registering BlockManagerMaster
[2026-08-20T11:44:14.493+0000] {spark_submit.py:634} INFO - 26/08/20 11:44:14 INFO BlockManagerMasterEndpoint: Using org.apache.spark.storage.DefaultTopologyMapper for getting topology information
[2026-08-20T11:44:14.494+0000] {spark_submit.py:634} INFO - 26/08/20 11:44:14 INFO BlockManagerMasterEndpoint: BlockManagerMasterEndpoint up
[2026-08-20T11:44:14.501+0000] {spark_submit.py:634} INFO - 26/08/20 11:44:14 INFO SparkEnv: Registering BlockManagerMasterHeartbeat
[2026-08-20T11:44:14.525+0000] {spark_submit.py:634} INFO - 26/08/20 11:44:14 INFO DiskBlockManager: Created local directory at /tmp/blockmgr-bd95fd64-bbc7-441c-962f-7fd4e0468a74
[2026-08-20T11:44:14.540+0000] {spark_submit.py:634} INFO - 26/08/20 11:44:14 INFO MemoryStore: MemoryStore started with capacity 434.4 MiB
[2026-08-20T11:44:14.558+0000] {spark_submit.py:634} INFO - 26/08/20 11:44:14 INFO SparkEnv: Registering OutputCommitCoordinator
[2026-08-20T11:44:14.678+0000] {spark_submit.py:634} INFO - 26/08/20 11:44:14 INFO JettyUtils: Start Jetty 0.0.0.0:4040 for SparkUI
[2026-08-20T11:44:14.745+0000] {spark_submit.py:634} INFO - 26/08/20 11:44:14 INFO Utils: Successfully started service 'SparkUI' on port 4040.
[2026-08-20T11:44:14.889+0000] {spark_submit.py:634} INFO - 26/08/20 11:44:14 INFO StandaloneAppClient$ClientEndpoint: Connecting to master spark://spark-master:7077...
[2026-08-20T11:44:14.936+0000] {spark_submit.py:634} INFO - 26/08/20 11:44:14 INFO TransportClientFactory: Successfully created connection to spark-master/172.18.0.2:7077 after 26 ms (0 ms spent in bootstraps)
[2026-08-20T11:44:15.024+0000] {spark_submit.py:634} INFO - 26/08/20 11:44:15 INFO StandaloneSchedulerBackend: Connected to Spark cluster with app ID app-20260820114415-0001
[2026-08-20T11:44:15.028+0000] {spark_submit.py:634} INFO - 26/08/20 11:44:15 INFO StandaloneAppClient$ClientEndpoint: Executor added: app-20260820114415-0001/0 on worker-20260820114153-172.18.0.4-37975 (172.18.0.4:37975) with 2 core(s)
[2026-08-20T11:44:15.032+0000] {spark_submit.py:634} INFO - 26/08/20 11:44:15 INFO StandaloneSchedulerBackend: Granted executor ID app-20260820114415-0001/0 on hostPort 172.18.0.4:37975 with 2 core(s), 1024.0 MiB RAM
[2026-08-20T11:44:15.036+0000] {spark_submit.py:634} INFO - 26/08/20 11:44:15 INFO Utils: Successfully started service 'org.apache.spark.network.netty.NettyBlockTransferService' on port 35387.
[2026-08-20T11:44:15.043+0000] {spark_submit.py:634} INFO - 26/08/20 11:44:15 INFO NettyBlockTransferService: Server created on b575a8f0d05c:35387
[2026-08-20T11:44:15.044+0000] {spark_submit.py:634} INFO - 26/08/20 11:44:15 INFO BlockManager: Using org.apache.spark.storage.RandomBlockReplicationPolicy for block replication policy
[2026-08-20T11:44:15.047+0000] {spark_submit.py:634} INFO - 26/08/20 11:44:15 INFO BlockManagerMaster: Registering BlockManager BlockManagerId(driver, b575a8f0d05c, 35387, None)
[2026-08-20T11:44:15.056+0000] {spark_submit.py:634} INFO - 26/08/20 11:44:15 INFO BlockManagerMasterEndpoint: Registering block manager b575a8f0d05c:35387 with 434.4 MiB RAM, BlockManagerId(driver, b575a8f0d05c, 35387, None)
[2026-08-20T11:44:15.057+0000] {spark_submit.py:634} INFO - 26/08/20 11:44:15 INFO BlockManagerMaster: Registered BlockManager BlockManagerId(driver, b575a8f0d05c, 35387, None)
[2026-08-20T11:44:15.059+0000] {spark_submit.py:634} INFO - 26/08/20 11:44:15 INFO BlockManager: Initialized BlockManager: BlockManagerId(driver, b575a8f0d05c, 35387, None)
[2026-08-20T11:44:15.077+0000] {spark_submit.py:634} INFO - 26/08/20 11:44:15 INFO StandaloneAppClient$ClientEndpoint: Executor updated: app-20260820114415-0001/0 is now RUNNING
[2026-08-20T11:44:15.294+0000] {spark_submit.py:634} INFO - 26/08/20 11:44:15 INFO StandaloneSchedulerBackend: SchedulerBackend is ready for scheduling beginning after reached minRegisteredResourcesRatio: 0.0
[2026-08-20T11:44:36.198+0000] {spark_submit.py:634} INFO - [sessionize_events] Derived 730 sessions from 2000 events
[2026-08-20T11:45:10.416+0000] {spark_submit.py:634} INFO - [sessionize_events] Wrote sessions and daily_metrics to /opt/spark/data/aggregated
[2026-08-20T11:45:10.417+0000] {spark_submit.py:634} INFO - [sessionize_events] Daily metrics preview:
[2026-08-20T11:45:19.284+0000] {spark_submit.py:634} INFO - +----------+------------------+--------------+----------------------------+---------------------+-------------------+-----------------------+-------------------+-------------------------+----------------------+------------------------+
[2026-08-20T11:45:19.288+0000] {spark_submit.py:634} INFO - |dt        |daily_active_users|total_sessions|avg_session_duration_seconds|avg_pages_per_session|converting_sessions|sessions_with_page_view|sessions_with_click|sessions_with_add_to_cart|sessions_with_purchase|purchase_conversion_rate|
[2026-08-20T11:45:19.291+0000] {spark_submit.py:634} INFO - +----------+------------------+--------------+----------------------------+---------------------+-------------------+-----------------------+-------------------+-------------------------+----------------------+------------------------+
[2026-08-20T11:45:19.293+0000] {spark_submit.py:634} INFO - |2026-08-12|200               |730           |22.016438356164382          |2.426027397260274    |139                |582                    |366                |230                      |139                   |0.23883161512027493     |
[2026-08-20T11:45:19.294+0000] {spark_submit.py:634} INFO - +----------+------------------+--------------+----------------------------+---------------------+-------------------+-----------------------+-------------------+-------------------------+----------------------+------------------------+
[2026-08-20T11:45:19.296+0000] {spark_submit.py:634} INFO - 
[2026-08-20T11:45:20.031+0000] {taskinstance.py:441} INFO - ::group::Post task execution logs
[2026-08-20T11:45:20.041+0000] {taskinstance.py:1206} INFO - Marking task as SUCCESS. dag_id=clickstream_pipeline, task_id=sessionize_events, run_id=manual__2026-08-20T11:43:51.083230+00:00, execution_date=20260820T114351, start_date=20260820T114411, end_date=20260820T114520
[2026-08-20T11:45:20.084+0000] {local_task_job_runner.py:243} INFO - Task exited with return code 0
[2026-08-20T11:45:20.099+0000] {taskinstance.py:3503} INFO - 0 downstream tasks scheduled from follow-on schedule check
[2026-08-20T11:45:20.102+0000] {local_task_job_runner.py:222} INFO - ::endgroup::
